ARM GAS  D:\temp\TMP\ccP4mFoi.s 			page 1


   1              		.cpu cortex-m7
   2              		.arch armv7e-m
   3              		.fpu fpv5-d16
   4              		.eabi_attribute 28, 1
   5              		.eabi_attribute 20, 1
   6              		.eabi_attribute 21, 1
   7              		.eabi_attribute 23, 3
   8              		.eabi_attribute 24, 1
   9              		.eabi_attribute 25, 1
  10              		.eabi_attribute 26, 1
  11              		.eabi_attribute 30, 1
  12              		.eabi_attribute 34, 1
  13              		.eabi_attribute 18, 4
  14              		.file	"adrc.c"
  15              		.text
  16              	.Ltext0:
  17              		.cfi_sections	.debug_frame
  18              		.file 1 "Robot/Controller/adrc.c"
  19              		.section	.text.LESO_Init,"ax",%progbits
  20              		.align	1
  21              		.global	LESO_Init
  22              		.syntax unified
  23              		.thumb
  24              		.thumb_func
  26              	LESO_Init:
  27              	.LVL0:
  28              	.LFB0:
   1:Robot/Controller/adrc.c **** #include "adrc.h"
   2:Robot/Controller/adrc.c **** #include "string.h"
   3:Robot/Controller/adrc.c **** 
   4:Robot/Controller/adrc.c **** static inline float limit_f(float x, float min_v, float max_v);
   5:Robot/Controller/adrc.c **** 
   6:Robot/Controller/adrc.c **** void LESO_Init(
   7:Robot/Controller/adrc.c ****     LESO_t *o,
   8:Robot/Controller/adrc.c ****     const float A[6][6],
   9:Robot/Controller/adrc.c ****     const float B[6][2],
  10:Robot/Controller/adrc.c ****     const float L[8][6],
  11:Robot/Controller/adrc.c ****     const float x0[6],
  12:Robot/Controller/adrc.c ****     float dt
  13:Robot/Controller/adrc.c **** )
  14:Robot/Controller/adrc.c **** {
  29              		.loc 1 14 1 view -0
  30              		.cfi_startproc
  31              		@ args = 4, pretend = 0, frame = 0
  32              		@ frame_needed = 0, uses_anonymous_args = 0
  33              		.loc 1 14 1 is_stmt 0 view .LVU1
  34 0000 2DE9F843 		push	{r3, r4, r5, r6, r7, r8, r9, lr}
  35              	.LCFI0:
  36              		.cfi_def_cfa_offset 32
  37              		.cfi_offset 3, -32
  38              		.cfi_offset 4, -28
  39              		.cfi_offset 5, -24
  40              		.cfi_offset 6, -20
  41              		.cfi_offset 7, -16
  42              		.cfi_offset 8, -12
  43              		.cfi_offset 9, -8
  44              		.cfi_offset 14, -4
ARM GAS  D:\temp\TMP\ccP4mFoi.s 			page 2


  45 0004 0446     		mov	r4, r0
  46 0006 0E46     		mov	r6, r1
  47 0008 1746     		mov	r7, r2
  48 000a 1D46     		mov	r5, r3
  49 000c DDF82080 		ldr	r8, [sp, #32]
  50 0010 10EE109A 		vmov	r9, s0
  15:Robot/Controller/adrc.c ****     memset(o, 0, sizeof(LESO_t));
  51              		.loc 1 15 5 is_stmt 1 view .LVU2
  52 0014 4FF4D672 		mov	r2, #428
  53              	.LVL1:
  54              		.loc 1 15 5 is_stmt 0 view .LVU3
  55 0018 0021     		movs	r1, #0
  56              	.LVL2:
  57              		.loc 1 15 5 view .LVU4
  58 001a FFF7FEFF 		bl	memset
  59              	.LVL3:
  16:Robot/Controller/adrc.c **** 
  17:Robot/Controller/adrc.c ****     for (int i = 0; i < 6; i++) {
  60              		.loc 1 17 5 is_stmt 1 view .LVU5
  61              	.LBB12:
  62              		.loc 1 17 10 view .LVU6
  63              		.loc 1 17 14 is_stmt 0 view .LVU7
  64 001e 0021     		movs	r1, #0
  65              		.loc 1 17 5 view .LVU8
  66 0020 26E0     		b	.L2
  67              	.LVL4:
  68              	.L4:
  69              	.LBB13:
  18:Robot/Controller/adrc.c ****         o->x_hat[i] = x0[i];
  19:Robot/Controller/adrc.c **** 
  20:Robot/Controller/adrc.c ****         for (int j = 0; j < 6; j++) {
  21:Robot/Controller/adrc.c ****             o->A[i][j] = A[i][j];
  70              		.loc 1 21 13 is_stmt 1 view .LVU9
  71              		.loc 1 21 27 is_stmt 0 view .LVU10
  72 0022 00EB4003 		add	r3, r0, r0, lsl #1
  73 0026 06EBC303 		add	r3, r6, r3, lsl #3
  74              		.loc 1 21 30 view .LVU11
  75 002a 03EB8203 		add	r3, r3, r2, lsl #2
  76 002e D3F800C0 		ldr	ip, [r3]	@ float
  77              		.loc 1 21 24 view .LVU12
  78 0032 01EB4103 		add	r3, r1, r1, lsl #1
  79 0036 02EB4303 		add	r3, r2, r3, lsl #1
  80 003a 0833     		adds	r3, r3, #8
  81 003c 04EB8303 		add	r3, r4, r3, lsl #2
  82 0040 C3F800C0 		str	ip, [r3]	@ float
  20:Robot/Controller/adrc.c ****             o->A[i][j] = A[i][j];
  83              		.loc 1 20 33 is_stmt 1 discriminator 3 view .LVU13
  84 0044 0132     		adds	r2, r2, #1
  85              	.LVL5:
  86              	.L3:
  20:Robot/Controller/adrc.c ****             o->A[i][j] = A[i][j];
  87              		.loc 1 20 27 discriminator 1 view .LVU14
  88 0046 052A     		cmp	r2, #5
  89 0048 EBDD     		ble	.L4
  90              	.LBE13:
  91              	.LBB14:
  22:Robot/Controller/adrc.c ****         }
ARM GAS  D:\temp\TMP\ccP4mFoi.s 			page 3


  23:Robot/Controller/adrc.c **** 
  24:Robot/Controller/adrc.c ****         for (int j = 0; j < 2; j++) {
  92              		.loc 1 24 18 is_stmt 0 view .LVU15
  93 004a 0023     		movs	r3, #0
  94 004c 0DE0     		b	.L5
  95              	.LVL6:
  96              	.L6:
  25:Robot/Controller/adrc.c ****             o->B[i][j] = B[i][j];
  97              		.loc 1 25 13 is_stmt 1 view .LVU16
  98              		.loc 1 25 27 is_stmt 0 view .LVU17
  99 004e 07EBC002 		add	r2, r7, r0, lsl #3
 100              		.loc 1 25 30 view .LVU18
 101 0052 02EB8302 		add	r2, r2, r3, lsl #2
 102 0056 D2F800C0 		ldr	ip, [r2]	@ float
 103              		.loc 1 25 24 view .LVU19
 104 005a 03EB4102 		add	r2, r3, r1, lsl #1
 105 005e 2C32     		adds	r2, r2, #44
 106 0060 04EB8202 		add	r2, r4, r2, lsl #2
 107 0064 C2F800C0 		str	ip, [r2]	@ float
  24:Robot/Controller/adrc.c ****             o->B[i][j] = B[i][j];
 108              		.loc 1 24 33 is_stmt 1 discriminator 3 view .LVU20
 109 0068 0133     		adds	r3, r3, #1
 110              	.LVL7:
 111              	.L5:
  24:Robot/Controller/adrc.c ****             o->B[i][j] = B[i][j];
 112              		.loc 1 24 27 discriminator 1 view .LVU21
 113 006a 012B     		cmp	r3, #1
 114 006c EFDD     		ble	.L6
 115              	.LBE14:
  17:Robot/Controller/adrc.c ****         o->x_hat[i] = x0[i];
 116              		.loc 1 17 29 discriminator 2 view .LVU22
 117 006e 0131     		adds	r1, r1, #1
 118              	.LVL8:
 119              	.L2:
  17:Robot/Controller/adrc.c ****         o->x_hat[i] = x0[i];
 120              		.loc 1 17 23 discriminator 1 view .LVU23
 121 0070 0529     		cmp	r1, #5
 122 0072 08DC     		bgt	.L13
  18:Robot/Controller/adrc.c **** 
 123              		.loc 1 18 9 view .LVU24
  18:Robot/Controller/adrc.c **** 
 124              		.loc 1 18 25 is_stmt 0 view .LVU25
 125 0074 0846     		mov	r0, r1
 126 0076 08EB8103 		add	r3, r8, r1, lsl #2
 127 007a 1A68     		ldr	r2, [r3]	@ float
  18:Robot/Controller/adrc.c **** 
 128              		.loc 1 18 21 view .LVU26
 129 007c 04EB8103 		add	r3, r4, r1, lsl #2
 130 0080 1A60     		str	r2, [r3]	@ float
  20:Robot/Controller/adrc.c ****             o->A[i][j] = A[i][j];
 131              		.loc 1 20 9 is_stmt 1 view .LVU27
 132              	.LBB15:
  20:Robot/Controller/adrc.c ****             o->A[i][j] = A[i][j];
 133              		.loc 1 20 14 view .LVU28
 134              	.LVL9:
  20:Robot/Controller/adrc.c ****             o->A[i][j] = A[i][j];
 135              		.loc 1 20 18 is_stmt 0 view .LVU29
ARM GAS  D:\temp\TMP\ccP4mFoi.s 			page 4


 136 0082 0022     		movs	r2, #0
  20:Robot/Controller/adrc.c ****             o->A[i][j] = A[i][j];
 137              		.loc 1 20 9 view .LVU30
 138 0084 DFE7     		b	.L3
 139              	.LVL10:
 140              	.L13:
  20:Robot/Controller/adrc.c ****             o->A[i][j] = A[i][j];
 141              		.loc 1 20 9 view .LVU31
 142              	.LBE15:
 143              	.LBE12:
 144              	.LBB16:
  26:Robot/Controller/adrc.c ****         }
  27:Robot/Controller/adrc.c ****     }
  28:Robot/Controller/adrc.c **** 
  29:Robot/Controller/adrc.c ****     for (int i = 0; i < 8; i++) {
 145              		.loc 1 29 14 view .LVU32
 146 0086 0021     		movs	r1, #0
 147              	.LVL11:
 148              		.loc 1 29 14 view .LVU33
 149 0088 12E0     		b	.L8
 150              	.LVL12:
 151              	.L9:
 152              	.LBB17:
  30:Robot/Controller/adrc.c ****         for (int j = 0; j < 6; j++) {
  31:Robot/Controller/adrc.c ****             o->L[i][j] = L[i][j];
 153              		.loc 1 31 13 is_stmt 1 view .LVU34
 154              		.loc 1 31 27 is_stmt 0 view .LVU35
 155 008a 01EB4102 		add	r2, r1, r1, lsl #1
 156 008e 05EBC202 		add	r2, r5, r2, lsl #3
 157              		.loc 1 31 30 view .LVU36
 158 0092 02EB8302 		add	r2, r2, r3, lsl #2
 159 0096 1068     		ldr	r0, [r2]	@ float
 160              		.loc 1 31 24 view .LVU37
 161 0098 01EB4102 		add	r2, r1, r1, lsl #1
 162 009c 03EB4202 		add	r2, r3, r2, lsl #1
 163 00a0 3832     		adds	r2, r2, #56
 164 00a2 04EB8202 		add	r2, r4, r2, lsl #2
 165 00a6 1060     		str	r0, [r2]	@ float
  30:Robot/Controller/adrc.c ****         for (int j = 0; j < 6; j++) {
 166              		.loc 1 30 33 is_stmt 1 discriminator 3 view .LVU38
 167 00a8 0133     		adds	r3, r3, #1
 168              	.LVL13:
 169              	.L10:
  30:Robot/Controller/adrc.c ****         for (int j = 0; j < 6; j++) {
 170              		.loc 1 30 27 discriminator 1 view .LVU39
 171 00aa 052B     		cmp	r3, #5
 172 00ac EDDD     		ble	.L9
 173              	.LBE17:
  29:Robot/Controller/adrc.c ****         for (int j = 0; j < 6; j++) {
 174              		.loc 1 29 29 discriminator 2 view .LVU40
 175 00ae 0131     		adds	r1, r1, #1
 176              	.LVL14:
 177              	.L8:
  29:Robot/Controller/adrc.c ****         for (int j = 0; j < 6; j++) {
 178              		.loc 1 29 23 discriminator 1 view .LVU41
 179 00b0 0729     		cmp	r1, #7
 180 00b2 01DC     		bgt	.L14
ARM GAS  D:\temp\TMP\ccP4mFoi.s 			page 5


 181              	.LBB18:
  30:Robot/Controller/adrc.c ****         for (int j = 0; j < 6; j++) {
 182              		.loc 1 30 18 is_stmt 0 view .LVU42
 183 00b4 0023     		movs	r3, #0
 184 00b6 F8E7     		b	.L10
 185              	.L14:
 186              	.LBE18:
 187              	.LBE16:
  32:Robot/Controller/adrc.c ****         }
  33:Robot/Controller/adrc.c ****     }
  34:Robot/Controller/adrc.c **** 
  35:Robot/Controller/adrc.c ****     o->d_hat[0] = 0.0f;
 188              		.loc 1 35 5 is_stmt 1 view .LVU43
  36:Robot/Controller/adrc.c ****     o->d_hat[1] = 0.0f;
 189              		.loc 1 36 5 view .LVU44
  37:Robot/Controller/adrc.c **** 
  38:Robot/Controller/adrc.c ****     o->dt = dt;
 190              		.loc 1 38 5 view .LVU45
 191              		.loc 1 38 11 is_stmt 0 view .LVU46
 192 00b8 C4F8A091 		str	r9, [r4, #416]	@ float
  39:Robot/Controller/adrc.c ****     o->d_limit[0] = 2.0f;   // 对应 T 扰动限幅
 193              		.loc 1 39 5 is_stmt 1 view .LVU47
 194              		.loc 1 39 19 is_stmt 0 view .LVU48
 195 00bc 4FF08043 		mov	r3, #1073741824
 196 00c0 C4F8A431 		str	r3, [r4, #420]	@ float
  40:Robot/Controller/adrc.c ****     o->d_limit[1] = 10.0f;  // 对应 Tp 扰动限幅
 197              		.loc 1 40 5 is_stmt 1 view .LVU49
 198              		.loc 1 40 19 is_stmt 0 view .LVU50
 199 00c4 024B     		ldr	r3, .L15
 200 00c6 C4F8A831 		str	r3, [r4, #424]	@ float
  41:Robot/Controller/adrc.c **** }
 201              		.loc 1 41 1 view .LVU51
 202 00ca BDE8F883 		pop	{r3, r4, r5, r6, r7, r8, r9, pc}
 203              	.LVL15:
 204              	.L16:
 205              		.loc 1 41 1 view .LVU52
 206 00ce 00BF     		.align	2
 207              	.L15:
 208 00d0 00002041 		.word	1092616192
 209              		.cfi_endproc
 210              	.LFE0:
 212              		.section	.text.LESO_Update,"ax",%progbits
 213              		.align	1
 214              		.global	LESO_Update
 215              		.syntax unified
 216              		.thumb
 217              		.thumb_func
 219              	LESO_Update:
 220              	.LVL16:
 221              	.LFB1:
  42:Robot/Controller/adrc.c **** 
  43:Robot/Controller/adrc.c **** void LESO_Update(LESO_t *o, const float y[6], const float u_last[2])
  44:Robot/Controller/adrc.c **** {
 222              		.loc 1 44 1 is_stmt 1 view -0
 223              		.cfi_startproc
 224              		@ args = 0, pretend = 0, frame = 56
 225              		@ frame_needed = 0, uses_anonymous_args = 0
ARM GAS  D:\temp\TMP\ccP4mFoi.s 			page 6


 226              		.loc 1 44 1 is_stmt 0 view .LVU54
 227 0000 70B5     		push	{r4, r5, r6, lr}
 228              	.LCFI1:
 229              		.cfi_def_cfa_offset 16
 230              		.cfi_offset 4, -16
 231              		.cfi_offset 5, -12
 232              		.cfi_offset 6, -8
 233              		.cfi_offset 14, -4
 234 0002 8EB0     		sub	sp, sp, #56
 235              	.LCFI2:
 236              		.cfi_def_cfa_offset 72
 237 0004 0446     		mov	r4, r0
 238 0006 0E46     		mov	r6, r1
 239 0008 1546     		mov	r5, r2
  45:Robot/Controller/adrc.c ****     float e[6];
 240              		.loc 1 45 5 is_stmt 1 view .LVU55
  46:Robot/Controller/adrc.c ****     float dx[8] = {0};
 241              		.loc 1 46 5 view .LVU56
 242              		.loc 1 46 11 is_stmt 0 view .LVU57
 243 000a 2022     		movs	r2, #32
 244              	.LVL17:
 245              		.loc 1 46 11 view .LVU58
 246 000c 0021     		movs	r1, #0
 247              	.LVL18:
 248              		.loc 1 46 11 view .LVU59
 249 000e 6846     		mov	r0, sp
 250              	.LVL19:
 251              		.loc 1 46 11 view .LVU60
 252 0010 FFF7FEFF 		bl	memset
 253              	.LVL20:
  47:Robot/Controller/adrc.c **** 
  48:Robot/Controller/adrc.c ****     for (int i = 0; i < 6; i++) {
 254              		.loc 1 48 5 is_stmt 1 view .LVU61
 255              	.LBB19:
 256              		.loc 1 48 10 view .LVU62
 257              		.loc 1 48 14 is_stmt 0 view .LVU63
 258 0014 0023     		movs	r3, #0
 259              		.loc 1 48 5 view .LVU64
 260 0016 0FE0     		b	.L18
 261              	.LVL21:
 262              	.L19:
  49:Robot/Controller/adrc.c ****         e[i] = y[i] - o->x_hat[i];
 263              		.loc 1 49 9 is_stmt 1 view .LVU65
 264              		.loc 1 49 17 is_stmt 0 view .LVU66
 265 0018 06EB8302 		add	r2, r6, r3, lsl #2
 266 001c D2ED007A 		vldr.32	s15, [r2]
 267              		.loc 1 49 31 view .LVU67
 268 0020 04EB8302 		add	r2, r4, r3, lsl #2
 269 0024 92ED007A 		vldr.32	s14, [r2]
 270              		.loc 1 49 21 view .LVU68
 271 0028 77EEC77A 		vsub.f32	s15, s15, s14
 272              		.loc 1 49 14 view .LVU69
 273 002c 0EAA     		add	r2, sp, #56
 274 002e 02EB8302 		add	r2, r2, r3, lsl #2
 275 0032 42ED067A 		vstr.32	s15, [r2, #-24]
  48:Robot/Controller/adrc.c ****         e[i] = y[i] - o->x_hat[i];
 276              		.loc 1 48 29 is_stmt 1 discriminator 3 view .LVU70
ARM GAS  D:\temp\TMP\ccP4mFoi.s 			page 7


 277 0036 0133     		adds	r3, r3, #1
 278              	.LVL22:
 279              	.L18:
  48:Robot/Controller/adrc.c ****         e[i] = y[i] - o->x_hat[i];
 280              		.loc 1 48 23 discriminator 1 view .LVU71
 281 0038 052B     		cmp	r3, #5
 282 003a EDDD     		ble	.L19
 283              	.LBE19:
 284              	.LBB20:
  50:Robot/Controller/adrc.c ****     }
  51:Robot/Controller/adrc.c **** 
  52:Robot/Controller/adrc.c ****     for (int i = 0; i < 6; i++) {
 285              		.loc 1 52 14 is_stmt 0 view .LVU72
 286 003c 0020     		movs	r0, #0
 287 003e 3DE0     		b	.L20
 288              	.LVL23:
 289              	.L21:
 290              	.LBB21:
  53:Robot/Controller/adrc.c ****         for (int j = 0; j < 6; j++)
  54:Robot/Controller/adrc.c ****             dx[i] += o->A[i][j] * o->x_hat[j];
 291              		.loc 1 54 13 is_stmt 1 view .LVU73
 292              		.loc 1 54 15 is_stmt 0 view .LVU74
 293 0040 0EAB     		add	r3, sp, #56
 294 0042 03EB8002 		add	r2, r3, r0, lsl #2
 295 0046 52ED0E7A 		vldr.32	s15, [r2, #-56]
 296              		.loc 1 54 29 view .LVU75
 297 004a 00EB4003 		add	r3, r0, r0, lsl #1
 298 004e 01EB4303 		add	r3, r1, r3, lsl #1
 299 0052 0833     		adds	r3, r3, #8
 300 0054 04EB8303 		add	r3, r4, r3, lsl #2
 301 0058 93ED007A 		vldr.32	s14, [r3]
 302              		.loc 1 54 43 view .LVU76
 303 005c 04EB8103 		add	r3, r4, r1, lsl #2
 304 0060 D3ED006A 		vldr.32	s13, [r3]
 305              		.loc 1 54 33 view .LVU77
 306 0064 27EE267A 		vmul.f32	s14, s14, s13
 307              		.loc 1 54 19 view .LVU78
 308 0068 77EE877A 		vadd.f32	s15, s15, s14
 309 006c 42ED0E7A 		vstr.32	s15, [r2, #-56]
  53:Robot/Controller/adrc.c ****         for (int j = 0; j < 6; j++)
 310              		.loc 1 53 33 is_stmt 1 discriminator 3 view .LVU79
 311 0070 0131     		adds	r1, r1, #1
 312              	.LVL24:
 313              	.L24:
  53:Robot/Controller/adrc.c ****         for (int j = 0; j < 6; j++)
 314              		.loc 1 53 27 discriminator 1 view .LVU80
 315 0072 0529     		cmp	r1, #5
 316 0074 E4DD     		ble	.L21
 317              	.LBE21:
 318              	.LBB22:
  55:Robot/Controller/adrc.c **** 
  56:Robot/Controller/adrc.c ****         for (int j = 0; j < 2; j++)
 319              		.loc 1 56 18 is_stmt 0 view .LVU81
 320 0076 0023     		movs	r3, #0
 321 0078 1DE0     		b	.L22
 322              	.LVL25:
 323              	.L23:
ARM GAS  D:\temp\TMP\ccP4mFoi.s 			page 8


  57:Robot/Controller/adrc.c ****             dx[i] += o->B[i][j] * (u_last[j] + o->d_hat[j]);
 324              		.loc 1 57 13 is_stmt 1 view .LVU82
 325              		.loc 1 57 15 is_stmt 0 view .LVU83
 326 007a 0EAA     		add	r2, sp, #56
 327 007c 02EB8001 		add	r1, r2, r0, lsl #2
 328 0080 51ED0E7A 		vldr.32	s15, [r1, #-56]
 329              		.loc 1 57 29 view .LVU84
 330 0084 03EB4002 		add	r2, r3, r0, lsl #1
 331 0088 2C32     		adds	r2, r2, #44
 332 008a 04EB8202 		add	r2, r4, r2, lsl #2
 333 008e 92ED007A 		vldr.32	s14, [r2]
 334              		.loc 1 57 42 view .LVU85
 335 0092 05EB8302 		add	r2, r5, r3, lsl #2
 336 0096 D2ED006A 		vldr.32	s13, [r2]
 337              		.loc 1 57 56 view .LVU86
 338 009a 9A1D     		adds	r2, r3, #6
 339 009c 04EB8202 		add	r2, r4, r2, lsl #2
 340 00a0 92ED006A 		vldr.32	s12, [r2]
 341              		.loc 1 57 46 view .LVU87
 342 00a4 76EE866A 		vadd.f32	s13, s13, s12
 343              		.loc 1 57 33 view .LVU88
 344 00a8 27EE267A 		vmul.f32	s14, s14, s13
 345              		.loc 1 57 19 view .LVU89
 346 00ac 77EE877A 		vadd.f32	s15, s15, s14
 347 00b0 41ED0E7A 		vstr.32	s15, [r1, #-56]
  56:Robot/Controller/adrc.c ****             dx[i] += o->B[i][j] * (u_last[j] + o->d_hat[j]);
 348              		.loc 1 56 33 is_stmt 1 discriminator 3 view .LVU90
 349 00b4 0133     		adds	r3, r3, #1
 350              	.LVL26:
 351              	.L22:
  56:Robot/Controller/adrc.c ****             dx[i] += o->B[i][j] * (u_last[j] + o->d_hat[j]);
 352              		.loc 1 56 27 discriminator 1 view .LVU91
 353 00b6 012B     		cmp	r3, #1
 354 00b8 DFDD     		ble	.L23
 355              	.LBE22:
  52:Robot/Controller/adrc.c ****         for (int j = 0; j < 6; j++)
 356              		.loc 1 52 29 discriminator 2 view .LVU92
 357 00ba 0130     		adds	r0, r0, #1
 358              	.LVL27:
 359              	.L20:
  52:Robot/Controller/adrc.c ****         for (int j = 0; j < 6; j++)
 360              		.loc 1 52 23 discriminator 1 view .LVU93
 361 00bc 0528     		cmp	r0, #5
 362 00be 01DC     		bgt	.L37
 363              	.LBB23:
  53:Robot/Controller/adrc.c ****             dx[i] += o->A[i][j] * o->x_hat[j];
 364              		.loc 1 53 18 is_stmt 0 view .LVU94
 365 00c0 0021     		movs	r1, #0
 366 00c2 D6E7     		b	.L24
 367              	.L37:
 368              	.LBE23:
 369              	.LBE20:
 370              	.LBB24:
  58:Robot/Controller/adrc.c ****     }
  59:Robot/Controller/adrc.c **** 
  60:Robot/Controller/adrc.c ****     for (int i = 0; i < 8; i++) {
 371              		.loc 1 60 14 view .LVU95
ARM GAS  D:\temp\TMP\ccP4mFoi.s 			page 9


 372 00c4 0021     		movs	r1, #0
 373 00c6 1CE0     		b	.L25
 374              	.LVL28:
 375              	.L26:
 376              	.LBB25:
  61:Robot/Controller/adrc.c ****         for (int j = 0; j < 6; j++)
  62:Robot/Controller/adrc.c ****             dx[i] += o->L[i][j] * e[j];
 377              		.loc 1 62 13 is_stmt 1 view .LVU96
 378              		.loc 1 62 15 is_stmt 0 view .LVU97
 379 00c8 0EAB     		add	r3, sp, #56
 380 00ca 03EB8100 		add	r0, r3, r1, lsl #2
 381 00ce 50ED0E7A 		vldr.32	s15, [r0, #-56]
 382              		.loc 1 62 29 view .LVU98
 383 00d2 01EB4103 		add	r3, r1, r1, lsl #1
 384 00d6 02EB4303 		add	r3, r2, r3, lsl #1
 385 00da 3833     		adds	r3, r3, #56
 386 00dc 04EB8303 		add	r3, r4, r3, lsl #2
 387 00e0 93ED007A 		vldr.32	s14, [r3]
 388              		.loc 1 62 36 view .LVU99
 389 00e4 0EAB     		add	r3, sp, #56
 390 00e6 03EB8203 		add	r3, r3, r2, lsl #2
 391 00ea 53ED066A 		vldr.32	s13, [r3, #-24]
 392              		.loc 1 62 33 view .LVU100
 393 00ee 27EE267A 		vmul.f32	s14, s14, s13
 394              		.loc 1 62 19 view .LVU101
 395 00f2 77EE877A 		vadd.f32	s15, s15, s14
 396 00f6 40ED0E7A 		vstr.32	s15, [r0, #-56]
  61:Robot/Controller/adrc.c ****         for (int j = 0; j < 6; j++)
 397              		.loc 1 61 33 is_stmt 1 discriminator 3 view .LVU102
 398 00fa 0132     		adds	r2, r2, #1
 399              	.LVL29:
 400              	.L27:
  61:Robot/Controller/adrc.c ****         for (int j = 0; j < 6; j++)
 401              		.loc 1 61 27 discriminator 1 view .LVU103
 402 00fc 052A     		cmp	r2, #5
 403 00fe E3DD     		ble	.L26
 404              	.LBE25:
  60:Robot/Controller/adrc.c ****         for (int j = 0; j < 6; j++)
 405              		.loc 1 60 29 discriminator 2 view .LVU104
 406 0100 0131     		adds	r1, r1, #1
 407              	.LVL30:
 408              	.L25:
  60:Robot/Controller/adrc.c ****         for (int j = 0; j < 6; j++)
 409              		.loc 1 60 23 discriminator 1 view .LVU105
 410 0102 0729     		cmp	r1, #7
 411 0104 01DC     		bgt	.L38
 412              	.LBB26:
  61:Robot/Controller/adrc.c ****         for (int j = 0; j < 6; j++)
 413              		.loc 1 61 18 is_stmt 0 view .LVU106
 414 0106 0022     		movs	r2, #0
 415 0108 F8E7     		b	.L27
 416              	.L38:
 417              	.LBE26:
 418              	.LBE24:
 419              	.LBB27:
  63:Robot/Controller/adrc.c ****     }
  64:Robot/Controller/adrc.c **** 
ARM GAS  D:\temp\TMP\ccP4mFoi.s 			page 10


  65:Robot/Controller/adrc.c ****     for (int i = 0; i < 6; i++)
 420              		.loc 1 65 14 view .LVU107
 421 010a 0023     		movs	r3, #0
 422 010c 11E0     		b	.L28
 423              	.LVL31:
 424              	.L29:
  66:Robot/Controller/adrc.c ****         o->x_hat[i] += o->dt * dx[i];
 425              		.loc 1 66 9 is_stmt 1 view .LVU108
 426              		.loc 1 66 17 is_stmt 0 view .LVU109
 427 010e 04EB8302 		add	r2, r4, r3, lsl #2
 428 0112 D2ED007A 		vldr.32	s15, [r2]
 429              		.loc 1 66 25 view .LVU110
 430 0116 94ED687A 		vldr.32	s14, [r4, #416]
 431              		.loc 1 66 34 view .LVU111
 432 011a 0EA9     		add	r1, sp, #56
 433 011c 01EB8301 		add	r1, r1, r3, lsl #2
 434 0120 51ED0E6A 		vldr.32	s13, [r1, #-56]
 435              		.loc 1 66 30 view .LVU112
 436 0124 27EE267A 		vmul.f32	s14, s14, s13
 437              		.loc 1 66 21 view .LVU113
 438 0128 77EE877A 		vadd.f32	s15, s15, s14
 439 012c C2ED007A 		vstr.32	s15, [r2]
  65:Robot/Controller/adrc.c ****         o->x_hat[i] += o->dt * dx[i];
 440              		.loc 1 65 29 is_stmt 1 discriminator 3 view .LVU114
 441 0130 0133     		adds	r3, r3, #1
 442              	.LVL32:
 443              	.L28:
  65:Robot/Controller/adrc.c ****         o->x_hat[i] += o->dt * dx[i];
 444              		.loc 1 65 23 discriminator 1 view .LVU115
 445 0132 052B     		cmp	r3, #5
 446 0134 EBDD     		ble	.L29
 447              	.LBE27:
 448              	.LBB28:
  67:Robot/Controller/adrc.c **** 
  68:Robot/Controller/adrc.c ****     for (int i = 0; i < 2; i++) {
 449              		.loc 1 68 14 is_stmt 0 view .LVU116
 450 0136 0023     		movs	r3, #0
 451              	.LVL33:
 452              		.loc 1 68 14 view .LVU117
 453 0138 07E0     		b	.L30
 454              	.LVL34:
 455              	.L35:
 456              	.LBB29:
 457              	.LBB30:
  69:Robot/Controller/adrc.c ****         o->d_hat[i] += o->dt * dx[6 + i];
  70:Robot/Controller/adrc.c ****         o->d_hat[i] = limit_f(o->d_hat[i], -o->d_limit[i], o->d_limit[i]);
  71:Robot/Controller/adrc.c ****     }
  72:Robot/Controller/adrc.c **** }
  73:Robot/Controller/adrc.c **** 
  74:Robot/Controller/adrc.c **** static inline float limit_f(float x, float min_v, float max_v)
  75:Robot/Controller/adrc.c **** {
  76:Robot/Controller/adrc.c ****     if (x > max_v) return max_v;
  77:Robot/Controller/adrc.c ****     if (x < min_v) return min_v;
 458              		.loc 1 77 27 discriminator 1 view .LVU118
 459 013a B0EE667A 		vmov.f32	s14, s13
 460              	.LVL35:
 461              	.L31:
ARM GAS  D:\temp\TMP\ccP4mFoi.s 			page 11


 462              		.loc 1 77 27 discriminator 1 view .LVU119
 463              	.LBE30:
 464              	.LBE29:
  70:Robot/Controller/adrc.c ****     }
 465              		.loc 1 70 21 discriminator 1 view .LVU120
 466 013e 9A1D     		adds	r2, r3, #6
 467 0140 04EB8202 		add	r2, r4, r2, lsl #2
 468 0144 82ED007A 		vstr.32	s14, [r2]
  68:Robot/Controller/adrc.c ****         o->d_hat[i] += o->dt * dx[6 + i];
 469              		.loc 1 68 29 is_stmt 1 discriminator 3 view .LVU121
 470 0148 0133     		adds	r3, r3, #1
 471              	.LVL36:
 472              	.L30:
  68:Robot/Controller/adrc.c ****         o->d_hat[i] += o->dt * dx[6 + i];
 473              		.loc 1 68 23 discriminator 1 view .LVU122
 474 014a 012B     		cmp	r3, #1
 475 014c 26DC     		bgt	.L39
  69:Robot/Controller/adrc.c ****         o->d_hat[i] += o->dt * dx[6 + i];
 476              		.loc 1 69 9 view .LVU123
  69:Robot/Controller/adrc.c ****         o->d_hat[i] += o->dt * dx[6 + i];
 477              		.loc 1 69 17 is_stmt 0 view .LVU124
 478 014e 9A1D     		adds	r2, r3, #6
 479 0150 04EB8201 		add	r1, r4, r2, lsl #2
 480 0154 D1ED007A 		vldr.32	s15, [r1]
  69:Robot/Controller/adrc.c ****         o->d_hat[i] += o->dt * dx[6 + i];
 481              		.loc 1 69 25 view .LVU125
 482 0158 94ED687A 		vldr.32	s14, [r4, #416]
  69:Robot/Controller/adrc.c ****         o->d_hat[i] += o->dt * dx[6 + i];
 483              		.loc 1 69 34 view .LVU126
 484 015c 0EA8     		add	r0, sp, #56
 485 015e 00EB8202 		add	r2, r0, r2, lsl #2
 486 0162 52ED0E6A 		vldr.32	s13, [r2, #-56]
  69:Robot/Controller/adrc.c ****         o->d_hat[i] += o->dt * dx[6 + i];
 487              		.loc 1 69 30 view .LVU127
 488 0166 27EE267A 		vmul.f32	s14, s14, s13
  69:Robot/Controller/adrc.c ****         o->d_hat[i] += o->dt * dx[6 + i];
 489              		.loc 1 69 21 view .LVU128
 490 016a 77EE877A 		vadd.f32	s15, s15, s14
 491 016e C1ED007A 		vstr.32	s15, [r1]
  70:Robot/Controller/adrc.c ****     }
 492              		.loc 1 70 9 is_stmt 1 view .LVU129
  70:Robot/Controller/adrc.c ****     }
 493              		.loc 1 70 55 is_stmt 0 view .LVU130
 494 0172 03F16802 		add	r2, r3, #104
 495 0176 04EB8202 		add	r2, r4, r2, lsl #2
 496 017a 92ED017A 		vldr.32	s14, [r2, #4]
  70:Robot/Controller/adrc.c ****     }
 497              		.loc 1 70 23 view .LVU131
 498 017e F1EE476A 		vneg.f32	s13, s14
 499              	.LVL37:
 500              	.LBB32:
 501              	.LBI29:
  74:Robot/Controller/adrc.c **** {
 502              		.loc 1 74 21 is_stmt 1 view .LVU132
 503              	.LBB31:
  76:Robot/Controller/adrc.c ****     if (x < min_v) return min_v;
 504              		.loc 1 76 5 view .LVU133
ARM GAS  D:\temp\TMP\ccP4mFoi.s 			page 12


  76:Robot/Controller/adrc.c ****     if (x < min_v) return min_v;
 505              		.loc 1 76 8 is_stmt 0 view .LVU134
 506 0182 F4EEC77A 		vcmpe.f32	s15, s14
 507 0186 F1EE10FA 		vmrs	APSR_nzcv, FPSCR
 508 018a D8DC     		bgt	.L31
 509              		.loc 1 77 5 is_stmt 1 view .LVU135
 510              		.loc 1 77 8 is_stmt 0 view .LVU136
 511 018c F4EEE67A 		vcmpe.f32	s15, s13
 512 0190 F1EE10FA 		vmrs	APSR_nzcv, FPSCR
 513 0194 D1D4     		bmi	.L35
  78:Robot/Controller/adrc.c ****     return x;
 514              		.loc 1 78 12 view .LVU137
 515 0196 B0EE677A 		vmov.f32	s14, s15
 516              	.LVL38:
 517              		.loc 1 78 12 view .LVU138
 518 019a D0E7     		b	.L31
 519              	.LVL39:
 520              	.L39:
 521              		.loc 1 78 12 view .LVU139
 522              	.LBE31:
 523              	.LBE32:
 524              	.LBE28:
  72:Robot/Controller/adrc.c **** 
 525              		.loc 1 72 1 view .LVU140
 526 019c 0EB0     		add	sp, sp, #56
 527              	.LCFI3:
 528              		.cfi_def_cfa_offset 16
 529              		@ sp needed
 530 019e 70BD     		pop	{r4, r5, r6, pc}
  72:Robot/Controller/adrc.c **** 
 531              		.loc 1 72 1 view .LVU141
 532              		.cfi_endproc
 533              	.LFE1:
 535              		.text
 536              	.Letext0:
 537              		.file 2 "Robot/Controller/adrc.h"
 538              		.file 3 "D:/VS_STM32/gcc-arm-15.2/arm-none-eabi/include/string.h"
 539              		.file 4 "<built-in>"
ARM GAS  D:\temp\TMP\ccP4mFoi.s 			page 13


DEFINED SYMBOLS
                            *ABS*:00000000 adrc.c
D:\temp\TMP\ccP4mFoi.s:20     .text.LESO_Init:00000000 $t
D:\temp\TMP\ccP4mFoi.s:26     .text.LESO_Init:00000000 LESO_Init
D:\temp\TMP\ccP4mFoi.s:208    .text.LESO_Init:000000d0 $d
D:\temp\TMP\ccP4mFoi.s:213    .text.LESO_Update:00000000 $t
D:\temp\TMP\ccP4mFoi.s:219    .text.LESO_Update:00000000 LESO_Update

UNDEFINED SYMBOLS
memset
