Archive member included to satisfy reference by file (symbol)

d:/vs_stm32/gcc-arm-2021/2021.10/bin/../lib/gcc/arm-none-eabi/10.3.1/../../../../arm-none-eabi/lib/thumb/v7e-m+dp/hard\libc_nano.a(lib_a-errno.o)
                              build/sysmem.o (__errno)
d:/vs_stm32/gcc-arm-2021/2021.10/bin/../lib/gcc/arm-none-eabi/10.3.1/../../../../arm-none-eabi/lib/thumb/v7e-m+dp/hard\libc_nano.a(lib_a-exit.o)
                              d:/vs_stm32/gcc-arm-2021/2021.10/bin/../lib/gcc/arm-none-eabi/10.3.1/../../../../arm-none-eabi/lib/thumb/v7e-m+dp/hard/crt0.o (exit)
d:/vs_stm32/gcc-arm-2021/2021.10/bin/../lib/gcc/arm-none-eabi/10.3.1/../../../../arm-none-eabi/lib/thumb/v7e-m+dp/hard\libc_nano.a(lib_a-impure.o)
                              d:/vs_stm32/gcc-arm-2021/2021.10/bin/../lib/gcc/arm-none-eabi/10.3.1/../../../../arm-none-eabi/lib/thumb/v7e-m+dp/hard\libc_nano.a(lib_a-exit.o) (_global_impure_ptr)
d:/vs_stm32/gcc-arm-2021/2021.10/bin/../lib/gcc/arm-none-eabi/10.3.1/../../../../arm-none-eabi/lib/thumb/v7e-m+dp/hard\libc_nano.a(lib_a-init.o)
                              d:/vs_stm32/gcc-arm-2021/2021.10/bin/../lib/gcc/arm-none-eabi/10.3.1/../../../../arm-none-eabi/lib/thumb/v7e-m+dp/hard/crt0.o (__libc_init_array)
d:/vs_stm32/gcc-arm-2021/2021.10/bin/../lib/gcc/arm-none-eabi/10.3.1/../../../../arm-none-eabi/lib/thumb/v7e-m+dp/hard\libc_nano.a(lib_a-malloc.o)
                              build/bsp_can.o (malloc)
d:/vs_stm32/gcc-arm-2021/2021.10/bin/../lib/gcc/arm-none-eabi/10.3.1/../../../../arm-none-eabi/lib/thumb/v7e-m+dp/hard\libc_nano.a(lib_a-memcpy-stub.o)
                              build/stm32h7xx_hal_fdcan.o (memcpy)
d:/vs_stm32/gcc-arm-2021/2021.10/bin/../lib/gcc/arm-none-eabi/10.3.1/../../../../arm-none-eabi/lib/thumb/v7e-m+dp/hard\libc_nano.a(lib_a-memset.o)
                              d:/vs_stm32/gcc-arm-2021/2021.10/bin/../lib/gcc/arm-none-eabi/10.3.1/../../../../arm-none-eabi/lib/thumb/v7e-m+dp/hard/crt0.o (memset)
d:/vs_stm32/gcc-arm-2021/2021.10/bin/../lib/gcc/arm-none-eabi/10.3.1/../../../../arm-none-eabi/lib/thumb/v7e-m+dp/hard\libc_nano.a(lib_a-nano-freer.o)
                              d:/vs_stm32/gcc-arm-2021/2021.10/bin/../lib/gcc/arm-none-eabi/10.3.1/../../../../arm-none-eabi/lib/thumb/v7e-m+dp/hard\libc_nano.a(lib_a-malloc.o) (_free_r)
d:/vs_stm32/gcc-arm-2021/2021.10/bin/../lib/gcc/arm-none-eabi/10.3.1/../../../../arm-none-eabi/lib/thumb/v7e-m+dp/hard\libc_nano.a(lib_a-nano-mallocr.o)
                              d:/vs_stm32/gcc-arm-2021/2021.10/bin/../lib/gcc/arm-none-eabi/10.3.1/../../../../arm-none-eabi/lib/thumb/v7e-m+dp/hard\libc_nano.a(lib_a-malloc.o) (_malloc_r)
d:/vs_stm32/gcc-arm-2021/2021.10/bin/../lib/gcc/arm-none-eabi/10.3.1/../../../../arm-none-eabi/lib/thumb/v7e-m+dp/hard\libc_nano.a(lib_a-nano-vfprintf_float.o)
                              (_printf_float)
d:/vs_stm32/gcc-arm-2021/2021.10/bin/../lib/gcc/arm-none-eabi/10.3.1/../../../../arm-none-eabi/lib/thumb/v7e-m+dp/hard\libc_nano.a(lib_a-nano-vfprintf_i.o)
                              d:/vs_stm32/gcc-arm-2021/2021.10/bin/../lib/gcc/arm-none-eabi/10.3.1/../../../../arm-none-eabi/lib/thumb/v7e-m+dp/hard\libc_nano.a(lib_a-nano-vfprintf_float.o) (_printf_common)
d:/vs_stm32/gcc-arm-2021/2021.10/bin/../lib/gcc/arm-none-eabi/10.3.1/../../../../arm-none-eabi/lib/thumb/v7e-m+dp/hard\libc_nano.a(lib_a-sbrkr.o)
                              d:/vs_stm32/gcc-arm-2021/2021.10/bin/../lib/gcc/arm-none-eabi/10.3.1/../../../../arm-none-eabi/lib/thumb/v7e-m+dp/hard\libc_nano.a(lib_a-nano-mallocr.o) (_sbrk_r)
d:/vs_stm32/gcc-arm-2021/2021.10/bin/../lib/gcc/arm-none-eabi/10.3.1/../../../../arm-none-eabi/lib/thumb/v7e-m+dp/hard\libc_nano.a(lib_a-snprintf.o)
                              build/hipnuc_dec.o (snprintf)
d:/vs_stm32/gcc-arm-2021/2021.10/bin/../lib/gcc/arm-none-eabi/10.3.1/../../../../arm-none-eabi/lib/thumb/v7e-m+dp/hard\libc_nano.a(lib_a-strlen.o)
                              d:/vs_stm32/gcc-arm-2021/2021.10/bin/../lib/gcc/arm-none-eabi/10.3.1/../../../../arm-none-eabi/lib/thumb/v7e-m+dp/hard\libc_nano.a(lib_a-nano-vfprintf_float.o) (strlen)
d:/vs_stm32/gcc-arm-2021/2021.10/bin/../lib/gcc/arm-none-eabi/10.3.1/../../../../arm-none-eabi/lib/thumb/v7e-m+dp/hard\libc_nano.a(lib_a-dtoa.o)
                              d:/vs_stm32/gcc-arm-2021/2021.10/bin/../lib/gcc/arm-none-eabi/10.3.1/../../../../arm-none-eabi/lib/thumb/v7e-m+dp/hard\libc_nano.a(lib_a-nano-vfprintf_float.o) (_dtoa_r)
d:/vs_stm32/gcc-arm-2021/2021.10/bin/../lib/gcc/arm-none-eabi/10.3.1/../../../../arm-none-eabi/lib/thumb/v7e-m+dp/hard\libc_nano.a(lib_a-localeconv.o)
                              d:/vs_stm32/gcc-arm-2021/2021.10/bin/../lib/gcc/arm-none-eabi/10.3.1/../../../../arm-none-eabi/lib/thumb/v7e-m+dp/hard\libc_nano.a(lib_a-nano-vfprintf_float.o) (_localeconv_r)
d:/vs_stm32/gcc-arm-2021/2021.10/bin/../lib/gcc/arm-none-eabi/10.3.1/../../../../arm-none-eabi/lib/thumb/v7e-m+dp/hard\libc_nano.a(lib_a-memchr.o)
[...]
Memory Configuration

Name             Origin             Length             Attributes
DTCMRAM          0x20000000         0x00020000         xrw
RAM_D1           0x24000000         0x00050000         xrw
RAM_D2           0x30000000         0x00008000         xrw
RAM_D3           0x38000000         0x00004000         xrw
ITCMRAM          0x00000000         0x00010000         xrw
FLASH            0x08000000         0x00100000         xr
*default*        0x00000000         0xffffffff

Linker script and memory map

LOAD d:/vs_stm32/gcc-arm-2021/2021.10/bin/../lib/gcc/arm-none-eabi/10.3.1/thumb/v7e-m+dp/hard/crti.o
LOAD d:/vs_stm32/gcc-arm-2021/2021.10/bin/../lib/gcc/arm-none-eabi/10.3.1/thumb/v7e-m+dp/hard/crtbegin.o
LOAD d:/vs_stm32/gcc-arm-2021/2021.10/bin/../lib/gcc/arm-none-eabi/10.3.1/../../../../arm-none-eabi/lib/thumb/v7e-m+dp/hard/crt0.o
LOAD build/main.o
LOAD build/gpio.o
LOAD build/freertos.o
LOAD build/dma.o
LOAD build/fdcan.o
LOAD build/spi.o
LOAD build/tim.o
LOAD build/stm32h7xx_it.o
LOAD build/stm32h7xx_hal_msp.o
LOAD build/stm32h7xx_hal_timebase_tim.o
LOAD build/stm32h7xx_hal_tim.o
LOAD build/stm32h7xx_hal_tim_ex.o
LOAD build/stm32h7xx_hal_cortex.o
LOAD build/stm32h7xx_hal_rcc.o
LOAD build/stm32h7xx_hal_rcc_ex.o
LOAD build/stm32h7xx_hal_flash.o
LOAD build/stm32h7xx_hal_flash_ex.o
LOAD build/stm32h7xx_hal_gpio.o
LOAD build/stm32h7xx_hal_hsem.o
LOAD build/stm32h7xx_hal_dma.o
LOAD build/stm32h7xx_hal_dma_ex.o
LOAD build/stm32h7xx_hal_mdma.o
LOAD build/stm32h7xx_hal_pwr.o
LOAD build/stm32h7xx_hal_pwr_ex.o
LOAD build/stm32h7xx_hal.o
LOAD build/stm32h7xx_hal_i2c.o
LOAD build/stm32h7xx_hal_i2c_ex.o
LOAD build/stm32h7xx_hal_exti.o
LOAD build/stm32h7xx_hal_fdcan.o
LOAD build/stm32h7xx_hal_spi.o
LOAD build/stm32h7xx_hal_spi_ex.o
LOAD build/system_stm32h7xx.o
LOAD build/croutine.o
LOAD build/event_groups.o
LOAD build/list.o
LOAD build/queue.o
LOAD build/stream_buffer.o
LOAD build/tasks.o
LOAD build/timers.o
LOAD build/cmsis_os.o
LOAD build/heap_4.o
LOAD build/port.o
LOAD build/sysmem.o
LOAD build/bsp_can.o
LOAD build/bsp_dwt.o
LOAD build/bsp_pwm.o
LOAD build/bsp_usart.o
LOAD build/QuaternionEKF.o
LOAD build/kalman_filter.o
LOAD build/mahony_filter.o
LOAD build/controller.o
LOAD build/pid.o
LOAD build/kinematics.o
LOAD build/daemon.o
LOAD build/BMI088driver.o
LOAD build/BMI088Middleware.o
LOAD build/hipnuc_dec.o
LOAD build/djimotor.o
LOAD build/dmmotor.o
LOAD build/user_lib.o
LOAD build/remote_control.o
LOAD build/ins_task.o
LOAD build/chassisR_task.o
LOAD build/chassisL_task.o
LOAD build/chassis.o
LOAD build/observe_task.o
LOAD build/vofa_task.o
LOAD build/remote_task.o
LOAD build/Robot.o
LOAD build/syscalls.o
LOAD build/usart.o
LOAD build/stm32h7xx_hal_uart.o
LOAD build/stm32h7xx_hal_uart_ex.o
LOAD build/startup_stm32h723xx.o
LOAD d:/vs_stm32/gcc-arm-2021/2021.10/bin/../lib/gcc/arm-none-eabi/10.3.1/../../../../arm-none-eabi/lib/thumb/v7e-m+dp/hard\libc_nano.a
LOAD d:/vs_stm32/gcc-arm-2021/2021.10/bin/../lib/gcc/arm-none-eabi/10.3.1/../../../../arm-none-eabi/lib/thumb/v7e-m+dp/hard\libm.a
LOAD d:/vs_stm32/gcc-arm-2021/2021.10/bin/../lib/gcc/arm-none-eabi/10.3.1/../../../../arm-none-eabi/lib/thumb/v7e-m+dp/hard\libnosys.a
LOAD Drivers/CMSIS/DSP/Lib/GCC\libarm_cortexM7lfdp_math.a
START GROUP
LOAD d:/vs_stm32/gcc-arm-2021/2021.10/bin/../lib/gcc/arm-none-eabi/10.3.1/thumb/v7e-m+dp/hard\libgcc.a
LOAD d:/vs_stm32/gcc-arm-2021/2021.10/bin/../lib/gcc/arm-none-eabi/10.3.1/../../../../arm-none-eabi/lib/thumb/v7e-m+dp/hard\libc_nano.a
END GROUP
START GROUP
LOAD d:/vs_stm32/gcc-arm-2021/2021.10/bin/../lib/gcc/arm-none-eabi/10.3.1/thumb/v7e-m+dp/hard\libgcc.a
LOAD d:/vs_stm32/gcc-arm-2021/2021.10/bin/../lib/gcc/arm-none-eabi/10.3.1/../../../../arm-none-eabi/lib/thumb/v7e-m+dp/hard\libc_nano.a
END GROUP
LOAD d:/vs_stm32/gcc-arm-2021/2021.10/bin/../lib/gcc/arm-none-eabi/10.3.1/thumb/v7e-m+dp/hard/crtend.o
LOAD d:/vs_stm32/gcc-arm-2021/2021.10/bin/../lib/gcc/arm-none-eabi/10.3.1/thumb/v7e-m+dp/hard/crtn.o
                0x24050000                _estack = (ORIGIN (RAM_D1) + LENGTH (RAM_D1))
                0x00001000                _Min_Heap_Size = 0x1000
                0x00001000                _Min_Stack_Size = 0x1000

.isr_vector     0x08000000      0x2cc
                0x08000000                . = ALIGN (0x4)
 *(.isr_vector)
 .isr_vector    0x08000000      0x2cc build/startup_stm32h723xx.o
                0x08000000                g_pfnVectors
                0x080002cc                . = ALIGN (0x4)

.text           0x080002d0     0xfa08
                0x080002d0                . = ALIGN (0x4)
 *(.text)
 .text          0x080002d0       0x40 d:/vs_stm32/gcc-arm-2021/2021.10/bin/../lib/gcc/arm-none-eabi/10.3.1/thumb/v7e-m+dp/hard/crtbegin.o
 .text          0x08000310       0x10 d:/vs_stm32/gcc-arm-2021/2021.10/bin/../lib/gcc/arm-none-eabi/10.3.1/../../../../arm-none-eabi/lib/thumb/v7e-m+dp/hard\libc_nano.a(lib_a-strlen.o)
                0x08000310                strlen
 .text          0x08000320       0xa0 d:/vs_stm32/gcc-arm-2021/2021.10/bin/../lib/gcc/arm-none-eabi/10.3.1/../../../../arm-none-eabi/lib/thumb/v7e-m+dp/hard\libc_nano.a(lib_a-memchr.o)
                0x08000320                memchr
 .text          0x080003c0       0x30 d:/vs_stm32/gcc-arm-2021/2021.10/bin/../lib/gcc/arm-none-eabi/10.3.1/thumb/v7e-m+dp/hard\libgcc.a(_aeabi_uldivmod.o)
                0x080003c0                __aeabi_uldivmod
 .text          0x080003f0      0x2d0 d:/vs_stm32/gcc-arm-2021/2021.10/bin/../lib/gcc/arm-none-eabi/10.3.1/thumb/v7e-m+dp/hard\libgcc.a(_udivmoddi4.o)
                0x080003f0                __udivmoddi4
 .text          0x080006c0        0x4 d:/vs_stm32/gcc-arm-2021/2021.10/bin/../lib/gcc/arm-none-eabi/10.3.1/thumb/v7e-m+dp/hard\libgcc.a(_dvmd_tls.o)
                0x080006c0                __aeabi_idiv0
                0x080006c0                __aeabi_ldiv0
 *(.text*)
 .text.HAL_TIM_PeriodElapsedCallback
                0x080006c4       0x12 build/main.o
                0x080006c4                HAL_TIM_PeriodElapsedCallback
 .text.Error_Handler
                0x080006d6        0x4 build/main.o
                0x080006d6                Error_Handler
 *fill*         0x080006da        0x2 
 .text.SystemClock_Config
                0x080006dc       0xa8 build/main.o
                0x080006dc                SystemClock_Config
 .text.main     0x08000784       0x40 build/main.o
                0x08000784                main
 .text.MX_GPIO_Init
                0x080007c4      0x10c build/gpio.o
                0x080007c4                MX_GPIO_Init
 .text.StartDefaultTask
                0x080008d0        0xa build/freertos.o
                0x080008d0                StartDefaultTask
 .text.StartInsTask
                0x080008da        0xe build/freertos.o
                0x080008da                StartInsTask
 .text.StartVofaDebug
                0x080008e8        0xe build/freertos.o
                0x080008e8                StartVofaDebug
 .text.StartChassisRTask
                0x080008f6        0xe build/freertos.o
                0x080008f6                StartChassisRTask
 .text.StartMotorTask
                0x08000904        0xe build/freertos.o
                0x08000904                StartMotorTask
 .text.StartRemoteTask
                0x08000912        0xe build/freertos.o
                0x08000912                StartRemoteTask
 .text.StartChassisLTask
                0x08000920        0xe build/freertos.o
                0x08000920                StartChassisLTask
 .text.StartObserveTask
                0x0800092e        0xe build/freertos.o
                0x0800092e                StartObserveTask
 .text.vApplicationGetIdleTaskMemory
                0x0800093c       0x18 build/freertos.o
                0x0800093c                vApplicationGetIdleTaskMemory
 .text.MX_FREERTOS_Init
                0x08000954      0x14c build/freertos.o
                0x08000954                MX_FREERTOS_Init
 .text.MX_DMA_Init
                0x08000aa0       0x78 build/dma.o
                0x08000aa0                MX_DMA_Init
 .text.MX_FDCAN1_Init
                0x08000b18       0x64 build/fdcan.o
                0x08000b18                MX_FDCAN1_Init
 .text.MX_FDCAN2_Init
                0x08000b7c       0x68 build/fdcan.o
                0x08000b7c                MX_FDCAN2_Init
 .text.HAL_FDCAN_MspInit
                0x08000be4      0x15c build/fdcan.o
                0x08000be4                HAL_FDCAN_MspInit
 .text.MX_SPI2_Init
                0x08000d40       0x60 build/spi.o
                0x08000d40                MX_SPI2_Init
 .text.HAL_SPI_MspInit
                0x08000da0      0x164 build/spi.o
                0x08000da0                HAL_SPI_MspInit
 .text.HAL_TIM_PWM_MspInit
                0x08000f04       0x34 build/tim.o
                0x08000f04                HAL_TIM_PWM_MspInit
 .text.HAL_TIM_MspPostInit
                0x08000f38       0x58 build/tim.o
                0x08000f38                HAL_TIM_MspPostInit
 .text.MX_TIM3_Init
                0x08000f90       0x88 build/tim.o
                0x08000f90                MX_TIM3_Init
 .text.NMI_Handler
                0x08001018        0x2 build/stm32h7xx_it.o
                0x08001018                NMI_Handler
 .text.HardFault_Handler
                0x0800101a        0x2 build/stm32h7xx_it.o
                0x0800101a                HardFault_Handler
 .text.MemManage_Handler
                0x0800101c        0x2 build/stm32h7xx_it.o
                0x0800101c                MemManage_Handler
 .text.BusFault_Handler
                0x0800101e        0x2 build/stm32h7xx_it.o
                0x0800101e                BusFault_Handler
 .text.UsageFault_Handler
                0x08001020        0x2 build/stm32h7xx_it.o
                0x08001020                UsageFault_Handler
 .text.DebugMon_Handler
                0x08001022        0x2 build/stm32h7xx_it.o
                0x08001022                DebugMon_Handler
 .text.DMA1_Stream0_IRQHandler
                0x08001024       0x10 build/stm32h7xx_it.o
                0x08001024                DMA1_Stream0_IRQHandler
 .text.DMA1_Stream1_IRQHandler
                0x08001034       0x10 build/stm32h7xx_it.o
                0x08001034                DMA1_Stream1_IRQHandler
 .text.DMA1_Stream2_IRQHandler
                0x08001044       0x10 build/stm32h7xx_it.o
                0x08001044                DMA1_Stream2_IRQHandler
 .text.DMA1_Stream3_IRQHandler
                0x08001054       0x10 build/stm32h7xx_it.o
                0x08001054                DMA1_Stream3_IRQHandler
 .text.FDCAN1_IT0_IRQHandler
                0x08001064       0x10 build/stm32h7xx_it.o
                0x08001064                FDCAN1_IT0_IRQHandler
 .text.FDCAN2_IT1_IRQHandler
                0x08001074       0x10 build/stm32h7xx_it.o
                0x08001074                FDCAN2_IT1_IRQHandler
 .text.TIM2_IRQHandler
                0x08001084       0x10 build/stm32h7xx_it.o
                0x08001084                TIM2_IRQHandler
 .text.SPI2_IRQHandler
                0x08001094       0x10 build/stm32h7xx_it.o
                0x08001094                SPI2_IRQHandler
 .text.USART1_IRQHandler
                0x080010a4       0x10 build/stm32h7xx_it.o
                0x080010a4                USART1_IRQHandler
 .text.DMA1_Stream7_IRQHandler
                0x080010b4       0x10 build/stm32h7xx_it.o
                0x080010b4                DMA1_Stream7_IRQHandler
 .text.UART5_IRQHandler
                0x080010c4       0x10 build/stm32h7xx_it.o
                0x080010c4                UART5_IRQHandler
 .text.UART7_IRQHandler
                0x080010d4       0x10 build/stm32h7xx_it.o
                0x080010d4                UART7_IRQHandler
 .text.USART10_IRQHandler
                0x080010e4       0x10 build/stm32h7xx_it.o
                0x080010e4                USART10_IRQHandler
 .text.HAL_MspInit
                0x080010f4       0x34 build/stm32h7xx_hal_msp.o
                0x080010f4                HAL_MspInit
 .text.HAL_InitTick
                0x08001128       0x9c build/stm32h7xx_hal_timebase_tim.o
                0x08001128                HAL_InitTick
 .text.TIM_OC1_SetConfig
                0x080011c4       0xa8 build/stm32h7xx_hal_tim.o
 .text.TIM_OC3_SetConfig
                0x0800126c       0x94 build/stm32h7xx_hal_tim.o
 .text.TIM_OC4_SetConfig
                0x08001300       0x74 build/stm32h7xx_hal_tim.o
 .text.TIM_OC5_SetConfig
                0x08001374       0x74 build/stm32h7xx_hal_tim.o
 .text.TIM_OC6_SetConfig
                0x080013e8       0x74 build/stm32h7xx_hal_tim.o
 .text.HAL_TIM_Base_MspInit
                0x0800145c        0x2 build/stm32h7xx_hal_tim.o
                0x0800145c                HAL_TIM_Base_MspInit
 *fill*         0x0800145e        0x2 
 .text.HAL_TIM_Base_Start_IT
                0x08001460       0xa0 build/stm32h7xx_hal_tim.o
                0x08001460                HAL_TIM_Base_Start_IT
 .text.HAL_TIM_OC_DelayElapsedCallback
                0x08001500        0x2 build/stm32h7xx_hal_tim.o
                0x08001500                HAL_TIM_OC_DelayElapsedCallback
 .text.HAL_TIM_IC_CaptureCallback
                0x08001502        0x2 build/stm32h7xx_hal_tim.o
                0x08001502                HAL_TIM_IC_CaptureCallback
 .text.HAL_TIM_PWM_PulseFinishedCallback
                0x08001504        0x2 build/stm32h7xx_hal_tim.o
                0x08001504                HAL_TIM_PWM_PulseFinishedCallback
 .text.HAL_TIM_TriggerCallback
                0x08001506        0x2 build/stm32h7xx_hal_tim.o
                0x08001506                HAL_TIM_TriggerCallback
 .text.HAL_TIM_IRQHandler
                0x08001508      0x17a build/stm32h7xx_hal_tim.o
                0x08001508                HAL_TIM_IRQHandler
 *fill*         0x08001682        0x2 
 .text.TIM_Base_SetConfig
                0x08001684      0x120 build/stm32h7xx_hal_tim.o
                0x08001684                TIM_Base_SetConfig
 .text.HAL_TIM_Base_Init
                0x080017a4       0x60 build/stm32h7xx_hal_tim.o
                0x080017a4                HAL_TIM_Base_Init
 .text.HAL_TIM_PWM_Init
                0x08001804       0x60 build/stm32h7xx_hal_tim.o
                0x08001804                HAL_TIM_PWM_Init
 .text.TIM_OC2_SetConfig
                0x08001864       0x94 build/stm32h7xx_hal_tim.o
                0x08001864                TIM_OC2_SetConfig
 .text.HAL_TIM_PWM_ConfigChannel
                0x080018f8      0x13a build/stm32h7xx_hal_tim.o
                0x080018f8                HAL_TIM_PWM_ConfigChannel
 *fill*         0x08001a32        0x2 
 .text.HAL_TIMEx_MasterConfigSynchronization
                0x08001a34       0xb0 build/stm32h7xx_hal_tim_ex.o
                0x08001a34                HAL_TIMEx_MasterConfigSynchronization
 .text.HAL_TIMEx_CommutCallback
                0x08001ae4        0x2 build/stm32h7xx_hal_tim_ex.o
                0x08001ae4                HAL_TIMEx_CommutCallback
 .text.HAL_TIMEx_BreakCallback
                0x08001ae6        0x2 build/stm32h7xx_hal_tim_ex.o
                0x08001ae6                HAL_TIMEx_BreakCallback
 .text.HAL_TIMEx_Break2Callback
                0x08001ae8        0x2 build/stm32h7xx_hal_tim_ex.o
                0x08001ae8                HAL_TIMEx_Break2Callback
 *fill*         0x08001aea        0x2 
 .text.HAL_NVIC_SetPriorityGrouping
                0x08001aec       0x24 build/stm32h7xx_hal_cortex.o
                0x08001aec                HAL_NVIC_SetPriorityGrouping
 .text.HAL_NVIC_SetPriority
                0x08001b10       0x6c build/stm32h7xx_hal_cortex.o
                0x08001b10                HAL_NVIC_SetPriority
 .text.HAL_NVIC_EnableIRQ
                0x08001b7c       0x1c build/stm32h7xx_hal_cortex.o
                0x08001b7c                HAL_NVIC_EnableIRQ
 .text.HAL_RCC_OscConfig
                0x08001b98      0x5ec build/stm32h7xx_hal_rcc.o
                0x08001b98                HAL_RCC_OscConfig
 .text.HAL_RCC_GetSysClockFreq
                0x08002184      0x1f4 build/stm32h7xx_hal_rcc.o
                0x08002184                HAL_RCC_GetSysClockFreq
 .text.HAL_RCC_ClockConfig
                0x08002378      0x294 build/stm32h7xx_hal_rcc.o
                0x08002378                HAL_RCC_ClockConfig
 .text.HAL_RCC_GetHCLKFreq
                0x0800260c       0x44 build/stm32h7xx_hal_rcc.o
                0x0800260c                HAL_RCC_GetHCLKFreq
 .text.HAL_RCC_GetPCLK1Freq
                0x08002650       0x24 build/stm32h7xx_hal_rcc.o
                0x08002650                HAL_RCC_GetPCLK1Freq
 .text.HAL_RCC_GetPCLK2Freq
                0x08002674       0x24 build/stm32h7xx_hal_rcc.o
                0x08002674                HAL_RCC_GetPCLK2Freq
 .text.HAL_RCC_GetClockConfig
                0x08002698       0x54 build/stm32h7xx_hal_rcc.o
                0x08002698                HAL_RCC_GetClockConfig
 .text.RCCEx_PLL2_Config
                0x080026ec      0x10c build/stm32h7xx_hal_rcc_ex.o
 .text.RCCEx_PLL3_Config
                0x080027f8      0x10c build/stm32h7xx_hal_rcc_ex.o
 .text.HAL_RCCEx_PeriphCLKConfig
                0x08002904      0xa0c build/stm32h7xx_hal_rcc_ex.o
                0x08002904                HAL_RCCEx_PeriphCLKConfig
 .text.HAL_RCCEx_GetD3PCLK1Freq
                0x08003310       0x24 build/stm32h7xx_hal_rcc_ex.o
                0x08003310                HAL_RCCEx_GetD3PCLK1Freq
 .text.HAL_RCCEx_GetPLL2ClockFreq
                0x08003334      0x1f8 build/stm32h7xx_hal_rcc_ex.o
                0x08003334                HAL_RCCEx_GetPLL2ClockFreq
 .text.HAL_RCCEx_GetPLL3ClockFreq
                0x0800352c      0x1f8 build/stm32h7xx_hal_rcc_ex.o
                0x0800352c                HAL_RCCEx_GetPLL3ClockFreq
 .text.HAL_GPIO_Init
                0x08003724      0x214 build/stm32h7xx_hal_gpio.o
                0x08003724                HAL_GPIO_Init
 .text.HAL_GPIO_WritePin
                0x08003938        0xc build/stm32h7xx_hal_gpio.o
                0x08003938                HAL_GPIO_WritePin
 .text.DMA_SetConfig
                0x08003944      0x1b4 build/stm32h7xx_hal_dma.o
 .text.DMA_CalcBaseAndBitshift
                0x08003af8       0xb4 build/stm32h7xx_hal_dma.o
 .text.DMA_CheckFifoParam
                0x08003bac       0x92 build/stm32h7xx_hal_dma.o
 *fill*         0x08003c3e        0x2 
 .text.DMA_CalcDMAMUXChannelBaseAndMask
                0x08003c40       0xb0 build/stm32h7xx_hal_dma.o
 .text.DMA_CalcDMAMUXRequestGenBaseAndMask
                0x08003cf0       0x7c build/stm32h7xx_hal_dma.o
 .text.HAL_DMA_Init
                0x08003d6c      0x394 build/stm32h7xx_hal_dma.o
                0x08003d6c                HAL_DMA_Init
 .text.HAL_DMA_Start_IT
                0x08004100      0x298 build/stm32h7xx_hal_dma.o
                0x08004100                HAL_DMA_Start_IT
 .text.HAL_DMA_Abort
                0x08004398      0x340 build/stm32h7xx_hal_dma.o
                0x08004398                HAL_DMA_Abort
 .text.HAL_DMA_Abort_IT
                0x080046d8      0x270 build/stm32h7xx_hal_dma.o
                0x080046d8                HAL_DMA_Abort_IT
 .text.HAL_DMA_IRQHandler
                0x08004948      0x738 build/stm32h7xx_hal_dma.o
                0x08004948                HAL_DMA_IRQHandler
 .text.HAL_PWREx_ConfigSupply
                0x08005080       0x54 build/stm32h7xx_hal_pwr_ex.o
                0x08005080                HAL_PWREx_ConfigSupply
 .text.HAL_Init
                0x080050d4       0x5c build/stm32h7xx_hal.o
                0x080050d4                HAL_Init
 .text.HAL_IncTick
                0x08005130       0x18 build/stm32h7xx_hal.o
                0x08005130                HAL_IncTick
 .text.HAL_GetTick
                0x08005148        0xc build/stm32h7xx_hal.o
                0x08005148                HAL_GetTick
 .text.HAL_SYSCFG_AnalogSwitchConfig
                0x08005154       0x14 build/stm32h7xx_hal.o
                0x08005154                HAL_SYSCFG_AnalogSwitchConfig
 .text.FDCAN_CalcultateRamBlockAddresses
                0x08005168      0x1d4 build/stm32h7xx_hal_fdcan.o
 .text.FDCAN_CopyMessageToRAM
                0x0800533c       0x8c build/stm32h7xx_hal_fdcan.o
 .text.HAL_FDCAN_Init
                0x080053c8      0x294 build/stm32h7xx_hal_fdcan.o
                0x080053c8                HAL_FDCAN_Init
 .text.HAL_FDCAN_ConfigFilter
                0x0800565c       0x88 build/stm32h7xx_hal_fdcan.o
                0x0800565c                HAL_FDCAN_ConfigFilter
 .text.HAL_FDCAN_ConfigGlobalFilter
                0x080056e4       0x36 build/stm32h7xx_hal_fdcan.o
                0x080056e4                HAL_FDCAN_ConfigGlobalFilter
 .text.HAL_FDCAN_ConfigRxFifoOverwrite
                0x0800571a       0x48 build/stm32h7xx_hal_fdcan.o
                0x0800571a                HAL_FDCAN_ConfigRxFifoOverwrite
 .text.HAL_FDCAN_Start
                0x08005762       0x34 build/stm32h7xx_hal_fdcan.o
                0x08005762                HAL_FDCAN_Start
 .text.HAL_FDCAN_AddMessageToTxFifoQ
                0x08005796       0x76 build/stm32h7xx_hal_fdcan.o
                0x08005796                HAL_FDCAN_AddMessageToTxFifoQ
 .text.HAL_FDCAN_GetRxMessage
                0x0800580c      0x1e8 build/stm32h7xx_hal_fdcan.o
                0x0800580c                HAL_FDCAN_GetRxMessage
 .text.HAL_FDCAN_GetRxFifoFillLevel
                0x080059f4       0x1c build/stm32h7xx_hal_fdcan.o
                0x080059f4                HAL_FDCAN_GetRxFifoFillLevel
 .text.HAL_FDCAN_GetTxFifoFreeLevel
                0x08005a10        0xc build/stm32h7xx_hal_fdcan.o
                0x08005a10                HAL_FDCAN_GetTxFifoFreeLevel
 .text.HAL_FDCAN_ConfigInterruptLines
                0x08005a1c       0x38 build/stm32h7xx_hal_fdcan.o
                0x08005a1c                HAL_FDCAN_ConfigInterruptLines
 .text.HAL_FDCAN_ActivateNotification
                0x08005a54       0x90 build/stm32h7xx_hal_fdcan.o
                0x08005a54                HAL_FDCAN_ActivateNotification
 .text.HAL_FDCAN_ClockCalibrationCallback
                0x08005ae4        0x2 build/stm32h7xx_hal_fdcan.o
                0x08005ae4                HAL_FDCAN_ClockCalibrationCallback
 .text.HAL_FDCAN_TxEventFifoCallback
                0x08005ae6        0x2 build/stm32h7xx_hal_fdcan.o
                0x08005ae6                HAL_FDCAN_TxEventFifoCallback
 .text.HAL_FDCAN_TxFifoEmptyCallback
                0x08005ae8        0x2 build/stm32h7xx_hal_fdcan.o
                0x08005ae8                HAL_FDCAN_TxFifoEmptyCallback
 .text.HAL_FDCAN_TxBufferCompleteCallback
                0x08005aea        0x2 build/stm32h7xx_hal_fdcan.o
                0x08005aea                HAL_FDCAN_TxBufferCompleteCallback
 .text.HAL_FDCAN_TxBufferAbortCallback
                0x08005aec        0x2 build/stm32h7xx_hal_fdcan.o
                0x08005aec                HAL_FDCAN_TxBufferAbortCallback
 .text.HAL_FDCAN_RxBufferNewMessageCallback
                0x08005aee        0x2 build/stm32h7xx_hal_fdcan.o
                0x08005aee                HAL_FDCAN_RxBufferNewMessageCallback
 .text.HAL_FDCAN_TimestampWraparoundCallback
                0x08005af0        0x2 build/stm32h7xx_hal_fdcan.o
                0x08005af0                HAL_FDCAN_TimestampWraparoundCallback
 .text.HAL_FDCAN_TimeoutOccurredCallback
                0x08005af2        0x2 build/stm32h7xx_hal_fdcan.o
                0x08005af2                HAL_FDCAN_TimeoutOccurredCallback
 .text.HAL_FDCAN_HighPriorityMessageCallback
                0x08005af4        0x2 build/stm32h7xx_hal_fdcan.o
                0x08005af4                HAL_FDCAN_HighPriorityMessageCallback
 .text.HAL_FDCAN_ErrorCallback
                0x08005af6        0x2 build/stm32h7xx_hal_fdcan.o
                0x08005af6                HAL_FDCAN_ErrorCallback
 .text.HAL_FDCAN_ErrorStatusCallback
                0x08005af8        0x2 build/stm32h7xx_hal_fdcan.o
                0x08005af8                HAL_FDCAN_ErrorStatusCallback
 .text.HAL_FDCAN_TT_ScheduleSyncCallback
                0x08005afa        0x2 build/stm32h7xx_hal_fdcan.o
                0x08005afa                HAL_FDCAN_TT_ScheduleSyncCallback
 .text.HAL_FDCAN_TT_TimeMarkCallback
                0x08005afc        0x2 build/stm32h7xx_hal_fdcan.o
                0x08005afc                HAL_FDCAN_TT_TimeMarkCallback
 .text.HAL_FDCAN_TT_StopWatchCallback
                0x08005afe        0x2 build/stm32h7xx_hal_fdcan.o
                0x08005afe                HAL_FDCAN_TT_StopWatchCallback
 .text.HAL_FDCAN_TT_GlobalTimeCallback
                0x08005b00        0x2 build/stm32h7xx_hal_fdcan.o
                0x08005b00                HAL_FDCAN_TT_GlobalTimeCallback
 *fill*         0x08005b02        0x2 
 .text.HAL_FDCAN_IRQHandler
                0x08005b04      0x31c build/stm32h7xx_hal_fdcan.o
                0x08005b04                HAL_FDCAN_IRQHandler
 .text.SPI_CloseTransfer
                0x08005e20       0xd0 build/stm32h7xx_hal_spi.o
 .text.SPI_GetPacketSize
                0x08005ef0       0x10 build/stm32h7xx_hal_spi.o
 .text.HAL_SPI_Init
                0x08005f00      0x190 build/stm32h7xx_hal_spi.o
                0x08005f00                HAL_SPI_Init
 .text.HAL_SPI_TxCpltCallback
                0x08006090        0x2 build/stm32h7xx_hal_spi.o
                0x08006090                HAL_SPI_TxCpltCallback
 .text.HAL_SPI_RxCpltCallback
                0x08006092        0x2 build/stm32h7xx_hal_spi.o
                0x08006092                HAL_SPI_RxCpltCallback
 .text.HAL_SPI_TxRxCpltCallback
                0x08006094        0x2 build/stm32h7xx_hal_spi.o
                0x08006094                HAL_SPI_TxRxCpltCallback
 .text.HAL_SPI_ErrorCallback
                0x08006096        0x2 build/stm32h7xx_hal_spi.o
                0x08006096                HAL_SPI_ErrorCallback
 .text.SPI_DMAAbortOnError
                0x08006098       0x1a build/stm32h7xx_hal_spi.o
 .text.HAL_SPI_SuspendCallback
                0x080060b2        0x2 build/stm32h7xx_hal_spi.o
                0x080060b2                HAL_SPI_SuspendCallback
 .text.HAL_SPI_IRQHandler
                0x080060b4      0x240 build/stm32h7xx_hal_spi.o
                0x080060b4                HAL_SPI_IRQHandler
 .text.SystemInit
                0x080062f4       0xd0 build/system_stm32h7xx.o
                0x080062f4                SystemInit
 .text.ExitRun0Mode
                0x080063c4       0x1c build/system_stm32h7xx.o
                0x080063c4                ExitRun0Mode
 .text.vListInitialise
                0x080063e0       0x16 build/list.o
                0x080063e0                vListInitialise
 .text.vListInitialiseItem
                0x080063f6        0x6 build/list.o
                0x080063f6                vListInitialiseItem
 .text.vListInsertEnd
                0x080063fc       0x16 build/list.o
                0x080063fc                vListInsertEnd
 .text.vListInsert
                0x08006412       0x32 build/list.o
                0x08006412                vListInsert
 .text.uxListRemove
                0x08006444       0x26 build/list.o
                0x08006444                uxListRemove
 *fill*         0x0800646a        0x2 
 .text.prvResetNextTaskUnblockTime
                0x0800646c       0x2c build/tasks.o
 .text.prvInitialiseNewTask
                0x08006498       0xa2 build/tasks.o
 *fill*         0x0800653a        0x2 
 .text.prvInitialiseTaskLists
                0x0800653c       0x68 build/tasks.o
 .text.prvAddNewTaskToReadyList
                0x080065a4       0xa8 build/tasks.o
 .text.prvDeleteTCB
                0x0800664c       0x38 build/tasks.o
 .text.prvCheckTasksWaitingTermination
                0x08006684       0x4c build/tasks.o
 .text.prvIdleTask
                0x080066d0       0x28 build/tasks.o
 .text.prvAddCurrentTaskToDelayedList
                0x080066f8       0xa0 build/tasks.o
 .text.xTaskCreateStatic
                0x08006798       0x76 build/tasks.o
                0x08006798                xTaskCreateStatic
 .text.xTaskCreate
                0x0800680e       0x68 build/tasks.o
                0x0800680e                xTaskCreate
 *fill*         0x08006876        0x2 
 .text.vTaskStartScheduler
                0x08006878       0x74 build/tasks.o
                0x08006878                vTaskStartScheduler
 .text.vTaskSuspendAll
                0x080068ec       0x10 build/tasks.o
                0x080068ec                vTaskSuspendAll
 .text.xTaskIncrementTick
                0x080068fc      0x118 build/tasks.o
                0x080068fc                xTaskIncrementTick
 .text.xTaskResumeAll
                0x08006a14       0xf8 build/tasks.o
                0x08006a14                xTaskResumeAll
 .text.vTaskDelay
                0x08006b0c       0x4c build/tasks.o
                0x08006b0c                vTaskDelay
 .text.vTaskSwitchContext
                0x08006b58       0x98 build/tasks.o
                0x08006b58                vTaskSwitchContext
 .text.makeFreeRtosPriority
                0x08006bf0        0xc build/cmsis_os.o
 .text.osKernelStart
                0x08006bfc        0xa build/cmsis_os.o
                0x08006bfc                osKernelStart
 .text.osThreadCreate
                0x08006c06       0x6a build/cmsis_os.o
                0x08006c06                osThreadCreate
 .text.osDelay  0x08006c70        0xe build/cmsis_os.o
                0x08006c70                osDelay
 *fill*         0x08006c7e        0x2 
 .text.prvHeapInit
                0x08006c80       0x64 build/heap_4.o
 .text.prvInsertBlockIntoFreeList
                0x08006ce4       0x64 build/heap_4.o
 .text.pvPortMalloc
                0x08006d48       0xfc build/heap_4.o
                0x08006d48                pvPortMalloc
 .text.vPortFree
                0x08006e44       0x7c build/heap_4.o
                0x08006e44                vPortFree
 .text.prvTaskExitError
                0x08006ec0       0x40 build/port.o
 .text.prvPortStartFirstTask
                0x08006f00       0x28 build/port.o
 .text.vPortEnableVFP
                0x08006f28       0x14 build/port.o
 .text.pxPortInitialiseStack
                0x08006f3c       0x2c build/port.o
                0x08006f3c                pxPortInitialiseStack
 *fill*         0x08006f68        0x8 
 .text.SVC_Handler
                0x08006f70       0x24 build/port.o
                0x08006f70                SVC_Handler
 .text.vPortEnterCritical
                0x08006f94       0x44 build/port.o
                0x08006f94                vPortEnterCritical
 .text.vPortExitCritical
                0x08006fd8       0x2c build/port.o
                0x08006fd8                vPortExitCritical
 *fill*         0x08007004        0xc 
 .text.PendSV_Handler
                0x08007010       0x64 build/port.o
                0x08007010                PendSV_Handler
 .text.SysTick_Handler
                0x08007074       0x2c build/port.o
                0x08007074                SysTick_Handler
 .text.vPortSetupTimerInterrupt
                0x080070a0       0x28 build/port.o
                0x080070a0                vPortSetupTimerInterrupt
 .text.xPortStartScheduler
                0x080070c8      0x118 build/port.o
                0x080070c8                xPortStartScheduler
 .text._sbrk    0x080071e0       0x48 build/sysmem.o
                0x080071e0                _sbrk
 .text.CANAddFilter
                0x08007228       0x50 build/bsp_can.o
 .text.FDCANFIFOxCallback
                0x08007278       0xa8 build/bsp_can.o
 .text.FDCAN1_Config
                0x08007320       0x48 build/bsp_can.o
                0x08007320                FDCAN1_Config
 .text.canx_send_data
                0x08007368       0x26 build/bsp_can.o
                0x08007368                canx_send_data
 *fill*         0x0800738e        0x2 
 .text.CANServiceInit
                0x08007390       0x4c build/bsp_can.o
                0x08007390                CANServiceInit
 .text.CANRegister
                0x080073dc       0x98 build/bsp_can.o
                0x080073dc                CANRegister
 .text.CANTransmit
                0x08007474       0x74 build/bsp_can.o
                0x08007474                CANTransmit
 .text.HAL_FDCAN_RxFifo0Callback
                0x080074e8       0x8c build/bsp_can.o
                0x080074e8                HAL_FDCAN_RxFifo0Callback
 .text.HAL_FDCAN_RxFifo1Callback
                0x08007574       0x12 build/bsp_can.o
                0x08007574                HAL_FDCAN_RxFifo1Callback
 *fill*         0x08007586        0x2 
 .text.DWT_CNT_Update
                0x08007588       0x30 build/bsp_dwt.o
 .text.DWT_Init
                0x080075b8       0x68 build/bsp_dwt.o
                0x080075b8                DWT_Init
 .text.DWT_GetDeltaT
                0x08007620       0x48 build/bsp_dwt.o
                0x08007620                DWT_GetDeltaT
 .text.DWT_SysTimeUpdate
                0x08007668       0xcc build/bsp_dwt.o
                0x08007668                DWT_SysTimeUpdate
 .text.DWT_GetTimeline_ms
                0x08007734       0x3c build/bsp_dwt.o
                0x08007734                DWT_GetTimeline_ms
 .text.USARTServiceInit
                0x08007770       0x9c build/bsp_usart.o
                0x08007770                USARTServiceInit
 .text.USARTRegister
                0x0800780c       0x70 build/bsp_usart.o
                0x0800780c                USARTRegister
 .text.HAL_UARTEx_RxEventCallback
                0x0800787c       0xe4 build/bsp_usart.o
                0x0800787c                HAL_UARTEx_RxEventCallback
 .text.HAL_UART_ErrorCallback
                0x08007960       0xcc build/bsp_usart.o
                0x08007960                HAL_UART_ErrorCallback
 .text.H_K_R_Adjustment
                0x08007a2c      0x118 build/kalman_filter.o
 .text.Kalman_Filter_Init
                0x08007b44      0x42c build/kalman_filter.o
                0x08007b44                Kalman_Filter_Init
 .text.Kalman_Filter_Measure
                0x08007f70       0x4c build/kalman_filter.o
                0x08007f70                Kalman_Filter_Measure
 .text.Kalman_Filter_xhatMinusUpdate
                0x08007fbc       0x76 build/kalman_filter.o
                0x08007fbc                Kalman_Filter_xhatMinusUpdate
 .text.Kalman_Filter_PminusUpdate
                0x08008032       0x68 build/kalman_filter.o
                0x08008032                Kalman_Filter_PminusUpdate
 .text.Kalman_Filter_SetK
                0x0800809a       0xcc build/kalman_filter.o
                0x0800809a                Kalman_Filter_SetK
 .text.Kalman_Filter_xhatUpdate
                0x08008166       0x82 build/kalman_filter.o
                0x08008166                Kalman_Filter_xhatUpdate
 .text.Kalman_Filter_P_Update
                0x080081e8       0x64 build/kalman_filter.o
                0x080081e8                Kalman_Filter_P_Update
 .text.Kalman_Filter_Update
                0x0800824c       0xf8 build/kalman_filter.o
                0x0800824c                Kalman_Filter_Update
 .text.f_Trapezoid_Intergral
                0x08008344       0x2a build/controller.o
 .text.f_Changing_Integration_Rate
                0x0800836e       0x66 build/controller.o
 .text.f_Integral_Limit
                0x080083d4       0x94 build/controller.o
 .text.f_Derivative_On_Measurement
                0x08008468       0x22 build/controller.o
 .text.f_Derivative_Filter
                0x0800848a       0x2e build/controller.o
 .text.f_Output_Filter
                0x080084b8       0x2e build/controller.o
 .text.f_Output_Limit
                0x080084e6       0x2e build/controller.o
 .text.f_PID_ErrorHandle
                0x08008514       0x90 build/controller.o
 .text.PIDInit  0x080085a4       0x4a build/controller.o
                0x080085a4                PIDInit
 .text.PIDCalculate
                0x080085ee      0x140 build/controller.o
                0x080085ee                PIDCalculate
 .text.PID_init
                0x0800872e       0x3c build/pid.o
                0x0800872e                PID_init
 *fill*         0x0800876a        0x2 
 .text.PID_Calc
                0x0800876c      0x158 build/pid.o
                0x0800876c                PID_Calc
 .text.JacobianMatrix
                0x080088c4      0x15c build/kinematics.o
                0x080088c4                JacobianMatrix
 .text.Acceleration_Updata
                0x08008a20      0x168 build/kinematics.o
                0x08008a20                Acceleration_Updata
 .text.safe_sqrt
                0x08008b88       0x1c build/kinematics.o
                0x08008b88                safe_sqrt
 .text.ForwardKinematics
                0x08008ba4      0x148 build/kinematics.o
                0x08008ba4                ForwardKinematics
 .text.DaemonRegister
                0x08008cec       0x48 build/daemon.o
                0x08008cec                DaemonRegister
 .text.DaemonReload
                0x08008d34        0x6 build/daemon.o
                0x08008d34                DaemonReload
 .text.DaemonIsOnline
                0x08008d3a        0xa build/daemon.o
                0x08008d3a                DaemonIsOnline
 .text.MotorSenderGrouping
                0x08008d44       0x7c build/djimotor.o
 .text.DJIMotorLostCallback
                0x08008dc0        0x2 build/djimotor.o
 *fill*         0x08008dc2        0x2 
 .text.DecodeDJIMotor
                0x08008dc4      0x108 build/djimotor.o
 .text.DJIMotorStop
                0x08008ecc        0x8 build/djimotor.o
                0x08008ecc                DJIMotorStop
 .text.DJIMotorEnable
                0x08008ed4        0x8 build/djimotor.o
                0x08008ed4                DJIMotorEnable
 .text.DJIMotorInit
                0x08008edc       0xd0 build/djimotor.o
                0x08008edc                DJIMotorInit
 .text.DJIMotorSetRef
                0x08008fac        0x6 build/djimotor.o
                0x08008fac                DJIMotorSetRef
 *fill*         0x08008fb2        0x2 
 .text.DJIMotorControl
                0x08008fb4      0x15c build/djimotor.o
                0x08008fb4                DJIMotorControl
 .text.float_to_uint
                0x08009110       0x28 build/dmmotor.o
                0x08009110                float_to_uint
 .text.uint_to_float
                0x08009138       0x28 build/dmmotor.o
                0x08009138                uint_to_float
 .text.joint_motor_init
                0x08009160        0x6 build/dmmotor.o
                0x08009160                joint_motor_init
 *fill*         0x08009166        0x2 
 .text.Dm8009_Fbdata
                0x08009168       0x98 build/dmmotor.o
                0x08009168                Dm8009_Fbdata
 .text.Enable_Motor_Mode
                0x08009200       0x3a build/dmmotor.o
                0x08009200                Enable_Motor_Mode
 *fill*         0x0800923a        0x2 
 .text.Mit_Ctrl
                0x0800923c       0xe4 build/dmmotor.o
                0x0800923c                Mit_Ctrl
 .text.slope_following
                0x08009320       0x54 build/user_lib.o
                0x08009320                slope_following
 .text.RectifyRCjoystick
                0x08009374       0x30 build/remote_control.o
 .text.sbus_to_rc
                0x080093a4      0x158 build/remote_control.o
 .text.RCLostCallback
                0x080094fc       0x20 build/remote_control.o
 .text.RemoteControlRxCallback
                0x0800951c       0x1c build/remote_control.o
 .text.RemoteControlInit
                0x08009538       0x5c build/remote_control.o
                0x08009538                RemoteControlInit
 .text.RemoteControlIsOnline
                0x08009594       0x1c build/remote_control.o
                0x08009594                RemoteControlIsOnline
 .text.U2       0x080095b0        0x4 build/ins_task.o
 .text.U4       0x080095b4        0x4 build/ins_task.o
 .text.R4       0x080095b8        0xe build/ins_task.o
 *fill*         0x080095c6        0x2 
 .text.HIPNUC_RxCallback
                0x080095c8       0x2c build/ins_task.o
 .text.HIPNUC_ParseFrame
                0x080095f4      0x128 build/ins_task.o
 .text.HIPNUC_Init
                0x0800971c       0x30 build/ins_task.o
                0x0800971c                HIPNUC_Init
 .text.INS_task
                0x0800974c      0x184 build/ins_task.o
                0x0800974c                INS_task
 .text.ChassisR_Feedback_Update
                0x080098d0      0x158 build/chassisR_task.o
 .text.ChassisR_Init
                0x08009a28       0xa8 build/chassisR_task.o
 .text.JumpR_Loop
                0x08009ad0      0x1b0 build/chassisR_task.o
 .text.ChasssisR_Control
                0x08009c80      0x318 build/chassisR_task.o
 .text.LimitChassisOutputR
                0x08009f98       0x1c build/chassisR_task.o
 .text.Pensation_Init
                0x08009fb4       0x8c build/chassisR_task.o
                0x08009fb4                Pensation_Init
 .text.ChassisR_Task
                0x0800a040      0x148 build/chassisR_task.o
                0x0800a040                ChassisR_Task
 .text.ChassisL_Feedback_Update
                0x0800a188      0x1bc build/chassisL_task.o
 .text.ChassisL_Init
                0x0800a344       0xb0 build/chassisL_task.o
 .text.JumpL_Loop
                0x0800a3f4       0xf8 build/chassisL_task.o
 .text.ChasssisL_Control
                0x0800a4ec      0x2a0 build/chassisL_task.o
 .text.LimitChassisOutputL
                0x0800a78c       0x1c build/chassisL_task.o
 .text.ChassisL_Task
                0x0800a7a8      0x128 build/chassisL_task.o
                0x0800a7a8                ChassisL_Task
 .text.xvEstimateKF_Init
                0x0800a8d0       0x74 build/observe_task.o
                0x0800a8d0                xvEstimateKF_Init
 .text.xvEstimateKF_Update
                0x0800a944       0x60 build/observe_task.o
                0x0800a944                xvEstimateKF_Update
 .text.Observe_Task
                0x0800a9a4      0x198 build/observe_task.o
                0x0800a9a4                Observe_Task
 .text.VofaDebug_Task
                0x0800ab3c       0x60 build/vofa_task.o
                0x0800ab3c                VofaDebug_Task
 .text.RemoteControlSet
                0x0800ab9c      0x184 build/remote_task.o
 .text.RobotCMDInit
                0x0800ad20       0x30 build/remote_task.o
                0x0800ad20                RobotCMDInit
 .text.Remote_Task
                0x0800ad50       0x28 build/remote_task.o
                0x0800ad50                Remote_Task
 .text.RobotInit
                0x0800ad78       0x18 build/Robot.o
                0x0800ad78                RobotInit
 .text.MotorTask
                0x0800ad90        0x8 build/Robot.o
                0x0800ad90                MotorTask
 .text._getpid  0x0800ad98        0x4 build/syscalls.o
                0x0800ad98                _getpid
 .text._kill    0x0800ad9c       0x10 build/syscalls.o
                0x0800ad9c                _kill
 .text._exit    0x0800adac        0xc build/syscalls.o
                0x0800adac                _exit
 .text._read    0x0800adb8       0x20 build/syscalls.o
                0x0800adb8                _read
 .text._write   0x0800add8       0x1c build/syscalls.o
                0x0800add8                _write
 .text._close   0x0800adf4        0x6 build/syscalls.o
                0x0800adf4                _close
 .text._fstat   0x0800adfa        0xa build/syscalls.o
                0x0800adfa                _fstat
 .text._isatty  0x0800ae04        0x4 build/syscalls.o
                0x0800ae04                _isatty
 .text._lseek   0x0800ae08        0x4 build/syscalls.o
                0x0800ae08                _lseek
 .text.MX_UART5_Init
                0x0800ae0c       0x70 build/usart.o
                0x0800ae0c                MX_UART5_Init
 .text.MX_UART7_Init
                0x0800ae7c       0x68 build/usart.o
                0x0800ae7c                MX_UART7_Init
 .text.MX_USART1_UART_Init
                0x0800aee4       0x68 build/usart.o
                0x0800aee4                MX_USART1_UART_Init
 .text.MX_USART10_UART_Init
                0x0800af4c       0x68 build/usart.o
                0x0800af4c                MX_USART10_UART_Init
 .text.HAL_UART_MspInit
                0x0800afb4      0x344 build/usart.o
                0x0800afb4                HAL_UART_MspInit
 .text.UART_EndTxTransfer
                0x0800b2f8       0x32 build/stm32h7xx_hal_uart.o
 *fill*         0x0800b32a        0x2 
 .text.UART_EndRxTransfer
                0x0800b32c       0x58 build/stm32h7xx_hal_uart.o
 .text.HAL_UART_TxCpltCallback
                0x0800b384        0x2 build/stm32h7xx_hal_uart.o
                0x0800b384                HAL_UART_TxCpltCallback
 .text.UART_EndTransmit_IT
                0x0800b386       0x24 build/stm32h7xx_hal_uart.o
 .text.HAL_UART_RxCpltCallback
                0x0800b3aa        0x2 build/stm32h7xx_hal_uart.o
                0x0800b3aa                HAL_UART_RxCpltCallback
 .text.HAL_UART_RxHalfCpltCallback
                0x0800b3ac        0x2 build/stm32h7xx_hal_uart.o
                0x0800b3ac                HAL_UART_RxHalfCpltCallback
 .text.UART_DMAError
                0x0800b3ae       0x58 build/stm32h7xx_hal_uart.o
 .text.UART_DMAAbortOnError
                0x0800b406       0x10 build/stm32h7xx_hal_uart.o
 *fill*         0x0800b416        0x2 
 .text.HAL_UART_IRQHandler
                0x0800b418      0x3d4 build/stm32h7xx_hal_uart.o
                0x0800b418                HAL_UART_IRQHandler
 .text.UART_DMARxHalfCplt
                0x0800b7ec       0x20 build/stm32h7xx_hal_uart.o
 .text.UART_DMAReceiveCplt
                0x0800b80c       0x90 build/stm32h7xx_hal_uart.o
 .text.UART_SetConfig
                0x0800b89c      0x6bc build/stm32h7xx_hal_uart.o
                0x0800b89c                UART_SetConfig
 .text.UART_AdvFeatureConfig
                0x0800bf58       0xca build/stm32h7xx_hal_uart.o
                0x0800bf58                UART_AdvFeatureConfig
 .text.UART_WaitOnFlagUntilTimeout
                0x0800c022       0xaa build/stm32h7xx_hal_uart.o
                0x0800c022                UART_WaitOnFlagUntilTimeout
 .text.HAL_UART_Transmit
                0x0800c0cc       0xd0 build/stm32h7xx_hal_uart.o
                0x0800c0cc                HAL_UART_Transmit
 .text.UART_CheckIdleState
                0x0800c19c       0xca build/stm32h7xx_hal_uart.o
                0x0800c19c                UART_CheckIdleState
 .text.HAL_UART_Init
                0x0800c266       0x66 build/stm32h7xx_hal_uart.o
                0x0800c266                HAL_UART_Init
 .text.UART_Start_Receive_DMA
                0x0800c2cc       0xb0 build/stm32h7xx_hal_uart.o
                0x0800c2cc                UART_Start_Receive_DMA
 .text.UARTEx_SetNbDataToProcess
                0x0800c37c       0x4c build/stm32h7xx_hal_uart_ex.o
 .text.HAL_UARTEx_WakeupCallback
                0x0800c3c8        0x2 build/stm32h7xx_hal_uart_ex.o
                0x0800c3c8                HAL_UARTEx_WakeupCallback
 .text.HAL_UARTEx_RxFifoFullCallback
                0x0800c3ca        0x2 build/stm32h7xx_hal_uart_ex.o
                0x0800c3ca                HAL_UARTEx_RxFifoFullCallback
 .text.HAL_UARTEx_TxFifoEmptyCallback
                0x0800c3cc        0x2 build/stm32h7xx_hal_uart_ex.o
                0x0800c3cc                HAL_UARTEx_TxFifoEmptyCallback
 .text.HAL_UARTEx_EnableFifoMode
                0x0800c3ce       0x48 build/stm32h7xx_hal_uart_ex.o
                0x0800c3ce                HAL_UARTEx_EnableFifoMode
 .text.HAL_UARTEx_DisableFifoMode
                0x0800c416       0x3e build/stm32h7xx_hal_uart_ex.o
                0x0800c416                HAL_UARTEx_DisableFifoMode
 .text.HAL_UARTEx_SetTxFifoThreshold
                0x0800c454       0x4a build/stm32h7xx_hal_uart_ex.o
                0x0800c454                HAL_UARTEx_SetTxFifoThreshold
 .text.HAL_UARTEx_SetRxFifoThreshold
                0x0800c49e       0x4a build/stm32h7xx_hal_uart_ex.o
                0x0800c49e                HAL_UARTEx_SetRxFifoThreshold
 .text.HAL_UARTEx_ReceiveToIdle_DMA
                0x0800c4e8       0x50 build/stm32h7xx_hal_uart_ex.o
                0x0800c4e8                HAL_UARTEx_ReceiveToIdle_DMA
 .text.Reset_Handler
                0x0800c538       0x54 build/startup_stm32h723xx.o
                0x0800c538                Reset_Handler
 .text.Default_Handler
                0x0800c58c        0x2 build/startup_stm32h723xx.o
                0x0800c58c                RTC_Alarm_IRQHandler
                0x0800c58c                EXTI2_IRQHandler
                0x0800c58c                TIM8_CC_IRQHandler
                0x0800c58c                UART8_IRQHandler
                0x0800c58c                SPI4_IRQHandler
                0x0800c58c                FDCAN3_IT0_IRQHandler
                0x0800c58c                TIM1_CC_IRQHandler
                0x0800c58c                BDMA_Channel6_IRQHandler
                0x0800c58c                DMA2_Stream5_IRQHandler
                0x0800c58c                DMA1_Stream5_IRQHandler
                0x0800c58c                CORDIC_IRQHandler
                0x0800c58c                BDMA_Channel1_IRQHandler
                0x0800c58c                TAMP_STAMP_IRQHandler
                0x0800c58c                EXTI3_IRQHandler
                0x0800c58c                LPTIM4_IRQHandler
                0x0800c58c                TIM8_TRG_COM_TIM14_IRQHandler
                0x0800c58c                LPTIM2_IRQHandler
                0x0800c58c                DFSDM1_FLT1_IRQHandler
                0x0800c58c                DMAMUX2_OVR_IRQHandler
                0x0800c58c                TIM8_UP_TIM13_IRQHandler
                0x0800c58c                I2C3_ER_IRQHandler
                0x0800c58c                DFSDM1_FLT2_IRQHandler
                0x0800c58c                I2C5_EV_IRQHandler
                0x0800c58c                MDMA_IRQHandler
                0x0800c58c                LPTIM3_IRQHandler
                0x0800c58c                HSEM1_IRQHandler
                0x0800c58c                EXTI0_IRQHandler
                0x0800c58c                I2C2_EV_IRQHandler
                0x0800c58c                FPU_IRQHandler
                0x0800c58c                OTG_HS_WKUP_IRQHandler
                0x0800c58c                FDCAN1_IT1_IRQHandler
                0x0800c58c                LTDC_ER_IRQHandler
                0x0800c58c                DMA2_Stream2_IRQHandler
                0x0800c58c                SPI1_IRQHandler
                0x0800c58c                OCTOSPI1_IRQHandler
                0x0800c58c                TIM6_DAC_IRQHandler
                0x0800c58c                DMA2_Stream3_IRQHandler
                0x0800c58c                OCTOSPI2_IRQHandler
                0x0800c58c                DFSDM1_FLT3_IRQHandler
                0x0800c58c                TIM23_IRQHandler
                0x0800c58c                USART6_IRQHandler
                0x0800c58c                TIM17_IRQHandler
                0x0800c58c                USART3_IRQHandler
                0x0800c58c                BDMA_Channel7_IRQHandler
                0x0800c58c                LPTIM5_IRQHandler
                0x0800c58c                ADC3_IRQHandler
                0x0800c58c                DMA2_Stream0_IRQHandler
                0x0800c58c                TIM4_IRQHandler
                0x0800c58c                BDMA_Channel2_IRQHandler
                0x0800c58c                I2C1_EV_IRQHandler
                0x0800c58c                DMA1_Stream6_IRQHandler
                0x0800c58c                DMAMUX1_OVR_IRQHandler
                0x0800c58c                TIM16_IRQHandler
                0x0800c58c                UART4_IRQHandler
                0x0800c58c                BDMA_Channel5_IRQHandler
                0x0800c58c                TIM3_IRQHandler
                0x0800c58c                RCC_IRQHandler
                0x0800c58c                UART9_IRQHandler
                0x0800c58c                TIM8_BRK_TIM12_IRQHandler
                0x0800c58c                TIM1_TRG_COM_IRQHandler
                0x0800c58c                Default_Handler
                0x0800c58c                ECC_IRQHandler
                0x0800c58c                FMAC_IRQHandler
                0x0800c58c                CEC_IRQHandler
                0x0800c58c                EXTI15_10_IRQHandler
                0x0800c58c                BDMA_Channel0_IRQHandler
                0x0800c58c                ADC_IRQHandler
                0x0800c58c                I2C5_ER_IRQHandler
                0x0800c58c                SPI5_IRQHandler
                0x0800c58c                TIM7_IRQHandler
                0x0800c58c                FDCAN3_IT1_IRQHandler
                0x0800c58c                SDMMC1_IRQHandler
                0x0800c58c                TIM5_IRQHandler
                0x0800c58c                DMA2_Stream7_IRQHandler
                0x0800c58c                TIM15_IRQHandler
                0x0800c58c                PVD_AVD_IRQHandler
                0x0800c58c                I2C3_EV_IRQHandler
                0x0800c58c                EXTI9_5_IRQHandler
                0x0800c58c                RTC_WKUP_IRQHandler
                0x0800c58c                LTDC_IRQHandler
                0x0800c58c                ETH_WKUP_IRQHandler
                0x0800c58c                SPDIF_RX_IRQHandler
                0x0800c58c                OTG_HS_EP1_IN_IRQHandler
                0x0800c58c                TIM24_IRQHandler
                0x0800c58c                CRS_IRQHandler
                0x0800c58c                EXTI4_IRQHandler
                0x0800c58c                RNG_IRQHandler
                0x0800c58c                ETH_IRQHandler
                0x0800c58c                TIM1_UP_IRQHandler
                0x0800c58c                BDMA_Channel4_IRQHandler
                0x0800c58c                OTG_HS_EP1_OUT_IRQHandler
                0x0800c58c                WWDG_IRQHandler
                0x0800c58c                SPI6_IRQHandler
                0x0800c58c                MDIOS_IRQHandler
                0x0800c58c                I2C4_EV_IRQHandler
                0x0800c58c                FDCAN2_IT0_IRQHandler
                0x0800c58c                LPUART1_IRQHandler
                0x0800c58c                OTG_HS_IRQHandler
                0x0800c58c                DMA2D_IRQHandler
                0x0800c58c                TIM1_BRK_IRQHandler
                0x0800c58c                EXTI1_IRQHandler
                0x0800c58c                SDMMC2_IRQHandler
                0x0800c58c                BDMA_Channel3_IRQHandler
                0x0800c58c                DTS_IRQHandler
                0x0800c58c                MDIOS_WKUP_IRQHandler
                0x0800c58c                USART2_IRQHandler
                0x0800c58c                DFSDM1_FLT0_IRQHandler
                0x0800c58c                SAI4_IRQHandler
                0x0800c58c                I2C2_ER_IRQHandler
                0x0800c58c                DMA2_Stream1_IRQHandler
                0x0800c58c                FLASH_IRQHandler
                0x0800c58c                DMA2_Stream4_IRQHandler
                0x0800c58c                SPI3_IRQHandler
                0x0800c58c                WAKEUP_PIN_IRQHandler
                0x0800c58c                DMA1_Stream4_IRQHandler
                0x0800c58c                I2C1_ER_IRQHandler
                0x0800c58c                FMC_IRQHandler
                0x0800c58c                FDCAN_CAL_IRQHandler
                0x0800c58c                SWPMI1_IRQHandler
                0x0800c58c                COMP1_IRQHandler
                0x0800c58c                LPTIM1_IRQHandler
                0x0800c58c                DCMI_PSSI_IRQHandler
                0x0800c58c                I2C4_ER_IRQHandler
                0x0800c58c                DMA2_Stream6_IRQHandler
                0x0800c58c                SAI1_IRQHandler
 *fill*         0x0800c58e        0x2 
 .text.__errno  0x0800c590        0xc d:/vs_stm32/gcc-arm-2021/2021.10/bin/../lib/gcc/arm-none-eabi/10.3.1/../../../../arm-none-eabi/lib/thumb/v7e-m+dp/hard\libc_nano.a(lib_a-errno.o)
                0x0800c590                __errno
 .text.__libc_init_array
                0x0800c59c       0x48 d:/vs_stm32/gcc-arm-2021/2021.10/bin/../lib/gcc/arm-none-eabi/10.3.1/../../../../arm-none-eabi/lib/thumb/v7e-m+dp/hard\libc_nano.a(lib_a-init.o)
                0x0800c59c                __libc_init_array
 .text.malloc   0x0800c5e4       0x10 d:/vs_stm32/gcc-arm-2021/2021.10/bin/../lib/gcc/arm-none-eabi/10.3.1/../../../../arm-none-eabi/lib/thumb/v7e-m+dp/hard\libc_nano.a(lib_a-malloc.o)
                0x0800c5e4                malloc
 .text.memcpy   0x0800c5f4       0x1c d:/vs_stm32/gcc-arm-2021/2021.10/bin/../lib/gcc/arm-none-eabi/10.3.1/../../../../arm-none-eabi/lib/thumb/v7e-m+dp/hard\libc_nano.a(lib_a-memcpy-stub.o)
                0x0800c5f4                memcpy
 .text.memset   0x0800c610       0x10 d:/vs_stm32/gcc-arm-2021/2021.10/bin/../lib/gcc/arm-none-eabi/10.3.1/../../../../arm-none-eabi/lib/thumb/v7e-m+dp/hard\libc_nano.a(lib_a-memset.o)
                0x0800c610                memset
 .text._free_r  0x0800c620       0x98 d:/vs_stm32/gcc-arm-2021/2021.10/bin/../lib/gcc/arm-none-eabi/10.3.1/../../../../arm-none-eabi/lib/thumb/v7e-m+dp/hard\libc_nano.a(lib_a-nano-freer.o)
                0x0800c620                _free_r
 .text.sbrk_aligned
                0x0800c6b8       0x40 d:/vs_stm32/gcc-arm-2021/2021.10/bin/../lib/gcc/arm-none-eabi/10.3.1/../../../../arm-none-eabi/lib/thumb/v7e-m+dp/hard\libc_nano.a(lib_a-nano-mallocr.o)
 .text._malloc_r
                0x0800c6f8       0xe8 d:/vs_stm32/gcc-arm-2021/2021.10/bin/../lib/gcc/arm-none-eabi/10.3.1/../../../../arm-none-eabi/lib/thumb/v7e-m+dp/hard\libc_nano.a(lib_a-nano-mallocr.o)
                0x0800c6f8                _malloc_r
 .text.__cvt    0x0800c7e0       0xa4 d:/vs_stm32/gcc-arm-2021/2021.10/bin/../lib/gcc/arm-none-eabi/10.3.1/../../../../arm-none-eabi/lib/thumb/v7e-m+dp/hard\libc_nano.a(lib_a-nano-vfprintf_float.o)
                0x0800c7e0                __cvt
 .text.__exponent
                0x0800c884       0x7c d:/vs_stm32/gcc-arm-2021/2021.10/bin/../lib/gcc/arm-none-eabi/10.3.1/../../../../arm-none-eabi/lib/thumb/v7e-m+dp/hard\libc_nano.a(lib_a-nano-vfprintf_float.o)
                0x0800c884                __exponent
 .text._printf_float
                0x0800c900      0x43c d:/vs_stm32/gcc-arm-2021/2021.10/bin/../lib/gcc/arm-none-eabi/10.3.1/../../../../arm-none-eabi/lib/thumb/v7e-m+dp/hard\libc_nano.a(lib_a-nano-vfprintf_float.o)
                0x0800c900                _printf_float
 .text._printf_common
                0x0800cd3c       0xda d:/vs_stm32/gcc-arm-2021/2021.10/bin/../lib/gcc/arm-none-eabi/10.3.1/../../../../arm-none-eabi/lib/thumb/v7e-m+dp/hard\libc_nano.a(lib_a-nano-vfprintf_i.o)
                0x0800cd3c                _printf_common
 *fill*         0x0800ce16        0x2 
 .text._printf_i
                0x0800ce18      0x24c d:/vs_stm32/gcc-arm-2021/2021.10/bin/../lib/gcc/arm-none-eabi/10.3.1/../../../../arm-none-eabi/lib/thumb/v7e-m+dp/hard\libc_nano.a(lib_a-nano-vfprintf_i.o)
                0x0800ce18                _printf_i
 .text._sbrk_r  0x0800d064       0x20 d:/vs_stm32/gcc-arm-2021/2021.10/bin/../lib/gcc/arm-none-eabi/10.3.1/../../../../arm-none-eabi/lib/thumb/v7e-m+dp/hard\libc_nano.a(lib_a-sbrkr.o)
                0x0800d064                _sbrk_r
 .text.snprintf
                0x0800d084       0x68 d:/vs_stm32/gcc-arm-2021/2021.10/bin/../lib/gcc/arm-none-eabi/10.3.1/../../../../arm-none-eabi/lib/thumb/v7e-m+dp/hard\libc_nano.a(lib_a-snprintf.o)
                0x0800d084                sniprintf
                0x0800d084                snprintf
 .text.quorem   0x0800d0ec      0x116 d:/vs_stm32/gcc-arm-2021/2021.10/bin/../lib/gcc/arm-none-eabi/10.3.1/../../../../arm-none-eabi/lib/thumb/v7e-m+dp/hard\libc_nano.a(lib_a-dtoa.o)
 *fill*         0x0800d202        0x6 
 .text._dtoa_r  0x0800d208      0xadc d:/vs_stm32/gcc-arm-2021/2021.10/bin/../lib/gcc/arm-none-eabi/10.3.1/../../../../arm-none-eabi/lib/thumb/v7e-m+dp/hard\libc_nano.a(lib_a-dtoa.o)
                0x0800d208                _dtoa_r
 .text._localeconv_r
                0x0800dce4        0x8 d:/vs_stm32/gcc-arm-2021/2021.10/bin/../lib/gcc/arm-none-eabi/10.3.1/../../../../arm-none-eabi/lib/thumb/v7e-m+dp/hard\libc_nano.a(lib_a-localeconv.o)
                0x0800dce4                _localeconv_r
 .text.__malloc_lock
                0x0800dcec        0xc d:/vs_stm32/gcc-arm-2021/2021.10/bin/../lib/gcc/arm-none-eabi/10.3.1/../../../../arm-none-eabi/lib/thumb/v7e-m+dp/hard\libc_nano.a(lib_a-mlock.o)
                0x0800dcec                __malloc_lock
 .text.__malloc_unlock
                0x0800dcf8        0xc d:/vs_stm32/gcc-arm-2021/2021.10/bin/../lib/gcc/arm-none-eabi/10.3.1/../../../../arm-none-eabi/lib/thumb/v7e-m+dp/hard\libc_nano.a(lib_a-mlock.o)
                0x0800dcf8                __malloc_unlock
 .text._Balloc  0x0800dd04       0x80 d:/vs_stm32/gcc-arm-2021/2021.10/bin/../lib/gcc/arm-none-eabi/10.3.1/../../../../arm-none-eabi/lib/thumb/v7e-m+dp/hard\libc_nano.a(lib_a-mprec.o)
                0x0800dd04                _Balloc
 .text._Bfree   0x0800dd84       0x44 d:/vs_stm32/gcc-arm-2021/2021.10/bin/../lib/gcc/arm-none-eabi/10.3.1/../../../../arm-none-eabi/lib/thumb/v7e-m+dp/hard\libc_nano.a(lib_a-mprec.o)
                0x0800dd84                _Bfree
 .text.__multadd
                0x0800ddc8       0x8c d:/vs_stm32/gcc-arm-2021/2021.10/bin/../lib/gcc/arm-none-eabi/10.3.1/../../../../arm-none-eabi/lib/thumb/v7e-m+dp/hard\libc_nano.a(lib_a-mprec.o)
                0x0800ddc8                __multadd
 .text.__hi0bits
                0x0800de54       0x40 d:/vs_stm32/gcc-arm-2021/2021.10/bin/../lib/gcc/arm-none-eabi/10.3.1/../../../../arm-none-eabi/lib/thumb/v7e-m+dp/hard\libc_nano.a(lib_a-mprec.o)
                0x0800de54                __hi0bits
 .text.__lo0bits
                0x0800de94       0x5e d:/vs_stm32/gcc-arm-2021/2021.10/bin/../lib/gcc/arm-none-eabi/10.3.1/../../../../arm-none-eabi/lib/thumb/v7e-m+dp/hard\libc_nano.a(lib_a-mprec.o)
                0x0800de94                __lo0bits
 *fill*         0x0800def2        0x2 
 .text.__i2b    0x0800def4       0x2c d:/vs_stm32/gcc-arm-2021/2021.10/bin/../lib/gcc/arm-none-eabi/10.3.1/../../../../arm-none-eabi/lib/thumb/v7e-m+dp/hard\libc_nano.a(lib_a-mprec.o)
                0x0800def4                __i2b
 .text.__multiply
                0x0800df20      0x154 d:/vs_stm32/gcc-arm-2021/2021.10/bin/../lib/gcc/arm-none-eabi/10.3.1/../../../../arm-none-eabi/lib/thumb/v7e-m+dp/hard\libc_nano.a(lib_a-mprec.o)
                0x0800df20                __multiply
 .text.__pow5mult
                0x0800e074       0xb4 d:/vs_stm32/gcc-arm-2021/2021.10/bin/../lib/gcc/arm-none-eabi/10.3.1/../../../../arm-none-eabi/lib/thumb/v7e-m+dp/hard\libc_nano.a(lib_a-mprec.o)
                0x0800e074                __pow5mult
 .text.__lshift
                0x0800e128       0xe0 d:/vs_stm32/gcc-arm-2021/2021.10/bin/../lib/gcc/arm-none-eabi/10.3.1/../../../../arm-none-eabi/lib/thumb/v7e-m+dp/hard\libc_nano.a(lib_a-mprec.o)
                0x0800e128                __lshift
 .text.__mcmp   0x0800e208       0x38 d:/vs_stm32/gcc-arm-2021/2021.10/bin/../lib/gcc/arm-none-eabi/10.3.1/../../../../arm-none-eabi/lib/thumb/v7e-m+dp/hard\libc_nano.a(lib_a-mprec.o)
                0x0800e208                __mcmp
 .text.__mdiff  0x0800e240      0x114 d:/vs_stm32/gcc-arm-2021/2021.10/bin/../lib/gcc/arm-none-eabi/10.3.1/../../../../arm-none-eabi/lib/thumb/v7e-m+dp/hard\libc_nano.a(lib_a-mprec.o)
                0x0800e240                __mdiff
 .text.__d2b    0x0800e354       0xb8 d:/vs_stm32/gcc-arm-2021/2021.10/bin/../lib/gcc/arm-none-eabi/10.3.1/../../../../arm-none-eabi/lib/thumb/v7e-m+dp/hard\libc_nano.a(lib_a-mprec.o)
                0x0800e354                __d2b
 .text._calloc_r
                0x0800e40c       0x2c d:/vs_stm32/gcc-arm-2021/2021.10/bin/../lib/gcc/arm-none-eabi/10.3.1/../../../../arm-none-eabi/lib/thumb/v7e-m+dp/hard\libc_nano.a(lib_a-nano-callocr.o)
                0x0800e40c                _calloc_r
 .text.__ssputs_r
                0x0800e438       0xb6 d:/vs_stm32/gcc-arm-2021/2021.10/bin/../lib/gcc/arm-none-eabi/10.3.1/../../../../arm-none-eabi/lib/thumb/v7e-m+dp/hard\libc_nano.a(lib_a-nano-svfprintf.o)
                0x0800e438                __ssputs_r
 *fill*         0x0800e4ee        0x2 
 .text._svfprintf_r
                0x0800e4f0      0x200 d:/vs_stm32/gcc-arm-2021/2021.10/bin/../lib/gcc/arm-none-eabi/10.3.1/../../../../arm-none-eabi/lib/thumb/v7e-m+dp/hard\libc_nano.a(lib_a-nano-svfprintf.o)
                0x0800e4f0                _svfiprintf_r
                0x0800e4f0                _svfprintf_r
 .text.__assert_func
                0x0800e6f0       0x3c d:/vs_stm32/gcc-arm-2021/2021.10/bin/../lib/gcc/arm-none-eabi/10.3.1/../../../../arm-none-eabi/lib/thumb/v7e-m+dp/hard\libc_nano.a(lib_a-assert.o)
                0x0800e6f0                __assert_func
 .text.fprintf  0x0800e72c       0x24 d:/vs_stm32/gcc-arm-2021/2021.10/bin/../lib/gcc/arm-none-eabi/10.3.1/../../../../arm-none-eabi/lib/thumb/v7e-m+dp/hard\libc_nano.a(lib_a-fprintf.o)
                0x0800e72c                fiprintf
                0x0800e72c                fprintf
 .text.__retarget_lock_init_recursive
                0x0800e750        0x2 d:/vs_stm32/gcc-arm-2021/2021.10/bin/../lib/gcc/arm-none-eabi/10.3.1/../../../../arm-none-eabi/lib/thumb/v7e-m+dp/hard\libc_nano.a(lib_a-lock.o)
                0x0800e750                __retarget_lock_init_recursive
 .text.__retarget_lock_acquire_recursive
                0x0800e752        0x2 d:/vs_stm32/gcc-arm-2021/2021.10/bin/../lib/gcc/arm-none-eabi/10.3.1/../../../../arm-none-eabi/lib/thumb/v7e-m+dp/hard\libc_nano.a(lib_a-lock.o)
                0x0800e752                __retarget_lock_acquire_recursive
 .text.__retarget_lock_release_recursive
                0x0800e754        0x2 d:/vs_stm32/gcc-arm-2021/2021.10/bin/../lib/gcc/arm-none-eabi/10.3.1/../../../../arm-none-eabi/lib/thumb/v7e-m+dp/hard\libc_nano.a(lib_a-lock.o)
                0x0800e754                __retarget_lock_release_recursive
 .text.__ascii_mbtowc
                0x0800e756       0x24 d:/vs_stm32/gcc-arm-2021/2021.10/bin/../lib/gcc/arm-none-eabi/10.3.1/../../../../arm-none-eabi/lib/thumb/v7e-m+dp/hard\libc_nano.a(lib_a-mbtowc_r.o)
                0x0800e756                __ascii_mbtowc
 .text.memmove  0x0800e77a       0x34 d:/vs_stm32/gcc-arm-2021/2021.10/bin/../lib/gcc/arm-none-eabi/10.3.1/../../../../arm-none-eabi/lib/thumb/v7e-m+dp/hard\libc_nano.a(lib_a-memmove.o)
                0x0800e77a                memmove
 .text._realloc_r
                0x0800e7ae       0x5e d:/vs_stm32/gcc-arm-2021/2021.10/bin/../lib/gcc/arm-none-eabi/10.3.1/../../../../arm-none-eabi/lib/thumb/v7e-m+dp/hard\libc_nano.a(lib_a-nano-reallocr.o)
                0x0800e7ae                _realloc_r
 .text.__sfputc_r
                0x0800e80c       0x2e d:/vs_stm32/gcc-arm-2021/2021.10/bin/../lib/gcc/arm-none-eabi/10.3.1/../../../../arm-none-eabi/lib/thumb/v7e-m+dp/hard\libc_nano.a(lib_a-nano-vfprintf.o)
 .text.__sfputs_r
                0x0800e83a       0x24 d:/vs_stm32/gcc-arm-2021/2021.10/bin/../lib/gcc/arm-none-eabi/10.3.1/../../../../arm-none-eabi/lib/thumb/v7e-m+dp/hard\libc_nano.a(lib_a-nano-vfprintf.o)
                0x0800e83a                __sfputs_r
 *fill*         0x0800e85e        0x2 
 .text._vfprintf_r
                0x0800e860      0x260 d:/vs_stm32/gcc-arm-2021/2021.10/bin/../lib/gcc/arm-none-eabi/10.3.1/../../../../arm-none-eabi/lib/thumb/v7e-m+dp/hard\libc_nano.a(lib_a-nano-vfprintf.o)
                0x0800e860                _vfprintf_r
                0x0800e860                _vfiprintf_r
 .text.__swbuf_r
                0x0800eac0       0xa4 d:/vs_stm32/gcc-arm-2021/2021.10/bin/../lib/gcc/arm-none-eabi/10.3.1/../../../../arm-none-eabi/lib/thumb/v7e-m+dp/hard\libc_nano.a(lib_a-wbuf.o)
                0x0800eac0                __swbuf_r
 .text.__ascii_wctomb
                0x0800eb64       0x1a d:/vs_stm32/gcc-arm-2021/2021.10/bin/../lib/gcc/arm-none-eabi/10.3.1/../../../../arm-none-eabi/lib/thumb/v7e-m+dp/hard\libc_nano.a(lib_a-wctomb_r.o)
                0x0800eb64                __ascii_wctomb
 *fill*         0x0800eb7e        0x2 
 .text.__swsetup_r
                0x0800eb80       0xdc d:/vs_stm32/gcc-arm-2021/2021.10/bin/../lib/gcc/arm-none-eabi/10.3.1/../../../../arm-none-eabi/lib/thumb/v7e-m+dp/hard\libc_nano.a(lib_a-wsetup.o)
                0x0800eb80                __swsetup_r
 .text.abort    0x0800ec5c        0xe d:/vs_stm32/gcc-arm-2021/2021.10/bin/../lib/gcc/arm-none-eabi/10.3.1/../../../../arm-none-eabi/lib/thumb/v7e-m+dp/hard\libc_nano.a(lib_a-abort.o)
                0x0800ec5c                abort
 *fill*         0x0800ec6a        0x2 
 .text.__sflush_r
                0x0800ec6c      0x10c d:/vs_stm32/gcc-arm-2021/2021.10/bin/../lib/gcc/arm-none-eabi/10.3.1/../../../../arm-none-eabi/lib/thumb/v7e-m+dp/hard\libc_nano.a(lib_a-fflush.o)
                0x0800ec6c                __sflush_r
 .text._fflush_r
                0x0800ed78       0x78 d:/vs_stm32/gcc-arm-2021/2021.10/bin/../lib/gcc/arm-none-eabi/10.3.1/../../../../arm-none-eabi/lib/thumb/v7e-m+dp/hard\libc_nano.a(lib_a-fflush.o)
                0x0800ed78                _fflush_r
 .text.std      0x0800edf0       0x48 d:/vs_stm32/gcc-arm-2021/2021.10/bin/../lib/gcc/arm-none-eabi/10.3.1/../../../../arm-none-eabi/lib/thumb/v7e-m+dp/hard\libc_nano.a(lib_a-findfp.o)
 .text._cleanup_r
                0x0800ee38        0xc d:/vs_stm32/gcc-arm-2021/2021.10/bin/../lib/gcc/arm-none-eabi/10.3.1/../../../../arm-none-eabi/lib/thumb/v7e-m+dp/hard\libc_nano.a(lib_a-findfp.o)
                0x0800ee38                _cleanup_r
 .text.__sfmoreglue
                0x0800ee44       0x2c d:/vs_stm32/gcc-arm-2021/2021.10/bin/../lib/gcc/arm-none-eabi/10.3.1/../../../../arm-none-eabi/lib/thumb/v7e-m+dp/hard\libc_nano.a(lib_a-findfp.o)
                0x0800ee44                __sfmoreglue
 .text.__sfp_lock_acquire
                0x0800ee70        0xc d:/vs_stm32/gcc-arm-2021/2021.10/bin/../lib/gcc/arm-none-eabi/10.3.1/../../../../arm-none-eabi/lib/thumb/v7e-m+dp/hard\libc_nano.a(lib_a-findfp.o)
                0x0800ee70                __sfp_lock_acquire
 .text.__sfp_lock_release
                0x0800ee7c        0xc d:/vs_stm32/gcc-arm-2021/2021.10/bin/../lib/gcc/arm-none-eabi/10.3.1/../../../../arm-none-eabi/lib/thumb/v7e-m+dp/hard\libc_nano.a(lib_a-findfp.o)
                0x0800ee7c                __sfp_lock_release
 .text.__sinit_lock_acquire
                0x0800ee88        0xc d:/vs_stm32/gcc-arm-2021/2021.10/bin/../lib/gcc/arm-none-eabi/10.3.1/../../../../arm-none-eabi/lib/thumb/v7e-m+dp/hard\libc_nano.a(lib_a-findfp.o)
                0x0800ee88                __sinit_lock_acquire
 .text.__sinit_lock_release
                0x0800ee94        0xc d:/vs_stm32/gcc-arm-2021/2021.10/bin/../lib/gcc/arm-none-eabi/10.3.1/../../../../arm-none-eabi/lib/thumb/v7e-m+dp/hard\libc_nano.a(lib_a-findfp.o)
                0x0800ee94                __sinit_lock_release
 .text.__sinit  0x0800eea0       0x70 d:/vs_stm32/gcc-arm-2021/2021.10/bin/../lib/gcc/arm-none-eabi/10.3.1/../../../../arm-none-eabi/lib/thumb/v7e-m+dp/hard\libc_nano.a(lib_a-findfp.o)
                0x0800eea0                __sinit
 .text.__sfp    0x0800ef10       0x8c d:/vs_stm32/gcc-arm-2021/2021.10/bin/../lib/gcc/arm-none-eabi/10.3.1/../../../../arm-none-eabi/lib/thumb/v7e-m+dp/hard\libc_nano.a(lib_a-findfp.o)
                0x0800ef10                __sfp
 .text._fwalk_reent
                0x0800ef9c       0x3e d:/vs_stm32/gcc-arm-2021/2021.10/bin/../lib/gcc/arm-none-eabi/10.3.1/../../../../arm-none-eabi/lib/thumb/v7e-m+dp/hard\libc_nano.a(lib_a-fwalk.o)
                0x0800ef9c                _fwalk_reent
 .text.__swhatbuf_r
                0x0800efda       0x4a d:/vs_stm32/gcc-arm-2021/2021.10/bin/../lib/gcc/arm-none-eabi/10.3.1/../../../../arm-none-eabi/lib/thumb/v7e-m+dp/hard\libc_nano.a(lib_a-makebuf.o)
                0x0800efda                __swhatbuf_r
 .text.__smakebuf_r
                0x0800f024       0x80 d:/vs_stm32/gcc-arm-2021/2021.10/bin/../lib/gcc/arm-none-eabi/10.3.1/../../../../arm-none-eabi/lib/thumb/v7e-m+dp/hard\libc_nano.a(lib_a-makebuf.o)
                0x0800f024                __smakebuf_r
 .text._malloc_usable_size_r
                0x0800f0a4       0x10 d:/vs_stm32/gcc-arm-2021/2021.10/bin/../lib/gcc/arm-none-eabi/10.3.1/../../../../arm-none-eabi/lib/thumb/v7e-m+dp/hard\libc_nano.a(lib_a-nano-msizer.o)
                0x0800f0a4                _malloc_usable_size_r
 .text._raise_r
                0x0800f0b4       0x50 d:/vs_stm32/gcc-arm-2021/2021.10/bin/../lib/gcc/arm-none-eabi/10.3.1/../../../../arm-none-eabi/lib/thumb/v7e-m+dp/hard\libc_nano.a(lib_a-signal.o)
                0x0800f0b4                _raise_r
 .text.raise    0x0800f104       0x10 d:/vs_stm32/gcc-arm-2021/2021.10/bin/../lib/gcc/arm-none-eabi/10.3.1/../../../../arm-none-eabi/lib/thumb/v7e-m+dp/hard\libc_nano.a(lib_a-signal.o)
                0x0800f104                raise
 .text._kill_r  0x0800f114       0x24 d:/vs_stm32/gcc-arm-2021/2021.10/bin/../lib/gcc/arm-none-eabi/10.3.1/../../../../arm-none-eabi/lib/thumb/v7e-m+dp/hard\libc_nano.a(lib_a-signalr.o)
                0x0800f114                _kill_r
 .text._getpid_r
                0x0800f138        0x4 d:/vs_stm32/gcc-arm-2021/2021.10/bin/../lib/gcc/arm-none-eabi/10.3.1/../../../../arm-none-eabi/lib/thumb/v7e-m+dp/hard\libc_nano.a(lib_a-signalr.o)
                0x0800f138                _getpid_r
 .text.__sread  0x0800f13c       0x22 d:/vs_stm32/gcc-arm-2021/2021.10/bin/../lib/gcc/arm-none-eabi/10.3.1/../../../../arm-none-eabi/lib/thumb/v7e-m+dp/hard\libc_nano.a(lib_a-stdio.o)
                0x0800f13c                __sread
 .text.__swrite
                0x0800f15e       0x38 d:/vs_stm32/gcc-arm-2021/2021.10/bin/../lib/gcc/arm-none-eabi/10.3.1/../../../../arm-none-eabi/lib/thumb/v7e-m+dp/hard\libc_nano.a(lib_a-stdio.o)
                0x0800f15e                __swrite
 .text.__sseek  0x0800f196       0x24 d:/vs_stm32/gcc-arm-2021/2021.10/bin/../lib/gcc/arm-none-eabi/10.3.1/../../../../arm-none-eabi/lib/thumb/v7e-m+dp/hard\libc_nano.a(lib_a-stdio.o)
                0x0800f196                __sseek
 .text.__sclose
                0x0800f1ba        0x8 d:/vs_stm32/gcc-arm-2021/2021.10/bin/../lib/gcc/arm-none-eabi/10.3.1/../../../../arm-none-eabi/lib/thumb/v7e-m+dp/hard\libc_nano.a(lib_a-stdio.o)
                0x0800f1ba                __sclose
 *fill*         0x0800f1c2        0x2 
 .text._write_r
                0x0800f1c4       0x24 d:/vs_stm32/gcc-arm-2021/2021.10/bin/../lib/gcc/arm-none-eabi/10.3.1/../../../../arm-none-eabi/lib/thumb/v7e-m+dp/hard\libc_nano.a(lib_a-writer.o)
                0x0800f1c4                _write_r
 .text._close_r
                0x0800f1e8       0x20 d:/vs_stm32/gcc-arm-2021/2021.10/bin/../lib/gcc/arm-none-eabi/10.3.1/../../../../arm-none-eabi/lib/thumb/v7e-m+dp/hard\libc_nano.a(lib_a-closer.o)
                0x0800f1e8                _close_r
 .text._fstat_r
                0x0800f208       0x24 d:/vs_stm32/gcc-arm-2021/2021.10/bin/../lib/gcc/arm-none-eabi/10.3.1/../../../../arm-none-eabi/lib/thumb/v7e-m+dp/hard\libc_nano.a(lib_a-fstatr.o)
                0x0800f208                _fstat_r
 .text._isatty_r
                0x0800f22c       0x20 d:/vs_stm32/gcc-arm-2021/2021.10/bin/../lib/gcc/arm-none-eabi/10.3.1/../../../../arm-none-eabi/lib/thumb/v7e-m+dp/hard\libc_nano.a(lib_a-isattyr.o)
                0x0800f22c                _isatty_r
 .text._lseek_r
                0x0800f24c       0x24 d:/vs_stm32/gcc-arm-2021/2021.10/bin/../lib/gcc/arm-none-eabi/10.3.1/../../../../arm-none-eabi/lib/thumb/v7e-m+dp/hard\libc_nano.a(lib_a-lseekr.o)
                0x0800f24c                _lseek_r
 .text._read_r  0x0800f270       0x24 d:/vs_stm32/gcc-arm-2021/2021.10/bin/../lib/gcc/arm-none-eabi/10.3.1/../../../../arm-none-eabi/lib/thumb/v7e-m+dp/hard\libc_nano.a(lib_a-readr.o)
                0x0800f270                _read_r
 .text.atan2f   0x0800f294        0x4 d:/vs_stm32/gcc-arm-2021/2021.10/bin/../lib/gcc/arm-none-eabi/10.3.1/../../../../arm-none-eabi/lib/thumb/v7e-m+dp/hard\libm.a(lib_a-wf_atan2.o)
                0x0800f294                atan2f
 .text.sqrtf    0x0800f298       0x44 d:/vs_stm32/gcc-arm-2021/2021.10/bin/../lib/gcc/arm-none-eabi/10.3.1/../../../../arm-none-eabi/lib/thumb/v7e-m+dp/hard\libm.a(lib_a-wf_sqrt.o)
                0x0800f298                sqrtf
 .text.__ieee754_atan2f
                0x0800f2dc      0x14c d:/vs_stm32/gcc-arm-2021/2021.10/bin/../lib/gcc/arm-none-eabi/10.3.1/../../../../arm-none-eabi/lib/thumb/v7e-m+dp/hard\libm.a(lib_a-ef_atan2.o)
                0x0800f2dc                __ieee754_atan2f
 .text.__ieee754_sqrtf
                0x0800f428        0x8 d:/vs_stm32/gcc-arm-2021/2021.10/bin/../lib/gcc/arm-none-eabi/10.3.1/../../../../arm-none-eabi/lib/thumb/v7e-m+dp/hard\libm.a(lib_a-ef_sqrt.o)
                0x0800f428                __ieee754_sqrtf
 .text.atanf    0x0800f430      0x1b0 d:/vs_stm32/gcc-arm-2021/2021.10/bin/../lib/gcc/arm-none-eabi/10.3.1/../../../../arm-none-eabi/lib/thumb/v7e-m+dp/hard\libm.a(lib_a-sf_atan.o)
                0x0800f430                atanf
 .text.fabsf    0x0800f5e0       0x10 d:/vs_stm32/gcc-arm-2021/2021.10/bin/../lib/gcc/arm-none-eabi/10.3.1/../../../../arm-none-eabi/lib/thumb/v7e-m+dp/hard\libm.a(lib_a-sf_fabs.o)
                0x0800f5e0                fabsf
 .text.arm_mat_trans_f32
                0x0800f5f0       0xbc Drivers/CMSIS/DSP/Lib/GCC\libarm_cortexM7lfdp_math.a(arm_mat_trans_f32.o)
                0x0800f5f0                arm_mat_trans_f32
 .text.arm_mat_sub_f32
                0x0800f6ac       0xd4 Drivers/CMSIS/DSP/Lib/GCC\libarm_cortexM7lfdp_math.a(arm_mat_sub_f32.o)
                0x0800f6ac                arm_mat_sub_f32
 .text.arm_mat_mult_f32
                0x0800f780      0x148 Drivers/CMSIS/DSP/Lib/GCC\libarm_cortexM7lfdp_math.a(arm_mat_mult_f32.o)
                0x0800f780                arm_mat_mult_f32
 .text.arm_mat_inverse_f32
                0x0800f8c8      0x1fc Drivers/CMSIS/DSP/Lib/GCC\libarm_cortexM7lfdp_math.a(arm_mat_inverse_f32.o)
                0x0800f8c8                arm_mat_inverse_f32
 .text.arm_mat_init_f32
                0x0800fac4        0x8 Drivers/CMSIS/DSP/Lib/GCC\libarm_cortexM7lfdp_math.a(arm_mat_init_f32.o)
                0x0800fac4                arm_mat_init_f32
 .text.arm_mat_add_f32
                0x0800facc       0xd4 Drivers/CMSIS/DSP/Lib/GCC\libarm_cortexM7lfdp_math.a(arm_mat_add_f32.o)
                0x0800facc                arm_mat_add_f32
 .text.arm_sin_f32
                0x0800fba0       0x8c Drivers/CMSIS/DSP/Lib/GCC\libarm_cortexM7lfdp_math.a(arm_sin_f32.o)
                0x0800fba0                arm_sin_f32
 .text.arm_cos_f32
                0x0800fc2c       0x94 Drivers/CMSIS/DSP/Lib/GCC\libarm_cortexM7lfdp_math.a(arm_cos_f32.o)
                0x0800fc2c                arm_cos_f32
 *(.glue_7)
 .glue_7        0x0800fcc0        0x0 linker stubs
 *(.glue_7t)
 .glue_7t       0x0800fcc0        0x0 linker stubs
 *(.eh_frame)
 .eh_frame      0x0800fcc0        0x0 d:/vs_stm32/gcc-arm-2021/2021.10/bin/../lib/gcc/arm-none-eabi/10.3.1/thumb/v7e-m+dp/hard/crtbegin.o
 *(.init)
 .init          0x0800fcc0        0x4 d:/vs_stm32/gcc-arm-2021/2021.10/bin/../lib/gcc/arm-none-eabi/10.3.1/thumb/v7e-m+dp/hard/crti.o
                0x0800fcc0                _init
 .init          0x0800fcc4        0x8 d:/vs_stm32/gcc-arm-2021/2021.10/bin/../lib/gcc/arm-none-eabi/10.3.1/thumb/v7e-m+dp/hard/crtn.o
 *(.fini)
 .fini          0x0800fccc        0x4 d:/vs_stm32/gcc-arm-2021/2021.10/bin/../lib/gcc/arm-none-eabi/10.3.1/thumb/v7e-m+dp/hard/crti.o
                0x0800fccc                _fini
 .fini          0x0800fcd0        0x8 d:/vs_stm32/gcc-arm-2021/2021.10/bin/../lib/gcc/arm-none-eabi/10.3.1/thumb/v7e-m+dp/hard/crtn.o
                0x0800fcd8                . = ALIGN (0x4)
                0x0800fcd8                _etext = .

.vfp11_veneer   0x0800fcd8        0x0
 .vfp11_veneer  0x0800fcd8        0x0 linker stubs

.v4_bx          0x0800fcd8        0x0
 .v4_bx         0x0800fcd8        0x0 linker stubs

.iplt           0x0800fcd8        0x0
 .iplt          0x0800fcd8        0x0 d:/vs_stm32/gcc-arm-2021/2021.10/bin/../lib/gcc/arm-none-eabi/10.3.1/thumb/v7e-m+dp/hard/crtbegin.o

.rodata         0x0800fcd8      0xed8
                0x0800fcd8                . = ALIGN (0x4)
 *(.rodata)
 .rodata        0x0800fcd8       0xe0 build/freertos.o
 .rodata        0x0800fdb8       0x4c build/stm32h7xx_hal_fdcan.o
 *(.rodata*)
 .rodata.str1.4
                0x0800fe04       0x69 build/freertos.o
 *fill*         0x0800fe6d        0x3 
 .rodata.flagBitshiftOffset.0
                0x0800fe70        0x8 build/stm32h7xx_hal_dma.o
 .rodata.DLCtoBytes
                0x0800fe78       0x10 build/stm32h7xx_hal_fdcan.o
 .rodata.D1CorePrescTable
                0x0800fe88       0x10 build/system_stm32h7xx.o
                0x0800fe88                D1CorePrescTable
 .rodata.vTaskStartScheduler.str1.4
                0x0800fe98        0x5 build/tasks.o
 *fill*         0x0800fe9d        0x3 
 .rodata.leg_pid_R.0
                0x0800fea0        0xc build/chassisR_task.o
 .rodata.pitch_pid.5
                0x0800feac        0xc build/chassisR_task.o
 .rodata.pitch_v_pid.4
                0x0800feb8        0xc build/chassisR_task.o
 .rodata.roll_pid.3
                0x0800fec4        0xc build/chassisR_task.o
 .rodata.tp_pid.2
                0x0800fed0        0xc build/chassisR_task.o
 .rodata.turn_pid.1
                0x0800fedc        0xc build/chassisR_task.o
 .rodata.leg_pid_L.0
                0x0800fee8        0xc build/chassisL_task.o
 .rodata.vaEstimateKF_H
                0x0800fef4       0x10 build/observe_task.o
                0x0800fef4                vaEstimateKF_H
 .rodata.wheel_pid
                0x0800ff04        0xc build/observe_task.o
 .rodata.VofaDebug_Task.str1.4
                0x0800ff10       0x19 build/vofa_task.o
 *fill*         0x0800ff29        0x3 
 .rodata.UARTPrescTable
                0x0800ff2c       0x18 build/stm32h7xx_hal_uart.o
                0x0800ff2c                UARTPrescTable
 .rodata.denominator.0
                0x0800ff44        0x8 build/stm32h7xx_hal_uart_ex.o
 .rodata.numerator.1
                0x0800ff4c        0x8 build/stm32h7xx_hal_uart_ex.o
 .rodata._global_impure_ptr
                0x0800ff54        0x4 d:/vs_stm32/gcc-arm-2021/2021.10/bin/../lib/gcc/arm-none-eabi/10.3.1/../../../../arm-none-eabi/lib/thumb/v7e-m+dp/hard\libc_nano.a(lib_a-impure.o)
                0x0800ff54                _global_impure_ptr
 .rodata._printf_float.str1.1
                0x0800ff58       0x12 d:/vs_stm32/gcc-arm-2021/2021.10/bin/../lib/gcc/arm-none-eabi/10.3.1/../../../../arm-none-eabi/lib/thumb/v7e-m+dp/hard\libc_nano.a(lib_a-nano-vfprintf_float.o)
 .rodata._printf_i.str1.1
                0x0800ff6a       0x22 d:/vs_stm32/gcc-arm-2021/2021.10/bin/../lib/gcc/arm-none-eabi/10.3.1/../../../../arm-none-eabi/lib/thumb/v7e-m+dp/hard\libc_nano.a(lib_a-nano-vfprintf_i.o)
 .rodata._dtoa_r.str1.1
                0x0800ff8c       0xb3 d:/vs_stm32/gcc-arm-2021/2021.10/bin/../lib/gcc/arm-none-eabi/10.3.1/../../../../arm-none-eabi/lib/thumb/v7e-m+dp/hard\libc_nano.a(lib_a-dtoa.o)
                                 0xb5 (size before relaxing)
 .rodata._Balloc.str1.1
                0x0801003f       0x7f d:/vs_stm32/gcc-arm-2021/2021.10/bin/../lib/gcc/arm-none-eabi/10.3.1/../../../../arm-none-eabi/lib/thumb/v7e-m+dp/hard\libc_nano.a(lib_a-mprec.o)
                                 0x96 (size before relaxing)
 .rodata.__multadd.str1.1
                0x080100be       0x11 d:/vs_stm32/gcc-arm-2021/2021.10/bin/../lib/gcc/arm-none-eabi/10.3.1/../../../../arm-none-eabi/lib/thumb/v7e-m+dp/hard\libc_nano.a(lib_a-mprec.o)
 *fill*         0x080100be        0x2 
 .rodata.__mprec_bigtens
                0x080100c0       0x28 d:/vs_stm32/gcc-arm-2021/2021.10/bin/../lib/gcc/arm-none-eabi/10.3.1/../../../../arm-none-eabi/lib/thumb/v7e-m+dp/hard\libc_nano.a(lib_a-mprec.o)
                0x080100c0                __mprec_bigtens
 .rodata.__mprec_tens
                0x080100e8       0xc8 d:/vs_stm32/gcc-arm-2021/2021.10/bin/../lib/gcc/arm-none-eabi/10.3.1/../../../../arm-none-eabi/lib/thumb/v7e-m+dp/hard\libc_nano.a(lib_a-mprec.o)
                0x080100e8                __mprec_tens
 .rodata.p05.0  0x080101b0        0xc d:/vs_stm32/gcc-arm-2021/2021.10/bin/../lib/gcc/arm-none-eabi/10.3.1/../../../../arm-none-eabi/lib/thumb/v7e-m+dp/hard\libc_nano.a(lib_a-mprec.o)
 .rodata._svfprintf_r.str1.1
                0x080101bc       0x11 d:/vs_stm32/gcc-arm-2021/2021.10/bin/../lib/gcc/arm-none-eabi/10.3.1/../../../../arm-none-eabi/lib/thumb/v7e-m+dp/hard\libc_nano.a(lib_a-nano-svfprintf.o)
 .rodata.__assert_func.str1.1
                0x080101cd       0x3c d:/vs_stm32/gcc-arm-2021/2021.10/bin/../lib/gcc/arm-none-eabi/10.3.1/../../../../arm-none-eabi/lib/thumb/v7e-m+dp/hard\libc_nano.a(lib_a-assert.o)
                                 0x3d (size before relaxing)
 .rodata._setlocale_r.str1.1
                0x08010209        0x8 d:/vs_stm32/gcc-arm-2021/2021.10/bin/../lib/gcc/arm-none-eabi/10.3.1/../../../../arm-none-eabi/lib/thumb/v7e-m+dp/hard\libc_nano.a(lib_a-locale.o)
                                  0x9 (size before relaxing)
 .rodata.str1.1
                0x08010211        0x2 d:/vs_stm32/gcc-arm-2021/2021.10/bin/../lib/gcc/arm-none-eabi/10.3.1/../../../../arm-none-eabi/lib/thumb/v7e-m+dp/hard\libc_nano.a(lib_a-locale.o)
 .rodata._vfprintf_r.str1.1
                0x08010213       0x11 d:/vs_stm32/gcc-arm-2021/2021.10/bin/../lib/gcc/arm-none-eabi/10.3.1/../../../../arm-none-eabi/lib/thumb/v7e-m+dp/hard\libc_nano.a(lib_a-nano-vfprintf.o)
 .rodata._ctype_
                0x08010213      0x101 d:/vs_stm32/gcc-arm-2021/2021.10/bin/../lib/gcc/arm-none-eabi/10.3.1/../../../../arm-none-eabi/lib/thumb/v7e-m+dp/hard\libc_nano.a(lib_a-ctype_.o)
                0x08010213                _ctype_
 .rodata.__sf_fake_stderr
                0x08010314       0x20 d:/vs_stm32/gcc-arm-2021/2021.10/bin/../lib/gcc/arm-none-eabi/10.3.1/../../../../arm-none-eabi/lib/thumb/v7e-m+dp/hard\libc_nano.a(lib_a-findfp.o)
                0x08010314                __sf_fake_stderr
 .rodata.__sf_fake_stdin
                0x08010334       0x20 d:/vs_stm32/gcc-arm-2021/2021.10/bin/../lib/gcc/arm-none-eabi/10.3.1/../../../../arm-none-eabi/lib/thumb/v7e-m+dp/hard\libc_nano.a(lib_a-findfp.o)
                0x08010334                __sf_fake_stdin
 .rodata.__sf_fake_stdout
                0x08010354       0x20 d:/vs_stm32/gcc-arm-2021/2021.10/bin/../lib/gcc/arm-none-eabi/10.3.1/../../../../arm-none-eabi/lib/thumb/v7e-m+dp/hard\libc_nano.a(lib_a-findfp.o)
                0x08010354                __sf_fake_stdout
 .rodata.CSWTCH.8
                0x08010374        0xc d:/vs_stm32/gcc-arm-2021/2021.10/bin/../lib/gcc/arm-none-eabi/10.3.1/../../../../arm-none-eabi/lib/thumb/v7e-m+dp/hard\libm.a(lib_a-ef_atan2.o)
 .rodata.CSWTCH.9
                0x08010380        0xc d:/vs_stm32/gcc-arm-2021/2021.10/bin/../lib/gcc/arm-none-eabi/10.3.1/../../../../arm-none-eabi/lib/thumb/v7e-m+dp/hard\libm.a(lib_a-ef_atan2.o)
 .rodata.atanhi
                0x0801038c       0x10 d:/vs_stm32/gcc-arm-2021/2021.10/bin/../lib/gcc/arm-none-eabi/10.3.1/../../../../arm-none-eabi/lib/thumb/v7e-m+dp/hard\libm.a(lib_a-sf_atan.o)
 .rodata.atanlo
                0x0801039c       0x10 d:/vs_stm32/gcc-arm-2021/2021.10/bin/../lib/gcc/arm-none-eabi/10.3.1/../../../../arm-none-eabi/lib/thumb/v7e-m+dp/hard\libm.a(lib_a-sf_atan.o)
 .rodata.sinTable_f32
                0x080103ac      0x804 Drivers/CMSIS/DSP/Lib/GCC\libarm_cortexM7lfdp_math.a(arm_common_tables.o)
                0x080103ac                sinTable_f32
                0x08010bb0                . = ALIGN (0x4)

.ARM.extab      0x08010bb0        0x0
                0x08010bb0                . = ALIGN (0x4)
 *(.ARM.extab* .gnu.linkonce.armextab.*)
                0x08010bb0                . = ALIGN (0x4)

.ARM            0x08010bb0        0x8
                0x08010bb0                . = ALIGN (0x4)
                0x08010bb0                __exidx_start = .
 *(.ARM.exidx*)
 .ARM.exidx     0x08010bb0        0x8 d:/vs_stm32/gcc-arm-2021/2021.10/bin/../lib/gcc/arm-none-eabi/10.3.1/thumb/v7e-m+dp/hard\libgcc.a(_udivmoddi4.o)
                0x08010bb8                __exidx_end = .
                0x08010bb8                . = ALIGN (0x4)

.rel.dyn        0x08010bb8        0x0
 .rel.iplt      0x08010bb8        0x0 d:/vs_stm32/gcc-arm-2021/2021.10/bin/../lib/gcc/arm-none-eabi/10.3.1/thumb/v7e-m+dp/hard/crtbegin.o

.preinit_array  0x08010bb8        0x0
                0x08010bb8                . = ALIGN (0x4)
                0x08010bb8                PROVIDE (__preinit_array_start = .)
 *(.preinit_array*)
                0x08010bb8                PROVIDE (__preinit_array_end = .)
                0x08010bb8                . = ALIGN (0x4)

.init_array     0x08010bb8        0x4
                0x08010bb8                . = ALIGN (0x4)
                0x08010bb8                PROVIDE (__init_array_start = .)
 *(SORT_BY_NAME(.init_array.*))
 *(.init_array*)
 .init_array    0x08010bb8        0x4 d:/vs_stm32/gcc-arm-2021/2021.10/bin/../lib/gcc/arm-none-eabi/10.3.1/thumb/v7e-m+dp/hard/crtbegin.o
                0x08010bbc                PROVIDE (__init_array_end = .)
                0x08010bbc                . = ALIGN (0x4)

.fini_array     0x08010bbc        0x4
                0x08010bbc                . = ALIGN (0x4)
                [!provide]                PROVIDE (__fini_array_start = .)
 *(SORT_BY_NAME(.fini_array.*))
 *(.fini_array*)
 .fini_array    0x08010bbc        0x4 d:/vs_stm32/gcc-arm-2021/2021.10/bin/../lib/gcc/arm-none-eabi/10.3.1/thumb/v7e-m+dp/hard/crtbegin.o
                [!provide]                PROVIDE (__fini_array_end = .)
                0x08010bc0                . = ALIGN (0x4)
                0x08010bc0                _sidata = LOADADDR (.data)

.data           0x24000000      0x374 load address 0x08010bc0
                0x24000000                . = ALIGN (0x4)
                0x24000000                _sdata = .
 *(.data)
 *(.data*)
 .data.uwTickFreq
                0x24000000        0x1 build/stm32h7xx_hal.o
                0x24000000                uwTickFreq
 *fill*         0x24000001        0x3 
 .data.uwTickPrio
                0x24000004        0x4 build/stm32h7xx_hal.o
                0x24000004                uwTickPrio
 .data.SystemCoreClock
                0x24000008        0x4 build/system_stm32h7xx.o
                0x24000008                SystemCoreClock
 .data.SystemD2Clock
                0x2400000c        0x4 build/system_stm32h7xx.o
                0x2400000c                SystemD2Clock
 .data.uxCriticalNesting
                0x24000010        0x4 build/port.o
 .data.sender_assignment
                0x24000014       0xe7 build/djimotor.o
 *fill*         0x240000fb        0x1 
 .data.LQR_K_R  0x240000fc       0x30 build/chassisR_task.o
                0x240000fc                LQR_K_R
 .data.LQR_K_L  0x2400012c       0x30 build/chassisL_task.o
                0x2400012c                LQR_K_L
 .data.OBSERVE_TIME
                0x2400015c        0x4 build/observe_task.o
                0x2400015c                OBSERVE_TIME
 .data.alpha    0x24000160        0x4 build/observe_task.o
                0x24000160                alpha
 .data.vaEstimateKF_F
                0x24000164       0x10 build/observe_task.o
                0x24000164                vaEstimateKF_F
 .data.vaEstimateKF_P
                0x24000174       0x10 build/observe_task.o
                0x24000174                vaEstimateKF_P
 .data.vaEstimateKF_Q
                0x24000184       0x10 build/observe_task.o
                0x24000184                vaEstimateKF_Q
 .data.vaEstimateKF_R
                0x24000194       0x10 build/observe_task.o
                0x24000194                vaEstimateKF_R
 .data._impure_ptr
                0x240001a4        0x4 d:/vs_stm32/gcc-arm-2021/2021.10/bin/../lib/gcc/arm-none-eabi/10.3.1/../../../../arm-none-eabi/lib/thumb/v7e-m+dp/hard\libc_nano.a(lib_a-impure.o)
                0x240001a4                _impure_ptr
 .data.impure_data
                0x240001a8       0x60 d:/vs_stm32/gcc-arm-2021/2021.10/bin/../lib/gcc/arm-none-eabi/10.3.1/../../../../arm-none-eabi/lib/thumb/v7e-m+dp/hard\libc_nano.a(lib_a-impure.o)
 .data.__global_locale
                0x24000208      0x16c d:/vs_stm32/gcc-arm-2021/2021.10/bin/../lib/gcc/arm-none-eabi/10.3.1/../../../../arm-none-eabi/lib/thumb/v7e-m+dp/hard\libc_nano.a(lib_a-locale.o)
                0x24000208                __global_locale
 *(.RamFunc)
 *(.RamFunc*)
                0x24000374                . = ALIGN (0x4)
                0x24000374                _edata = .

.igot.plt       0x24000374        0x0 load address 0x08010f34
 .igot.plt      0x24000374        0x0 d:/vs_stm32/gcc-arm-2021/2021.10/bin/../lib/gcc/arm-none-eabi/10.3.1/thumb/v7e-m+dp/hard/crtbegin.o
                0x24000374                . = ALIGN (0x4)

.bss            0x24000378     0x8f0c load address 0x08010f34
                0x24000378                _sbss = .
                0x24000378                __bss_start__ = _sbss
 *(.bss)
 .bss           0x24000378       0x1c d:/vs_stm32/gcc-arm-2021/2021.10/bin/../lib/gcc/arm-none-eabi/10.3.1/thumb/v7e-m+dp/hard/crtbegin.o
 *(.bss*)
 .bss.CHASSISL_TASKHandle
                0x24000394        0x4 build/freertos.o
                0x24000394                CHASSISL_TASKHandle
 .bss.CHASSISR_TASKHandle
                0x24000398        0x4 build/freertos.o
                0x24000398                CHASSISR_TASKHandle
 .bss.INS_TASKHandle
                0x2400039c        0x4 build/freertos.o
                0x2400039c                INS_TASKHandle
 .bss.MOTORTASKHandle