Archive member included to satisfy reference by file (symbol)

d:/vs_stm32/gcc-arm-2021/2021.10/bin/../lib/gcc/arm-none-eabi/10.3.1/../../../../arm-none-eabi/lib/thumb/v7e-m+dp/hard\libc_nano.a(lib_a-errno.o)
                              build/sysmem.o (__errno)
d:/vs_stm32/gcc-arm-2021/2021.10/bin/../lib/gcc/arm-none-eabi/10.3.1/../../../../arm-none-eabi/lib/thumb/v7e-m+dp/hard\libc_nano.a(lib_a-exit.o)
                              d:/vs_stm32/gcc-arm-2021/2021.10/bin/../lib/gcc/arm-none-eabi/10.3.1/../../../../arm-none-eabi/lib/thumb/v7e-m+dp/hard/crt0.o (exit)
d:/vs_stm32/gcc-arm-2021/2021.10/bin/../lib/gcc/arm-none-eabi/10.3.1/../../../../arm-none-eabi/lib/thumb/v7e-m+dp/hard\libc_nano.a(lib_a-impure.o)
                              d:/vs_stm32/gcc-arm-2021/2021.10/bin/../lib/gcc/arm-none-eabi/10.3.1/../../../../arm-none-eabi/lib/thumb/v7e-m+dp/hard\libc_nano.a(lib_a-exit.o) (_global_impure_ptr)
d:/vs_stm32/gcc-arm-2021/2021.10/bin/../lib/gcc/arm-none-eabi/10.3.1/../../../../arm-none-eabi/lib/thumb/v7e-m+dp/hard\libc_nano.a(lib_a-init.o)
                              d:/vs_stm32/gcc-arm-2021/2021.10/bin/../lib/gcc/arm-none-eabi/10.3.1/../../../../arm-none-eabi/lib/thumb/v7e-m+dp/hard/crt0.o (__libc_init_array)
d:/vs_stm32/gcc-arm-2021/2021.10/bin/../lib/gcc/arm-none-eabi/10.3.1/../../../../arm-none-eabi/lib/thumb/v7e-m+dp/hard\libc_nano.a(lib_a-malloc.o)
                              build/bsp_can.o (malloc)
d:/vs_stm32/gcc-arm-2021/2021.10/bin/../lib/gcc/arm-none-eabi/10.3.1/../../../../arm-none-eabi/lib/thumb/v7e-m+dp/hard\libc_nano.a(lib_a-memcpy-stub.o)
                              build/stm32h7xx_hal_fdcan.o (memcpy)
d:/vs_stm32/gcc-arm-2021/2021.10/bin/../lib/gcc/arm-none-eabi/10.3.1/../../../../arm-none-eabi/lib/thumb/v7e-m+dp/hard\libc_nano.a(lib_a-memset.o)
                              d:/vs_stm32/gcc-arm-2021/2021.10/bin/../lib/gcc/arm-none-eabi/10.3.1/../../../../arm-none-eabi/lib/thumb/v7e-m+dp/hard/crt0.o (memset)
d:/vs_stm32/gcc-arm-2021/2021.10/bin/../lib/gcc/arm-none-eabi/10.3.1/../../../../arm-none-eabi/lib/thumb/v7e-m+dp/hard\libc_nano.a(lib_a-nano-freer.o)
                              d:/vs_stm32/gcc-arm-2021/2021.10/bin/../lib/gcc/arm-none-eabi/10.3.1/../../../../arm-none-eabi/lib/thumb/v7e-m+dp/hard\libc_nano.a(lib_a-malloc.o) (_free_r)
d:/vs_stm32/gcc-arm-2021/2021.10/bin/../lib/gcc/arm-none-eabi/10.3.1/../../../../arm-none-eabi/lib/thumb/v7e-m+dp/hard\libc_nano.a(lib_a-nano-mallocr.o)
                              d:/vs_stm32/gcc-arm-2021/2021.10/bin/../lib/gcc/arm-none-eabi/10.3.1/../../../../arm-none-eabi/lib/thumb/v7e-m+dp/hard\libc_nano.a(lib_a-malloc.o) (_malloc_r)
d:/vs_stm32/gcc-arm-2021/2021.10/bin/../lib/gcc/arm-none-eabi/10.3.1/../../../../arm-none-eabi/lib/thumb/v7e-m+dp/hard\libc_nano.a(lib_a-nano-vfprintf_float.o)
                              (_printf_float)
d:/vs_stm32/gcc-arm-2021/2021.10/bin/../lib/gcc/arm-none-eabi/10.3.1/../../../../arm-none-eabi/lib/thumb/v7e-m+dp/hard\libc_nano.a(lib_a-nano-vfprintf_i.o)
                              d:/vs_stm32/gcc-arm-2021/2021.10/bin/../lib/gcc/arm-none-eabi/10.3.1/../../../../arm-none-eabi/lib/thumb/v7e-m+dp/hard\libc_nano.a(lib_a-nano-vfprintf_float.o) (_printf_common)
d:/vs_stm32/gcc-arm-2021/2021.10/bin/../lib/gcc/arm-none-eabi/10.3.1/../../../../arm-none-eabi/lib/thumb/v7e-m+dp/hard\libc_nano.a(lib_a-sbrkr.o)
                              d:/vs_stm32/gcc-arm-2021/2021.10/bin/../lib/gcc/arm-none-eabi/10.3.1/../../../../arm-none-eabi/lib/thumb/v7e-m+dp/hard\libc_nano.a(lib_a-nano-mallocr.o) (_sbrk_r)
d:/vs_stm32/gcc-arm-2021/2021.10/bin/../lib/gcc/arm-none-eabi/10.3.1/../../../../arm-none-eabi/lib/thumb/v7e-m+dp/hard\libc_nano.a(lib_a-snprintf.o)
                              build/hipnuc_dec.o (snprintf)
d:/vs_stm32/gcc-arm-2021/2021.10/bin/../lib/gcc/arm-none-eabi/10.3.1/../../../../arm-none-eabi/lib/thumb/v7e-m+dp/hard\libc_nano.a(lib_a-strlen.o)
                              d:/vs_stm32/gcc-arm-2021/2021.10/bin/../lib/gcc/arm-none-eabi/10.3.1/../../../../arm-none-eabi/lib/thumb/v7e-m+dp/hard\libc_nano.a(lib_a-nano-vfprintf_float.o) (strlen)
d:/vs_stm32/gcc-arm-2021/2021.10/bin/../lib/gcc/arm-none-eabi/10.3.1/../../../../arm-none-eabi/lib/thumb/v7e-m+dp/hard\libc_nano.a(lib_a-dtoa.o)
                              d:/vs_stm32/gcc-arm-2021/2021.10/bin/../lib/gcc/arm-none-eabi/10.3.1/../../../../arm-none-eabi/lib/thumb/v7e-m+dp/hard\libc_nano.a(lib_a-nano-vfprintf_float.o) (_dtoa_r)
d:/vs_stm32/gcc-arm-2021/2021.10/bin/../lib/gcc/arm-none-eabi/10.3.1/../../../../arm-none-eabi/lib/thumb/v7e-m+dp/hard\libc_nano.a(lib_a-localeconv.o)
                              d:/vs_stm32/gcc-arm-2021/2021.10/bin/../lib/gcc/arm-none-eabi/10.3.1/../../../../arm-none-eabi/lib/thumb/v7e-m+dp/hard\libc_nano.a(lib_a-nano-vfprintf_float.o) (_localeconv_r)
d:/vs_stm32/gcc-arm-2021/2021.10/bin/../lib/gcc/arm-none-eabi/10.3.1/../../../../arm-none-eabi/lib/thumb/v7e-m+dp/hard\libc_nano.a(lib_a-memchr.o)
[...]
Memory Configuration

Name             Origin             Length             Attributes
DTCMRAM          0x20000000         0x00020000         xrw
RAM              0x24000000         0x00020000         xrw
RAM_D2           0x30000000         0x00008000         xrw
RAM_D3           0x38000000         0x00004000         xrw
ITCMRAM          0x00000000         0x00010000         xrw
FLASH            0x08000000         0x00100000         xr
*default*        0x00000000         0xffffffff

Linker script and memory map

LOAD d:/vs_stm32/gcc-arm-2021/2021.10/bin/../lib/gcc/arm-none-eabi/10.3.1/thumb/v7e-m+dp/hard/crti.o
LOAD d:/vs_stm32/gcc-arm-2021/2021.10/bin/../lib/gcc/arm-none-eabi/10.3.1/thumb/v7e-m+dp/hard/crtbegin.o
LOAD d:/vs_stm32/gcc-arm-2021/2021.10/bin/../lib/gcc/arm-none-eabi/10.3.1/../../../../arm-none-eabi/lib/thumb/v7e-m+dp/hard/crt0.o
LOAD build/main.o
LOAD build/gpio.o
LOAD build/freertos.o
LOAD build/dma.o
LOAD build/fdcan.o
LOAD build/memorymap.o
LOAD build/spi.o
LOAD build/tim.o
LOAD build/stm32h7xx_it.o
LOAD build/stm32h7xx_hal_msp.o
LOAD build/stm32h7xx_hal_timebase_tim.o
LOAD build/stm32h7xx_hal_tim.o
LOAD build/stm32h7xx_hal_tim_ex.o
LOAD build/stm32h7xx_hal_cortex.o
LOAD build/stm32h7xx_hal_rcc.o
LOAD build/stm32h7xx_hal_rcc_ex.o
LOAD build/stm32h7xx_hal_flash.o
LOAD build/stm32h7xx_hal_flash_ex.o
LOAD build/stm32h7xx_hal_gpio.o
LOAD build/stm32h7xx_hal_hsem.o
LOAD build/stm32h7xx_hal_dma.o
LOAD build/stm32h7xx_hal_dma_ex.o
LOAD build/stm32h7xx_hal_mdma.o
LOAD build/stm32h7xx_hal_pwr.o
LOAD build/stm32h7xx_hal_pwr_ex.o
LOAD build/stm32h7xx_hal.o
LOAD build/stm32h7xx_hal_i2c.o
LOAD build/stm32h7xx_hal_i2c_ex.o
LOAD build/stm32h7xx_hal_exti.o
LOAD build/stm32h7xx_hal_fdcan.o
LOAD build/stm32h7xx_hal_spi.o
LOAD build/stm32h7xx_hal_spi_ex.o
LOAD build/system_stm32h7xx.o
LOAD build/croutine.o
LOAD build/event_groups.o
LOAD build/list.o
LOAD build/queue.o
LOAD build/stream_buffer.o
LOAD build/tasks.o
LOAD build/timers.o
LOAD build/cmsis_os.o
LOAD build/heap_4.o
LOAD build/port.o
LOAD build/sysmem.o
LOAD build/bsp_can.o
LOAD build/bsp_dwt.o
LOAD build/bsp_pwm.o
LOAD build/bsp_usart.o
LOAD build/QuaternionEKF.o
LOAD build/kalman_filter.o
LOAD build/mahony_filter.o
LOAD build/controller.o
LOAD build/pid.o
LOAD build/kinematics.o
LOAD build/daemon.o
LOAD build/BMI088driver.o
LOAD build/BMI088Middleware.o
LOAD build/hipnuc_dec.o
LOAD build/djimotor.o
LOAD build/dmmotor.o
LOAD build/user_lib.o
LOAD build/remote_control.o
LOAD build/ins_task.o
LOAD build/chassisR_task.o
LOAD build/chassisL_task.o
LOAD build/observe_task.o
LOAD build/vofa_task.o
LOAD build/remote_task.o
LOAD build/Robot.o
LOAD build/syscalls.o
LOAD build/usart.o
LOAD build/stm32h7xx_hal_uart.o
LOAD build/stm32h7xx_hal_uart_ex.o
LOAD build/startup_stm32h723xx.o
LOAD d:/vs_stm32/gcc-arm-2021/2021.10/bin/../lib/gcc/arm-none-eabi/10.3.1/../../../../arm-none-eabi/lib/thumb/v7e-m+dp/hard\libc_nano.a
LOAD d:/vs_stm32/gcc-arm-2021/2021.10/bin/../lib/gcc/arm-none-eabi/10.3.1/../../../../arm-none-eabi/lib/thumb/v7e-m+dp/hard\libm.a
LOAD d:/vs_stm32/gcc-arm-2021/2021.10/bin/../lib/gcc/arm-none-eabi/10.3.1/../../../../arm-none-eabi/lib/thumb/v7e-m+dp/hard\libnosys.a
LOAD Drivers/CMSIS/DSP/Lib/GCC\libarm_cortexM7lfdp_math.a
START GROUP
LOAD d:/vs_stm32/gcc-arm-2021/2021.10/bin/../lib/gcc/arm-none-eabi/10.3.1/thumb/v7e-m+dp/hard\libgcc.a
LOAD d:/vs_stm32/gcc-arm-2021/2021.10/bin/../lib/gcc/arm-none-eabi/10.3.1/../../../../arm-none-eabi/lib/thumb/v7e-m+dp/hard\libc_nano.a
END GROUP
START GROUP
LOAD d:/vs_stm32/gcc-arm-2021/2021.10/bin/../lib/gcc/arm-none-eabi/10.3.1/thumb/v7e-m+dp/hard\libgcc.a
LOAD d:/vs_stm32/gcc-arm-2021/2021.10/bin/../lib/gcc/arm-none-eabi/10.3.1/../../../../arm-none-eabi/lib/thumb/v7e-m+dp/hard\libc_nano.a
END GROUP
LOAD d:/vs_stm32/gcc-arm-2021/2021.10/bin/../lib/gcc/arm-none-eabi/10.3.1/thumb/v7e-m+dp/hard/crtend.o
LOAD d:/vs_stm32/gcc-arm-2021/2021.10/bin/../lib/gcc/arm-none-eabi/10.3.1/thumb/v7e-m+dp/hard/crtn.o
                0x24020000                _estack = (ORIGIN (RAM) + LENGTH (RAM))
                0x00001000                _Min_Heap_Size = 0x1000
                0x00001000                _Min_Stack_Size = 0x1000

.isr_vector     0x08000000      0x2cc
                0x08000000                . = ALIGN (0x4)
 *(.isr_vector)
 .isr_vector    0x08000000      0x2cc build/startup_stm32h723xx.o
                0x08000000                g_pfnVectors
                0x080002cc                . = ALIGN (0x4)

.text           0x080002d0    0x10674
                0x080002d0                . = ALIGN (0x4)
 *(.text)
 .text          0x080002d0       0x40 d:/vs_stm32/gcc-arm-2021/2021.10/bin/../lib/gcc/arm-none-eabi/10.3.1/thumb/v7e-m+dp/hard/crtbegin.o
 .text          0x08000310       0x10 d:/vs_stm32/gcc-arm-2021/2021.10/bin/../lib/gcc/arm-none-eabi/10.3.1/../../../../arm-none-eabi/lib/thumb/v7e-m+dp/hard\libc_nano.a(lib_a-strlen.o)
                0x08000310                strlen
 .text          0x08000320       0xa0 d:/vs_stm32/gcc-arm-2021/2021.10/bin/../lib/gcc/arm-none-eabi/10.3.1/../../../../arm-none-eabi/lib/thumb/v7e-m+dp/hard\libc_nano.a(lib_a-memchr.o)
                0x08000320                memchr
 .text          0x080003c0      0x378 d:/vs_stm32/gcc-arm-2021/2021.10/bin/../lib/gcc/arm-none-eabi/10.3.1/thumb/v7e-m+dp/hard\libgcc.a(_arm_addsubdf3.o)
                0x080003c0                __aeabi_drsub
                0x080003c8                __aeabi_dsub
                0x080003c8                __subdf3
                0x080003cc                __aeabi_dadd
                0x080003cc                __adddf3
                0x08000644                __floatunsidf
                0x08000644                __aeabi_ui2d
                0x08000664                __floatsidf
                0x08000664                __aeabi_i2d
                0x08000688                __aeabi_f2d
                0x08000688                __extendsfdf2
                0x080006cc                __floatundidf
                0x080006cc                __aeabi_ul2d
                0x080006dc                __floatdidf
                0x080006dc                __aeabi_l2d
 .text          0x08000738       0x30 d:/vs_stm32/gcc-arm-2021/2021.10/bin/../lib/gcc/arm-none-eabi/10.3.1/thumb/v7e-m+dp/hard\libgcc.a(_aeabi_uldivmod.o)
                0x08000738                __aeabi_uldivmod
 .text          0x08000768      0x2d0 d:/vs_stm32/gcc-arm-2021/2021.10/bin/../lib/gcc/arm-none-eabi/10.3.1/thumb/v7e-m+dp/hard\libgcc.a(_udivmoddi4.o)
                0x08000768                __udivmoddi4
 .text          0x08000a38        0x4 d:/vs_stm32/gcc-arm-2021/2021.10/bin/../lib/gcc/arm-none-eabi/10.3.1/thumb/v7e-m+dp/hard\libgcc.a(_dvmd_tls.o)
                0x08000a38                __aeabi_idiv0
                0x08000a38                __aeabi_ldiv0
 *(.text*)
 .text.HAL_TIM_PeriodElapsedCallback
                0x08000a3c       0x12 build/main.o
                0x08000a3c                HAL_TIM_PeriodElapsedCallback
 .text.Error_Handler
                0x08000a4e        0x4 build/main.o
                0x08000a4e                Error_Handler
 *fill*         0x08000a52        0x2 
 .text.SystemClock_Config
                0x08000a54       0xa8 build/main.o
                0x08000a54                SystemClock_Config
 .text.main     0x08000afc       0x3c build/main.o
                0x08000afc                main
 .text.MX_GPIO_Init
                0x08000b38       0xec build/gpio.o
                0x08000b38                MX_GPIO_Init
 .text.StartDefaultTask
                0x08000c24        0xa build/freertos.o
                0x08000c24                StartDefaultTask
 .text.StartVofaDebug
                0x08000c2e        0xa build/freertos.o
                0x08000c2e                StartVofaDebug
 .text.StartMotorTask
                0x08000c38        0xa build/freertos.o
                0x08000c38                StartMotorTask
 .text.StartINSTASK
                0x08000c42        0xe build/freertos.o
                0x08000c42                StartINSTASK
 .text.StartCHASSISRTASK
                0x08000c50        0xe build/freertos.o
                0x08000c50                StartCHASSISRTASK
 *fill*         0x08000c5e        0x2 
 .text.vApplicationGetIdleTaskMemory
                0x08000c60       0x18 build/freertos.o
                0x08000c60                vApplicationGetIdleTaskMemory
 .text.MX_FREERTOS_Init
                0x08000c78       0xd4 build/freertos.o
                0x08000c78                MX_FREERTOS_Init
 .text.MX_DMA_Init
                0x08000d4c       0x68 build/dma.o
                0x08000d4c                MX_DMA_Init
 .text.MX_FDCAN1_Init
                0x08000db4       0x64 build/fdcan.o
                0x08000db4                MX_FDCAN1_Init
 .text.MX_FDCAN2_Init
                0x08000e18       0x68 build/fdcan.o
                0x08000e18                MX_FDCAN2_Init
 .text.HAL_FDCAN_MspInit
                0x08000e80      0x15c build/fdcan.o
                0x08000e80                HAL_FDCAN_MspInit
 .text.MX_SPI2_Init
                0x08000fdc       0x60 build/spi.o
                0x08000fdc                MX_SPI2_Init
 .text.HAL_SPI_MspInit
                0x0800103c      0x164 build/spi.o
                0x0800103c                HAL_SPI_MspInit
 .text.HAL_TIM_PWM_MspInit
                0x080011a0       0x34 build/tim.o
                0x080011a0                HAL_TIM_PWM_MspInit
 .text.HAL_TIM_MspPostInit
                0x080011d4       0x58 build/tim.o
                0x080011d4                HAL_TIM_MspPostInit
 .text.MX_TIM3_Init
                0x0800122c       0x88 build/tim.o
                0x0800122c                MX_TIM3_Init
 .text.NMI_Handler
                0x080012b4        0x2 build/stm32h7xx_it.o
                0x080012b4                NMI_Handler
 .text.HardFault_Handler
                0x080012b6        0x2 build/stm32h7xx_it.o
                0x080012b6                HardFault_Handler
 .text.MemManage_Handler
                0x080012b8        0x2 build/stm32h7xx_it.o
                0x080012b8                MemManage_Handler
 .text.BusFault_Handler
                0x080012ba        0x2 build/stm32h7xx_it.o
                0x080012ba                BusFault_Handler
 .text.UsageFault_Handler
                0x080012bc        0x2 build/stm32h7xx_it.o
                0x080012bc                UsageFault_Handler
 .text.DebugMon_Handler
                0x080012be        0x2 build/stm32h7xx_it.o
                0x080012be                DebugMon_Handler
 .text.DMA1_Stream0_IRQHandler
                0x080012c0       0x10 build/stm32h7xx_it.o
                0x080012c0                DMA1_Stream0_IRQHandler
 .text.DMA1_Stream1_IRQHandler
                0x080012d0       0x10 build/stm32h7xx_it.o
                0x080012d0                DMA1_Stream1_IRQHandler
 .text.DMA1_Stream2_IRQHandler
                0x080012e0       0x10 build/stm32h7xx_it.o
                0x080012e0                DMA1_Stream2_IRQHandler
 .text.FDCAN1_IT0_IRQHandler
                0x080012f0       0x10 build/stm32h7xx_it.o
                0x080012f0                FDCAN1_IT0_IRQHandler
 .text.FDCAN2_IT1_IRQHandler
                0x08001300       0x10 build/stm32h7xx_it.o
                0x08001300                FDCAN2_IT1_IRQHandler
 .text.TIM2_IRQHandler
                0x08001310       0x10 build/stm32h7xx_it.o
                0x08001310                TIM2_IRQHandler
 .text.SPI2_IRQHandler
                0x08001320       0x10 build/stm32h7xx_it.o
                0x08001320                SPI2_IRQHandler
 .text.USART1_IRQHandler
                0x08001330       0x10 build/stm32h7xx_it.o
                0x08001330                USART1_IRQHandler
 .text.DMA1_Stream7_IRQHandler
                0x08001340       0x10 build/stm32h7xx_it.o
                0x08001340                DMA1_Stream7_IRQHandler
 .text.UART5_IRQHandler
                0x08001350       0x10 build/stm32h7xx_it.o
                0x08001350                UART5_IRQHandler
 .text.UART7_IRQHandler
                0x08001360       0x10 build/stm32h7xx_it.o
                0x08001360                UART7_IRQHandler
 .text.HAL_MspInit
                0x08001370       0x34 build/stm32h7xx_hal_msp.o
                0x08001370                HAL_MspInit
 .text.HAL_InitTick
                0x080013a4       0x9c build/stm32h7xx_hal_timebase_tim.o
                0x080013a4                HAL_InitTick
 .text.TIM_OC1_SetConfig
                0x08001440       0xa8 build/stm32h7xx_hal_tim.o
 .text.TIM_OC3_SetConfig
                0x080014e8       0x94 build/stm32h7xx_hal_tim.o
 .text.TIM_OC4_SetConfig
                0x0800157c       0x74 build/stm32h7xx_hal_tim.o
 .text.TIM_OC5_SetConfig
                0x080015f0       0x74 build/stm32h7xx_hal_tim.o
 .text.TIM_OC6_SetConfig
                0x08001664       0x74 build/stm32h7xx_hal_tim.o
 .text.HAL_TIM_Base_MspInit
                0x080016d8        0x2 build/stm32h7xx_hal_tim.o
                0x080016d8                HAL_TIM_Base_MspInit
 *fill*         0x080016da        0x2 
 .text.HAL_TIM_Base_Start_IT
                0x080016dc       0xa0 build/stm32h7xx_hal_tim.o
                0x080016dc                HAL_TIM_Base_Start_IT
 .text.HAL_TIM_OC_DelayElapsedCallback
                0x0800177c        0x2 build/stm32h7xx_hal_tim.o
                0x0800177c                HAL_TIM_OC_DelayElapsedCallback
 .text.HAL_TIM_IC_CaptureCallback
                0x0800177e        0x2 build/stm32h7xx_hal_tim.o
                0x0800177e                HAL_TIM_IC_CaptureCallback
 .text.HAL_TIM_PWM_PulseFinishedCallback
                0x08001780        0x2 build/stm32h7xx_hal_tim.o
                0x08001780                HAL_TIM_PWM_PulseFinishedCallback
 .text.HAL_TIM_TriggerCallback
                0x08001782        0x2 build/stm32h7xx_hal_tim.o
                0x08001782                HAL_TIM_TriggerCallback
 .text.HAL_TIM_IRQHandler
                0x08001784      0x17a build/stm32h7xx_hal_tim.o
                0x08001784                HAL_TIM_IRQHandler
 *fill*         0x080018fe        0x2 
 .text.TIM_Base_SetConfig
                0x08001900      0x120 build/stm32h7xx_hal_tim.o
                0x08001900                TIM_Base_SetConfig
 .text.HAL_TIM_Base_Init
                0x08001a20       0x60 build/stm32h7xx_hal_tim.o
                0x08001a20                HAL_TIM_Base_Init
 .text.HAL_TIM_PWM_Init
                0x08001a80       0x60 build/stm32h7xx_hal_tim.o
                0x08001a80                HAL_TIM_PWM_Init
 .text.TIM_OC2_SetConfig
                0x08001ae0       0x94 build/stm32h7xx_hal_tim.o
                0x08001ae0                TIM_OC2_SetConfig
 .text.HAL_TIM_PWM_ConfigChannel
                0x08001b74      0x13a build/stm32h7xx_hal_tim.o
                0x08001b74                HAL_TIM_PWM_ConfigChannel
 *fill*         0x08001cae        0x2 
 .text.HAL_TIMEx_MasterConfigSynchronization
                0x08001cb0       0xb0 build/stm32h7xx_hal_tim_ex.o
                0x08001cb0                HAL_TIMEx_MasterConfigSynchronization
 .text.HAL_TIMEx_CommutCallback
                0x08001d60        0x2 build/stm32h7xx_hal_tim_ex.o
                0x08001d60                HAL_TIMEx_CommutCallback
 .text.HAL_TIMEx_BreakCallback
                0x08001d62        0x2 build/stm32h7xx_hal_tim_ex.o
                0x08001d62                HAL_TIMEx_BreakCallback
 .text.HAL_TIMEx_Break2Callback
                0x08001d64        0x2 build/stm32h7xx_hal_tim_ex.o
                0x08001d64                HAL_TIMEx_Break2Callback
 *fill*         0x08001d66        0x2 
 .text.HAL_NVIC_SetPriorityGrouping
                0x08001d68       0x24 build/stm32h7xx_hal_cortex.o
                0x08001d68                HAL_NVIC_SetPriorityGrouping
 .text.HAL_NVIC_SetPriority
                0x08001d8c       0x6c build/stm32h7xx_hal_cortex.o
                0x08001d8c                HAL_NVIC_SetPriority
 .text.HAL_NVIC_EnableIRQ
                0x08001df8       0x1c build/stm32h7xx_hal_cortex.o
                0x08001df8                HAL_NVIC_EnableIRQ
 .text.HAL_RCC_OscConfig
                0x08001e14      0x5ec build/stm32h7xx_hal_rcc.o
                0x08001e14                HAL_RCC_OscConfig
 .text.HAL_RCC_GetSysClockFreq
                0x08002400      0x1f4 build/stm32h7xx_hal_rcc.o
                0x08002400                HAL_RCC_GetSysClockFreq
 .text.HAL_RCC_ClockConfig
                0x080025f4      0x294 build/stm32h7xx_hal_rcc.o
                0x080025f4                HAL_RCC_ClockConfig
 .text.HAL_RCC_GetHCLKFreq
                0x08002888       0x44 build/stm32h7xx_hal_rcc.o
                0x08002888                HAL_RCC_GetHCLKFreq
 .text.HAL_RCC_GetPCLK1Freq
                0x080028cc       0x24 build/stm32h7xx_hal_rcc.o
                0x080028cc                HAL_RCC_GetPCLK1Freq
 .text.HAL_RCC_GetPCLK2Freq
                0x080028f0       0x24 build/stm32h7xx_hal_rcc.o
                0x080028f0                HAL_RCC_GetPCLK2Freq
 .text.HAL_RCC_GetClockConfig
                0x08002914       0x54 build/stm32h7xx_hal_rcc.o
                0x08002914                HAL_RCC_GetClockConfig
 .text.RCCEx_PLL2_Config
                0x08002968      0x10c build/stm32h7xx_hal_rcc_ex.o
 .text.RCCEx_PLL3_Config
                0x08002a74      0x10c build/stm32h7xx_hal_rcc_ex.o
 .text.HAL_RCCEx_PeriphCLKConfig
                0x08002b80      0xa0c build/stm32h7xx_hal_rcc_ex.o
                0x08002b80                HAL_RCCEx_PeriphCLKConfig
 .text.HAL_RCCEx_GetD3PCLK1Freq
                0x0800358c       0x24 build/stm32h7xx_hal_rcc_ex.o
                0x0800358c                HAL_RCCEx_GetD3PCLK1Freq
 .text.HAL_RCCEx_GetPLL2ClockFreq
                0x080035b0      0x1f8 build/stm32h7xx_hal_rcc_ex.o
                0x080035b0                HAL_RCCEx_GetPLL2ClockFreq
 .text.HAL_RCCEx_GetPLL3ClockFreq
                0x080037a8      0x1f8 build/stm32h7xx_hal_rcc_ex.o
                0x080037a8                HAL_RCCEx_GetPLL3ClockFreq
 .text.HAL_GPIO_Init
                0x080039a0      0x214 build/stm32h7xx_hal_gpio.o
                0x080039a0                HAL_GPIO_Init
 .text.HAL_GPIO_WritePin
                0x08003bb4        0xc build/stm32h7xx_hal_gpio.o
                0x08003bb4                HAL_GPIO_WritePin
 .text.DMA_SetConfig
                0x08003bc0      0x1b4 build/stm32h7xx_hal_dma.o
 .text.DMA_CalcBaseAndBitshift
                0x08003d74       0xb4 build/stm32h7xx_hal_dma.o
 .text.DMA_CheckFifoParam
                0x08003e28       0x92 build/stm32h7xx_hal_dma.o
 *fill*         0x08003eba        0x2 
 .text.DMA_CalcDMAMUXChannelBaseAndMask
                0x08003ebc       0xb0 build/stm32h7xx_hal_dma.o
 .text.DMA_CalcDMAMUXRequestGenBaseAndMask
                0x08003f6c       0x7c build/stm32h7xx_hal_dma.o
 .text.HAL_DMA_Init
                0x08003fe8      0x394 build/stm32h7xx_hal_dma.o
                0x08003fe8                HAL_DMA_Init
 .text.HAL_DMA_Start_IT
                0x0800437c      0x298 build/stm32h7xx_hal_dma.o
                0x0800437c                HAL_DMA_Start_IT
 .text.HAL_DMA_Abort
                0x08004614      0x340 build/stm32h7xx_hal_dma.o
                0x08004614                HAL_DMA_Abort
 .text.HAL_DMA_Abort_IT
                0x08004954      0x270 build/stm32h7xx_hal_dma.o
                0x08004954                HAL_DMA_Abort_IT
 .text.HAL_DMA_IRQHandler
                0x08004bc4      0x738 build/stm32h7xx_hal_dma.o
                0x08004bc4                HAL_DMA_IRQHandler
 .text.HAL_PWREx_ConfigSupply
                0x080052fc       0x54 build/stm32h7xx_hal_pwr_ex.o
                0x080052fc                HAL_PWREx_ConfigSupply
 .text.HAL_Init
                0x08005350       0x5c build/stm32h7xx_hal.o
                0x08005350                HAL_Init
 .text.HAL_IncTick
                0x080053ac       0x18 build/stm32h7xx_hal.o
                0x080053ac                HAL_IncTick
 .text.HAL_GetTick
                0x080053c4        0xc build/stm32h7xx_hal.o
                0x080053c4                HAL_GetTick
 .text.HAL_Delay
                0x080053d0       0x28 build/stm32h7xx_hal.o
                0x080053d0                HAL_Delay
 .text.FDCAN_CalcultateRamBlockAddresses
                0x080053f8      0x1d4 build/stm32h7xx_hal_fdcan.o
 .text.FDCAN_CopyMessageToRAM
                0x080055cc       0x8c build/stm32h7xx_hal_fdcan.o
 .text.HAL_FDCAN_Init
                0x08005658      0x294 build/stm32h7xx_hal_fdcan.o
                0x08005658                HAL_FDCAN_Init
 .text.HAL_FDCAN_ConfigFilter
                0x080058ec       0x88 build/stm32h7xx_hal_fdcan.o
                0x080058ec                HAL_FDCAN_ConfigFilter
 .text.HAL_FDCAN_ConfigGlobalFilter
                0x08005974       0x36 build/stm32h7xx_hal_fdcan.o
                0x08005974                HAL_FDCAN_ConfigGlobalFilter
 .text.HAL_FDCAN_ConfigRxFifoOverwrite
                0x080059aa       0x48 build/stm32h7xx_hal_fdcan.o
                0x080059aa                HAL_FDCAN_ConfigRxFifoOverwrite
 .text.HAL_FDCAN_Start
                0x080059f2       0x34 build/stm32h7xx_hal_fdcan.o
                0x080059f2                HAL_FDCAN_Start
 .text.HAL_FDCAN_AddMessageToTxFifoQ
                0x08005a26       0x76 build/stm32h7xx_hal_fdcan.o
                0x08005a26                HAL_FDCAN_AddMessageToTxFifoQ
 .text.HAL_FDCAN_GetRxMessage
                0x08005a9c      0x1e8 build/stm32h7xx_hal_fdcan.o
                0x08005a9c                HAL_FDCAN_GetRxMessage
 .text.HAL_FDCAN_GetRxFifoFillLevel
                0x08005c84       0x1c build/stm32h7xx_hal_fdcan.o
                0x08005c84                HAL_FDCAN_GetRxFifoFillLevel
 .text.HAL_FDCAN_ActivateNotification
                0x08005ca0       0x90 build/stm32h7xx_hal_fdcan.o
                0x08005ca0                HAL_FDCAN_ActivateNotification
 .text.HAL_FDCAN_ClockCalibrationCallback
                0x08005d30        0x2 build/stm32h7xx_hal_fdcan.o
                0x08005d30                HAL_FDCAN_ClockCalibrationCallback
 .text.HAL_FDCAN_TxEventFifoCallback
                0x08005d32        0x2 build/stm32h7xx_hal_fdcan.o
                0x08005d32                HAL_FDCAN_TxEventFifoCallback
 .text.HAL_FDCAN_TxFifoEmptyCallback
                0x08005d34        0x2 build/stm32h7xx_hal_fdcan.o
                0x08005d34                HAL_FDCAN_TxFifoEmptyCallback
 .text.HAL_FDCAN_TxBufferCompleteCallback
                0x08005d36        0x2 build/stm32h7xx_hal_fdcan.o
                0x08005d36                HAL_FDCAN_TxBufferCompleteCallback
 .text.HAL_FDCAN_TxBufferAbortCallback
                0x08005d38        0x2 build/stm32h7xx_hal_fdcan.o
                0x08005d38                HAL_FDCAN_TxBufferAbortCallback
 .text.HAL_FDCAN_RxBufferNewMessageCallback
                0x08005d3a        0x2 build/stm32h7xx_hal_fdcan.o
                0x08005d3a                HAL_FDCAN_RxBufferNewMessageCallback
 .text.HAL_FDCAN_TimestampWraparoundCallback
                0x08005d3c        0x2 build/stm32h7xx_hal_fdcan.o
                0x08005d3c                HAL_FDCAN_TimestampWraparoundCallback
 .text.HAL_FDCAN_TimeoutOccurredCallback
                0x08005d3e        0x2 build/stm32h7xx_hal_fdcan.o
                0x08005d3e                HAL_FDCAN_TimeoutOccurredCallback
 .text.HAL_FDCAN_HighPriorityMessageCallback
                0x08005d40        0x2 build/stm32h7xx_hal_fdcan.o
                0x08005d40                HAL_FDCAN_HighPriorityMessageCallback
 .text.HAL_FDCAN_ErrorCallback
                0x08005d42        0x2 build/stm32h7xx_hal_fdcan.o
                0x08005d42                HAL_FDCAN_ErrorCallback
 .text.HAL_FDCAN_ErrorStatusCallback
                0x08005d44        0x2 build/stm32h7xx_hal_fdcan.o
                0x08005d44                HAL_FDCAN_ErrorStatusCallback
 .text.HAL_FDCAN_TT_ScheduleSyncCallback
                0x08005d46        0x2 build/stm32h7xx_hal_fdcan.o
                0x08005d46                HAL_FDCAN_TT_ScheduleSyncCallback
 .text.HAL_FDCAN_TT_TimeMarkCallback
                0x08005d48        0x2 build/stm32h7xx_hal_fdcan.o
                0x08005d48                HAL_FDCAN_TT_TimeMarkCallback
 .text.HAL_FDCAN_TT_StopWatchCallback
                0x08005d4a        0x2 build/stm32h7xx_hal_fdcan.o
                0x08005d4a                HAL_FDCAN_TT_StopWatchCallback
 .text.HAL_FDCAN_TT_GlobalTimeCallback
                0x08005d4c        0x2 build/stm32h7xx_hal_fdcan.o
                0x08005d4c                HAL_FDCAN_TT_GlobalTimeCallback
 *fill*         0x08005d4e        0x2 
 .text.HAL_FDCAN_IRQHandler
                0x08005d50      0x31c build/stm32h7xx_hal_fdcan.o
                0x08005d50                HAL_FDCAN_IRQHandler
 .text.SPI_CloseTransfer
                0x0800606c       0xd0 build/stm32h7xx_hal_spi.o
 .text.SPI_GetPacketSize
                0x0800613c       0x10 build/stm32h7xx_hal_spi.o
 .text.SPI_WaitOnFlagUntilTimeout
                0x0800614c       0x46 build/stm32h7xx_hal_spi.o
 *fill*         0x08006192        0x2 
 .text.HAL_SPI_Init
                0x08006194      0x190 build/stm32h7xx_hal_spi.o
                0x08006194                HAL_SPI_Init
 .text.HAL_SPI_TransmitReceive
                0x08006324      0x494 build/stm32h7xx_hal_spi.o
                0x08006324                HAL_SPI_TransmitReceive
 .text.HAL_SPI_TxCpltCallback
                0x080067b8        0x2 build/stm32h7xx_hal_spi.o
                0x080067b8                HAL_SPI_TxCpltCallback
 .text.HAL_SPI_RxCpltCallback
                0x080067ba        0x2 build/stm32h7xx_hal_spi.o
                0x080067ba                HAL_SPI_RxCpltCallback
 .text.HAL_SPI_TxRxCpltCallback
                0x080067bc        0x2 build/stm32h7xx_hal_spi.o
                0x080067bc                HAL_SPI_TxRxCpltCallback
 .text.HAL_SPI_ErrorCallback
                0x080067be        0x2 build/stm32h7xx_hal_spi.o
                0x080067be                HAL_SPI_ErrorCallback
 .text.SPI_DMAAbortOnError
                0x080067c0       0x1a build/stm32h7xx_hal_spi.o
 .text.HAL_SPI_SuspendCallback
                0x080067da        0x2 build/stm32h7xx_hal_spi.o
                0x080067da                HAL_SPI_SuspendCallback
 .text.HAL_SPI_IRQHandler
                0x080067dc      0x240 build/stm32h7xx_hal_spi.o
                0x080067dc                HAL_SPI_IRQHandler
 .text.SystemInit
                0x08006a1c       0xd0 build/system_stm32h7xx.o
                0x08006a1c                SystemInit
 .text.ExitRun0Mode
                0x08006aec       0x1c build/system_stm32h7xx.o
                0x08006aec                ExitRun0Mode
 .text.vListInitialise
                0x08006b08       0x16 build/list.o
                0x08006b08                vListInitialise
 .text.vListInitialiseItem
                0x08006b1e        0x6 build/list.o
                0x08006b1e                vListInitialiseItem
 .text.vListInsertEnd
                0x08006b24       0x16 build/list.o
                0x08006b24                vListInsertEnd
 .text.vListInsert
                0x08006b3a       0x32 build/list.o
                0x08006b3a                vListInsert
 .text.uxListRemove
                0x08006b6c       0x26 build/list.o
                0x08006b6c                uxListRemove
 *fill*         0x08006b92        0x2 
 .text.prvResetNextTaskUnblockTime
                0x08006b94       0x2c build/tasks.o
 .text.prvInitialiseNewTask
                0x08006bc0       0xa2 build/tasks.o
 *fill*         0x08006c62        0x2 
 .text.prvInitialiseTaskLists
                0x08006c64       0x68 build/tasks.o
 .text.prvAddNewTaskToReadyList
                0x08006ccc       0xa8 build/tasks.o
 .text.prvDeleteTCB
                0x08006d74       0x38 build/tasks.o
 .text.prvCheckTasksWaitingTermination
                0x08006dac       0x4c build/tasks.o
 .text.prvIdleTask
                0x08006df8       0x28 build/tasks.o
 .text.prvAddCurrentTaskToDelayedList
                0x08006e20       0xa0 build/tasks.o
 .text.xTaskCreateStatic
                0x08006ec0       0x76 build/tasks.o
                0x08006ec0                xTaskCreateStatic
 .text.xTaskCreate
                0x08006f36       0x68 build/tasks.o
                0x08006f36                xTaskCreate
 *fill*         0x08006f9e        0x2 
 .text.vTaskStartScheduler
                0x08006fa0       0x74 build/tasks.o
                0x08006fa0                vTaskStartScheduler
 .text.vTaskSuspendAll
                0x08007014       0x10 build/tasks.o
                0x08007014                vTaskSuspendAll
 .text.xTaskIncrementTick
                0x08007024      0x118 build/tasks.o
                0x08007024                xTaskIncrementTick
 .text.xTaskResumeAll
                0x0800713c       0xf8 build/tasks.o
                0x0800713c                xTaskResumeAll
 .text.vTaskDelay
                0x08007234       0x4c build/tasks.o
                0x08007234                vTaskDelay
 .text.vTaskSwitchContext
                0x08007280       0x98 build/tasks.o
                0x08007280                vTaskSwitchContext
 .text.makeFreeRtosPriority
                0x08007318        0xc build/cmsis_os.o
 .text.osKernelStart
                0x08007324        0xa build/cmsis_os.o
                0x08007324                osKernelStart
 .text.osThreadCreate
                0x0800732e       0x6a build/cmsis_os.o
                0x0800732e                osThreadCreate
 .text.osDelay  0x08007398        0xe build/cmsis_os.o
                0x08007398                osDelay
 *fill*         0x080073a6        0x2 
 .text.prvHeapInit
                0x080073a8       0x64 build/heap_4.o
 .text.prvInsertBlockIntoFreeList
                0x0800740c       0x64 build/heap_4.o
 .text.pvPortMalloc
                0x08007470       0xfc build/heap_4.o
                0x08007470                pvPortMalloc
 .text.vPortFree
                0x0800756c       0x7c build/heap_4.o
                0x0800756c                vPortFree
 .text.prvTaskExitError
                0x080075e8       0x40 build/port.o
 .text.prvPortStartFirstTask
                0x08007628       0x28 build/port.o
 .text.vPortEnableVFP
                0x08007650       0x14 build/port.o
 .text.pxPortInitialiseStack
                0x08007664       0x2c build/port.o
                0x08007664                pxPortInitialiseStack
 .text.SVC_Handler
                0x08007690       0x24 build/port.o
                0x08007690                SVC_Handler
 .text.vPortEnterCritical
                0x080076b4       0x44 build/port.o
                0x080076b4                vPortEnterCritical
 .text.vPortExitCritical
                0x080076f8       0x2c build/port.o
                0x080076f8                vPortExitCritical
 *fill*         0x08007724        0xc 
 .text.PendSV_Handler
                0x08007730       0x64 build/port.o
                0x08007730                PendSV_Handler
 .text.SysTick_Handler
                0x08007794       0x2c build/port.o
                0x08007794                SysTick_Handler
 .text.vPortSetupTimerInterrupt
                0x080077c0       0x28 build/port.o
                0x080077c0                vPortSetupTimerInterrupt
 .text.xPortStartScheduler
                0x080077e8      0x118 build/port.o
                0x080077e8                xPortStartScheduler
 .text._sbrk    0x08007900       0x48 build/sysmem.o
                0x08007900                _sbrk
 .text.CANAddFilter
                0x08007948       0x5c build/bsp_can.o
 .text.FDCANFIFOxCallback
                0x080079a4       0xa4 build/bsp_can.o
 .text.FDCAN1_Config
                0x08007a48       0x48 build/bsp_can.o
                0x08007a48                FDCAN1_Config
 .text.canx_send_data
                0x08007a90       0x26 build/bsp_can.o
                0x08007a90                canx_send_data
 *fill*         0x08007ab6        0x2 
 .text.CANServiceInit
                0x08007ab8       0x40 build/bsp_can.o
                0x08007ab8                CANServiceInit
 .text.CANRegister
                0x08007af8       0x98 build/bsp_can.o
                0x08007af8                CANRegister
 .text.HAL_FDCAN_RxFifo0Callback
                0x08007b90       0x58 build/bsp_can.o
                0x08007b90                HAL_FDCAN_RxFifo0Callback
 .text.HAL_FDCAN_RxFifo1Callback
                0x08007be8       0x12 build/bsp_can.o
                0x08007be8                HAL_FDCAN_RxFifo1Callback
 *fill*         0x08007bfa        0x2 
 .text.DWT_CNT_Update
                0x08007bfc       0x30 build/bsp_dwt.o
 .text.DWT_Init
                0x08007c2c       0x68 build/bsp_dwt.o
                0x08007c2c                DWT_Init
 .text.DWT_GetDeltaT
                0x08007c94       0x48 build/bsp_dwt.o
                0x08007c94                DWT_GetDeltaT
 .text.DWT_SysTimeUpdate
                0x08007cdc       0xcc build/bsp_dwt.o
                0x08007cdc                DWT_SysTimeUpdate
 .text.DWT_GetTimeline_s
                0x08007da8       0x4c build/bsp_dwt.o
                0x08007da8                DWT_GetTimeline_s
 .text.DWT_Delay
                0x08007df4       0x34 build/bsp_dwt.o
                0x08007df4                DWT_Delay
 .text.HAL_UARTEx_RxEventCallback
                0x08007e28       0xe4 build/bsp_usart.o
                0x08007e28                HAL_UARTEx_RxEventCallback
 .text.HAL_UART_ErrorCallback
                0x08007f0c       0xcc build/bsp_usart.o
                0x08007f0c                HAL_UART_ErrorCallback
 .text.invSqrt  0x08007fd8       0x30 build/QuaternionEKF.o
 .text.IMU_QuaternionEKF_F_Linearization_P_Fading
                0x08008008      0x1a0 build/QuaternionEKF.o
 .text.IMU_QuaternionEKF_Observe
                0x080081a8       0x38 build/QuaternionEKF.o
 .text.IMU_QuaternionEKF_xhatUpdate
                0x080081e0      0x43c build/QuaternionEKF.o
 .text.IMU_QuaternionEKF_SetH
                0x0800861c       0xe4 build/QuaternionEKF.o
 .text.IMU_QuaternionEKF_Init
                0x08008700       0xe4 build/QuaternionEKF.o
                0x08008700                IMU_QuaternionEKF_Init
 .text.IMU_QuaternionEKF_Update
                0x080087e4      0x448 build/QuaternionEKF.o
                0x080087e4                IMU_QuaternionEKF_Update
 .text.H_K_R_Adjustment
                0x08008c2c      0x118 build/kalman_filter.o
 .text.Kalman_Filter_Init
                0x08008d44      0x42c build/kalman_filter.o
                0x08008d44                Kalman_Filter_Init
 .text.Kalman_Filter_Measure
                0x08009170       0x4c build/kalman_filter.o
                0x08009170                Kalman_Filter_Measure
 .text.Kalman_Filter_xhatMinusUpdate
                0x080091bc       0x76 build/kalman_filter.o
                0x080091bc                Kalman_Filter_xhatMinusUpdate
 .text.Kalman_Filter_PminusUpdate
                0x08009232       0x68 build/kalman_filter.o
                0x08009232                Kalman_Filter_PminusUpdate
 .text.Kalman_Filter_SetK
                0x0800929a       0xcc build/kalman_filter.o
                0x0800929a                Kalman_Filter_SetK
 .text.Kalman_Filter_xhatUpdate
                0x08009366       0x82 build/kalman_filter.o
                0x08009366                Kalman_Filter_xhatUpdate
 .text.Kalman_Filter_P_Update
                0x080093e8       0x64 build/kalman_filter.o
                0x080093e8                Kalman_Filter_P_Update
 .text.Kalman_Filter_Update
                0x0800944c       0xf8 build/kalman_filter.o
                0x0800944c                Kalman_Filter_Update
 .text.RotationMatrix_update
                0x08009544       0xae build/mahony_filter.o
                0x08009544                RotationMatrix_update
 .text.mahony_input
                0x080095f2       0x38 build/mahony_filter.o
                0x080095f2                mahony_input
 .text.mahony_update
                0x0800962a      0x202 build/mahony_filter.o
                0x0800962a                mahony_update
 .text.mahony_output
                0x0800982c       0x36 build/mahony_filter.o
                0x0800982c                mahony_output
 *fill*         0x08009862        0x2 
 .text.mahony_init
                0x08009864       0x38 build/mahony_filter.o
                0x08009864                mahony_init
 .text.PIDInit  0x0800989c       0x4a build/controller.o
                0x0800989c                PIDInit
 .text.PID_init
                0x080098e6       0x3c build/pid.o
                0x080098e6                PID_init
 *fill*         0x08009922        0x2 
 .text.PID_Calc
                0x08009924      0x158 build/pid.o
                0x08009924                PID_Calc
 .text.InverseKinematics
                0x08009a7c      0x128 build/kinematics.o
                0x08009a7c                InverseKinematics
 .text.DaemonRegister
                0x08009ba4       0x48 build/daemon.o
                0x08009ba4                DaemonRegister
 .text.DaemonReload
                0x08009bec        0x6 build/daemon.o
                0x08009bec                DaemonReload
 .text.BMI088_read_muli_reg
                0x08009bf2       0x24 build/BMI088driver.o
 .text.BMI088_write_single_reg
                0x08009c16       0x10 build/BMI088driver.o
 .text.BMI088_read_single_reg
                0x08009c26       0x16 build/BMI088driver.o
 .text.Calibrate_MPU_Offset
                0x08009c3c      0x594 build/BMI088driver.o
 .text.bmi088_accel_init
                0x0800a1d0      0x144 build/BMI088driver.o
                0x0800a1d0                bmi088_accel_init
 .text.bmi088_gyro_init
                0x0800a314      0x118 build/BMI088driver.o
                0x0800a314                bmi088_gyro_init
 .text.BMI088_init
                0x0800a42c       0x84 build/BMI088driver.o
                0x0800a42c                BMI088_init
 .text.BMI088_Read
                0x0800a4b0      0x280 build/BMI088driver.o
                0x0800a4b0                BMI088_Read
 .text.BMI088_ACCEL_NS_L
                0x0800a730       0x14 build/BMI088Middleware.o
                0x0800a730                BMI088_ACCEL_NS_L
 .text.BMI088_ACCEL_NS_H
                0x0800a744       0x14 build/BMI088Middleware.o
                0x0800a744                BMI088_ACCEL_NS_H
 .text.BMI088_GYRO_NS_L
                0x0800a758       0x14 build/BMI088Middleware.o
                0x0800a758                BMI088_GYRO_NS_L
 .text.BMI088_GYRO_NS_H
                0x0800a76c       0x14 build/BMI088Middleware.o
                0x0800a76c                BMI088_GYRO_NS_H
 .text.BMI088_read_write_byte
                0x0800a780       0x30 build/BMI088Middleware.o
                0x0800a780                BMI088_read_write_byte
 .text.MotorSenderGrouping
                0x0800a7b0       0x7c build/djimotor.o
 .text.DJIMotorLostCallback
                0x0800a82c        0x2 build/djimotor.o
 *fill*         0x0800a82e        0x2 
 .text.DecodeDJIMotor
                0x0800a830      0x108 build/djimotor.o
 .text.DJIMotorStop
                0x0800a938        0x8 build/djimotor.o
                0x0800a938                DJIMotorStop
 .text.DJIMotorEnable
                0x0800a940        0x8 build/djimotor.o
                0x0800a940                DJIMotorEnable
 .text.DJIMotorInit
                0x0800a948       0xd0 build/djimotor.o
                0x0800a948                DJIMotorInit
 .text.float_to_uint
                0x0800aa18       0x28 build/dmmotor.o
                0x0800aa18                float_to_uint
 .text.uint_to_float
                0x0800aa40       0x28 build/dmmotor.o
                0x0800aa40                uint_to_float
 .text.joint_motor_init
                0x0800aa68        0x6 build/dmmotor.o
                0x0800aa68                joint_motor_init
 .text.Dm8009_Fbdata
                0x0800aa6e       0x90 build/dmmotor.o
                0x0800aa6e                Dm8009_Fbdata
 .text.Enable_Motor_Mode
                0x0800aafe       0x3a build/dmmotor.o
                0x0800aafe                Enable_Motor_Mode
 .text.Mit_Ctrl
                0x0800ab38       0xdc build/dmmotor.o
                0x0800ab38                Mit_Ctrl
 .text.Sqrt     0x0800ac14       0x5c build/user_lib.o
                0x0800ac14                Sqrt
 .text.Norm3d   0x0800ac70       0x4c build/user_lib.o
                0x0800ac70                Norm3d
 .text.Cross3d  0x0800acbc       0x62 build/user_lib.o
                0x0800acbc                Cross3d
 .text.Dot3d    0x0800ad1e       0x2e build/user_lib.o
                0x0800ad1e                Dot3d
 .text.InitQuaternion
                0x0800ad4c      0x108 build/ins_task.o
 .text.INS_Init
                0x0800ae54       0x84 build/ins_task.o
                0x0800ae54                INS_Init
 .text.BodyFrameToEarthFrame
                0x0800aed8      0x126 build/ins_task.o
                0x0800aed8                BodyFrameToEarthFrame
 .text.EarthFrameToBodyFrame
                0x0800affe      0x126 build/ins_task.o
                0x0800affe                EarthFrameToBodyFrame
 .text.INS_task
                0x0800b124      0x268 build/ins_task.o
                0x0800b124                INS_task
 .text.ChassisR_Init
                0x0800b38c       0xd4 build/chassisR_task.o
 .text.ChassisR_Debug
                0x0800b460       0xc8 build/chassisR_task.o
 .text.Pensation_Init
                0x0800b528       0x5c build/chassisR_task.o
                0x0800b528                Pensation_Init
 .text.ChassisR_Task
                0x0800b584      0x128 build/chassisR_task.o
                0x0800b584                ChassisR_Task
 .text.RobotInit
                0x0800b6ac       0x10 build/Robot.o
                0x0800b6ac                RobotInit
 .text._getpid  0x0800b6bc        0x4 build/syscalls.o
                0x0800b6bc                _getpid
 .text._kill    0x0800b6c0       0x10 build/syscalls.o
                0x0800b6c0                _kill
 .text._exit    0x0800b6d0        0xc build/syscalls.o
                0x0800b6d0                _exit
 .text._read    0x0800b6dc       0x20 build/syscalls.o
                0x0800b6dc                _read
 .text._write   0x0800b6fc       0x1c build/syscalls.o
                0x0800b6fc                _write
 .text._close   0x0800b718        0x6 build/syscalls.o
                0x0800b718                _close
 .text._fstat   0x0800b71e        0xa build/syscalls.o
                0x0800b71e                _fstat
 .text._isatty  0x0800b728        0x4 build/syscalls.o
                0x0800b728                _isatty
 .text._lseek   0x0800b72c        0x4 build/syscalls.o
                0x0800b72c                _lseek
 .text.MX_UART5_Init
                0x0800b730       0x70 build/usart.o
                0x0800b730                MX_UART5_Init
 .text.MX_UART7_Init
                0x0800b7a0       0x68 build/usart.o
                0x0800b7a0                MX_UART7_Init
 .text.MX_USART1_UART_Init
                0x0800b808       0x68 build/usart.o
                0x0800b808                MX_USART1_UART_Init
 .text.HAL_UART_MspInit
                0x0800b870      0x264 build/usart.o
                0x0800b870                HAL_UART_MspInit
 .text.UART_EndTxTransfer
                0x0800bad4       0x32 build/stm32h7xx_hal_uart.o
 *fill*         0x0800bb06        0x2 
 .text.UART_EndRxTransfer
                0x0800bb08       0x58 build/stm32h7xx_hal_uart.o
 .text.HAL_UART_TxCpltCallback
                0x0800bb60        0x2 build/stm32h7xx_hal_uart.o
                0x0800bb60                HAL_UART_TxCpltCallback
 .text.UART_EndTransmit_IT
                0x0800bb62       0x24 build/stm32h7xx_hal_uart.o
 .text.HAL_UART_RxCpltCallback
                0x0800bb86        0x2 build/stm32h7xx_hal_uart.o
                0x0800bb86                HAL_UART_RxCpltCallback
 .text.HAL_UART_RxHalfCpltCallback
                0x0800bb88        0x2 build/stm32h7xx_hal_uart.o
                0x0800bb88                HAL_UART_RxHalfCpltCallback
 .text.UART_DMAError
                0x0800bb8a       0x58 build/stm32h7xx_hal_uart.o
 .text.UART_DMAAbortOnError
                0x0800bbe2       0x10 build/stm32h7xx_hal_uart.o
 *fill*         0x0800bbf2        0x2 
 .text.HAL_UART_IRQHandler
                0x0800bbf4      0x3d4 build/stm32h7xx_hal_uart.o
                0x0800bbf4                HAL_UART_IRQHandler
 .text.UART_DMARxHalfCplt
                0x0800bfc8       0x20 build/stm32h7xx_hal_uart.o
 .text.UART_DMAReceiveCplt
                0x0800bfe8       0x90 build/stm32h7xx_hal_uart.o
 .text.UART_SetConfig
                0x0800c078      0x6bc build/stm32h7xx_hal_uart.o
                0x0800c078                UART_SetConfig
 .text.UART_AdvFeatureConfig
                0x0800c734       0xca build/stm32h7xx_hal_uart.o
                0x0800c734                UART_AdvFeatureConfig
 .text.UART_WaitOnFlagUntilTimeout
                0x0800c7fe       0xaa build/stm32h7xx_hal_uart.o
                0x0800c7fe                UART_WaitOnFlagUntilTimeout
 .text.UART_CheckIdleState
                0x0800c8a8       0xca build/stm32h7xx_hal_uart.o
                0x0800c8a8                UART_CheckIdleState
 .text.HAL_UART_Init
                0x0800c972       0x66 build/stm32h7xx_hal_uart.o
                0x0800c972                HAL_UART_Init
 .text.UART_Start_Receive_DMA
                0x0800c9d8       0xb0 build/stm32h7xx_hal_uart.o
                0x0800c9d8                UART_Start_Receive_DMA
 .text.UARTEx_SetNbDataToProcess
                0x0800ca88       0x4c build/stm32h7xx_hal_uart_ex.o
 .text.HAL_UARTEx_WakeupCallback
                0x0800cad4        0x2 build/stm32h7xx_hal_uart_ex.o
                0x0800cad4                HAL_UARTEx_WakeupCallback
 .text.HAL_UARTEx_RxFifoFullCallback
                0x0800cad6        0x2 build/stm32h7xx_hal_uart_ex.o
                0x0800cad6                HAL_UARTEx_RxFifoFullCallback
 .text.HAL_UARTEx_TxFifoEmptyCallback
                0x0800cad8        0x2 build/stm32h7xx_hal_uart_ex.o
                0x0800cad8                HAL_UARTEx_TxFifoEmptyCallback
 .text.HAL_UARTEx_DisableFifoMode
                0x0800cada       0x3e build/stm32h7xx_hal_uart_ex.o
                0x0800cada                HAL_UARTEx_DisableFifoMode
 .text.HAL_UARTEx_SetTxFifoThreshold
                0x0800cb18       0x4a build/stm32h7xx_hal_uart_ex.o
                0x0800cb18                HAL_UARTEx_SetTxFifoThreshold
 .text.HAL_UARTEx_SetRxFifoThreshold
                0x0800cb62       0x4a build/stm32h7xx_hal_uart_ex.o
                0x0800cb62                HAL_UARTEx_SetRxFifoThreshold
 .text.HAL_UARTEx_ReceiveToIdle_DMA
                0x0800cbac       0x50 build/stm32h7xx_hal_uart_ex.o
                0x0800cbac                HAL_UARTEx_ReceiveToIdle_DMA
 .text.Reset_Handler
                0x0800cbfc       0x54 build/startup_stm32h723xx.o
                0x0800cbfc                Reset_Handler
 .text.Default_Handler
                0x0800cc50        0x2 build/startup_stm32h723xx.o
                0x0800cc50                RTC_Alarm_IRQHandler
                0x0800cc50                EXTI2_IRQHandler
                0x0800cc50                TIM8_CC_IRQHandler
                0x0800cc50                UART8_IRQHandler
                0x0800cc50                SPI4_IRQHandler
                0x0800cc50                FDCAN3_IT0_IRQHandler
                0x0800cc50                TIM1_CC_IRQHandler
                0x0800cc50                BDMA_Channel6_IRQHandler
                0x0800cc50                DMA2_Stream5_IRQHandler
                0x0800cc50                DMA1_Stream5_IRQHandler
                0x0800cc50                CORDIC_IRQHandler
                0x0800cc50                BDMA_Channel1_IRQHandler
                0x0800cc50                TAMP_STAMP_IRQHandler
                0x0800cc50                EXTI3_IRQHandler
                0x0800cc50                LPTIM4_IRQHandler
                0x0800cc50                TIM8_TRG_COM_TIM14_IRQHandler
                0x0800cc50                LPTIM2_IRQHandler
                0x0800cc50                DFSDM1_FLT1_IRQHandler
                0x0800cc50                DMAMUX2_OVR_IRQHandler
                0x0800cc50                TIM8_UP_TIM13_IRQHandler
                0x0800cc50                I2C3_ER_IRQHandler
                0x0800cc50                DFSDM1_FLT2_IRQHandler
                0x0800cc50                I2C5_EV_IRQHandler
                0x0800cc50                USART10_IRQHandler
                0x0800cc50                MDMA_IRQHandler
                0x0800cc50                LPTIM3_IRQHandler
                0x0800cc50                HSEM1_IRQHandler
                0x0800cc50                EXTI0_IRQHandler
                0x0800cc50                I2C2_EV_IRQHandler
                0x0800cc50                FPU_IRQHandler
                0x0800cc50                OTG_HS_WKUP_IRQHandler
                0x0800cc50                FDCAN1_IT1_IRQHandler
                0x0800cc50                LTDC_ER_IRQHandler
                0x0800cc50                DMA2_Stream2_IRQHandler
                0x0800cc50                SPI1_IRQHandler
                0x0800cc50                OCTOSPI1_IRQHandler
                0x0800cc50                TIM6_DAC_IRQHandler
                0x0800cc50                DMA2_Stream3_IRQHandler
                0x0800cc50                OCTOSPI2_IRQHandler
                0x0800cc50                DFSDM1_FLT3_IRQHandler
                0x0800cc50                TIM23_IRQHandler
                0x0800cc50                USART6_IRQHandler
                0x0800cc50                TIM17_IRQHandler
                0x0800cc50                USART3_IRQHandler
                0x0800cc50                BDMA_Channel7_IRQHandler
                0x0800cc50                LPTIM5_IRQHandler
                0x0800cc50                ADC3_IRQHandler
                0x0800cc50                DMA2_Stream0_IRQHandler
                0x0800cc50                TIM4_IRQHandler
                0x0800cc50                BDMA_Channel2_IRQHandler
                0x0800cc50                I2C1_EV_IRQHandler
                0x0800cc50                DMA1_Stream6_IRQHandler
                0x0800cc50                DMAMUX1_OVR_IRQHandler
                0x0800cc50                TIM16_IRQHandler
                0x0800cc50                UART4_IRQHandler
                0x0800cc50                BDMA_Channel5_IRQHandler
                0x0800cc50                TIM3_IRQHandler
                0x0800cc50                RCC_IRQHandler
                0x0800cc50                UART9_IRQHandler
                0x0800cc50                TIM8_BRK_TIM12_IRQHandler
                0x0800cc50                TIM1_TRG_COM_IRQHandler
                0x0800cc50                Default_Handler
                0x0800cc50                ECC_IRQHandler
                0x0800cc50                FMAC_IRQHandler
                0x0800cc50                CEC_IRQHandler
                0x0800cc50                EXTI15_10_IRQHandler
                0x0800cc50                BDMA_Channel0_IRQHandler
                0x0800cc50                ADC_IRQHandler
                0x0800cc50                I2C5_ER_IRQHandler
                0x0800cc50                SPI5_IRQHandler
                0x0800cc50                TIM7_IRQHandler
                0x0800cc50                FDCAN3_IT1_IRQHandler
                0x0800cc50                SDMMC1_IRQHandler
                0x0800cc50                TIM5_IRQHandler
                0x0800cc50                DMA2_Stream7_IRQHandler
                0x0800cc50                TIM15_IRQHandler
                0x0800cc50                PVD_AVD_IRQHandler
                0x0800cc50                I2C3_EV_IRQHandler
                0x0800cc50                EXTI9_5_IRQHandler
                0x0800cc50                RTC_WKUP_IRQHandler
                0x0800cc50                LTDC_IRQHandler
                0x0800cc50                ETH_WKUP_IRQHandler
                0x0800cc50                SPDIF_RX_IRQHandler
                0x0800cc50                OTG_HS_EP1_IN_IRQHandler
                0x0800cc50                TIM24_IRQHandler
                0x0800cc50                CRS_IRQHandler
                0x0800cc50                EXTI4_IRQHandler
                0x0800cc50                RNG_IRQHandler
                0x0800cc50                ETH_IRQHandler
                0x0800cc50                TIM1_UP_IRQHandler
                0x0800cc50                BDMA_Channel4_IRQHandler
                0x0800cc50                OTG_HS_EP1_OUT_IRQHandler
                0x0800cc50                WWDG_IRQHandler
                0x0800cc50                SPI6_IRQHandler
                0x0800cc50                MDIOS_IRQHandler
                0x0800cc50                I2C4_EV_IRQHandler
                0x0800cc50                FDCAN2_IT0_IRQHandler
                0x0800cc50                LPUART1_IRQHandler
                0x0800cc50                OTG_HS_IRQHandler
                0x0800cc50                DMA2D_IRQHandler
                0x0800cc50                TIM1_BRK_IRQHandler
                0x0800cc50                EXTI1_IRQHandler
                0x0800cc50                SDMMC2_IRQHandler
                0x0800cc50                BDMA_Channel3_IRQHandler
                0x0800cc50                DTS_IRQHandler
                0x0800cc50                MDIOS_WKUP_IRQHandler
                0x0800cc50                USART2_IRQHandler
                0x0800cc50                DFSDM1_FLT0_IRQHandler
                0x0800cc50                SAI4_IRQHandler
                0x0800cc50                I2C2_ER_IRQHandler
                0x0800cc50                DMA2_Stream1_IRQHandler
                0x0800cc50                FLASH_IRQHandler
                0x0800cc50                DMA2_Stream4_IRQHandler
                0x0800cc50                SPI3_IRQHandler
                0x0800cc50                WAKEUP_PIN_IRQHandler
                0x0800cc50                DMA1_Stream4_IRQHandler
                0x0800cc50                I2C1_ER_IRQHandler
                0x0800cc50                FMC_IRQHandler
                0x0800cc50                FDCAN_CAL_IRQHandler
                0x0800cc50                SWPMI1_IRQHandler
                0x0800cc50                COMP1_IRQHandler
                0x0800cc50                LPTIM1_IRQHandler
                0x0800cc50                DCMI_PSSI_IRQHandler
                0x0800cc50                I2C4_ER_IRQHandler
                0x0800cc50                DMA2_Stream6_IRQHandler
                0x0800cc50                SAI1_IRQHandler
                0x0800cc50                DMA1_Stream3_IRQHandler
 *fill*         0x0800cc52        0x2 
 .text.__errno  0x0800cc54        0xc d:/vs_stm32/gcc-arm-2021/2021.10/bin/../lib/gcc/arm-none-eabi/10.3.1/../../../../arm-none-eabi/lib/thumb/v7e-m+dp/hard\libc_nano.a(lib_a-errno.o)
                0x0800cc54                __errno
 .text.__libc_init_array
                0x0800cc60       0x48 d:/vs_stm32/gcc-arm-2021/2021.10/bin/../lib/gcc/arm-none-eabi/10.3.1/../../../../arm-none-eabi/lib/thumb/v7e-m+dp/hard\libc_nano.a(lib_a-init.o)
                0x0800cc60                __libc_init_array
 .text.malloc   0x0800cca8       0x10 d:/vs_stm32/gcc-arm-2021/2021.10/bin/../lib/gcc/arm-none-eabi/10.3.1/../../../../arm-none-eabi/lib/thumb/v7e-m+dp/hard\libc_nano.a(lib_a-malloc.o)
                0x0800cca8                malloc
 .text.memcpy   0x0800ccb8       0x1c d:/vs_stm32/gcc-arm-2021/2021.10/bin/../lib/gcc/arm-none-eabi/10.3.1/../../../../arm-none-eabi/lib/thumb/v7e-m+dp/hard\libc_nano.a(lib_a-memcpy-stub.o)
                0x0800ccb8                memcpy
 .text.memset   0x0800ccd4       0x10 d:/vs_stm32/gcc-arm-2021/2021.10/bin/../lib/gcc/arm-none-eabi/10.3.1/../../../../arm-none-eabi/lib/thumb/v7e-m+dp/hard\libc_nano.a(lib_a-memset.o)
                0x0800ccd4                memset
 .text._free_r  0x0800cce4       0x98 d:/vs_stm32/gcc-arm-2021/2021.10/bin/../lib/gcc/arm-none-eabi/10.3.1/../../../../arm-none-eabi/lib/thumb/v7e-m+dp/hard\libc_nano.a(lib_a-nano-freer.o)
                0x0800cce4                _free_r
 .text.sbrk_aligned
                0x0800cd7c       0x40 d:/vs_stm32/gcc-arm-2021/2021.10/bin/../lib/gcc/arm-none-eabi/10.3.1/../../../../arm-none-eabi/lib/thumb/v7e-m+dp/hard\libc_nano.a(lib_a-nano-mallocr.o)
 .text._malloc_r
                0x0800cdbc       0xe8 d:/vs_stm32/gcc-arm-2021/2021.10/bin/../lib/gcc/arm-none-eabi/10.3.1/../../../../arm-none-eabi/lib/thumb/v7e-m+dp/hard\libc_nano.a(lib_a-nano-mallocr.o)
                0x0800cdbc                _malloc_r
 .text.__cvt    0x0800cea4       0xa4 d:/vs_stm32/gcc-arm-2021/2021.10/bin/../lib/gcc/arm-none-eabi/10.3.1/../../../../arm-none-eabi/lib/thumb/v7e-m+dp/hard\libc_nano.a(lib_a-nano-vfprintf_float.o)
                0x0800cea4                __cvt
 .text.__exponent
                0x0800cf48       0x7c d:/vs_stm32/gcc-arm-2021/2021.10/bin/../lib/gcc/arm-none-eabi/10.3.1/../../../../arm-none-eabi/lib/thumb/v7e-m+dp/hard\libc_nano.a(lib_a-nano-vfprintf_float.o)
                0x0800cf48                __exponent
 *fill*         0x0800cfc4        0x4 
 .text._printf_float
                0x0800cfc8      0x43c d:/vs_stm32/gcc-arm-2021/2021.10/bin/../lib/gcc/arm-none-eabi/10.3.1/../../../../arm-none-eabi/lib/thumb/v7e-m+dp/hard\libc_nano.a(lib_a-nano-vfprintf_float.o)
                0x0800cfc8                _printf_float
 .text._printf_common
                0x0800d404       0xda d:/vs_stm32/gcc-arm-2021/2021.10/bin/../lib/gcc/arm-none-eabi/10.3.1/../../../../arm-none-eabi/lib/thumb/v7e-m+dp/hard\libc_nano.a(lib_a-nano-vfprintf_i.o)
                0x0800d404                _printf_common
 *fill*         0x0800d4de        0x2 
 .text._printf_i
                0x0800d4e0      0x24c d:/vs_stm32/gcc-arm-2021/2021.10/bin/../lib/gcc/arm-none-eabi/10.3.1/../../../../arm-none-eabi/lib/thumb/v7e-m+dp/hard\libc_nano.a(lib_a-nano-vfprintf_i.o)
                0x0800d4e0                _printf_i
 .text._sbrk_r  0x0800d72c       0x20 d:/vs_stm32/gcc-arm-2021/2021.10/bin/../lib/gcc/arm-none-eabi/10.3.1/../../../../arm-none-eabi/lib/thumb/v7e-m+dp/hard\libc_nano.a(lib_a-sbrkr.o)
                0x0800d72c                _sbrk_r
 .text.quorem   0x0800d74c      0x116 d:/vs_stm32/gcc-arm-2021/2021.10/bin/../lib/gcc/arm-none-eabi/10.3.1/../../../../arm-none-eabi/lib/thumb/v7e-m+dp/hard\libc_nano.a(lib_a-dtoa.o)
 *fill*         0x0800d862        0x6 
 .text._dtoa_r  0x0800d868      0xadc d:/vs_stm32/gcc-arm-2021/2021.10/bin/../lib/gcc/arm-none-eabi/10.3.1/../../../../arm-none-eabi/lib/thumb/v7e-m+dp/hard\libc_nano.a(lib_a-dtoa.o)
                0x0800d868                _dtoa_r
 .text._localeconv_r
                0x0800e344        0x8 d:/vs_stm32/gcc-arm-2021/2021.10/bin/../lib/gcc/arm-none-eabi/10.3.1/../../../../arm-none-eabi/lib/thumb/v7e-m+dp/hard\libc_nano.a(lib_a-localeconv.o)
                0x0800e344                _localeconv_r
 .text.__malloc_lock
                0x0800e34c        0xc d:/vs_stm32/gcc-arm-2021/2021.10/bin/../lib/gcc/arm-none-eabi/10.3.1/../../../../arm-none-eabi/lib/thumb/v7e-m+dp/hard\libc_nano.a(lib_a-mlock.o)
                0x0800e34c                __malloc_lock
 .text.__malloc_unlock
                0x0800e358        0xc d:/vs_stm32/gcc-arm-2021/2021.10/bin/../lib/gcc/arm-none-eabi/10.3.1/../../../../arm-none-eabi/lib/thumb/v7e-m+dp/hard\libc_nano.a(lib_a-mlock.o)
                0x0800e358                __malloc_unlock
 .text._Balloc  0x0800e364       0x80 d:/vs_stm32/gcc-arm-2021/2021.10/bin/../lib/gcc/arm-none-eabi/10.3.1/../../../../arm-none-eabi/lib/thumb/v7e-m+dp/hard\libc_nano.a(lib_a-mprec.o)
                0x0800e364                _Balloc
 .text._Bfree   0x0800e3e4       0x44 d:/vs_stm32/gcc-arm-2021/2021.10/bin/../lib/gcc/arm-none-eabi/10.3.1/../../../../arm-none-eabi/lib/thumb/v7e-m+dp/hard\libc_nano.a(lib_a-mprec.o)
                0x0800e3e4                _Bfree
 .text.__multadd
                0x0800e428       0x8c d:/vs_stm32/gcc-arm-2021/2021.10/bin/../lib/gcc/arm-none-eabi/10.3.1/../../../../arm-none-eabi/lib/thumb/v7e-m+dp/hard\libc_nano.a(lib_a-mprec.o)
                0x0800e428                __multadd
 .text.__hi0bits
                0x0800e4b4       0x40 d:/vs_stm32/gcc-arm-2021/2021.10/bin/../lib/gcc/arm-none-eabi/10.3.1/../../../../arm-none-eabi/lib/thumb/v7e-m+dp/hard\libc_nano.a(lib_a-mprec.o)
                0x0800e4b4                __hi0bits
 .text.__lo0bits
                0x0800e4f4       0x5e d:/vs_stm32/gcc-arm-2021/2021.10/bin/../lib/gcc/arm-none-eabi/10.3.1/../../../../arm-none-eabi/lib/thumb/v7e-m+dp/hard\libc_nano.a(lib_a-mprec.o)
                0x0800e4f4                __lo0bits
 *fill*         0x0800e552        0x2 
 .text.__i2b    0x0800e554       0x2c d:/vs_stm32/gcc-arm-2021/2021.10/bin/../lib/gcc/arm-none-eabi/10.3.1/../../../../arm-none-eabi/lib/thumb/v7e-m+dp/hard\libc_nano.a(lib_a-mprec.o)
                0x0800e554                __i2b
 .text.__multiply
                0x0800e580      0x154 d:/vs_stm32/gcc-arm-2021/2021.10/bin/../lib/gcc/arm-none-eabi/10.3.1/../../../../arm-none-eabi/lib/thumb/v7e-m+dp/hard\libc_nano.a(lib_a-mprec.o)
                0x0800e580                __multiply
 .text.__pow5mult
                0x0800e6d4       0xb4 d:/vs_stm32/gcc-arm-2021/2021.10/bin/../lib/gcc/arm-none-eabi/10.3.1/../../../../arm-none-eabi/lib/thumb/v7e-m+dp/hard\libc_nano.a(lib_a-mprec.o)
                0x0800e6d4                __pow5mult
 .text.__lshift
                0x0800e788       0xe0 d:/vs_stm32/gcc-arm-2021/2021.10/bin/../lib/gcc/arm-none-eabi/10.3.1/../../../../arm-none-eabi/lib/thumb/v7e-m+dp/hard\libc_nano.a(lib_a-mprec.o)
                0x0800e788                __lshift
 .text.__mcmp   0x0800e868       0x38 d:/vs_stm32/gcc-arm-2021/2021.10/bin/../lib/gcc/arm-none-eabi/10.3.1/../../../../arm-none-eabi/lib/thumb/v7e-m+dp/hard\libc_nano.a(lib_a-mprec.o)
                0x0800e868                __mcmp
 .text.__mdiff  0x0800e8a0      0x114 d:/vs_stm32/gcc-arm-2021/2021.10/bin/../lib/gcc/arm-none-eabi/10.3.1/../../../../arm-none-eabi/lib/thumb/v7e-m+dp/hard\libc_nano.a(lib_a-mprec.o)
                0x0800e8a0                __mdiff
 .text.__d2b    0x0800e9b4       0xb8 d:/vs_stm32/gcc-arm-2021/2021.10/bin/../lib/gcc/arm-none-eabi/10.3.1/../../../../arm-none-eabi/lib/thumb/v7e-m+dp/hard\libc_nano.a(lib_a-mprec.o)
                0x0800e9b4                __d2b
 .text._calloc_r
                0x0800ea6c       0x2c d:/vs_stm32/gcc-arm-2021/2021.10/bin/../lib/gcc/arm-none-eabi/10.3.1/../../../../arm-none-eabi/lib/thumb/v7e-m+dp/hard\libc_nano.a(lib_a-nano-callocr.o)
                0x0800ea6c                _calloc_r
 .text.__assert_func
                0x0800ea98       0x3c d:/vs_stm32/gcc-arm-2021/2021.10/bin/../lib/gcc/arm-none-eabi/10.3.1/../../../../arm-none-eabi/lib/thumb/v7e-m+dp/hard\libc_nano.a(lib_a-assert.o)
                0x0800ea98                __assert_func
 .text.fprintf  0x0800ead4       0x24 d:/vs_stm32/gcc-arm-2021/2021.10/bin/../lib/gcc/arm-none-eabi/10.3.1/../../../../arm-none-eabi/lib/thumb/v7e-m+dp/hard\libc_nano.a(lib_a-fprintf.o)
                0x0800ead4                fiprintf
                0x0800ead4                fprintf
 .text.__retarget_lock_init_recursive
                0x0800eaf8        0x2 d:/vs_stm32/gcc-arm-2021/2021.10/bin/../lib/gcc/arm-none-eabi/10.3.1/../../../../arm-none-eabi/lib/thumb/v7e-m+dp/hard\libc_nano.a(lib_a-lock.o)
                0x0800eaf8                __retarget_lock_init_recursive
 .text.__retarget_lock_acquire_recursive
                0x0800eafa        0x2 d:/vs_stm32/gcc-arm-2021/2021.10/bin/../lib/gcc/arm-none-eabi/10.3.1/../../../../arm-none-eabi/lib/thumb/v7e-m+dp/hard\libc_nano.a(lib_a-lock.o)
                0x0800eafa                __retarget_lock_acquire_recursive
 .text.__retarget_lock_release_recursive
                0x0800eafc        0x2 d:/vs_stm32/gcc-arm-2021/2021.10/bin/../lib/gcc/arm-none-eabi/10.3.1/../../../../arm-none-eabi/lib/thumb/v7e-m+dp/hard\libc_nano.a(lib_a-lock.o)
                0x0800eafc                __retarget_lock_release_recursive
 .text.__ascii_mbtowc
                0x0800eafe       0x24 d:/vs_stm32/gcc-arm-2021/2021.10/bin/../lib/gcc/arm-none-eabi/10.3.1/../../../../arm-none-eabi/lib/thumb/v7e-m+dp/hard\libc_nano.a(lib_a-mbtowc_r.o)
                0x0800eafe                __ascii_mbtowc
 .text.__sfputc_r
                0x0800eb22       0x2e d:/vs_stm32/gcc-arm-2021/2021.10/bin/../lib/gcc/arm-none-eabi/10.3.1/../../../../arm-none-eabi/lib/thumb/v7e-m+dp/hard\libc_nano.a(lib_a-nano-vfprintf.o)
 .text.__sfputs_r
                0x0800eb50       0x24 d:/vs_stm32/gcc-arm-2021/2021.10/bin/../lib/gcc/arm-none-eabi/10.3.1/../../../../arm-none-eabi/lib/thumb/v7e-m+dp/hard\libc_nano.a(lib_a-nano-vfprintf.o)
                0x0800eb50                __sfputs_r
 .text._vfprintf_r
                0x0800eb74      0x260 d:/vs_stm32/gcc-arm-2021/2021.10/bin/../lib/gcc/arm-none-eabi/10.3.1/../../../../arm-none-eabi/lib/thumb/v7e-m+dp/hard\libc_nano.a(lib_a-nano-vfprintf.o)
                0x0800eb74                _vfprintf_r
                0x0800eb74                _vfiprintf_r
 .text.__swbuf_r
                0x0800edd4       0xa4 d:/vs_stm32/gcc-arm-2021/2021.10/bin/../lib/gcc/arm-none-eabi/10.3.1/../../../../arm-none-eabi/lib/thumb/v7e-m+dp/hard\libc_nano.a(lib_a-wbuf.o)
                0x0800edd4                __swbuf_r
 .text.__ascii_wctomb
                0x0800ee78       0x1a d:/vs_stm32/gcc-arm-2021/2021.10/bin/../lib/gcc/arm-none-eabi/10.3.1/../../../../arm-none-eabi/lib/thumb/v7e-m+dp/hard\libc_nano.a(lib_a-wctomb_r.o)
                0x0800ee78                __ascii_wctomb
 *fill*         0x0800ee92        0x2 
 .text.__swsetup_r
                0x0800ee94       0xdc d:/vs_stm32/gcc-arm-2021/2021.10/bin/../lib/gcc/arm-none-eabi/10.3.1/../../../../arm-none-eabi/lib/thumb/v7e-m+dp/hard\libc_nano.a(lib_a-wsetup.o)
                0x0800ee94                __swsetup_r
 .text.abort    0x0800ef70        0xe d:/vs_stm32/gcc-arm-2021/2021.10/bin/../lib/gcc/arm-none-eabi/10.3.1/../../../../arm-none-eabi/lib/thumb/v7e-m+dp/hard\libc_nano.a(lib_a-abort.o)
                0x0800ef70                abort
 *fill*         0x0800ef7e        0x2 
 .text.__sflush_r
                0x0800ef80      0x10c d:/vs_stm32/gcc-arm-2021/2021.10/bin/../lib/gcc/arm-none-eabi/10.3.1/../../../../arm-none-eabi/lib/thumb/v7e-m+dp/hard\libc_nano.a(lib_a-fflush.o)
                0x0800ef80                __sflush_r
 .text._fflush_r
                0x0800f08c       0x78 d:/vs_stm32/gcc-arm-2021/2021.10/bin/../lib/gcc/arm-none-eabi/10.3.1/../../../../arm-none-eabi/lib/thumb/v7e-m+dp/hard\libc_nano.a(lib_a-fflush.o)
                0x0800f08c                _fflush_r
 .text.std      0x0800f104       0x48 d:/vs_stm32/gcc-arm-2021/2021.10/bin/../lib/gcc/arm-none-eabi/10.3.1/../../../../arm-none-eabi/lib/thumb/v7e-m+dp/hard\libc_nano.a(lib_a-findfp.o)
 .text._cleanup_r
                0x0800f14c        0xc d:/vs_stm32/gcc-arm-2021/2021.10/bin/../lib/gcc/arm-none-eabi/10.3.1/../../../../arm-none-eabi/lib/thumb/v7e-m+dp/hard\libc_nano.a(lib_a-findfp.o)
                0x0800f14c                _cleanup_r
 .text.__sfmoreglue
                0x0800f158       0x2c d:/vs_stm32/gcc-arm-2021/2021.10/bin/../lib/gcc/arm-none-eabi/10.3.1/../../../../arm-none-eabi/lib/thumb/v7e-m+dp/hard\libc_nano.a(lib_a-findfp.o)
                0x0800f158                __sfmoreglue
 .text.__sfp_lock_acquire
                0x0800f184        0xc d:/vs_stm32/gcc-arm-2021/2021.10/bin/../lib/gcc/arm-none-eabi/10.3.1/../../../../arm-none-eabi/lib/thumb/v7e-m+dp/hard\libc_nano.a(lib_a-findfp.o)
                0x0800f184                __sfp_lock_acquire
 .text.__sfp_lock_release
                0x0800f190        0xc d:/vs_stm32/gcc-arm-2021/2021.10/bin/../lib/gcc/arm-none-eabi/10.3.1/../../../../arm-none-eabi/lib/thumb/v7e-m+dp/hard\libc_nano.a(lib_a-findfp.o)
                0x0800f190                __sfp_lock_release
 .text.__sinit_lock_acquire
                0x0800f19c        0xc d:/vs_stm32/gcc-arm-2021/2021.10/bin/../lib/gcc/arm-none-eabi/10.3.1/../../../../arm-none-eabi/lib/thumb/v7e-m+dp/hard\libc_nano.a(lib_a-findfp.o)
                0x0800f19c                __sinit_lock_acquire
 .text.__sinit_lock_release
                0x0800f1a8        0xc d:/vs_stm32/gcc-arm-2021/2021.10/bin/../lib/gcc/arm-none-eabi/10.3.1/../../../../arm-none-eabi/lib/thumb/v7e-m+dp/hard\libc_nano.a(lib_a-findfp.o)
                0x0800f1a8                __sinit_lock_release
 .text.__sinit  0x0800f1b4       0x70 d:/vs_stm32/gcc-arm-2021/2021.10/bin/../lib/gcc/arm-none-eabi/10.3.1/../../../../arm-none-eabi/lib/thumb/v7e-m+dp/hard\libc_nano.a(lib_a-findfp.o)
                0x0800f1b4                __sinit
 .text.__sfp    0x0800f224       0x8c d:/vs_stm32/gcc-arm-2021/2021.10/bin/../lib/gcc/arm-none-eabi/10.3.1/../../../../arm-none-eabi/lib/thumb/v7e-m+dp/hard\libc_nano.a(lib_a-findfp.o)
                0x0800f224                __sfp
 .text._fwalk_reent
                0x0800f2b0       0x3e d:/vs_stm32/gcc-arm-2021/2021.10/bin/../lib/gcc/arm-none-eabi/10.3.1/../../../../arm-none-eabi/lib/thumb/v7e-m+dp/hard\libc_nano.a(lib_a-fwalk.o)
                0x0800f2b0                _fwalk_reent
 .text.__swhatbuf_r
                0x0800f2ee       0x4a d:/vs_stm32/gcc-arm-2021/2021.10/bin/../lib/gcc/arm-none-eabi/10.3.1/../../../../arm-none-eabi/lib/thumb/v7e-m+dp/hard\libc_nano.a(lib_a-makebuf.o)
                0x0800f2ee                __swhatbuf_r
 .text.__smakebuf_r
                0x0800f338       0x80 d:/vs_stm32/gcc-arm-2021/2021.10/bin/../lib/gcc/arm-none-eabi/10.3.1/../../../../arm-none-eabi/lib/thumb/v7e-m+dp/hard\libc_nano.a(lib_a-makebuf.o)
                0x0800f338                __smakebuf_r
 .text._raise_r
                0x0800f3b8       0x50 d:/vs_stm32/gcc-arm-2021/2021.10/bin/../lib/gcc/arm-none-eabi/10.3.1/../../../../arm-none-eabi/lib/thumb/v7e-m+dp/hard\libc_nano.a(lib_a-signal.o)
                0x0800f3b8                _raise_r
 .text.raise    0x0800f408       0x10 d:/vs_stm32/gcc-arm-2021/2021.10/bin/../lib/gcc/arm-none-eabi/10.3.1/../../../../arm-none-eabi/lib/thumb/v7e-m+dp/hard\libc_nano.a(lib_a-signal.o)
                0x0800f408                raise
 .text._kill_r  0x0800f418       0x24 d:/vs_stm32/gcc-arm-2021/2021.10/bin/../lib/gcc/arm-none-eabi/10.3.1/../../../../arm-none-eabi/lib/thumb/v7e-m+dp/hard\libc_nano.a(lib_a-signalr.o)
                0x0800f418                _kill_r
 .text._getpid_r
                0x0800f43c        0x4 d:/vs_stm32/gcc-arm-2021/2021.10/bin/../lib/gcc/arm-none-eabi/10.3.1/../../../../arm-none-eabi/lib/thumb/v7e-m+dp/hard\libc_nano.a(lib_a-signalr.o)
                0x0800f43c                _getpid_r
 .text.__sread  0x0800f440       0x22 d:/vs_stm32/gcc-arm-2021/2021.10/bin/../lib/gcc/arm-none-eabi/10.3.1/../../../../arm-none-eabi/lib/thumb/v7e-m+dp/hard\libc_nano.a(lib_a-stdio.o)
                0x0800f440                __sread
 .text.__swrite
                0x0800f462       0x38 d:/vs_stm32/gcc-arm-2021/2021.10/bin/../lib/gcc/arm-none-eabi/10.3.1/../../../../arm-none-eabi/lib/thumb/v7e-m+dp/hard\libc_nano.a(lib_a-stdio.o)
                0x0800f462                __swrite
 .text.__sseek  0x0800f49a       0x24 d:/vs_stm32/gcc-arm-2021/2021.10/bin/../lib/gcc/arm-none-eabi/10.3.1/../../../../arm-none-eabi/lib/thumb/v7e-m+dp/hard\libc_nano.a(lib_a-stdio.o)
                0x0800f49a                __sseek
 .text.__sclose
                0x0800f4be        0x8 d:/vs_stm32/gcc-arm-2021/2021.10/bin/../lib/gcc/arm-none-eabi/10.3.1/../../../../arm-none-eabi/lib/thumb/v7e-m+dp/hard\libc_nano.a(lib_a-stdio.o)
                0x0800f4be                __sclose
 *fill*         0x0800f4c6        0x2 
 .text._write_r
                0x0800f4c8       0x24 d:/vs_stm32/gcc-arm-2021/2021.10/bin/../lib/gcc/arm-none-eabi/10.3.1/../../../../arm-none-eabi/lib/thumb/v7e-m+dp/hard\libc_nano.a(lib_a-writer.o)
                0x0800f4c8                _write_r
 .text._close_r
                0x0800f4ec       0x20 d:/vs_stm32/gcc-arm-2021/2021.10/bin/../lib/gcc/arm-none-eabi/10.3.1/../../../../arm-none-eabi/lib/thumb/v7e-m+dp/hard\libc_nano.a(lib_a-closer.o)
                0x0800f4ec                _close_r
 .text._fstat_r
                0x0800f50c       0x24 d:/vs_stm32/gcc-arm-2021/2021.10/bin/../lib/gcc/arm-none-eabi/10.3.1/../../../../arm-none-eabi/lib/thumb/v7e-m+dp/hard\libc_nano.a(lib_a-fstatr.o)
                0x0800f50c                _fstat_r
 .text._isatty_r
                0x0800f530       0x20 d:/vs_stm32/gcc-arm-2021/2021.10/bin/../lib/gcc/arm-none-eabi/10.3.1/../../../../arm-none-eabi/lib/thumb/v7e-m+dp/hard\libc_nano.a(lib_a-isattyr.o)
                0x0800f530                _isatty_r
 .text._lseek_r
                0x0800f550       0x24 d:/vs_stm32/gcc-arm-2021/2021.10/bin/../lib/gcc/arm-none-eabi/10.3.1/../../../../arm-none-eabi/lib/thumb/v7e-m+dp/hard\libc_nano.a(lib_a-lseekr.o)
                0x0800f550                _lseek_r
 .text._read_r  0x0800f574       0x24 d:/vs_stm32/gcc-arm-2021/2021.10/bin/../lib/gcc/arm-none-eabi/10.3.1/../../../../arm-none-eabi/lib/thumb/v7e-m+dp/hard\libc_nano.a(lib_a-readr.o)
                0x0800f574                _read_r
 .text.cosf     0x0800f598      0x1bc d:/vs_stm32/gcc-arm-2021/2021.10/bin/../lib/gcc/arm-none-eabi/10.3.1/../../../../arm-none-eabi/lib/thumb/v7e-m+dp/hard\libm.a(lib_a-cosf.o)
                0x0800f598                cosf
 .text.with_errnof
                0x0800f754       0x18 d:/vs_stm32/gcc-arm-2021/2021.10/bin/../lib/gcc/arm-none-eabi/10.3.1/../../../../arm-none-eabi/lib/thumb/v7e-m+dp/hard\libm.a(lib_a-math_errf.o)
 .text.__math_invalidf
                0x0800f76c       0x20 d:/vs_stm32/gcc-arm-2021/2021.10/bin/../lib/gcc/arm-none-eabi/10.3.1/../../../../arm-none-eabi/lib/thumb/v7e-m+dp/hard\libm.a(lib_a-math_errf.o)
                0x0800f76c                __math_invalidf
 *fill*         0x0800f78c        0x4 
 .text.sinf     0x0800f790      0x20c d:/vs_stm32/gcc-arm-2021/2021.10/bin/../lib/gcc/arm-none-eabi/10.3.1/../../../../arm-none-eabi/lib/thumb/v7e-m+dp/hard\libm.a(lib_a-sinf.o)
                0x0800f790                sinf
 *fill*         0x0800f99c        0x4 
 .text.sqrt     0x0800f9a0       0x48 d:/vs_stm32/gcc-arm-2021/2021.10/bin/../lib/gcc/arm-none-eabi/10.3.1/../../../../arm-none-eabi/lib/thumb/v7e-m+dp/hard\libm.a(lib_a-w_sqrt.o)
                0x0800f9a0                sqrt
 .text.acosf    0x0800f9e8       0x58 d:/vs_stm32/gcc-arm-2021/2021.10/bin/../lib/gcc/arm-none-eabi/10.3.1/../../../../arm-none-eabi/lib/thumb/v7e-m+dp/hard\libm.a(lib_a-wf_acos.o)
                0x0800f9e8                acosf
 .text.asinf    0x0800fa40       0x58 d:/vs_stm32/gcc-arm-2021/2021.10/bin/../lib/gcc/arm-none-eabi/10.3.1/../../../../arm-none-eabi/lib/thumb/v7e-m+dp/hard\libm.a(lib_a-wf_asin.o)
                0x0800fa40                asinf
 .text.atan2f   0x0800fa98        0x4 d:/vs_stm32/gcc-arm-2021/2021.10/bin/../lib/gcc/arm-none-eabi/10.3.1/../../../../arm-none-eabi/lib/thumb/v7e-m+dp/hard\libm.a(lib_a-wf_atan2.o)
                0x0800fa98                atan2f
 .text.sqrtf    0x0800fa9c       0x44 d:/vs_stm32/gcc-arm-2021/2021.10/bin/../lib/gcc/arm-none-eabi/10.3.1/../../../../arm-none-eabi/lib/thumb/v7e-m+dp/hard\libm.a(lib_a-wf_sqrt.o)
                0x0800fa9c                sqrtf
 .text.__ieee754_sqrt
                0x0800fae0        0x8 d:/vs_stm32/gcc-arm-2021/2021.10/bin/../lib/gcc/arm-none-eabi/10.3.1/../../../../arm-none-eabi/lib/thumb/v7e-m+dp/hard\libm.a(lib_a-e_sqrt.o)
                0x0800fae0                __ieee754_sqrt
 .text.__ieee754_acosf
                0x0800fae8      0x248 d:/vs_stm32/gcc-arm-2021/2021.10/bin/../lib/gcc/arm-none-eabi/10.3.1/../../../../arm-none-eabi/lib/thumb/v7e-m+dp/hard\libm.a(lib_a-ef_acos.o)
                0x0800fae8                __ieee754_acosf
 .text.__ieee754_asinf
                0x0800fd30      0x20c d:/vs_stm32/gcc-arm-2021/2021.10/bin/../lib/gcc/arm-none-eabi/10.3.1/../../../../arm-none-eabi/lib/thumb/v7e-m+dp/hard\libm.a(lib_a-ef_asin.o)
                0x0800fd30                __ieee754_asinf
 .text.__ieee754_atan2f
                0x0800ff3c      0x14c d:/vs_stm32/gcc-arm-2021/2021.10/bin/../lib/gcc/arm-none-eabi/10.3.1/../../../../arm-none-eabi/lib/thumb/v7e-m+dp/hard\libm.a(lib_a-ef_atan2.o)
                0x0800ff3c                __ieee754_atan2f
 .text.__ieee754_sqrtf
                0x08010088        0x8 d:/vs_stm32/gcc-arm-2021/2021.10/bin/../lib/gcc/arm-none-eabi/10.3.1/../../../../arm-none-eabi/lib/thumb/v7e-m+dp/hard\libm.a(lib_a-ef_sqrt.o)
                0x08010088                __ieee754_sqrtf
 .text.atanf    0x08010090      0x1b0 d:/vs_stm32/gcc-arm-2021/2021.10/bin/../lib/gcc/arm-none-eabi/10.3.1/../../../../arm-none-eabi/lib/thumb/v7e-m+dp/hard\libm.a(lib_a-sf_atan.o)
                0x08010090                atanf
 .text.fabsf    0x08010240       0x10 d:/vs_stm32/gcc-arm-2021/2021.10/bin/../lib/gcc/arm-none-eabi/10.3.1/../../../../arm-none-eabi/lib/thumb/v7e-m+dp/hard\libm.a(lib_a-sf_fabs.o)
                0x08010240                fabsf
 .text.nanf     0x08010250        0xc d:/vs_stm32/gcc-arm-2021/2021.10/bin/../lib/gcc/arm-none-eabi/10.3.1/../../../../arm-none-eabi/lib/thumb/v7e-m+dp/hard\libm.a(lib_a-sf_nan.o)
                0x08010250                nanf
 .text.arm_mat_trans_f32
                0x0801025c       0xbc Drivers/CMSIS/DSP/Lib/GCC\libarm_cortexM7lfdp_math.a(arm_mat_trans_f32.o)
                0x0801025c                arm_mat_trans_f32
 .text.arm_mat_sub_f32
                0x08010318       0xd4 Drivers/CMSIS/DSP/Lib/GCC\libarm_cortexM7lfdp_math.a(arm_mat_sub_f32.o)
                0x08010318                arm_mat_sub_f32
 .text.arm_mat_mult_f32
                0x080103ec      0x148 Drivers/CMSIS/DSP/Lib/GCC\libarm_cortexM7lfdp_math.a(arm_mat_mult_f32.o)
                0x080103ec                arm_mat_mult_f32
 .text.arm_mat_inverse_f32
                0x08010534      0x1fc Drivers/CMSIS/DSP/Lib/GCC\libarm_cortexM7lfdp_math.a(arm_mat_inverse_f32.o)
                0x08010534                arm_mat_inverse_f32
 .text.arm_mat_init_f32
                0x08010730        0x8 Drivers/CMSIS/DSP/Lib/GCC\libarm_cortexM7lfdp_math.a(arm_mat_init_f32.o)
                0x08010730                arm_mat_init_f32
 .text.arm_mat_add_f32
                0x08010738       0xd4 Drivers/CMSIS/DSP/Lib/GCC\libarm_cortexM7lfdp_math.a(arm_mat_add_f32.o)
                0x08010738                arm_mat_add_f32
 .text.arm_sin_f32
                0x0801080c       0x8c Drivers/CMSIS/DSP/Lib/GCC\libarm_cortexM7lfdp_math.a(arm_sin_f32.o)
                0x0801080c                arm_sin_f32
 .text.arm_cos_f32
                0x08010898       0x94 Drivers/CMSIS/DSP/Lib/GCC\libarm_cortexM7lfdp_math.a(arm_cos_f32.o)
                0x08010898                arm_cos_f32
 *(.glue_7)
 .glue_7        0x0801092c        0x0 linker stubs
 *(.glue_7t)
 .glue_7t       0x0801092c        0x0 linker stubs
 *(.eh_frame)
 .eh_frame      0x0801092c        0x0 d:/vs_stm32/gcc-arm-2021/2021.10/bin/../lib/gcc/arm-none-eabi/10.3.1/thumb/v7e-m+dp/hard/crtbegin.o
 *(.init)
 .init          0x0801092c        0x4 d:/vs_stm32/gcc-arm-2021/2021.10/bin/../lib/gcc/arm-none-eabi/10.3.1/thumb/v7e-m+dp/hard/crti.o
                0x0801092c                _init
 .init          0x08010930        0x8 d:/vs_stm32/gcc-arm-2021/2021.10/bin/../lib/gcc/arm-none-eabi/10.3.1/thumb/v7e-m+dp/hard/crtn.o
 *(.fini)
 .fini          0x08010938        0x4 d:/vs_stm32/gcc-arm-2021/2021.10/bin/../lib/gcc/arm-none-eabi/10.3.1/thumb/v7e-m+dp/hard/crti.o
                0x08010938                _fini
 .fini          0x0801093c        0x8 d:/vs_stm32/gcc-arm-2021/2021.10/bin/../lib/gcc/arm-none-eabi/10.3.1/thumb/v7e-m+dp/hard/crtn.o
                0x08010944                . = ALIGN (0x4)
                0x08010944                _etext = .

.vfp11_veneer   0x08010944        0x0
 .vfp11_veneer  0x08010944        0x0 linker stubs

.v4_bx          0x08010944        0x0
 .v4_bx         0x08010944        0x0 linker stubs

.iplt           0x08010944        0x0
 .iplt          0x08010944        0x0 d:/vs_stm32/gcc-arm-2021/2021.10/bin/../lib/gcc/arm-none-eabi/10.3.1/thumb/v7e-m+dp/hard/crtbegin.o

.rodata         0x08010948     0x1004
                0x08010948                . = ALIGN (0x4)
 *(.rodata)
 .rodata        0x08010948       0x8c build/freertos.o
 .rodata        0x080109d4       0x4c build/stm32h7xx_hal_fdcan.o
 .rodata        0x08010a20        0x8 build/BMI088driver.o
 *(.rodata*)
 .rodata.str1.4
                0x08010a28       0x3e build/freertos.o
 *fill*         0x08010a66        0x2 
 .rodata.flagBitshiftOffset.0
                0x08010a68        0x8 build/stm32h7xx_hal_dma.o
 .rodata.DLCtoBytes
                0x08010a70       0x10 build/stm32h7xx_hal_fdcan.o
 .rodata.D1CorePrescTable
                0x08010a80       0x10 build/system_stm32h7xx.o
                0x08010a80                D1CorePrescTable
 .rodata.vTaskStartScheduler.str1.4
                0x08010a90        0x5 build/tasks.o
 *fill*         0x08010a95        0x3 
 .rodata.IMU_QuaternionEKF_F
                0x08010a98       0x90 build/QuaternionEKF.o
                0x08010a98                IMU_QuaternionEKF_F
 .rodata.write_BMI088_accel_reg_data_error
                0x08010b28       0x12 build/BMI088driver.o
 *fill*         0x08010b3a        0x2 
 .rodata.write_BMI088_gyro_reg_data_error
                0x08010b3c       0x12 build/BMI088driver.o
 *fill*         0x08010b4e        0x2 
 .rodata.leg_pid_R.0
                0x08010b50        0xc build/chassisR_task.o
 .rodata.roll_pid.3
                0x08010b5c        0xc build/chassisR_task.o
 .rodata.tp_pid.2
                0x08010b68        0xc build/chassisR_task.o
 .rodata.turn_pid.1
                0x08010b74        0xc build/chassisR_task.o
 .rodata.UARTPrescTable
                0x08010b80       0x18 build/stm32h7xx_hal_uart.o
                0x08010b80                UARTPrescTable
 .rodata.denominator.0
                0x08010b98        0x8 build/stm32h7xx_hal_uart_ex.o
 .rodata.numerator.1
                0x08010ba0        0x8 build/stm32h7xx_hal_uart_ex.o
 .rodata._global_impure_ptr
                0x08010ba8        0x4 d:/vs_stm32/gcc-arm-2021/2021.10/bin/../lib/gcc/arm-none-eabi/10.3.1/../../../../arm-none-eabi/lib/thumb/v7e-m+dp/hard\libc_nano.a(lib_a-impure.o)
                0x08010ba8                _global_impure_ptr
 .rodata._printf_float.str1.1
                0x08010bac       0x12 d:/vs_stm32/gcc-arm-2021/2021.10/bin/../lib/gcc/arm-none-eabi/10.3.1/../../../../arm-none-eabi/lib/thumb/v7e-m+dp/hard\libc_nano.a(lib_a-nano-vfprintf_float.o)
 .rodata._printf_i.str1.1
                0x08010bbe       0x22 d:/vs_stm32/gcc-arm-2021/2021.10/bin/../lib/gcc/arm-none-eabi/10.3.1/../../../../arm-none-eabi/lib/thumb/v7e-m+dp/hard\libc_nano.a(lib_a-nano-vfprintf_i.o)
 .rodata._dtoa_r.str1.1
                0x08010be0       0xb3 d:/vs_stm32/gcc-arm-2021/2021.10/bin/../lib/gcc/arm-none-eabi/10.3.1/../../../../arm-none-eabi/lib/thumb/v7e-m+dp/hard\libc_nano.a(lib_a-dtoa.o)
                                 0xb5 (size before relaxing)
 .rodata._Balloc.str1.1
                0x08010c93       0x7f d:/vs_stm32/gcc-arm-2021/2021.10/bin/../lib/gcc/arm-none-eabi/10.3.1/../../../../arm-none-eabi/lib/thumb/v7e-m+dp/hard\libc_nano.a(lib_a-mprec.o)
                                 0x96 (size before relaxing)
 .rodata.__multadd.str1.1
                0x08010d12       0x11 d:/vs_stm32/gcc-arm-2021/2021.10/bin/../lib/gcc/arm-none-eabi/10.3.1/../../../../arm-none-eabi/lib/thumb/v7e-m+dp/hard\libc_nano.a(lib_a-mprec.o)
 *fill*         0x08010d12        0x6 
 .rodata.__mprec_bigtens
                0x08010d18       0x28 d:/vs_stm32/gcc-arm-2021/2021.10/bin/../lib/gcc/arm-none-eabi/10.3.1/../../../../arm-none-eabi/lib/thumb/v7e-m+dp/hard\libc_nano.a(lib_a-mprec.o)
                0x08010d18                __mprec_bigtens
 .rodata.__mprec_tens
                0x08010d40       0xc8 d:/vs_stm32/gcc-arm-2021/2021.10/bin/../lib/gcc/arm-none-eabi/10.3.1/../../../../arm-none-eabi/lib/thumb/v7e-m+dp/hard\libc_nano.a(lib_a-mprec.o)
                0x08010d40                __mprec_tens
 .rodata.p05.0  0x08010e08        0xc d:/vs_stm32/gcc-arm-2021/2021.10/bin/../lib/gcc/arm-none-eabi/10.3.1/../../../../arm-none-eabi/lib/thumb/v7e-m+dp/hard\libc_nano.a(lib_a-mprec.o)
 .rodata.__assert_func.str1.1
                0x08010e14       0x3c d:/vs_stm32/gcc-arm-2021/2021.10/bin/../lib/gcc/arm-none-eabi/10.3.1/../../../../arm-none-eabi/lib/thumb/v7e-m+dp/hard\libc_nano.a(lib_a-assert.o)
                                 0x3d (size before relaxing)
 .rodata._setlocale_r.str1.1
                0x08010e50        0x8 d:/vs_stm32/gcc-arm-2021/2021.10/bin/../lib/gcc/arm-none-eabi/10.3.1/../../../../arm-none-eabi/lib/thumb/v7e-m+dp/hard\libc_nano.a(lib_a-locale.o)
                                  0x9 (size before relaxing)
 .rodata.str1.1
                0x08010e58        0x2 d:/vs_stm32/gcc-arm-2021/2021.10/bin/../lib/gcc/arm-none-eabi/10.3.1/../../../../arm-none-eabi/lib/thumb/v7e-m+dp/hard\libc_nano.a(lib_a-locale.o)
 .rodata._vfprintf_r.str1.1
                0x08010e5a       0x11 d:/vs_stm32/gcc-arm-2021/2021.10/bin/../lib/gcc/arm-none-eabi/10.3.1/../../../../arm-none-eabi/lib/thumb/v7e-m+dp/hard\libc_nano.a(lib_a-nano-vfprintf.o)
 .rodata._ctype_
                0x08010e6b      0x101 d:/vs_stm32/gcc-arm-2021/2021.10/bin/../lib/gcc/arm-none-eabi/10.3.1/../../../../arm-none-eabi/lib/thumb/v7e-m+dp/hard\libc_nano.a(lib_a-ctype_.o)
                0x08010e6b                _ctype_
 .rodata.__sf_fake_stderr
                0x08010f6c       0x20 d:/vs_stm32/gcc-arm-2021/2021.10/bin/../lib/gcc/arm-none-eabi/10.3.1/../../../../arm-none-eabi/lib/thumb/v7e-m+dp/hard\libc_nano.a(lib_a-findfp.o)
                0x08010f6c                __sf_fake_stderr
 .rodata.__sf_fake_stdin
                0x08010f8c       0x20 d:/vs_stm32/gcc-arm-2021/2021.10/bin/../lib/gcc/arm-none-eabi/10.3.1/../../../../arm-none-eabi/lib/thumb/v7e-m+dp/hard\libc_nano.a(lib_a-findfp.o)
                0x08010f8c                __sf_fake_stdin
 .rodata.__sf_fake_stdout
                0x08010fac       0x20 d:/vs_stm32/gcc-arm-2021/2021.10/bin/../lib/gcc/arm-none-eabi/10.3.1/../../../../arm-none-eabi/lib/thumb/v7e-m+dp/hard\libc_nano.a(lib_a-findfp.o)
                0x08010fac                __sf_fake_stdout
 .rodata.__inv_pio4
                0x08010fcc       0x60 d:/vs_stm32/gcc-arm-2021/2021.10/bin/../lib/gcc/arm-none-eabi/10.3.1/../../../../arm-none-eabi/lib/thumb/v7e-m+dp/hard\libm.a(lib_a-sincosf_data.o)
                0x08010fcc                __inv_pio4
 *fill*         0x0801102c        0x4 
 .rodata.__sincosf_table
                0x08011030       0xe0 d:/vs_stm32/gcc-arm-2021/2021.10/bin/../lib/gcc/arm-none-eabi/10.3.1/../../../../arm-none-eabi/lib/thumb/v7e-m+dp/hard\libm.a(lib_a-sincosf_data.o)
                0x08011030                __sincosf_table
 .rodata.acosf.str1.4
                0x08011110        0x5 d:/vs_stm32/gcc-arm-2021/2021.10/bin/../lib/gcc/arm-none-eabi/10.3.1/../../../../arm-none-eabi/lib/thumb/v7e-m+dp/hard\libm.a(lib_a-wf_acos.o)
                                  0x1 (size before relaxing)
 .rodata.asinf.str1.4
                0x08011110        0x1 d:/vs_stm32/gcc-arm-2021/2021.10/bin/../lib/gcc/arm-none-eabi/10.3.1/../../../../arm-none-eabi/lib/thumb/v7e-m+dp/hard\libm.a(lib_a-wf_asin.o)
 .rodata.CSWTCH.8
                0x08011110        0xc d:/vs_stm32/gcc-arm-2021/2021.10/bin/../lib/gcc/arm-none-eabi/10.3.1/../../../../arm-none-eabi/lib/thumb/v7e-m+dp/hard\libm.a(lib_a-ef_atan2.o)
 .rodata.CSWTCH.9
                0x0801111c        0xc d:/vs_stm32/gcc-arm-2021/2021.10/bin/../lib/gcc/arm-none-eabi/10.3.1/../../../../arm-none-eabi/lib/thumb/v7e-m+dp/hard\libm.a(lib_a-ef_atan2.o)
 .rodata.atanhi
                0x08011128       0x10 d:/vs_stm32/gcc-arm-2021/2021.10/bin/../lib/gcc/arm-none-eabi/10.3.1/../../../../arm-none-eabi/lib/thumb/v7e-m+dp/hard\libm.a(lib_a-sf_atan.o)
 .rodata.atanlo
                0x08011138       0x10 d:/vs_stm32/gcc-arm-2021/2021.10/bin/../lib/gcc/arm-none-eabi/10.3.1/../../../../arm-none-eabi/lib/thumb/v7e-m+dp/hard\libm.a(lib_a-sf_atan.o)
 .rodata.sinTable_f32
                0x08011148      0x804 Drivers/CMSIS/DSP/Lib/GCC\libarm_cortexM7lfdp_math.a(arm_common_tables.o)
                0x08011148                sinTable_f32
                0x0801194c                . = ALIGN (0x4)

.ARM.extab
 *(.ARM.extab* .gnu.linkonce.armextab.*)

.ARM            0x0801194c        0x8
                0x0801194c                __exidx_start = .
 *(.ARM.exidx*)
 .ARM.exidx     0x0801194c        0x8 d:/vs_stm32/gcc-arm-2021/2021.10/bin/../lib/gcc/arm-none-eabi/10.3.1/thumb/v7e-m+dp/hard\libgcc.a(_udivmoddi4.o)
                0x08011954                __exidx_end = .

.rel.dyn        0x08011954        0x0
 .rel.iplt      0x08011954        0x0 d:/vs_stm32/gcc-arm-2021/2021.10/bin/../lib/gcc/arm-none-eabi/10.3.1/thumb/v7e-m+dp/hard/crtbegin.o

.preinit_array  0x08011954        0x0
                0x08011954                PROVIDE (__preinit_array_start = .)
 *(.preinit_array*)
                0x08011954                PROVIDE (__preinit_array_end = .)

.init_array     0x08011954        0x4
                0x08011954                PROVIDE (__init_array_start = .)
 *(SORT_BY_NAME(.init_array.*))
 *(.init_array*)
 .init_array    0x08011954        0x4 d:/vs_stm32/gcc-arm-2021/2021.10/bin/../lib/gcc/arm-none-eabi/10.3.1/thumb/v7e-m+dp/hard/crtbegin.o
                0x08011958                PROVIDE (__init_array_end = .)

.fini_array     0x08011958        0x4
                [!provide]                PROVIDE (__fini_array_start = .)
 *(SORT_BY_NAME(.fini_array.*))
 *(.fini_array*)
 .fini_array    0x08011958        0x4 d:/vs_stm32/gcc-arm-2021/2021.10/bin/../lib/gcc/arm-none-eabi/10.3.1/thumb/v7e-m+dp/hard/crtbegin.o
                [!provide]                PROVIDE (__fini_array_end = .)
                0x0801195c                _sidata = LOADADDR (.data)

.data           0x24000000      0x28c load address 0x0801195c
                0x24000000                . = ALIGN (0x4)
                0x24000000                _sdata = .
 *(.data)
 *(.data*)
 .data.uwTickFreq
                0x24000000        0x1 build/stm32h7xx_hal.o
                0x24000000                uwTickFreq
 *fill*         0x24000001        0x3 
 .data.uwTickPrio
                0x24000004        0x4 build/stm32h7xx_hal.o
                0x24000004                uwTickPrio
 .data.SystemCoreClock
                0x24000008        0x4 build/system_stm32h7xx.o
                0x24000008                SystemCoreClock
 .data.SystemD2Clock
                0x2400000c        0x4 build/system_stm32h7xx.o
                0x2400000c                SystemD2Clock
 .data.uxCriticalNesting
                0x24000010        0x4 build/port.o
 .data.IMU_QuaternionEKF_P
                0x24000014       0x90 build/QuaternionEKF.o
                0x24000014                IMU_QuaternionEKF_P
 .data.BMI088_ACCEL_SEN
                0x240000a4        0x4 build/BMI088driver.o
                0x240000a4                BMI088_ACCEL_SEN
 .data.BMI088_GYRO_SEN
                0x240000a8        0x4 build/BMI088driver.o
                0x240000a8                BMI088_GYRO_SEN
 .data.caliOffset
                0x240000ac        0x1 build/BMI088driver.o
                0x240000ac                caliOffset
 *fill*         0x240000ad        0x3 
 .data.gravity  0x240000b0        0xc build/ins_task.o
                0x240000b0                gravity
 .data._impure_ptr
                0x240000bc        0x4 d:/vs_stm32/gcc-arm-2021/2021.10/bin/../lib/gcc/arm-none-eabi/10.3.1/../../../../arm-none-eabi/lib/thumb/v7e-m+dp/hard\libc_nano.a(lib_a-impure.o)
                0x240000bc                _impure_ptr
 .data.impure_data
                0x240000c0       0x60 d:/vs_stm32/gcc-arm-2021/2021.10/bin/../lib/gcc/arm-none-eabi/10.3.1/../../../../arm-none-eabi/lib/thumb/v7e-m+dp/hard\libc_nano.a(lib_a-impure.o)
 .data.__global_locale
                0x24000120      0x16c d:/vs_stm32/gcc-arm-2021/2021.10/bin/../lib/gcc/arm-none-eabi/10.3.1/../../../../arm-none-eabi/lib/thumb/v7e-m+dp/hard\libc_nano.a(lib_a-locale.o)
                0x24000120                __global_locale
                0x2400028c                . = ALIGN (0x4)
                0x2400028c                _edata = .

.igot.plt       0x2400028c        0x0 load address 0x08011be8
 .igot.plt      0x2400028c        0x0 d:/vs_stm32/gcc-arm-2021/2021.10/bin/../lib/gcc/arm-none-eabi/10.3.1/thumb/v7e-m+dp/hard/crtbegin.o
                0x2400028c                . = ALIGN (0x4)

.bss            0x24000290     0x8b80 load address 0x08011be8
                0x24000290                _sbss = .
                0x24000290                __bss_start__ = _sbss
 *(.bss)
 .bss           0x24000290       0x1c d:/vs_stm32/gcc-arm-2021/2021.10/bin/../lib/gcc/arm-none-eabi/10.3.1/thumb/v7e-m+dp/hard/crtbegin.o
 *(.bss*)
 .bss.CHASSISR_TASKHandle
                0x240002ac        0x4 build/freertos.o
                0x240002ac                CHASSISR_TASKHandle
 .bss.INS_TASKHandle
                0x240002b0        0x4 build/freertos.o
                0x240002b0                INS_TASKHandle
 .bss.MOTORTASKHandle
                0x240002b4        0x4 build/freertos.o
                0x240002b4                MOTORTASKHandle
 .bss.VOFADEBUGHandle
                0x240002b8        0x4 build/freertos.o
                0x240002b8                VOFADEBUGHandle
 .bss.defaultTaskHandle
                0x240002bc        0x4 build/freertos.o
                0x240002bc                defaultTaskHandle
 .bss.xIdleStack
                0x240002c0      0x200 build/freertos.o
 .bss.xIdleTaskTCBBuffer
                0x240004c0       0x54 build/freertos.o
 .bss.HAL_RCC_FDCAN_CLK_ENABLED
                0x24000514        0x4 build/fdcan.o
 .bss.hfdcan1   0x24000518       0xa0 build/fdcan.o
                0x24000518                hfdcan1
 .bss.hfdcan2   0x240005b8       0xa0 build/fdcan.o