ARM GAS  D:\temp\TMP\cc3jvRxB.s 			page 1


   1              		.cpu cortex-m7
   2              		.arch armv7e-m
   3              		.fpu fpv5-d16
   4              		.eabi_attribute 28, 1
   5              		.eabi_attribute 20, 1
   6              		.eabi_attribute 21, 1
   7              		.eabi_attribute 23, 3
   8              		.eabi_attribute 24, 1
   9              		.eabi_attribute 25, 1
  10              		.eabi_attribute 26, 1
  11              		.eabi_attribute 30, 1
  12              		.eabi_attribute 34, 1
  13              		.eabi_attribute 18, 4
  14              		.file	"bsp_dwt.c"
  15              		.text
  16              	.Ltext0:
  17              		.cfi_sections	.debug_frame
  18              		.file 1 "BSP/bsp_dwt.c"
  19              		.section	.text.DWT_CNT_Update,"ax",%progbits
  20              		.align	1
  21              		.syntax unified
  22              		.thumb
  23              		.thumb_func
  25              	DWT_CNT_Update:
  26              	.LFB151:
   1:BSP/bsp_dwt.c **** /**
   2:BSP/bsp_dwt.c ****  ******************************************************************************
   3:BSP/bsp_dwt.c ****  * @file	bsp_dwt.c
   4:BSP/bsp_dwt.c ****  * @author  Wang Hongxi
   5:BSP/bsp_dwt.c ****  * @version V1.1.0
   6:BSP/bsp_dwt.c ****  * @date    2022/3/8
   7:BSP/bsp_dwt.c ****  * @brief
   8:BSP/bsp_dwt.c ****  ******************************************************************************
   9:BSP/bsp_dwt.c ****  * @attention
  10:BSP/bsp_dwt.c ****  *
  11:BSP/bsp_dwt.c ****  ******************************************************************************
  12:BSP/bsp_dwt.c ****  */
  13:BSP/bsp_dwt.c **** #include "bsp_dwt.h"
  14:BSP/bsp_dwt.c **** 
  15:BSP/bsp_dwt.c **** DWT_Time_t SysTime;
  16:BSP/bsp_dwt.c **** static uint32_t CPU_FREQ_Hz, CPU_FREQ_Hz_ms, CPU_FREQ_Hz_us;
  17:BSP/bsp_dwt.c **** static uint32_t CYCCNT_RountCount;
  18:BSP/bsp_dwt.c **** static uint32_t CYCCNT_LAST;
  19:BSP/bsp_dwt.c **** uint64_t CYCCNT64;
  20:BSP/bsp_dwt.c **** static void DWT_CNT_Update(void);
  21:BSP/bsp_dwt.c **** 
  22:BSP/bsp_dwt.c **** void DWT_Init(uint32_t CPU_Freq_mHz)
  23:BSP/bsp_dwt.c **** {
  24:BSP/bsp_dwt.c ****     /* 使能DWT外设 */
  25:BSP/bsp_dwt.c ****     CoreDebug->DEMCR |= CoreDebug_DEMCR_TRCENA_Msk;
  26:BSP/bsp_dwt.c **** 
  27:BSP/bsp_dwt.c ****     /* DWT CYCCNT寄存器计数清0 */
  28:BSP/bsp_dwt.c ****     DWT->CYCCNT = (uint32_t)0u;
  29:BSP/bsp_dwt.c **** 
  30:BSP/bsp_dwt.c ****     /* 使能Cortex-M DWT CYCCNT寄存器 */
  31:BSP/bsp_dwt.c ****     DWT->CTRL |= DWT_CTRL_CYCCNTENA_Msk;
  32:BSP/bsp_dwt.c **** 
ARM GAS  D:\temp\TMP\cc3jvRxB.s 			page 2


  33:BSP/bsp_dwt.c ****     CPU_FREQ_Hz = CPU_Freq_mHz * 1000000;
  34:BSP/bsp_dwt.c ****     CPU_FREQ_Hz_ms = CPU_FREQ_Hz / 1000;
  35:BSP/bsp_dwt.c ****     CPU_FREQ_Hz_us = CPU_FREQ_Hz / 1000000;
  36:BSP/bsp_dwt.c ****     CYCCNT_RountCount = 0;
  37:BSP/bsp_dwt.c **** }
  38:BSP/bsp_dwt.c **** 
  39:BSP/bsp_dwt.c **** float DWT_GetDeltaT(uint32_t *cnt_last)
  40:BSP/bsp_dwt.c **** {
  41:BSP/bsp_dwt.c ****     volatile uint32_t cnt_now = DWT->CYCCNT;
  42:BSP/bsp_dwt.c ****     float dt = ((uint32_t)(cnt_now - *cnt_last)) / ((float)(CPU_FREQ_Hz));
  43:BSP/bsp_dwt.c ****     *cnt_last = cnt_now;
  44:BSP/bsp_dwt.c **** 
  45:BSP/bsp_dwt.c ****     DWT_CNT_Update();
  46:BSP/bsp_dwt.c **** 
  47:BSP/bsp_dwt.c ****     return dt;
  48:BSP/bsp_dwt.c **** }
  49:BSP/bsp_dwt.c **** 
  50:BSP/bsp_dwt.c **** double DWT_GetDeltaT64(uint32_t *cnt_last)
  51:BSP/bsp_dwt.c **** {
  52:BSP/bsp_dwt.c ****     volatile uint32_t cnt_now = DWT->CYCCNT;
  53:BSP/bsp_dwt.c ****     double dt = ((uint32_t)(cnt_now - *cnt_last)) / ((double)(CPU_FREQ_Hz));
  54:BSP/bsp_dwt.c ****     *cnt_last = cnt_now;
  55:BSP/bsp_dwt.c **** 
  56:BSP/bsp_dwt.c ****     DWT_CNT_Update();
  57:BSP/bsp_dwt.c **** 
  58:BSP/bsp_dwt.c ****     return dt;
  59:BSP/bsp_dwt.c **** }
  60:BSP/bsp_dwt.c **** 
  61:BSP/bsp_dwt.c **** void DWT_SysTimeUpdate(void)
  62:BSP/bsp_dwt.c **** {
  63:BSP/bsp_dwt.c ****     volatile uint32_t cnt_now = DWT->CYCCNT;
  64:BSP/bsp_dwt.c ****     static uint64_t CNT_TEMP1, CNT_TEMP2, CNT_TEMP3;
  65:BSP/bsp_dwt.c **** 
  66:BSP/bsp_dwt.c ****     DWT_CNT_Update();
  67:BSP/bsp_dwt.c **** 
  68:BSP/bsp_dwt.c ****     CYCCNT64 = (uint64_t)CYCCNT_RountCount * (uint64_t)UINT32_MAX + (uint64_t)cnt_now;
  69:BSP/bsp_dwt.c ****     CNT_TEMP1 = CYCCNT64 / CPU_FREQ_Hz;
  70:BSP/bsp_dwt.c ****     CNT_TEMP2 = CYCCNT64 - CNT_TEMP1 * CPU_FREQ_Hz;
  71:BSP/bsp_dwt.c ****     SysTime.s = CNT_TEMP1;
  72:BSP/bsp_dwt.c ****     SysTime.ms = CNT_TEMP2 / CPU_FREQ_Hz_ms;
  73:BSP/bsp_dwt.c ****     CNT_TEMP3 = CNT_TEMP2 - SysTime.ms * CPU_FREQ_Hz_ms;
  74:BSP/bsp_dwt.c ****     SysTime.us = CNT_TEMP3 / CPU_FREQ_Hz_us;
  75:BSP/bsp_dwt.c **** }
  76:BSP/bsp_dwt.c **** 
  77:BSP/bsp_dwt.c **** float DWT_GetTimeline_s(void)
  78:BSP/bsp_dwt.c **** {
  79:BSP/bsp_dwt.c ****     DWT_SysTimeUpdate();
  80:BSP/bsp_dwt.c **** 
  81:BSP/bsp_dwt.c ****     float DWT_Timelinef32 = SysTime.s + SysTime.ms * 0.001f + SysTime.us * 0.000001f;
  82:BSP/bsp_dwt.c **** 
  83:BSP/bsp_dwt.c ****     return DWT_Timelinef32;
  84:BSP/bsp_dwt.c **** }
  85:BSP/bsp_dwt.c **** 
  86:BSP/bsp_dwt.c **** float DWT_GetTimeline_ms(void)
  87:BSP/bsp_dwt.c **** {
  88:BSP/bsp_dwt.c ****     DWT_SysTimeUpdate();
  89:BSP/bsp_dwt.c **** 
ARM GAS  D:\temp\TMP\cc3jvRxB.s 			page 3


  90:BSP/bsp_dwt.c ****     float DWT_Timelinef32 = SysTime.s * 1000 + SysTime.ms + SysTime.us * 0.001f;
  91:BSP/bsp_dwt.c **** 
  92:BSP/bsp_dwt.c ****     return DWT_Timelinef32;
  93:BSP/bsp_dwt.c **** }
  94:BSP/bsp_dwt.c **** 
  95:BSP/bsp_dwt.c **** uint64_t DWT_GetTimeline_us(void)
  96:BSP/bsp_dwt.c **** {
  97:BSP/bsp_dwt.c ****     DWT_SysTimeUpdate();
  98:BSP/bsp_dwt.c **** 
  99:BSP/bsp_dwt.c ****     uint64_t DWT_Timelinef32 = SysTime.s * 1000000 + SysTime.ms * 1000 + SysTime.us;
 100:BSP/bsp_dwt.c **** 
 101:BSP/bsp_dwt.c ****     return DWT_Timelinef32;
 102:BSP/bsp_dwt.c **** }
 103:BSP/bsp_dwt.c **** 
 104:BSP/bsp_dwt.c **** static void DWT_CNT_Update(void)
 105:BSP/bsp_dwt.c **** {
  27              		.loc 1 105 1 view -0
  28              		.cfi_startproc
  29              		@ args = 0, pretend = 0, frame = 8
  30              		@ frame_needed = 0, uses_anonymous_args = 0
  31              		@ link register save eliminated.
  32 0000 82B0     		sub	sp, sp, #8
  33              	.LCFI0:
  34              		.cfi_def_cfa_offset 8
 106:BSP/bsp_dwt.c ****     volatile uint32_t cnt_now = DWT->CYCCNT;
  35              		.loc 1 106 5 view .LVU1
  36              		.loc 1 106 36 is_stmt 0 view .LVU2
  37 0002 084B     		ldr	r3, .L4
  38 0004 5B68     		ldr	r3, [r3, #4]
  39              		.loc 1 106 23 view .LVU3
  40 0006 0193     		str	r3, [sp, #4]
 107:BSP/bsp_dwt.c **** 
 108:BSP/bsp_dwt.c ****     if (cnt_now < CYCCNT_LAST)
  41              		.loc 1 108 5 is_stmt 1 view .LVU4
  42              		.loc 1 108 17 is_stmt 0 view .LVU5
  43 0008 019A     		ldr	r2, [sp, #4]
  44 000a 074B     		ldr	r3, .L4+4
  45 000c 1B68     		ldr	r3, [r3]
  46              		.loc 1 108 8 view .LVU6
  47 000e 9A42     		cmp	r2, r3
  48 0010 03D2     		bcs	.L2
 109:BSP/bsp_dwt.c ****         CYCCNT_RountCount++;//溢出
  49              		.loc 1 109 9 is_stmt 1 view .LVU7
  50              		.loc 1 109 26 is_stmt 0 view .LVU8
  51 0012 064A     		ldr	r2, .L4+8
  52 0014 1368     		ldr	r3, [r2]
  53 0016 0133     		adds	r3, r3, #1
  54 0018 1360     		str	r3, [r2]
  55              	.L2:
 110:BSP/bsp_dwt.c **** 
 111:BSP/bsp_dwt.c ****     CYCCNT_LAST = cnt_now;
  56              		.loc 1 111 5 is_stmt 1 view .LVU9
  57              		.loc 1 111 17 is_stmt 0 view .LVU10
  58 001a 019A     		ldr	r2, [sp, #4]
  59 001c 024B     		ldr	r3, .L4+4
  60 001e 1A60     		str	r2, [r3]
 112:BSP/bsp_dwt.c **** }
ARM GAS  D:\temp\TMP\cc3jvRxB.s 			page 4


  61              		.loc 1 112 1 view .LVU11
  62 0020 02B0     		add	sp, sp, #8
  63              	.LCFI1:
  64              		.cfi_def_cfa_offset 0
  65              		@ sp needed
  66 0022 7047     		bx	lr
  67              	.L5:
  68              		.align	2
  69              	.L4:
  70 0024 001000E0 		.word	-536866816
  71 0028 00000000 		.word	CYCCNT_LAST
  72 002c 00000000 		.word	CYCCNT_RountCount
  73              		.cfi_endproc
  74              	.LFE151:
  76              		.section	.text.DWT_Init,"ax",%progbits
  77              		.align	1
  78              		.global	DWT_Init
  79              		.syntax unified
  80              		.thumb
  81              		.thumb_func
  83              	DWT_Init:
  84              	.LVL0:
  85              	.LFB144:
  23:BSP/bsp_dwt.c ****     /* 使能DWT外设 */
  86              		.loc 1 23 1 is_stmt 1 view -0
  87              		.cfi_startproc
  88              		@ args = 0, pretend = 0, frame = 0
  89              		@ frame_needed = 0, uses_anonymous_args = 0
  90              		@ link register save eliminated.
  25:BSP/bsp_dwt.c **** 
  91              		.loc 1 25 5 view .LVU13
  25:BSP/bsp_dwt.c **** 
  92              		.loc 1 25 14 is_stmt 0 view .LVU14
  93 0000 104A     		ldr	r2, .L7
  94 0002 D2F8FC30 		ldr	r3, [r2, #252]
  25:BSP/bsp_dwt.c **** 
  95              		.loc 1 25 22 view .LVU15
  96 0006 43F08073 		orr	r3, r3, #16777216
  97 000a C2F8FC30 		str	r3, [r2, #252]
  28:BSP/bsp_dwt.c **** 
  98              		.loc 1 28 5 is_stmt 1 view .LVU16
  28:BSP/bsp_dwt.c **** 
  99              		.loc 1 28 17 is_stmt 0 view .LVU17
 100 000e 0E4B     		ldr	r3, .L7+4
 101 0010 0021     		movs	r1, #0
 102 0012 5960     		str	r1, [r3, #4]
  31:BSP/bsp_dwt.c **** 
 103              		.loc 1 31 5 is_stmt 1 view .LVU18
  31:BSP/bsp_dwt.c **** 
 104              		.loc 1 31 8 is_stmt 0 view .LVU19
 105 0014 1A68     		ldr	r2, [r3]
  31:BSP/bsp_dwt.c **** 
 106              		.loc 1 31 15 view .LVU20
 107 0016 42F00102 		orr	r2, r2, #1
 108 001a 1A60     		str	r2, [r3]
  33:BSP/bsp_dwt.c ****     CPU_FREQ_Hz_ms = CPU_FREQ_Hz / 1000;
 109              		.loc 1 33 5 is_stmt 1 view .LVU21
ARM GAS  D:\temp\TMP\cc3jvRxB.s 			page 5


  33:BSP/bsp_dwt.c ****     CPU_FREQ_Hz_ms = CPU_FREQ_Hz / 1000;
 110              		.loc 1 33 32 is_stmt 0 view .LVU22
 111 001c 0B4B     		ldr	r3, .L7+8
 112 001e 03FB00F0 		mul	r0, r3, r0
 113              	.LVL1:
  33:BSP/bsp_dwt.c ****     CPU_FREQ_Hz_ms = CPU_FREQ_Hz / 1000;
 114              		.loc 1 33 17 view .LVU23
 115 0022 0B4B     		ldr	r3, .L7+12
 116 0024 1860     		str	r0, [r3]
  34:BSP/bsp_dwt.c ****     CPU_FREQ_Hz_us = CPU_FREQ_Hz / 1000000;
 117              		.loc 1 34 5 is_stmt 1 view .LVU24
  34:BSP/bsp_dwt.c ****     CPU_FREQ_Hz_us = CPU_FREQ_Hz / 1000000;
 118              		.loc 1 34 34 is_stmt 0 view .LVU25
 119 0026 0B4B     		ldr	r3, .L7+16
 120 0028 A3FB0023 		umull	r2, r3, r3, r0
 121 002c 9B09     		lsrs	r3, r3, #6
  34:BSP/bsp_dwt.c ****     CPU_FREQ_Hz_us = CPU_FREQ_Hz / 1000000;
 122              		.loc 1 34 20 view .LVU26
 123 002e 0A4A     		ldr	r2, .L7+20
 124 0030 1360     		str	r3, [r2]
  35:BSP/bsp_dwt.c ****     CYCCNT_RountCount = 0;
 125              		.loc 1 35 5 is_stmt 1 view .LVU27
  35:BSP/bsp_dwt.c ****     CYCCNT_RountCount = 0;
 126              		.loc 1 35 34 is_stmt 0 view .LVU28
 127 0032 0A4B     		ldr	r3, .L7+24
 128 0034 A3FB0030 		umull	r3, r0, r3, r0
 129 0038 800C     		lsrs	r0, r0, #18
  35:BSP/bsp_dwt.c ****     CYCCNT_RountCount = 0;
 130              		.loc 1 35 20 view .LVU29
 131 003a 094B     		ldr	r3, .L7+28
 132 003c 1860     		str	r0, [r3]
  36:BSP/bsp_dwt.c **** }
 133              		.loc 1 36 5 is_stmt 1 view .LVU30
  36:BSP/bsp_dwt.c **** }
 134              		.loc 1 36 23 is_stmt 0 view .LVU31
 135 003e 094B     		ldr	r3, .L7+32
 136 0040 1960     		str	r1, [r3]
  37:BSP/bsp_dwt.c **** 
 137              		.loc 1 37 1 view .LVU32
 138 0042 7047     		bx	lr
 139              	.L8:
 140              		.align	2
 141              	.L7:
 142 0044 00ED00E0 		.word	-536810240
 143 0048 001000E0 		.word	-536866816
 144 004c 40420F00 		.word	1000000
 145 0050 00000000 		.word	CPU_FREQ_Hz
 146 0054 D34D6210 		.word	274877907
 147 0058 00000000 		.word	CPU_FREQ_Hz_ms
 148 005c 83DE1B43 		.word	1125899907
 149 0060 00000000 		.word	CPU_FREQ_Hz_us
 150 0064 00000000 		.word	CYCCNT_RountCount
 151              		.cfi_endproc
 152              	.LFE144:
 154              		.section	.text.DWT_GetDeltaT,"ax",%progbits
 155              		.align	1
 156              		.global	DWT_GetDeltaT
ARM GAS  D:\temp\TMP\cc3jvRxB.s 			page 6


 157              		.syntax unified
 158              		.thumb
 159              		.thumb_func
 161              	DWT_GetDeltaT:
 162              	.LVL2:
 163              	.LFB145:
  40:BSP/bsp_dwt.c ****     volatile uint32_t cnt_now = DWT->CYCCNT;
 164              		.loc 1 40 1 is_stmt 1 view -0
 165              		.cfi_startproc
 166              		@ args = 0, pretend = 0, frame = 8
 167              		@ frame_needed = 0, uses_anonymous_args = 0
  40:BSP/bsp_dwt.c ****     volatile uint32_t cnt_now = DWT->CYCCNT;
 168              		.loc 1 40 1 is_stmt 0 view .LVU34
 169 0000 00B5     		push	{lr}
 170              	.LCFI2:
 171              		.cfi_def_cfa_offset 4
 172              		.cfi_offset 14, -4
 173 0002 2DED028B 		vpush.64	{d8}
 174              	.LCFI3:
 175              		.cfi_def_cfa_offset 12
 176              		.cfi_offset 80, -12
 177              		.cfi_offset 81, -8
 178 0006 83B0     		sub	sp, sp, #12
 179              	.LCFI4:
 180              		.cfi_def_cfa_offset 24
  41:BSP/bsp_dwt.c ****     float dt = ((uint32_t)(cnt_now - *cnt_last)) / ((float)(CPU_FREQ_Hz));
 181              		.loc 1 41 5 is_stmt 1 view .LVU35
  41:BSP/bsp_dwt.c ****     float dt = ((uint32_t)(cnt_now - *cnt_last)) / ((float)(CPU_FREQ_Hz));
 182              		.loc 1 41 36 is_stmt 0 view .LVU36
 183 0008 0E4B     		ldr	r3, .L11
 184 000a 5B68     		ldr	r3, [r3, #4]
  41:BSP/bsp_dwt.c ****     float dt = ((uint32_t)(cnt_now - *cnt_last)) / ((float)(CPU_FREQ_Hz));
 185              		.loc 1 41 23 view .LVU37
 186 000c 0193     		str	r3, [sp, #4]
  42:BSP/bsp_dwt.c ****     *cnt_last = cnt_now;
 187              		.loc 1 42 5 is_stmt 1 view .LVU38
  42:BSP/bsp_dwt.c ****     *cnt_last = cnt_now;
 188              		.loc 1 42 36 is_stmt 0 view .LVU39
 189 000e 019B     		ldr	r3, [sp, #4]
  42:BSP/bsp_dwt.c ****     *cnt_last = cnt_now;
 190              		.loc 1 42 38 view .LVU40
 191 0010 0268     		ldr	r2, [r0]
  42:BSP/bsp_dwt.c ****     *cnt_last = cnt_now;
 192              		.loc 1 42 36 view .LVU41
 193 0012 9B1A     		subs	r3, r3, r2
  42:BSP/bsp_dwt.c ****     *cnt_last = cnt_now;
 194              		.loc 1 42 50 view .LVU42
 195 0014 07EE903A 		vmov	s15, r3	@ int
 196 0018 F8EE677A 		vcvt.f32.u32	s15, s15
  42:BSP/bsp_dwt.c ****     *cnt_last = cnt_now;
 197              		.loc 1 42 53 view .LVU43
 198 001c 0A4B     		ldr	r3, .L11+4
 199 001e 93ED007A 		vldr.32	s14, [r3]	@ int
 200 0022 B8EE477A 		vcvt.f32.u32	s14, s14
  42:BSP/bsp_dwt.c ****     *cnt_last = cnt_now;
 201              		.loc 1 42 11 view .LVU44
 202 0026 C7EE877A 		vdiv.f32	s15, s15, s14
ARM GAS  D:\temp\TMP\cc3jvRxB.s 			page 7


 203 002a B0EE678A 		vmov.f32	s16, s15
 204              	.LVL3:
  43:BSP/bsp_dwt.c **** 
 205              		.loc 1 43 5 is_stmt 1 view .LVU45
  43:BSP/bsp_dwt.c **** 
 206              		.loc 1 43 15 is_stmt 0 view .LVU46
 207 002e 019B     		ldr	r3, [sp, #4]
 208 0030 0360     		str	r3, [r0]
  45:BSP/bsp_dwt.c **** 
 209              		.loc 1 45 5 is_stmt 1 view .LVU47
 210 0032 FFF7FEFF 		bl	DWT_CNT_Update
 211              	.LVL4:
  47:BSP/bsp_dwt.c **** }
 212              		.loc 1 47 5 view .LVU48
  48:BSP/bsp_dwt.c **** 
 213              		.loc 1 48 1 is_stmt 0 view .LVU49
 214 0036 B0EE480A 		vmov.f32	s0, s16
 215 003a 03B0     		add	sp, sp, #12
 216              	.LCFI5:
 217              		.cfi_def_cfa_offset 12
 218              		@ sp needed
 219 003c BDEC028B 		vldm	sp!, {d8}
 220              	.LCFI6:
 221              		.cfi_restore 80
 222              		.cfi_restore 81
 223              		.cfi_def_cfa_offset 4
 224              	.LVL5:
  48:BSP/bsp_dwt.c **** 
 225              		.loc 1 48 1 view .LVU50
 226 0040 00BD     		pop	{pc}
 227              	.L12:
 228 0042 00BF     		.align	2
 229              	.L11:
 230 0044 001000E0 		.word	-536866816
 231 0048 00000000 		.word	CPU_FREQ_Hz
 232              		.cfi_endproc
 233              	.LFE145:
 235              		.section	.text.DWT_GetDeltaT64,"ax",%progbits
 236              		.align	1
 237              		.global	DWT_GetDeltaT64
 238              		.syntax unified
 239              		.thumb
 240              		.thumb_func
 242              	DWT_GetDeltaT64:
 243              	.LVL6:
 244              	.LFB146:
  51:BSP/bsp_dwt.c ****     volatile uint32_t cnt_now = DWT->CYCCNT;
 245              		.loc 1 51 1 is_stmt 1 view -0
 246              		.cfi_startproc
 247              		@ args = 0, pretend = 0, frame = 8
 248              		@ frame_needed = 0, uses_anonymous_args = 0
  51:BSP/bsp_dwt.c ****     volatile uint32_t cnt_now = DWT->CYCCNT;
 249              		.loc 1 51 1 is_stmt 0 view .LVU52
 250 0000 00B5     		push	{lr}
 251              	.LCFI7:
 252              		.cfi_def_cfa_offset 4
 253              		.cfi_offset 14, -4
ARM GAS  D:\temp\TMP\cc3jvRxB.s 			page 8


 254 0002 2DED028B 		vpush.64	{d8}
 255              	.LCFI8:
 256              		.cfi_def_cfa_offset 12
 257              		.cfi_offset 80, -12
 258              		.cfi_offset 81, -8
 259 0006 83B0     		sub	sp, sp, #12
 260              	.LCFI9:
 261              		.cfi_def_cfa_offset 24
  52:BSP/bsp_dwt.c ****     double dt = ((uint32_t)(cnt_now - *cnt_last)) / ((double)(CPU_FREQ_Hz));
 262              		.loc 1 52 5 is_stmt 1 view .LVU53
  52:BSP/bsp_dwt.c ****     double dt = ((uint32_t)(cnt_now - *cnt_last)) / ((double)(CPU_FREQ_Hz));
 263              		.loc 1 52 36 is_stmt 0 view .LVU54
 264 0008 0E4B     		ldr	r3, .L15
 265 000a 5B68     		ldr	r3, [r3, #4]
  52:BSP/bsp_dwt.c ****     double dt = ((uint32_t)(cnt_now - *cnt_last)) / ((double)(CPU_FREQ_Hz));
 266              		.loc 1 52 23 view .LVU55
 267 000c 0193     		str	r3, [sp, #4]
  53:BSP/bsp_dwt.c ****     *cnt_last = cnt_now;
 268              		.loc 1 53 5 is_stmt 1 view .LVU56
  53:BSP/bsp_dwt.c ****     *cnt_last = cnt_now;
 269              		.loc 1 53 37 is_stmt 0 view .LVU57
 270 000e 019B     		ldr	r3, [sp, #4]
  53:BSP/bsp_dwt.c ****     *cnt_last = cnt_now;
 271              		.loc 1 53 39 view .LVU58
 272 0010 0268     		ldr	r2, [r0]
  53:BSP/bsp_dwt.c ****     *cnt_last = cnt_now;
 273              		.loc 1 53 37 view .LVU59
 274 0012 9B1A     		subs	r3, r3, r2
  53:BSP/bsp_dwt.c ****     *cnt_last = cnt_now;
 275              		.loc 1 53 51 view .LVU60
 276 0014 07EE903A 		vmov	s15, r3	@ int
 277 0018 B8EE677B 		vcvt.f64.u32	d7, s15
  53:BSP/bsp_dwt.c ****     *cnt_last = cnt_now;
 278              		.loc 1 53 54 view .LVU61
 279 001c 0A4B     		ldr	r3, .L15+4
 280 001e 93ED006A 		vldr.32	s12, [r3]	@ int
 281 0022 B8EE466B 		vcvt.f64.u32	d6, s12
  53:BSP/bsp_dwt.c ****     *cnt_last = cnt_now;
 282              		.loc 1 53 12 view .LVU62
 283 0026 87EE067B 		vdiv.f64	d7, d7, d6
 284 002a B0EE478B 		vmov.f64	d8, d7
 285              	.LVL7:
  54:BSP/bsp_dwt.c **** 
 286              		.loc 1 54 5 is_stmt 1 view .LVU63
  54:BSP/bsp_dwt.c **** 
 287              		.loc 1 54 15 is_stmt 0 view .LVU64
 288 002e 019B     		ldr	r3, [sp, #4]
 289 0030 0360     		str	r3, [r0]
  56:BSP/bsp_dwt.c **** 
 290              		.loc 1 56 5 is_stmt 1 view .LVU65
 291 0032 FFF7FEFF 		bl	DWT_CNT_Update
 292              	.LVL8:
  58:BSP/bsp_dwt.c **** }
 293              		.loc 1 58 5 view .LVU66
  59:BSP/bsp_dwt.c **** 
 294              		.loc 1 59 1 is_stmt 0 view .LVU67
 295 0036 B0EE480B 		vmov.f64	d0, d8
ARM GAS  D:\temp\TMP\cc3jvRxB.s 			page 9


 296 003a 03B0     		add	sp, sp, #12
 297              	.LCFI10:
 298              		.cfi_def_cfa_offset 12
 299              		@ sp needed
 300 003c BDEC028B 		vldm	sp!, {d8}
 301              	.LCFI11:
 302              		.cfi_restore 80
 303              		.cfi_restore 81
 304              		.cfi_def_cfa_offset 4
 305              	.LVL9:
  59:BSP/bsp_dwt.c **** 
 306              		.loc 1 59 1 view .LVU68
 307 0040 00BD     		pop	{pc}
 308              	.L16:
 309 0042 00BF     		.align	2
 310              	.L15:
 311 0044 001000E0 		.word	-536866816
 312 0048 00000000 		.word	CPU_FREQ_Hz
 313              		.cfi_endproc
 314              	.LFE146:
 316              		.section	.text.DWT_SysTimeUpdate,"ax",%progbits
 317              		.align	1
 318              		.global	DWT_SysTimeUpdate
 319              		.syntax unified
 320              		.thumb
 321              		.thumb_func
 323              	DWT_SysTimeUpdate:
 324              	.LFB147:
  62:BSP/bsp_dwt.c ****     volatile uint32_t cnt_now = DWT->CYCCNT;
 325              		.loc 1 62 1 is_stmt 1 view -0
 326              		.cfi_startproc
 327              		@ args = 0, pretend = 0, frame = 8
 328              		@ frame_needed = 0, uses_anonymous_args = 0
 329 0000 2DE9F041 		push	{r4, r5, r6, r7, r8, lr}
 330              	.LCFI12:
 331              		.cfi_def_cfa_offset 24
 332              		.cfi_offset 4, -24
 333              		.cfi_offset 5, -20
 334              		.cfi_offset 6, -16
 335              		.cfi_offset 7, -12
 336              		.cfi_offset 8, -8
 337              		.cfi_offset 14, -4
 338 0004 82B0     		sub	sp, sp, #8
 339              	.LCFI13:
 340              		.cfi_def_cfa_offset 32
  63:BSP/bsp_dwt.c ****     static uint64_t CNT_TEMP1, CNT_TEMP2, CNT_TEMP3;
 341              		.loc 1 63 5 view .LVU70
  63:BSP/bsp_dwt.c ****     static uint64_t CNT_TEMP1, CNT_TEMP2, CNT_TEMP3;
 342              		.loc 1 63 36 is_stmt 0 view .LVU71
 343 0006 294B     		ldr	r3, .L19
 344 0008 5B68     		ldr	r3, [r3, #4]
  63:BSP/bsp_dwt.c ****     static uint64_t CNT_TEMP1, CNT_TEMP2, CNT_TEMP3;
 345              		.loc 1 63 23 view .LVU72
 346 000a 0193     		str	r3, [sp, #4]
  64:BSP/bsp_dwt.c **** 
 347              		.loc 1 64 5 is_stmt 1 view .LVU73
  66:BSP/bsp_dwt.c **** 
ARM GAS  D:\temp\TMP\cc3jvRxB.s 			page 10


 348              		.loc 1 66 5 view .LVU74
 349 000c FFF7FEFF 		bl	DWT_CNT_Update
 350              	.LVL10:
  68:BSP/bsp_dwt.c ****     CNT_TEMP1 = CYCCNT64 / CPU_FREQ_Hz;
 351              		.loc 1 68 5 view .LVU75
  68:BSP/bsp_dwt.c ****     CNT_TEMP1 = CYCCNT64 / CPU_FREQ_Hz;
 352              		.loc 1 68 16 is_stmt 0 view .LVU76
 353 0010 274B     		ldr	r3, .L19+4
 354 0012 1C68     		ldr	r4, [r3]
 355 0014 0026     		movs	r6, #0
  68:BSP/bsp_dwt.c ****     CNT_TEMP1 = CYCCNT64 / CPU_FREQ_Hz;
 356              		.loc 1 68 44 view .LVU77
 357 0016 6508     		lsrs	r5, r4, #1
 358 0018 E307     		lsls	r3, r4, #31
 359 001a 1B1B     		subs	r3, r3, r4
 360 001c 65F10005 		sbc	r5, r5, #0
 361 0020 DB18     		adds	r3, r3, r3
 362 0022 6D41     		adcs	r5, r5, r5
 363 0024 1C19     		adds	r4, r3, r4
 364 0026 45F10005 		adc	r5, r5, #0
  68:BSP/bsp_dwt.c ****     CNT_TEMP1 = CYCCNT64 / CPU_FREQ_Hz;
 365              		.loc 1 68 69 view .LVU78
 366 002a 019B     		ldr	r3, [sp, #4]
  68:BSP/bsp_dwt.c ****     CNT_TEMP1 = CYCCNT64 / CPU_FREQ_Hz;
 367              		.loc 1 68 67 view .LVU79
 368 002c E418     		adds	r4, r4, r3
 369 002e 45F10005 		adc	r5, r5, #0
  68:BSP/bsp_dwt.c ****     CNT_TEMP1 = CYCCNT64 / CPU_FREQ_Hz;
 370              		.loc 1 68 14 view .LVU80
 371 0032 204B     		ldr	r3, .L19+8
 372 0034 1C60     		str	r4, [r3]
 373 0036 5D60     		str	r5, [r3, #4]
  69:BSP/bsp_dwt.c ****     CNT_TEMP2 = CYCCNT64 - CNT_TEMP1 * CPU_FREQ_Hz;
 374              		.loc 1 69 5 is_stmt 1 view .LVU81
  69:BSP/bsp_dwt.c ****     CNT_TEMP2 = CYCCNT64 - CNT_TEMP1 * CPU_FREQ_Hz;
 375              		.loc 1 69 26 is_stmt 0 view .LVU82
 376 0038 1F4B     		ldr	r3, .L19+12
 377 003a D3F80080 		ldr	r8, [r3]
 378 003e 4246     		mov	r2, r8
 379 0040 3346     		mov	r3, r6
 380 0042 2046     		mov	r0, r4
 381 0044 2946     		mov	r1, r5
 382 0046 FFF7FEFF 		bl	__aeabi_uldivmod
 383              	.LVL11:
 384 004a 0746     		mov	r7, r0
  69:BSP/bsp_dwt.c ****     CNT_TEMP2 = CYCCNT64 - CNT_TEMP1 * CPU_FREQ_Hz;
 385              		.loc 1 69 15 view .LVU83
 386 004c 1B4B     		ldr	r3, .L19+16
 387 004e 1860     		str	r0, [r3]
 388 0050 5960     		str	r1, [r3, #4]
  70:BSP/bsp_dwt.c ****     SysTime.s = CNT_TEMP1;
 389              		.loc 1 70 5 is_stmt 1 view .LVU84
 390 0052 4246     		mov	r2, r8
 391 0054 3346     		mov	r3, r6
 392 0056 2046     		mov	r0, r4
 393 0058 2946     		mov	r1, r5
 394 005a FFF7FEFF 		bl	__aeabi_uldivmod
ARM GAS  D:\temp\TMP\cc3jvRxB.s 			page 11


 395              	.LVL12:
 396 005e 1046     		mov	r0, r2
 397 0060 1C46     		mov	r4, r3
 398 0062 1546     		mov	r5, r2
  70:BSP/bsp_dwt.c ****     SysTime.s = CNT_TEMP1;
 399              		.loc 1 70 15 is_stmt 0 view .LVU85
 400 0064 164B     		ldr	r3, .L19+20
 401 0066 1A60     		str	r2, [r3]
 402 0068 5C60     		str	r4, [r3, #4]
  71:BSP/bsp_dwt.c ****     SysTime.ms = CNT_TEMP2 / CPU_FREQ_Hz_ms;
 403              		.loc 1 71 5 is_stmt 1 view .LVU86
  71:BSP/bsp_dwt.c ****     SysTime.ms = CNT_TEMP2 / CPU_FREQ_Hz_ms;
 404              		.loc 1 71 15 is_stmt 0 view .LVU87
 405 006a DFF86480 		ldr	r8, .L19+36
 406 006e C8F80070 		str	r7, [r8]
  72:BSP/bsp_dwt.c ****     CNT_TEMP3 = CNT_TEMP2 - SysTime.ms * CPU_FREQ_Hz_ms;
 407              		.loc 1 72 5 is_stmt 1 view .LVU88
  72:BSP/bsp_dwt.c ****     CNT_TEMP3 = CNT_TEMP2 - SysTime.ms * CPU_FREQ_Hz_ms;
 408              		.loc 1 72 28 is_stmt 0 view .LVU89
 409 0072 144B     		ldr	r3, .L19+24
 410 0074 1F68     		ldr	r7, [r3]
 411 0076 3A46     		mov	r2, r7
 412 0078 3346     		mov	r3, r6
 413 007a 2146     		mov	r1, r4
 414 007c FFF7FEFF 		bl	__aeabi_uldivmod
 415              	.LVL13:
  72:BSP/bsp_dwt.c ****     CNT_TEMP3 = CNT_TEMP2 - SysTime.ms * CPU_FREQ_Hz_ms;
 416              		.loc 1 72 16 view .LVU90
 417 0080 80B2     		uxth	r0, r0
 418 0082 A8F80400 		strh	r0, [r8, #4]	@ movhi
  73:BSP/bsp_dwt.c ****     SysTime.us = CNT_TEMP3 / CPU_FREQ_Hz_us;
 419              		.loc 1 73 5 is_stmt 1 view .LVU91
  73:BSP/bsp_dwt.c ****     SysTime.us = CNT_TEMP3 / CPU_FREQ_Hz_us;
 420              		.loc 1 73 40 is_stmt 0 view .LVU92
 421 0086 00FB07F7 		mul	r7, r0, r7
  73:BSP/bsp_dwt.c ****     SysTime.us = CNT_TEMP3 / CPU_FREQ_Hz_us;
 422              		.loc 1 73 27 view .LVU93
 423 008a E81B     		subs	r0, r5, r7
 424 008c 64F10001 		sbc	r1, r4, #0
  73:BSP/bsp_dwt.c ****     SysTime.us = CNT_TEMP3 / CPU_FREQ_Hz_us;
 425              		.loc 1 73 15 view .LVU94
 426 0090 0D4B     		ldr	r3, .L19+28
 427 0092 1860     		str	r0, [r3]
 428 0094 5960     		str	r1, [r3, #4]
  74:BSP/bsp_dwt.c **** }
 429              		.loc 1 74 5 is_stmt 1 view .LVU95
  74:BSP/bsp_dwt.c **** }
 430              		.loc 1 74 28 is_stmt 0 view .LVU96
 431 0096 0D4B     		ldr	r3, .L19+32
 432 0098 1A68     		ldr	r2, [r3]
 433 009a 3346     		mov	r3, r6
 434 009c FFF7FEFF 		bl	__aeabi_uldivmod
 435              	.LVL14:
  74:BSP/bsp_dwt.c **** }
 436              		.loc 1 74 16 view .LVU97
 437 00a0 A8F80600 		strh	r0, [r8, #6]	@ movhi
  75:BSP/bsp_dwt.c **** 
ARM GAS  D:\temp\TMP\cc3jvRxB.s 			page 12


 438              		.loc 1 75 1 view .LVU98
 439 00a4 02B0     		add	sp, sp, #8
 440              	.LCFI14:
 441              		.cfi_def_cfa_offset 24
 442              		@ sp needed
 443 00a6 BDE8F081 		pop	{r4, r5, r6, r7, r8, pc}
 444              	.L20:
 445 00aa 00BF     		.align	2
 446              	.L19:
 447 00ac 001000E0 		.word	-536866816
 448 00b0 00000000 		.word	CYCCNT_RountCount
 449 00b4 00000000 		.word	CYCCNT64
 450 00b8 00000000 		.word	CPU_FREQ_Hz
 451 00bc 00000000 		.word	CNT_TEMP1.2
 452 00c0 00000000 		.word	CNT_TEMP2.1
 453 00c4 00000000 		.word	CPU_FREQ_Hz_ms
 454 00c8 00000000 		.word	CNT_TEMP3.0
 455 00cc 00000000 		.word	CPU_FREQ_Hz_us
 456 00d0 00000000 		.word	SysTime
 457              		.cfi_endproc
 458              	.LFE147:
 460              		.section	.text.DWT_GetTimeline_s,"ax",%progbits
 461              		.align	1
 462              		.global	DWT_GetTimeline_s
 463              		.syntax unified
 464              		.thumb
 465              		.thumb_func
 467              	DWT_GetTimeline_s:
 468              	.LFB148:
  78:BSP/bsp_dwt.c ****     DWT_SysTimeUpdate();
 469              		.loc 1 78 1 is_stmt 1 view -0
 470              		.cfi_startproc
 471              		@ args = 0, pretend = 0, frame = 0
 472              		@ frame_needed = 0, uses_anonymous_args = 0
 473 0000 08B5     		push	{r3, lr}
 474              	.LCFI15:
 475              		.cfi_def_cfa_offset 8
 476              		.cfi_offset 3, -8
 477              		.cfi_offset 14, -4
  79:BSP/bsp_dwt.c **** 
 478              		.loc 1 79 5 view .LVU100
 479 0002 FFF7FEFF 		bl	DWT_SysTimeUpdate
 480              	.LVL15:
  81:BSP/bsp_dwt.c **** 
 481              		.loc 1 81 5 view .LVU101
  81:BSP/bsp_dwt.c **** 
 482              		.loc 1 81 36 is_stmt 0 view .LVU102
 483 0006 0E4B     		ldr	r3, .L23
  81:BSP/bsp_dwt.c **** 
 484              		.loc 1 81 48 view .LVU103
 485 0008 9A88     		ldrh	r2, [r3, #4]
 486 000a 07EE902A 		vmov	s15, r2	@ int
  81:BSP/bsp_dwt.c **** 
 487              		.loc 1 81 52 view .LVU104
 488 000e F8EEE77A 		vcvt.f32.s32	s15, s15
 489 0012 9FED0C7A 		vldr.32	s14, .L23+4
 490 0016 67EE877A 		vmul.f32	s15, s15, s14
ARM GAS  D:\temp\TMP\cc3jvRxB.s 			page 13


  81:BSP/bsp_dwt.c **** 
 491              		.loc 1 81 39 view .LVU105
 492 001a 93ED007A 		vldr.32	s14, [r3]	@ int
 493 001e B8EE470A 		vcvt.f32.u32	s0, s14
 494 0022 30EE270A 		vadd.f32	s0, s0, s15
  81:BSP/bsp_dwt.c **** 
 495              		.loc 1 81 70 view .LVU106
 496 0026 DB88     		ldrh	r3, [r3, #6]
 497 0028 07EE903A 		vmov	s15, r3	@ int
  81:BSP/bsp_dwt.c **** 
 498              		.loc 1 81 74 view .LVU107
 499 002c F8EEE77A 		vcvt.f32.s32	s15, s15
 500 0030 9FED057A 		vldr.32	s14, .L23+8
 501 0034 67EE877A 		vmul.f32	s15, s15, s14
 502              	.LVL16:
  83:BSP/bsp_dwt.c **** }
 503              		.loc 1 83 5 is_stmt 1 view .LVU108
  84:BSP/bsp_dwt.c **** 
 504              		.loc 1 84 1 is_stmt 0 view .LVU109
 505 0038 30EE270A 		vadd.f32	s0, s0, s15
 506              	.LVL17:
  84:BSP/bsp_dwt.c **** 
 507              		.loc 1 84 1 view .LVU110
 508 003c 08BD     		pop	{r3, pc}
 509              	.L24:
 510 003e 00BF     		.align	2
 511              	.L23:
 512 0040 00000000 		.word	SysTime
 513 0044 6F12833A 		.word	981668463
 514 0048 BD378635 		.word	897988541
 515              		.cfi_endproc
 516              	.LFE148:
 518              		.section	.text.DWT_GetTimeline_ms,"ax",%progbits
 519              		.align	1
 520              		.global	DWT_GetTimeline_ms
 521              		.syntax unified
 522              		.thumb
 523              		.thumb_func
 525              	DWT_GetTimeline_ms:
 526              	.LFB149:
  87:BSP/bsp_dwt.c ****     DWT_SysTimeUpdate();
 527              		.loc 1 87 1 is_stmt 1 view -0
 528              		.cfi_startproc
 529              		@ args = 0, pretend = 0, frame = 0
 530              		@ frame_needed = 0, uses_anonymous_args = 0
 531 0000 08B5     		push	{r3, lr}
 532              	.LCFI16:
 533              		.cfi_def_cfa_offset 8
 534              		.cfi_offset 3, -8
 535              		.cfi_offset 14, -4
  88:BSP/bsp_dwt.c **** 
 536              		.loc 1 88 5 view .LVU112
 537 0002 FFF7FEFF 		bl	DWT_SysTimeUpdate
 538              	.LVL18:
  90:BSP/bsp_dwt.c **** 
 539              		.loc 1 90 5 view .LVU113
  90:BSP/bsp_dwt.c **** 
ARM GAS  D:\temp\TMP\cc3jvRxB.s 			page 14


 540              		.loc 1 90 36 is_stmt 0 view .LVU114
 541 0006 0B4A     		ldr	r2, .L27
 542 0008 1168     		ldr	r1, [r2]
  90:BSP/bsp_dwt.c **** 
 543              		.loc 1 90 55 view .LVU115
 544 000a 9388     		ldrh	r3, [r2, #4]
  90:BSP/bsp_dwt.c **** 
 545              		.loc 1 90 46 view .LVU116
 546 000c 4FF47A70 		mov	r0, #1000
 547 0010 00FB0133 		mla	r3, r0, r1, r3
 548 0014 00EE103A 		vmov	s0, r3	@ int
  90:BSP/bsp_dwt.c **** 
 549              		.loc 1 90 59 view .LVU117
 550 0018 B8EE400A 		vcvt.f32.u32	s0, s0
  90:BSP/bsp_dwt.c **** 
 551              		.loc 1 90 68 view .LVU118
 552 001c D388     		ldrh	r3, [r2, #6]
 553 001e 07EE903A 		vmov	s15, r3	@ int
  90:BSP/bsp_dwt.c **** 
 554              		.loc 1 90 72 view .LVU119
 555 0022 F8EEE77A 		vcvt.f32.s32	s15, s15
 556 0026 9FED047A 		vldr.32	s14, .L27+4
 557 002a 67EE877A 		vmul.f32	s15, s15, s14
 558              	.LVL19:
  92:BSP/bsp_dwt.c **** }
 559              		.loc 1 92 5 is_stmt 1 view .LVU120
  93:BSP/bsp_dwt.c **** 
 560              		.loc 1 93 1 is_stmt 0 view .LVU121
 561 002e 30EE270A 		vadd.f32	s0, s0, s15
 562              	.LVL20:
  93:BSP/bsp_dwt.c **** 
 563              		.loc 1 93 1 view .LVU122
 564 0032 08BD     		pop	{r3, pc}
 565              	.L28:
 566              		.align	2
 567              	.L27:
 568 0034 00000000 		.word	SysTime
 569 0038 6F12833A 		.word	981668463
 570              		.cfi_endproc
 571              	.LFE149:
 573              		.section	.text.DWT_GetTimeline_us,"ax",%progbits
 574              		.align	1
 575              		.global	DWT_GetTimeline_us
 576              		.syntax unified
 577              		.thumb
 578              		.thumb_func
 580              	DWT_GetTimeline_us:
 581              	.LFB150:
  96:BSP/bsp_dwt.c ****     DWT_SysTimeUpdate();
 582              		.loc 1 96 1 is_stmt 1 view -0
 583              		.cfi_startproc
 584              		@ args = 0, pretend = 0, frame = 0
 585              		@ frame_needed = 0, uses_anonymous_args = 0
 586 0000 08B5     		push	{r3, lr}
 587              	.LCFI17:
 588              		.cfi_def_cfa_offset 8
 589              		.cfi_offset 3, -8
ARM GAS  D:\temp\TMP\cc3jvRxB.s 			page 15


 590              		.cfi_offset 14, -4
  97:BSP/bsp_dwt.c **** 
 591              		.loc 1 97 5 view .LVU124
 592 0002 FFF7FEFF 		bl	DWT_SysTimeUpdate
 593              	.LVL21:
  99:BSP/bsp_dwt.c **** 
 594              		.loc 1 99 5 view .LVU125
  99:BSP/bsp_dwt.c **** 
 595              		.loc 1 99 39 is_stmt 0 view .LVU126
 596 0006 074A     		ldr	r2, .L31
 597 0008 1168     		ldr	r1, [r2]
  99:BSP/bsp_dwt.c **** 
 598              		.loc 1 99 61 view .LVU127
 599 000a 9388     		ldrh	r3, [r2, #4]
  99:BSP/bsp_dwt.c **** 
 600              		.loc 1 99 65 view .LVU128
 601 000c 4FF47A70 		mov	r0, #1000
 602 0010 00FB03F3 		mul	r3, r0, r3
  99:BSP/bsp_dwt.c **** 
 603              		.loc 1 99 52 view .LVU129
 604 0014 0448     		ldr	r0, .L31+4
 605 0016 00FB0133 		mla	r3, r0, r1, r3
  99:BSP/bsp_dwt.c **** 
 606              		.loc 1 99 81 view .LVU130
 607 001a D088     		ldrh	r0, [r2, #6]
 608              	.LVL22:
 101:BSP/bsp_dwt.c **** }
 609              		.loc 1 101 5 is_stmt 1 view .LVU131
 102:BSP/bsp_dwt.c **** 
 610              		.loc 1 102 1 is_stmt 0 view .LVU132
 611 001c 1844     		add	r0, r0, r3
 612              	.LVL23:
 102:BSP/bsp_dwt.c **** 
 613              		.loc 1 102 1 view .LVU133
 614 001e 0021     		movs	r1, #0
 615 0020 08BD     		pop	{r3, pc}
 616              	.L32:
 617 0022 00BF     		.align	2
 618              	.L31:
 619 0024 00000000 		.word	SysTime
 620 0028 40420F00 		.word	1000000
 621              		.cfi_endproc
 622              	.LFE150:
 624              		.section	.text.DWT_Delay,"ax",%progbits
 625              		.align	1
 626              		.global	DWT_Delay
 627              		.syntax unified
 628              		.thumb
 629              		.thumb_func
 631              	DWT_Delay:
 632              	.LVL24:
 633              	.LFB152:
 113:BSP/bsp_dwt.c **** 
 114:BSP/bsp_dwt.c **** void DWT_Delay(float Delay)
 115:BSP/bsp_dwt.c **** {
 634              		.loc 1 115 1 is_stmt 1 view -0
 635              		.cfi_startproc
ARM GAS  D:\temp\TMP\cc3jvRxB.s 			page 16


 636              		@ args = 0, pretend = 0, frame = 0
 637              		@ frame_needed = 0, uses_anonymous_args = 0
 638              		@ link register save eliminated.
 116:BSP/bsp_dwt.c ****     uint32_t tickstart = DWT->CYCCNT;
 639              		.loc 1 116 5 view .LVU135
 640              		.loc 1 116 14 is_stmt 0 view .LVU136
 641 0000 0A4B     		ldr	r3, .L35
 642 0002 5968     		ldr	r1, [r3, #4]
 643              	.LVL25:
 117:BSP/bsp_dwt.c ****     float wait = Delay;
 644              		.loc 1 117 5 is_stmt 1 view .LVU137
 118:BSP/bsp_dwt.c **** 
 119:BSP/bsp_dwt.c ****     while ((DWT->CYCCNT - tickstart) < wait * (float)CPU_FREQ_Hz)
 645              		.loc 1 119 5 view .LVU138
 646              	.L34:
 120:BSP/bsp_dwt.c ****     {
 121:BSP/bsp_dwt.c ****     }
 647              		.loc 1 121 5 view .LVU139
 119:BSP/bsp_dwt.c ****     {
 648              		.loc 1 119 38 discriminator 1 view .LVU140
 119:BSP/bsp_dwt.c ****     {
 649              		.loc 1 119 16 is_stmt 0 discriminator 1 view .LVU141
 650 0004 094B     		ldr	r3, .L35
 651 0006 5B68     		ldr	r3, [r3, #4]
 119:BSP/bsp_dwt.c ****     {
 652              		.loc 1 119 25 discriminator 1 view .LVU142
 653 0008 5B1A     		subs	r3, r3, r1
 119:BSP/bsp_dwt.c ****     {
 654              		.loc 1 119 47 discriminator 1 view .LVU143
 655 000a 094A     		ldr	r2, .L35+4
 656 000c D2ED007A 		vldr.32	s15, [r2]	@ int
 657 0010 F8EE677A 		vcvt.f32.u32	s15, s15
 119:BSP/bsp_dwt.c ****     {
 658              		.loc 1 119 45 discriminator 1 view .LVU144
 659 0014 67EE807A 		vmul.f32	s15, s15, s0
 119:BSP/bsp_dwt.c ****     {
 660              		.loc 1 119 38 discriminator 1 view .LVU145
 661 0018 07EE103A 		vmov	s14, r3	@ int
 662 001c B8EE477A 		vcvt.f32.u32	s14, s14
 663 0020 B4EEE77A 		vcmpe.f32	s14, s15
 664 0024 F1EE10FA 		vmrs	APSR_nzcv, FPSCR
 665 0028 ECD4     		bmi	.L34
 122:BSP/bsp_dwt.c **** }
 666              		.loc 1 122 1 view .LVU146
 667 002a 7047     		bx	lr
 668              	.L36:
 669              		.align	2
 670              	.L35:
 671 002c 001000E0 		.word	-536866816
 672 0030 00000000 		.word	CPU_FREQ_Hz
 673              		.cfi_endproc
 674              	.LFE152:
 676              		.section	.bss.CNT_TEMP3.0,"aw",%nobits
 677              		.align	3
 680              	CNT_TEMP3.0:
 681 0000 00000000 		.space	8
 681      00000000 
ARM GAS  D:\temp\TMP\cc3jvRxB.s 			page 17


 682              		.section	.bss.CNT_TEMP2.1,"aw",%nobits
 683              		.align	3
 686              	CNT_TEMP2.1:
 687 0000 00000000 		.space	8
 687      00000000 
 688              		.section	.bss.CNT_TEMP1.2,"aw",%nobits
 689              		.align	3
 692              	CNT_TEMP1.2:
 693 0000 00000000 		.space	8
 693      00000000 
 694              		.global	CYCCNT64
 695              		.section	.bss.CYCCNT64,"aw",%nobits
 696              		.align	3
 699              	CYCCNT64:
 700 0000 00000000 		.space	8
 700      00000000 
 701              		.section	.bss.CYCCNT_LAST,"aw",%nobits
 702              		.align	2
 705              	CYCCNT_LAST:
 706 0000 00000000 		.space	4
 707              		.section	.bss.CYCCNT_RountCount,"aw",%nobits
 708              		.align	2
 711              	CYCCNT_RountCount:
 712 0000 00000000 		.space	4
 713              		.section	.bss.CPU_FREQ_Hz_us,"aw",%nobits
 714              		.align	2
 717              	CPU_FREQ_Hz_us:
 718 0000 00000000 		.space	4
 719              		.section	.bss.CPU_FREQ_Hz_ms,"aw",%nobits
 720              		.align	2
 723              	CPU_FREQ_Hz_ms:
 724 0000 00000000 		.space	4
 725              		.section	.bss.CPU_FREQ_Hz,"aw",%nobits
 726              		.align	2
 729              	CPU_FREQ_Hz:
 730 0000 00000000 		.space	4
 731              		.global	SysTime
 732              		.section	.bss.SysTime,"aw",%nobits
 733              		.align	2
 736              	SysTime:
 737 0000 00000000 		.space	8
 737      00000000 
 738              		.text
 739              	.Letext0:
 740              		.file 2 "D:/VS_STM32/gcc-arm-15.2/arm-none-eabi/include/machine/_default_types.h"
 741              		.file 3 "D:/VS_STM32/gcc-arm-15.2/arm-none-eabi/include/sys/_stdint.h"
 742              		.file 4 "Drivers/CMSIS/Include/core_cm7.h"
 743              		.file 5 "BSP/bsp_dwt.h"
ARM GAS  D:\temp\TMP\cc3jvRxB.s 			page 18


DEFINED SYMBOLS
                            *ABS*:00000000 bsp_dwt.c
D:\temp\TMP\cc3jvRxB.s:20     .text.DWT_CNT_Update:00000000 $t
D:\temp\TMP\cc3jvRxB.s:25     .text.DWT_CNT_Update:00000000 DWT_CNT_Update
D:\temp\TMP\cc3jvRxB.s:70     .text.DWT_CNT_Update:00000024 $d
D:\temp\TMP\cc3jvRxB.s:705    .bss.CYCCNT_LAST:00000000 CYCCNT_LAST
D:\temp\TMP\cc3jvRxB.s:711    .bss.CYCCNT_RountCount:00000000 CYCCNT_RountCount
D:\temp\TMP\cc3jvRxB.s:77     .text.DWT_Init:00000000 $t
D:\temp\TMP\cc3jvRxB.s:83     .text.DWT_Init:00000000 DWT_Init
D:\temp\TMP\cc3jvRxB.s:142    .text.DWT_Init:00000044 $d
D:\temp\TMP\cc3jvRxB.s:729    .bss.CPU_FREQ_Hz:00000000 CPU_FREQ_Hz
D:\temp\TMP\cc3jvRxB.s:723    .bss.CPU_FREQ_Hz_ms:00000000 CPU_FREQ_Hz_ms
D:\temp\TMP\cc3jvRxB.s:717    .bss.CPU_FREQ_Hz_us:00000000 CPU_FREQ_Hz_us
D:\temp\TMP\cc3jvRxB.s:155    .text.DWT_GetDeltaT:00000000 $t
D:\temp\TMP\cc3jvRxB.s:161    .text.DWT_GetDeltaT:00000000 DWT_GetDeltaT
D:\temp\TMP\cc3jvRxB.s:230    .text.DWT_GetDeltaT:00000044 $d
D:\temp\TMP\cc3jvRxB.s:236    .text.DWT_GetDeltaT64:00000000 $t
D:\temp\TMP\cc3jvRxB.s:242    .text.DWT_GetDeltaT64:00000000 DWT_GetDeltaT64
D:\temp\TMP\cc3jvRxB.s:311    .text.DWT_GetDeltaT64:00000044 $d
D:\temp\TMP\cc3jvRxB.s:317    .text.DWT_SysTimeUpdate:00000000 $t
D:\temp\TMP\cc3jvRxB.s:323    .text.DWT_SysTimeUpdate:00000000 DWT_SysTimeUpdate
D:\temp\TMP\cc3jvRxB.s:447    .text.DWT_SysTimeUpdate:000000ac $d
D:\temp\TMP\cc3jvRxB.s:699    .bss.CYCCNT64:00000000 CYCCNT64
D:\temp\TMP\cc3jvRxB.s:692    .bss.CNT_TEMP1.2:00000000 CNT_TEMP1.2
D:\temp\TMP\cc3jvRxB.s:686    .bss.CNT_TEMP2.1:00000000 CNT_TEMP2.1
D:\temp\TMP\cc3jvRxB.s:680    .bss.CNT_TEMP3.0:00000000 CNT_TEMP3.0
D:\temp\TMP\cc3jvRxB.s:736    .bss.SysTime:00000000 SysTime
D:\temp\TMP\cc3jvRxB.s:461    .text.DWT_GetTimeline_s:00000000 $t
D:\temp\TMP\cc3jvRxB.s:467    .text.DWT_GetTimeline_s:00000000 DWT_GetTimeline_s
D:\temp\TMP\cc3jvRxB.s:512    .text.DWT_GetTimeline_s:00000040 $d
D:\temp\TMP\cc3jvRxB.s:519    .text.DWT_GetTimeline_ms:00000000 $t
D:\temp\TMP\cc3jvRxB.s:525    .text.DWT_GetTimeline_ms:00000000 DWT_GetTimeline_ms
D:\temp\TMP\cc3jvRxB.s:568    .text.DWT_GetTimeline_ms:00000034 $d
D:\temp\TMP\cc3jvRxB.s:574    .text.DWT_GetTimeline_us:00000000 $t
D:\temp\TMP\cc3jvRxB.s:580    .text.DWT_GetTimeline_us:00000000 DWT_GetTimeline_us
D:\temp\TMP\cc3jvRxB.s:619    .text.DWT_GetTimeline_us:00000024 $d
D:\temp\TMP\cc3jvRxB.s:625    .text.DWT_Delay:00000000 $t
D:\temp\TMP\cc3jvRxB.s:631    .text.DWT_Delay:00000000 DWT_Delay
D:\temp\TMP\cc3jvRxB.s:671    .text.DWT_Delay:0000002c $d
D:\temp\TMP\cc3jvRxB.s:677    .bss.CNT_TEMP3.0:00000000 $d
D:\temp\TMP\cc3jvRxB.s:683    .bss.CNT_TEMP2.1:00000000 $d
D:\temp\TMP\cc3jvRxB.s:689    .bss.CNT_TEMP1.2:00000000 $d
D:\temp\TMP\cc3jvRxB.s:696    .bss.CYCCNT64:00000000 $d
D:\temp\TMP\cc3jvRxB.s:702    .bss.CYCCNT_LAST:00000000 $d
D:\temp\TMP\cc3jvRxB.s:708    .bss.CYCCNT_RountCount:00000000 $d
D:\temp\TMP\cc3jvRxB.s:714    .bss.CPU_FREQ_Hz_us:00000000 $d
D:\temp\TMP\cc3jvRxB.s:720    .bss.CPU_FREQ_Hz_ms:00000000 $d
D:\temp\TMP\cc3jvRxB.s:726    .bss.CPU_FREQ_Hz:00000000 $d
D:\temp\TMP\cc3jvRxB.s:733    .bss.SysTime:00000000 $d

UNDEFINED SYMBOLS
__aeabi_uldivmod
