ARM GAS  D:\temp\TMP\ccvedWSA.s 			page 1


   1              		.cpu cortex-m7
   2              		.arch armv7e-m
   3              		.fpu fpv5-d16
   4              		.eabi_attribute 28, 1
   5              		.eabi_attribute 20, 1
   6              		.eabi_attribute 21, 1
   7              		.eabi_attribute 23, 3
   8              		.eabi_attribute 24, 1
   9              		.eabi_attribute 25, 1
  10              		.eabi_attribute 26, 1
  11              		.eabi_attribute 30, 1
  12              		.eabi_attribute 34, 1
  13              		.eabi_attribute 18, 4
  14              		.file	"bsp_pwm.c"
  15              		.text
  16              	.Ltext0:
  17              		.cfi_sections	.debug_frame
  18              		.file 1 "BSP/bsp_pwm.c"
  19              		.section	.text.TIM_Set_PWM,"ax",%progbits
  20              		.align	1
  21              		.global	TIM_Set_PWM
  22              		.syntax unified
  23              		.thumb
  24              		.thumb_func
  26              	TIM_Set_PWM:
  27              	.LVL0:
  28              	.LFB144:
   1:BSP/bsp_pwm.c **** /**
   2:BSP/bsp_pwm.c ****   ******************************************************************************
   3:BSP/bsp_pwm.c ****   * @file	 bsp_PWM.c
   4:BSP/bsp_pwm.c ****   * @author  Wang Hongxi
   5:BSP/bsp_pwm.c ****   * @version V1.0.0
   6:BSP/bsp_pwm.c ****   * @date    2020/3/1
   7:BSP/bsp_pwm.c ****   * @brief   
   8:BSP/bsp_pwm.c ****   ******************************************************************************
   9:BSP/bsp_pwm.c ****   * @attention
  10:BSP/bsp_pwm.c ****   *
  11:BSP/bsp_pwm.c ****   ******************************************************************************
  12:BSP/bsp_pwm.c ****   */
  13:BSP/bsp_pwm.c **** #include "bsp_PWM.h"
  14:BSP/bsp_pwm.c **** 
  15:BSP/bsp_pwm.c **** void TIM_Set_PWM(TIM_HandleTypeDef *tim_pwmHandle, uint8_t Channel, uint16_t value)
  16:BSP/bsp_pwm.c **** {
  29              		.loc 1 16 1 view -0
  30              		.cfi_startproc
  31              		@ args = 0, pretend = 0, frame = 0
  32              		@ frame_needed = 0, uses_anonymous_args = 0
  33              		@ link register save eliminated.
  17:BSP/bsp_pwm.c ****     if (value > tim_pwmHandle->Instance->ARR)
  34              		.loc 1 17 5 view .LVU1
  35              		.loc 1 17 30 is_stmt 0 view .LVU2
  36 0000 0368     		ldr	r3, [r0]
  37              		.loc 1 17 40 view .LVU3
  38 0002 D86A     		ldr	r0, [r3, #44]
  39              	.LVL1:
  40              		.loc 1 17 8 view .LVU4
  41 0004 8242     		cmp	r2, r0
ARM GAS  D:\temp\TMP\ccvedWSA.s 			page 2


  42 0006 01D9     		bls	.L2
  18:BSP/bsp_pwm.c ****         value = tim_pwmHandle->Instance->ARR;
  43              		.loc 1 18 9 is_stmt 1 view .LVU5
  44              		.loc 1 18 40 is_stmt 0 view .LVU6
  45 0008 DA6A     		ldr	r2, [r3, #44]
  46              	.LVL2:
  47              		.loc 1 18 15 view .LVU7
  48 000a 92B2     		uxth	r2, r2
  49              	.L2:
  50              	.LVL3:
  19:BSP/bsp_pwm.c **** 
  20:BSP/bsp_pwm.c ****     switch (Channel)
  51              		.loc 1 20 5 is_stmt 1 view .LVU8
  52 000c 0829     		cmp	r1, #8
  53 000e 0DD0     		beq	.L3
  54 0010 05D8     		bhi	.L4
  55 0012 49B1     		cbz	r1, .L5
  56 0014 0429     		cmp	r1, #4
  57 0016 01D1     		bne	.L9
  21:BSP/bsp_pwm.c ****     {
  22:BSP/bsp_pwm.c ****     case TIM_CHANNEL_1:
  23:BSP/bsp_pwm.c ****         tim_pwmHandle->Instance->CCR1 = value;
  24:BSP/bsp_pwm.c ****         break;
  25:BSP/bsp_pwm.c ****     case TIM_CHANNEL_2:
  26:BSP/bsp_pwm.c ****         tim_pwmHandle->Instance->CCR2 = value;
  58              		.loc 1 26 9 view .LVU9
  59              		.loc 1 26 39 is_stmt 0 view .LVU10
  60 0018 9A63     		str	r2, [r3, #56]
  27:BSP/bsp_pwm.c ****         break;
  61              		.loc 1 27 9 is_stmt 1 view .LVU11
  62 001a 7047     		bx	lr
  63              	.L9:
  64 001c 7047     		bx	lr
  65              	.L4:
  20:BSP/bsp_pwm.c ****     {
  66              		.loc 1 20 5 is_stmt 0 view .LVU12
  67 001e 0C29     		cmp	r1, #12
  68 0020 01D1     		bne	.L10
  28:BSP/bsp_pwm.c ****     case TIM_CHANNEL_3:
  29:BSP/bsp_pwm.c ****         tim_pwmHandle->Instance->CCR3 = value;
  30:BSP/bsp_pwm.c ****         break;
  31:BSP/bsp_pwm.c ****     case TIM_CHANNEL_4:
  32:BSP/bsp_pwm.c ****         tim_pwmHandle->Instance->CCR4 = value;
  69              		.loc 1 32 9 is_stmt 1 view .LVU13
  70              		.loc 1 32 39 is_stmt 0 view .LVU14
  71 0022 1A64     		str	r2, [r3, #64]
  33:BSP/bsp_pwm.c ****         break;
  72              		.loc 1 33 9 is_stmt 1 view .LVU15
  34:BSP/bsp_pwm.c ****     }
  35:BSP/bsp_pwm.c **** }
  73              		.loc 1 35 1 is_stmt 0 view .LVU16
  74 0024 7047     		bx	lr
  75              	.L10:
  76 0026 7047     		bx	lr
  77              	.L5:
  23:BSP/bsp_pwm.c ****         break;
  78              		.loc 1 23 9 is_stmt 1 view .LVU17
ARM GAS  D:\temp\TMP\ccvedWSA.s 			page 3


  23:BSP/bsp_pwm.c ****         break;
  79              		.loc 1 23 39 is_stmt 0 view .LVU18
  80 0028 5A63     		str	r2, [r3, #52]
  24:BSP/bsp_pwm.c ****     case TIM_CHANNEL_2:
  81              		.loc 1 24 9 is_stmt 1 view .LVU19
  82 002a 7047     		bx	lr
  83              	.L3:
  29:BSP/bsp_pwm.c ****         break;
  84              		.loc 1 29 9 view .LVU20
  29:BSP/bsp_pwm.c ****         break;
  85              		.loc 1 29 39 is_stmt 0 view .LVU21
  86 002c DA63     		str	r2, [r3, #60]
  30:BSP/bsp_pwm.c ****     case TIM_CHANNEL_4:
  87              		.loc 1 30 9 is_stmt 1 view .LVU22
  88 002e 7047     		bx	lr
  89              		.cfi_endproc
  90              	.LFE144:
  92              		.text
  93              	.Letext0:
  94              		.file 2 "D:/VS_STM32/gcc-arm-15.2/arm-none-eabi/include/machine/_default_types.h"
  95              		.file 3 "D:/VS_STM32/gcc-arm-15.2/arm-none-eabi/include/sys/_stdint.h"
  96              		.file 4 "Drivers/CMSIS/Device/ST/STM32H7xx/Include/stm32h723xx.h"
  97              		.file 5 "Drivers/STM32H7xx_HAL_Driver/Inc/stm32h7xx_hal_def.h"
  98              		.file 6 "Drivers/STM32H7xx_HAL_Driver/Inc/stm32h7xx_hal_dma.h"
  99              		.file 7 "Drivers/STM32H7xx_HAL_Driver/Inc/stm32h7xx_hal_tim.h"
ARM GAS  D:\temp\TMP\ccvedWSA.s 			page 4


DEFINED SYMBOLS
                            *ABS*:00000000 bsp_pwm.c
D:\temp\TMP\ccvedWSA.s:20     .text.TIM_Set_PWM:00000000 $t
D:\temp\TMP\ccvedWSA.s:26     .text.TIM_Set_PWM:00000000 TIM_Set_PWM

NO UNDEFINED SYMBOLS
