ARM GAS  D:\temp\TMP\ccWX2iPe.s 			page 1


   1              		.cpu cortex-m7
   2              		.arch armv7e-m
   3              		.fpu fpv5-d16
   4              		.eabi_attribute 28, 1
   5              		.eabi_attribute 20, 1
   6              		.eabi_attribute 21, 1
   7              		.eabi_attribute 23, 3
   8              		.eabi_attribute 24, 1
   9              		.eabi_attribute 25, 1
  10              		.eabi_attribute 26, 1
  11              		.eabi_attribute 30, 1
  12              		.eabi_attribute 34, 1
  13              		.eabi_attribute 18, 4
  14              		.file	"chassis.c"
  15              		.text
  16              	.Ltext0:
  17              		.cfi_sections	.debug_frame
  18              		.file 1 "Robot/RoboTask/chassis/chassis.c"
  19              		.global	chassis_move
  20              		.section	.bss.chassis_move,"aw",%nobits
  21              		.align	2
  24              	chassis_move:
  25 0000 00000000 		.space	468
  25      00000000 
  25      00000000 
  25      00000000 
  25      00000000 
  26              		.text
  27              	.Letext0:
  28              		.file 2 "D:/VS_STM32/gcc-arm-15.2/arm-none-eabi/include/machine/_default_types.h"
  29              		.file 3 "D:/VS_STM32/gcc-arm-15.2/arm-none-eabi/include/sys/_stdint.h"
  30              		.file 4 "Drivers/CMSIS/Device/ST/STM32H7xx/Include/stm32h723xx.h"
  31              		.file 5 "Drivers/CMSIS/Device/ST/STM32H7xx/Include/stm32h7xx.h"
  32              		.file 6 "Drivers/STM32H7xx_HAL_Driver/Inc/stm32h7xx_hal_def.h"
  33              		.file 7 "Drivers/STM32H7xx_HAL_Driver/Inc/stm32h7xx_hal_fdcan.h"
  34              		.file 8 "Bsp/bsp_can.h"
  35              		.file 9 "Robot/Controller/controller.h"
  36              		.file 10 "Robot/Devices/motor_def.h"
  37              		.file 11 "Robot/daemon/daemon.h"
  38              		.file 12 "Robot/Devices/Motor/djimotor.h"
  39              		.file 13 "Robot/Devices/Motor/dmmotor.h"
  40              		.file 14 "Robot/RoboTask/chassis/chassis_def.h"
ARM GAS  D:\temp\TMP\ccWX2iPe.s 			page 2


DEFINED SYMBOLS
                            *ABS*:00000000 chassis.c
D:\temp\TMP\ccWX2iPe.s:24     .bss.chassis_move:00000000 chassis_move
D:\temp\TMP\ccWX2iPe.s:21     .bss.chassis_move:00000000 $d

NO UNDEFINED SYMBOLS
