ARM GAS  D:\temp\TMP\ccVHqMa4.s 			page 1


   1              		.cpu cortex-m7
   2              		.arch armv7e-m
   3              		.fpu fpv5-d16
   4              		.eabi_attribute 28, 1
   5              		.eabi_attribute 20, 1
   6              		.eabi_attribute 21, 1
   7              		.eabi_attribute 23, 3
   8              		.eabi_attribute 24, 1
   9              		.eabi_attribute 25, 1
  10              		.eabi_attribute 26, 1
  11              		.eabi_attribute 30, 1
  12              		.eabi_attribute 34, 1
  13              		.eabi_attribute 18, 4
  14              		.file	"fdcan.c"
  15              		.text
  16              	.Ltext0:
  17              		.cfi_sections	.debug_frame
  18              		.file 1 "Core/Src/fdcan.c"
  19              		.section	.text.MX_FDCAN1_Init,"ax",%progbits
  20              		.align	1
  21              		.global	MX_FDCAN1_Init
  22              		.syntax unified
  23              		.thumb
  24              		.thumb_func
  26              	MX_FDCAN1_Init:
  27              	.LFB144:
   1:Core/Src/fdcan.c **** /* USER CODE BEGIN Header */
   2:Core/Src/fdcan.c **** /**
   3:Core/Src/fdcan.c ****   ******************************************************************************
   4:Core/Src/fdcan.c ****   * @file    fdcan.c
   5:Core/Src/fdcan.c ****   * @brief   This file provides code for the configuration
   6:Core/Src/fdcan.c ****   *          of the FDCAN instances.
   7:Core/Src/fdcan.c ****   ******************************************************************************
   8:Core/Src/fdcan.c ****   * @attention
   9:Core/Src/fdcan.c ****   *
  10:Core/Src/fdcan.c ****   * Copyright (c) 2025 STMicroelectronics.
  11:Core/Src/fdcan.c ****   * All rights reserved.
  12:Core/Src/fdcan.c ****   *
  13:Core/Src/fdcan.c ****   * This software is licensed under terms that can be found in the LICENSE file
  14:Core/Src/fdcan.c ****   * in the root directory of this software component.
  15:Core/Src/fdcan.c ****   * If no LICENSE file comes with this software, it is provided AS-IS.
  16:Core/Src/fdcan.c ****   *
  17:Core/Src/fdcan.c ****   ******************************************************************************
  18:Core/Src/fdcan.c ****   */
  19:Core/Src/fdcan.c **** /* USER CODE END Header */
  20:Core/Src/fdcan.c **** /* Includes ------------------------------------------------------------------*/
  21:Core/Src/fdcan.c **** #include "fdcan.h"
  22:Core/Src/fdcan.c **** 
  23:Core/Src/fdcan.c **** /* USER CODE BEGIN 0 */
  24:Core/Src/fdcan.c **** 
  25:Core/Src/fdcan.c **** /* USER CODE END 0 */
  26:Core/Src/fdcan.c **** 
  27:Core/Src/fdcan.c **** FDCAN_HandleTypeDef hfdcan1;
  28:Core/Src/fdcan.c **** FDCAN_HandleTypeDef hfdcan2;
  29:Core/Src/fdcan.c **** 
  30:Core/Src/fdcan.c **** /* FDCAN1 init function */
  31:Core/Src/fdcan.c **** void MX_FDCAN1_Init(void)
ARM GAS  D:\temp\TMP\ccVHqMa4.s 			page 2


  32:Core/Src/fdcan.c **** {
  28              		.loc 1 32 1 view -0
  29              		.cfi_startproc
  30              		@ args = 0, pretend = 0, frame = 0
  31              		@ frame_needed = 0, uses_anonymous_args = 0
  32 0000 08B5     		push	{r3, lr}
  33              	.LCFI0:
  34              		.cfi_def_cfa_offset 8
  35              		.cfi_offset 3, -8
  36              		.cfi_offset 14, -4
  33:Core/Src/fdcan.c **** 
  34:Core/Src/fdcan.c ****   /* USER CODE BEGIN FDCAN1_Init 0 */
  35:Core/Src/fdcan.c **** 
  36:Core/Src/fdcan.c ****   /* USER CODE END FDCAN1_Init 0 */
  37:Core/Src/fdcan.c **** 
  38:Core/Src/fdcan.c ****   /* USER CODE BEGIN FDCAN1_Init 1 */
  39:Core/Src/fdcan.c **** 
  40:Core/Src/fdcan.c ****   /* USER CODE END FDCAN1_Init 1 */
  41:Core/Src/fdcan.c ****   hfdcan1.Instance = FDCAN1;
  37              		.loc 1 41 3 view .LVU1
  38              		.loc 1 41 20 is_stmt 0 view .LVU2
  39 0002 1648     		ldr	r0, .L5
  40 0004 164B     		ldr	r3, .L5+4
  41 0006 0360     		str	r3, [r0]
  42:Core/Src/fdcan.c ****   hfdcan1.Init.FrameFormat = FDCAN_FRAME_CLASSIC;
  42              		.loc 1 42 3 is_stmt 1 view .LVU3
  43              		.loc 1 42 28 is_stmt 0 view .LVU4
  44 0008 0023     		movs	r3, #0
  45 000a 8360     		str	r3, [r0, #8]
  43:Core/Src/fdcan.c ****   hfdcan1.Init.Mode = FDCAN_MODE_NORMAL;
  46              		.loc 1 43 3 is_stmt 1 view .LVU5
  47              		.loc 1 43 21 is_stmt 0 view .LVU6
  48 000c C360     		str	r3, [r0, #12]
  44:Core/Src/fdcan.c ****   hfdcan1.Init.AutoRetransmission = DISABLE;
  49              		.loc 1 44 3 is_stmt 1 view .LVU7
  50              		.loc 1 44 35 is_stmt 0 view .LVU8
  51 000e 0374     		strb	r3, [r0, #16]
  45:Core/Src/fdcan.c ****   hfdcan1.Init.TransmitPause = DISABLE;
  52              		.loc 1 45 3 is_stmt 1 view .LVU9
  53              		.loc 1 45 30 is_stmt 0 view .LVU10
  54 0010 4374     		strb	r3, [r0, #17]
  46:Core/Src/fdcan.c ****   hfdcan1.Init.ProtocolException = DISABLE;
  55              		.loc 1 46 3 is_stmt 1 view .LVU11
  56              		.loc 1 46 34 is_stmt 0 view .LVU12
  57 0012 8374     		strb	r3, [r0, #18]
  47:Core/Src/fdcan.c ****   hfdcan1.Init.NominalPrescaler = 3;
  58              		.loc 1 47 3 is_stmt 1 view .LVU13
  59              		.loc 1 47 33 is_stmt 0 view .LVU14
  60 0014 0322     		movs	r2, #3
  61 0016 4261     		str	r2, [r0, #20]
  48:Core/Src/fdcan.c ****   hfdcan1.Init.NominalSyncJumpWidth = 1;
  62              		.loc 1 48 3 is_stmt 1 view .LVU15
  63              		.loc 1 48 37 is_stmt 0 view .LVU16
  64 0018 0121     		movs	r1, #1
  65 001a 8161     		str	r1, [r0, #24]
  49:Core/Src/fdcan.c ****   hfdcan1.Init.NominalTimeSeg1 = 29;
  66              		.loc 1 49 3 is_stmt 1 view .LVU17
ARM GAS  D:\temp\TMP\ccVHqMa4.s 			page 3


  67              		.loc 1 49 32 is_stmt 0 view .LVU18
  68 001c 1D22     		movs	r2, #29
  69 001e C261     		str	r2, [r0, #28]
  50:Core/Src/fdcan.c ****   hfdcan1.Init.NominalTimeSeg2 = 10;
  70              		.loc 1 50 3 is_stmt 1 view .LVU19
  71              		.loc 1 50 32 is_stmt 0 view .LVU20
  72 0020 0A22     		movs	r2, #10
  73 0022 0262     		str	r2, [r0, #32]
  51:Core/Src/fdcan.c ****   hfdcan1.Init.DataPrescaler = 4;
  74              		.loc 1 51 3 is_stmt 1 view .LVU21
  75              		.loc 1 51 30 is_stmt 0 view .LVU22
  76 0024 0422     		movs	r2, #4
  77 0026 4262     		str	r2, [r0, #36]
  52:Core/Src/fdcan.c ****   hfdcan1.Init.DataSyncJumpWidth = 1;
  78              		.loc 1 52 3 is_stmt 1 view .LVU23
  79              		.loc 1 52 34 is_stmt 0 view .LVU24
  80 0028 8162     		str	r1, [r0, #40]
  53:Core/Src/fdcan.c ****   hfdcan1.Init.DataTimeSeg1 = 1;
  81              		.loc 1 53 3 is_stmt 1 view .LVU25
  82              		.loc 1 53 29 is_stmt 0 view .LVU26
  83 002a C162     		str	r1, [r0, #44]
  54:Core/Src/fdcan.c ****   hfdcan1.Init.DataTimeSeg2 = 1;
  84              		.loc 1 54 3 is_stmt 1 view .LVU27
  85              		.loc 1 54 29 is_stmt 0 view .LVU28
  86 002c 0163     		str	r1, [r0, #48]
  55:Core/Src/fdcan.c ****   hfdcan1.Init.MessageRAMOffset = 0;
  87              		.loc 1 55 3 is_stmt 1 view .LVU29
  88              		.loc 1 55 33 is_stmt 0 view .LVU30
  89 002e 4363     		str	r3, [r0, #52]
  56:Core/Src/fdcan.c ****   hfdcan1.Init.StdFiltersNbr = 5;
  90              		.loc 1 56 3 is_stmt 1 view .LVU31
  91              		.loc 1 56 30 is_stmt 0 view .LVU32
  92 0030 0521     		movs	r1, #5
  93 0032 8163     		str	r1, [r0, #56]
  57:Core/Src/fdcan.c ****   hfdcan1.Init.ExtFiltersNbr = 5;
  94              		.loc 1 57 3 is_stmt 1 view .LVU33
  95              		.loc 1 57 30 is_stmt 0 view .LVU34
  96 0034 C163     		str	r1, [r0, #60]
  58:Core/Src/fdcan.c ****   hfdcan1.Init.RxFifo0ElmtsNbr = 4;
  97              		.loc 1 58 3 is_stmt 1 view .LVU35
  98              		.loc 1 58 32 is_stmt 0 view .LVU36
  99 0036 0264     		str	r2, [r0, #64]
  59:Core/Src/fdcan.c ****   hfdcan1.Init.RxFifo0ElmtSize = FDCAN_DATA_BYTES_24;
 100              		.loc 1 59 3 is_stmt 1 view .LVU37
 101              		.loc 1 59 32 is_stmt 0 view .LVU38
 102 0038 0821     		movs	r1, #8
 103 003a 4164     		str	r1, [r0, #68]
  60:Core/Src/fdcan.c ****   hfdcan1.Init.RxFifo1ElmtsNbr = 0;
 104              		.loc 1 60 3 is_stmt 1 view .LVU39
 105              		.loc 1 60 32 is_stmt 0 view .LVU40
 106 003c 8364     		str	r3, [r0, #72]
  61:Core/Src/fdcan.c ****   hfdcan1.Init.RxFifo1ElmtSize = FDCAN_DATA_BYTES_24;
 107              		.loc 1 61 3 is_stmt 1 view .LVU41
 108              		.loc 1 61 32 is_stmt 0 view .LVU42
 109 003e C164     		str	r1, [r0, #76]
  62:Core/Src/fdcan.c ****   hfdcan1.Init.RxBuffersNbr = 0;
 110              		.loc 1 62 3 is_stmt 1 view .LVU43
ARM GAS  D:\temp\TMP\ccVHqMa4.s 			page 4


 111              		.loc 1 62 29 is_stmt 0 view .LVU44
 112 0040 0365     		str	r3, [r0, #80]
  63:Core/Src/fdcan.c ****   hfdcan1.Init.RxBufferSize = FDCAN_DATA_BYTES_8;
 113              		.loc 1 63 3 is_stmt 1 view .LVU45
 114              		.loc 1 63 29 is_stmt 0 view .LVU46
 115 0042 4265     		str	r2, [r0, #84]
  64:Core/Src/fdcan.c ****   hfdcan1.Init.TxEventsNbr = 0;
 116              		.loc 1 64 3 is_stmt 1 view .LVU47
 117              		.loc 1 64 28 is_stmt 0 view .LVU48
 118 0044 8365     		str	r3, [r0, #88]
  65:Core/Src/fdcan.c ****   hfdcan1.Init.TxBuffersNbr = 0;
 119              		.loc 1 65 3 is_stmt 1 view .LVU49
 120              		.loc 1 65 29 is_stmt 0 view .LVU50
 121 0046 C365     		str	r3, [r0, #92]
  66:Core/Src/fdcan.c ****   hfdcan1.Init.TxFifoQueueElmtsNbr = 4;
 122              		.loc 1 66 3 is_stmt 1 view .LVU51
 123              		.loc 1 66 36 is_stmt 0 view .LVU52
 124 0048 0266     		str	r2, [r0, #96]
  67:Core/Src/fdcan.c ****   hfdcan1.Init.TxFifoQueueMode = FDCAN_TX_FIFO_OPERATION;
 125              		.loc 1 67 3 is_stmt 1 view .LVU53
 126              		.loc 1 67 32 is_stmt 0 view .LVU54
 127 004a 4366     		str	r3, [r0, #100]
  68:Core/Src/fdcan.c ****   hfdcan1.Init.TxElmtSize = FDCAN_DATA_BYTES_24;
 128              		.loc 1 68 3 is_stmt 1 view .LVU55
 129              		.loc 1 68 27 is_stmt 0 view .LVU56
 130 004c 8166     		str	r1, [r0, #104]
  69:Core/Src/fdcan.c ****   if (HAL_FDCAN_Init(&hfdcan1) != HAL_OK)
 131              		.loc 1 69 3 is_stmt 1 view .LVU57
 132              		.loc 1 69 7 is_stmt 0 view .LVU58
 133 004e FFF7FEFF 		bl	HAL_FDCAN_Init
 134              	.LVL0:
 135              		.loc 1 69 6 discriminator 1 view .LVU59
 136 0052 00B9     		cbnz	r0, .L4
 137              	.L1:
  70:Core/Src/fdcan.c ****   {
  71:Core/Src/fdcan.c ****     Error_Handler();
  72:Core/Src/fdcan.c ****   }
  73:Core/Src/fdcan.c ****   /* USER CODE BEGIN FDCAN1_Init 2 */
  74:Core/Src/fdcan.c **** 
  75:Core/Src/fdcan.c ****   /* USER CODE END FDCAN1_Init 2 */
  76:Core/Src/fdcan.c **** 
  77:Core/Src/fdcan.c **** }
 138              		.loc 1 77 1 view .LVU60
 139 0054 08BD     		pop	{r3, pc}
 140              	.L4:
  71:Core/Src/fdcan.c ****   }
 141              		.loc 1 71 5 is_stmt 1 view .LVU61
 142 0056 FFF7FEFF 		bl	Error_Handler
 143              	.LVL1:
 144              		.loc 1 77 1 is_stmt 0 view .LVU62
 145 005a FBE7     		b	.L1
 146              	.L6:
 147              		.align	2
 148              	.L5:
 149 005c 00000000 		.word	hfdcan1
 150 0060 00A00040 		.word	1073782784
 151              		.cfi_endproc
ARM GAS  D:\temp\TMP\ccVHqMa4.s 			page 5


 152              	.LFE144:
 154              		.section	.text.MX_FDCAN2_Init,"ax",%progbits
 155              		.align	1
 156              		.global	MX_FDCAN2_Init
 157              		.syntax unified
 158              		.thumb
 159              		.thumb_func
 161              	MX_FDCAN2_Init:
 162              	.LFB145:
  78:Core/Src/fdcan.c **** /* FDCAN2 init function */
  79:Core/Src/fdcan.c **** void MX_FDCAN2_Init(void)
  80:Core/Src/fdcan.c **** {
 163              		.loc 1 80 1 is_stmt 1 view -0
 164              		.cfi_startproc
 165              		@ args = 0, pretend = 0, frame = 0
 166              		@ frame_needed = 0, uses_anonymous_args = 0
 167 0000 08B5     		push	{r3, lr}
 168              	.LCFI1:
 169              		.cfi_def_cfa_offset 8
 170              		.cfi_offset 3, -8
 171              		.cfi_offset 14, -4
  81:Core/Src/fdcan.c **** 
  82:Core/Src/fdcan.c ****   /* USER CODE BEGIN FDCAN2_Init 0 */
  83:Core/Src/fdcan.c **** 
  84:Core/Src/fdcan.c ****   /* USER CODE END FDCAN2_Init 0 */
  85:Core/Src/fdcan.c **** 
  86:Core/Src/fdcan.c ****   /* USER CODE BEGIN FDCAN2_Init 1 */
  87:Core/Src/fdcan.c **** 
  88:Core/Src/fdcan.c ****   /* USER CODE END FDCAN2_Init 1 */
  89:Core/Src/fdcan.c ****   hfdcan2.Instance = FDCAN2;
 172              		.loc 1 89 3 view .LVU64
 173              		.loc 1 89 20 is_stmt 0 view .LVU65
 174 0002 1848     		ldr	r0, .L11
 175 0004 184B     		ldr	r3, .L11+4
 176 0006 0360     		str	r3, [r0]
  90:Core/Src/fdcan.c ****   hfdcan2.Init.FrameFormat = FDCAN_FRAME_CLASSIC;
 177              		.loc 1 90 3 is_stmt 1 view .LVU66
 178              		.loc 1 90 28 is_stmt 0 view .LVU67
 179 0008 0023     		movs	r3, #0
 180 000a 8360     		str	r3, [r0, #8]
  91:Core/Src/fdcan.c ****   hfdcan2.Init.Mode = FDCAN_MODE_NORMAL;
 181              		.loc 1 91 3 is_stmt 1 view .LVU68
 182              		.loc 1 91 21 is_stmt 0 view .LVU69
 183 000c C360     		str	r3, [r0, #12]
  92:Core/Src/fdcan.c ****   hfdcan2.Init.AutoRetransmission = DISABLE;
 184              		.loc 1 92 3 is_stmt 1 view .LVU70
 185              		.loc 1 92 35 is_stmt 0 view .LVU71
 186 000e 0374     		strb	r3, [r0, #16]
  93:Core/Src/fdcan.c ****   hfdcan2.Init.TransmitPause = DISABLE;
 187              		.loc 1 93 3 is_stmt 1 view .LVU72
 188              		.loc 1 93 30 is_stmt 0 view .LVU73
 189 0010 4374     		strb	r3, [r0, #17]
  94:Core/Src/fdcan.c ****   hfdcan2.Init.ProtocolException = DISABLE;
 190              		.loc 1 94 3 is_stmt 1 view .LVU74
 191              		.loc 1 94 34 is_stmt 0 view .LVU75
 192 0012 8374     		strb	r3, [r0, #18]
  95:Core/Src/fdcan.c ****   hfdcan2.Init.NominalPrescaler = 3;
ARM GAS  D:\temp\TMP\ccVHqMa4.s 			page 6


 193              		.loc 1 95 3 is_stmt 1 view .LVU76
 194              		.loc 1 95 33 is_stmt 0 view .LVU77
 195 0014 4FF0030C 		mov	ip, #3
 196 0018 C0F814C0 		str	ip, [r0, #20]
  96:Core/Src/fdcan.c ****   hfdcan2.Init.NominalSyncJumpWidth = 1;
 197              		.loc 1 96 3 is_stmt 1 view .LVU78
 198              		.loc 1 96 37 is_stmt 0 view .LVU79
 199 001c 0122     		movs	r2, #1
 200 001e 8261     		str	r2, [r0, #24]
  97:Core/Src/fdcan.c ****   hfdcan2.Init.NominalTimeSeg1 = 29;
 201              		.loc 1 97 3 is_stmt 1 view .LVU80
 202              		.loc 1 97 32 is_stmt 0 view .LVU81
 203 0020 1D21     		movs	r1, #29
 204 0022 C161     		str	r1, [r0, #28]
  98:Core/Src/fdcan.c ****   hfdcan2.Init.NominalTimeSeg2 = 10;
 205              		.loc 1 98 3 is_stmt 1 view .LVU82
 206              		.loc 1 98 32 is_stmt 0 view .LVU83
 207 0024 0A22     		movs	r2, #10
 208 0026 0262     		str	r2, [r0, #32]
  99:Core/Src/fdcan.c ****   hfdcan2.Init.DataPrescaler = 3;
 209              		.loc 1 99 3 is_stmt 1 view .LVU84
 210              		.loc 1 99 30 is_stmt 0 view .LVU85
 211 0028 C0F824C0 		str	ip, [r0, #36]
 100:Core/Src/fdcan.c ****   hfdcan2.Init.DataSyncJumpWidth = 10;
 212              		.loc 1 100 3 is_stmt 1 view .LVU86
 213              		.loc 1 100 34 is_stmt 0 view .LVU87
 214 002c 8262     		str	r2, [r0, #40]
 101:Core/Src/fdcan.c ****   hfdcan2.Init.DataTimeSeg1 = 29;
 215              		.loc 1 101 3 is_stmt 1 view .LVU88
 216              		.loc 1 101 29 is_stmt 0 view .LVU89
 217 002e C162     		str	r1, [r0, #44]
 102:Core/Src/fdcan.c ****   hfdcan2.Init.DataTimeSeg2 = 10;
 218              		.loc 1 102 3 is_stmt 1 view .LVU90
 219              		.loc 1 102 29 is_stmt 0 view .LVU91
 220 0030 0263     		str	r2, [r0, #48]
 103:Core/Src/fdcan.c ****   hfdcan2.Init.MessageRAMOffset = 0x406;
 221              		.loc 1 103 3 is_stmt 1 view .LVU92
 222              		.loc 1 103 33 is_stmt 0 view .LVU93
 223 0032 40F20642 		movw	r2, #1030
 224 0036 4263     		str	r2, [r0, #52]
 104:Core/Src/fdcan.c ****   hfdcan2.Init.StdFiltersNbr = 14;
 225              		.loc 1 104 3 is_stmt 1 view .LVU94
 226              		.loc 1 104 30 is_stmt 0 view .LVU95
 227 0038 0E22     		movs	r2, #14
 228 003a 8263     		str	r2, [r0, #56]
 105:Core/Src/fdcan.c ****   hfdcan2.Init.ExtFiltersNbr = 0;
 229              		.loc 1 105 3 is_stmt 1 view .LVU96
 230              		.loc 1 105 30 is_stmt 0 view .LVU97
 231 003c C363     		str	r3, [r0, #60]
 106:Core/Src/fdcan.c ****   hfdcan2.Init.RxFifo0ElmtsNbr = 4;
 232              		.loc 1 106 3 is_stmt 1 view .LVU98
 233              		.loc 1 106 32 is_stmt 0 view .LVU99
 234 003e 0422     		movs	r2, #4
 235 0040 0264     		str	r2, [r0, #64]
 107:Core/Src/fdcan.c ****   hfdcan2.Init.RxFifo0ElmtSize = FDCAN_DATA_BYTES_8;
 236              		.loc 1 107 3 is_stmt 1 view .LVU100
 237              		.loc 1 107 32 is_stmt 0 view .LVU101
ARM GAS  D:\temp\TMP\ccVHqMa4.s 			page 7


 238 0042 4264     		str	r2, [r0, #68]
 108:Core/Src/fdcan.c ****   hfdcan2.Init.RxFifo1ElmtsNbr = 4;
 239              		.loc 1 108 3 is_stmt 1 view .LVU102
 240              		.loc 1 108 32 is_stmt 0 view .LVU103
 241 0044 8264     		str	r2, [r0, #72]
 109:Core/Src/fdcan.c ****   hfdcan2.Init.RxFifo1ElmtSize = FDCAN_DATA_BYTES_8;
 242              		.loc 1 109 3 is_stmt 1 view .LVU104
 243              		.loc 1 109 32 is_stmt 0 view .LVU105
 244 0046 C264     		str	r2, [r0, #76]
 110:Core/Src/fdcan.c ****   hfdcan2.Init.RxBuffersNbr = 0;
 245              		.loc 1 110 3 is_stmt 1 view .LVU106
 246              		.loc 1 110 29 is_stmt 0 view .LVU107
 247 0048 0365     		str	r3, [r0, #80]
 111:Core/Src/fdcan.c ****   hfdcan2.Init.RxBufferSize = FDCAN_DATA_BYTES_8;
 248              		.loc 1 111 3 is_stmt 1 view .LVU108
 249              		.loc 1 111 29 is_stmt 0 view .LVU109
 250 004a 4265     		str	r2, [r0, #84]
 112:Core/Src/fdcan.c ****   hfdcan2.Init.TxEventsNbr = 0;
 251              		.loc 1 112 3 is_stmt 1 view .LVU110
 252              		.loc 1 112 28 is_stmt 0 view .LVU111
 253 004c 8365     		str	r3, [r0, #88]
 113:Core/Src/fdcan.c ****   hfdcan2.Init.TxBuffersNbr = 0;
 254              		.loc 1 113 3 is_stmt 1 view .LVU112
 255              		.loc 1 113 29 is_stmt 0 view .LVU113
 256 004e C365     		str	r3, [r0, #92]
 114:Core/Src/fdcan.c ****   hfdcan2.Init.TxFifoQueueElmtsNbr = 4;
 257              		.loc 1 114 3 is_stmt 1 view .LVU114
 258              		.loc 1 114 36 is_stmt 0 view .LVU115
 259 0050 0266     		str	r2, [r0, #96]
 115:Core/Src/fdcan.c ****   hfdcan2.Init.TxFifoQueueMode = FDCAN_TX_FIFO_OPERATION;
 260              		.loc 1 115 3 is_stmt 1 view .LVU116
 261              		.loc 1 115 32 is_stmt 0 view .LVU117
 262 0052 4366     		str	r3, [r0, #100]
 116:Core/Src/fdcan.c ****   hfdcan2.Init.TxElmtSize = FDCAN_DATA_BYTES_8;
 263              		.loc 1 116 3 is_stmt 1 view .LVU118
 264              		.loc 1 116 27 is_stmt 0 view .LVU119
 265 0054 8266     		str	r2, [r0, #104]
 117:Core/Src/fdcan.c ****   if (HAL_FDCAN_Init(&hfdcan2) != HAL_OK)
 266              		.loc 1 117 3 is_stmt 1 view .LVU120
 267              		.loc 1 117 7 is_stmt 0 view .LVU121
 268 0056 FFF7FEFF 		bl	HAL_FDCAN_Init
 269              	.LVL2:
 270              		.loc 1 117 6 discriminator 1 view .LVU122
 271 005a 00B9     		cbnz	r0, .L10
 272              	.L7:
 118:Core/Src/fdcan.c ****   {
 119:Core/Src/fdcan.c ****     Error_Handler();
 120:Core/Src/fdcan.c ****   }
 121:Core/Src/fdcan.c ****   /* USER CODE BEGIN FDCAN2_Init 2 */
 122:Core/Src/fdcan.c **** 
 123:Core/Src/fdcan.c ****   /* USER CODE END FDCAN2_Init 2 */
 124:Core/Src/fdcan.c **** 
 125:Core/Src/fdcan.c **** }
 273              		.loc 1 125 1 view .LVU123
 274 005c 08BD     		pop	{r3, pc}
 275              	.L10:
 119:Core/Src/fdcan.c ****   }
ARM GAS  D:\temp\TMP\ccVHqMa4.s 			page 8


 276              		.loc 1 119 5 is_stmt 1 view .LVU124
 277 005e FFF7FEFF 		bl	Error_Handler
 278              	.LVL3:
 279              		.loc 1 125 1 is_stmt 0 view .LVU125
 280 0062 FBE7     		b	.L7
 281              	.L12:
 282              		.align	2
 283              	.L11:
 284 0064 00000000 		.word	hfdcan2
 285 0068 00A40040 		.word	1073783808
 286              		.cfi_endproc
 287              	.LFE145:
 289              		.section	.text.HAL_FDCAN_MspInit,"ax",%progbits
 290              		.align	1
 291              		.global	HAL_FDCAN_MspInit
 292              		.syntax unified
 293              		.thumb
 294              		.thumb_func
 296              	HAL_FDCAN_MspInit:
 297              	.LVL4:
 298              	.LFB146:
 126:Core/Src/fdcan.c **** 
 127:Core/Src/fdcan.c **** static uint32_t HAL_RCC_FDCAN_CLK_ENABLED=0;
 128:Core/Src/fdcan.c **** 
 129:Core/Src/fdcan.c **** void HAL_FDCAN_MspInit(FDCAN_HandleTypeDef* fdcanHandle)
 130:Core/Src/fdcan.c **** {
 299              		.loc 1 130 1 is_stmt 1 view -0
 300              		.cfi_startproc
 301              		@ args = 0, pretend = 0, frame = 224
 302              		@ frame_needed = 0, uses_anonymous_args = 0
 303              		.loc 1 130 1 is_stmt 0 view .LVU127
 304 0000 10B5     		push	{r4, lr}
 305              	.LCFI2:
 306              		.cfi_def_cfa_offset 8
 307              		.cfi_offset 4, -8
 308              		.cfi_offset 14, -4
 309 0002 B8B0     		sub	sp, sp, #224
 310              	.LCFI3:
 311              		.cfi_def_cfa_offset 232
 312 0004 0446     		mov	r4, r0
 131:Core/Src/fdcan.c **** 
 132:Core/Src/fdcan.c ****   GPIO_InitTypeDef GPIO_InitStruct = {0};
 313              		.loc 1 132 3 is_stmt 1 view .LVU128
 314              		.loc 1 132 20 is_stmt 0 view .LVU129
 315 0006 0021     		movs	r1, #0
 316 0008 3391     		str	r1, [sp, #204]
 317 000a 3491     		str	r1, [sp, #208]
 318 000c 3591     		str	r1, [sp, #212]
 319 000e 3691     		str	r1, [sp, #216]
 320 0010 3791     		str	r1, [sp, #220]
 133:Core/Src/fdcan.c ****   RCC_PeriphCLKInitTypeDef PeriphClkInitStruct = {0};
 321              		.loc 1 133 3 is_stmt 1 view .LVU130
 322              		.loc 1 133 28 is_stmt 0 view .LVU131
 323 0012 B822     		movs	r2, #184
 324 0014 04A8     		add	r0, sp, #16
 325              	.LVL5:
 326              		.loc 1 133 28 view .LVU132
ARM GAS  D:\temp\TMP\ccVHqMa4.s 			page 9


 327 0016 FFF7FEFF 		bl	memset
 328              	.LVL6:
 134:Core/Src/fdcan.c ****   if(fdcanHandle->Instance==FDCAN1)
 329              		.loc 1 134 3 is_stmt 1 view .LVU133
 330              		.loc 1 134 17 is_stmt 0 view .LVU134
 331 001a 2368     		ldr	r3, [r4]
 332              		.loc 1 134 5 view .LVU135
 333 001c 494A     		ldr	r2, .L27
 334 001e 9342     		cmp	r3, r2
 335 0020 04D0     		beq	.L21
 135:Core/Src/fdcan.c ****   {
 136:Core/Src/fdcan.c ****   /* USER CODE BEGIN FDCAN1_MspInit 0 */
 137:Core/Src/fdcan.c **** 
 138:Core/Src/fdcan.c ****   /* USER CODE END FDCAN1_MspInit 0 */
 139:Core/Src/fdcan.c **** 
 140:Core/Src/fdcan.c ****   /** Initializes the peripherals clock
 141:Core/Src/fdcan.c ****   */
 142:Core/Src/fdcan.c ****     PeriphClkInitStruct.PeriphClockSelection = RCC_PERIPHCLK_FDCAN;
 143:Core/Src/fdcan.c ****     PeriphClkInitStruct.FdcanClockSelection = RCC_FDCANCLKSOURCE_PLL;
 144:Core/Src/fdcan.c ****     if (HAL_RCCEx_PeriphCLKConfig(&PeriphClkInitStruct) != HAL_OK)
 145:Core/Src/fdcan.c ****     {
 146:Core/Src/fdcan.c ****       Error_Handler();
 147:Core/Src/fdcan.c ****     }
 148:Core/Src/fdcan.c **** 
 149:Core/Src/fdcan.c ****     /* FDCAN1 clock enable */
 150:Core/Src/fdcan.c ****     HAL_RCC_FDCAN_CLK_ENABLED++;
 151:Core/Src/fdcan.c ****     if(HAL_RCC_FDCAN_CLK_ENABLED==1){
 152:Core/Src/fdcan.c ****       __HAL_RCC_FDCAN_CLK_ENABLE();
 153:Core/Src/fdcan.c ****     }
 154:Core/Src/fdcan.c **** 
 155:Core/Src/fdcan.c ****     __HAL_RCC_GPIOD_CLK_ENABLE();
 156:Core/Src/fdcan.c ****     /**FDCAN1 GPIO Configuration
 157:Core/Src/fdcan.c ****     PD0     ------> FDCAN1_RX
 158:Core/Src/fdcan.c ****     PD1     ------> FDCAN1_TX
 159:Core/Src/fdcan.c ****     */
 160:Core/Src/fdcan.c ****     GPIO_InitStruct.Pin = GPIO_PIN_0|GPIO_PIN_1;
 161:Core/Src/fdcan.c ****     GPIO_InitStruct.Mode = GPIO_MODE_AF_PP;
 162:Core/Src/fdcan.c ****     GPIO_InitStruct.Pull = GPIO_NOPULL;
 163:Core/Src/fdcan.c ****     GPIO_InitStruct.Speed = GPIO_SPEED_FREQ_LOW;
 164:Core/Src/fdcan.c ****     GPIO_InitStruct.Alternate = GPIO_AF9_FDCAN1;
 165:Core/Src/fdcan.c ****     HAL_GPIO_Init(GPIOD, &GPIO_InitStruct);
 166:Core/Src/fdcan.c **** 
 167:Core/Src/fdcan.c ****     /* FDCAN1 interrupt Init */
 168:Core/Src/fdcan.c ****     HAL_NVIC_SetPriority(FDCAN1_IT0_IRQn, 5, 0);
 169:Core/Src/fdcan.c ****     HAL_NVIC_EnableIRQ(FDCAN1_IT0_IRQn);
 170:Core/Src/fdcan.c ****   /* USER CODE BEGIN FDCAN1_MspInit 1 */
 171:Core/Src/fdcan.c **** 
 172:Core/Src/fdcan.c ****   /* USER CODE END FDCAN1_MspInit 1 */
 173:Core/Src/fdcan.c ****   }
 174:Core/Src/fdcan.c ****   else if(fdcanHandle->Instance==FDCAN2)
 336              		.loc 1 174 8 is_stmt 1 view .LVU136
 337              		.loc 1 174 10 is_stmt 0 view .LVU137
 338 0022 494A     		ldr	r2, .L27+4
 339 0024 9342     		cmp	r3, r2
 340 0026 47D0     		beq	.L22
 341              	.L13:
 175:Core/Src/fdcan.c ****   {
ARM GAS  D:\temp\TMP\ccVHqMa4.s 			page 10


 176:Core/Src/fdcan.c ****   /* USER CODE BEGIN FDCAN2_MspInit 0 */
 177:Core/Src/fdcan.c **** 
 178:Core/Src/fdcan.c ****   /* USER CODE END FDCAN2_MspInit 0 */
 179:Core/Src/fdcan.c **** 
 180:Core/Src/fdcan.c ****   /** Initializes the peripherals clock
 181:Core/Src/fdcan.c ****   */
 182:Core/Src/fdcan.c ****     PeriphClkInitStruct.PeriphClockSelection = RCC_PERIPHCLK_FDCAN;
 183:Core/Src/fdcan.c ****     PeriphClkInitStruct.FdcanClockSelection = RCC_FDCANCLKSOURCE_PLL;
 184:Core/Src/fdcan.c ****     if (HAL_RCCEx_PeriphCLKConfig(&PeriphClkInitStruct) != HAL_OK)
 185:Core/Src/fdcan.c ****     {
 186:Core/Src/fdcan.c ****       Error_Handler();
 187:Core/Src/fdcan.c ****     }
 188:Core/Src/fdcan.c **** 
 189:Core/Src/fdcan.c ****     /* FDCAN2 clock enable */
 190:Core/Src/fdcan.c ****     HAL_RCC_FDCAN_CLK_ENABLED++;
 191:Core/Src/fdcan.c ****     if(HAL_RCC_FDCAN_CLK_ENABLED==1){
 192:Core/Src/fdcan.c ****       __HAL_RCC_FDCAN_CLK_ENABLE();
 193:Core/Src/fdcan.c ****     }
 194:Core/Src/fdcan.c **** 
 195:Core/Src/fdcan.c ****     __HAL_RCC_GPIOB_CLK_ENABLE();
 196:Core/Src/fdcan.c ****     /**FDCAN2 GPIO Configuration
 197:Core/Src/fdcan.c ****     PB5     ------> FDCAN2_RX
 198:Core/Src/fdcan.c ****     PB6     ------> FDCAN2_TX
 199:Core/Src/fdcan.c ****     */
 200:Core/Src/fdcan.c ****     GPIO_InitStruct.Pin = GPIO_PIN_5|GPIO_PIN_6;
 201:Core/Src/fdcan.c ****     GPIO_InitStruct.Mode = GPIO_MODE_AF_PP;
 202:Core/Src/fdcan.c ****     GPIO_InitStruct.Pull = GPIO_NOPULL;
 203:Core/Src/fdcan.c ****     GPIO_InitStruct.Speed = GPIO_SPEED_FREQ_LOW;
 204:Core/Src/fdcan.c ****     GPIO_InitStruct.Alternate = GPIO_AF9_FDCAN2;
 205:Core/Src/fdcan.c ****     HAL_GPIO_Init(GPIOB, &GPIO_InitStruct);
 206:Core/Src/fdcan.c **** 
 207:Core/Src/fdcan.c ****     /* FDCAN2 interrupt Init */
 208:Core/Src/fdcan.c ****     HAL_NVIC_SetPriority(FDCAN2_IT1_IRQn, 5, 0);
 209:Core/Src/fdcan.c ****     HAL_NVIC_EnableIRQ(FDCAN2_IT1_IRQn);
 210:Core/Src/fdcan.c ****   /* USER CODE BEGIN FDCAN2_MspInit 1 */
 211:Core/Src/fdcan.c **** 
 212:Core/Src/fdcan.c ****   /* USER CODE END FDCAN2_MspInit 1 */
 213:Core/Src/fdcan.c ****   }
 214:Core/Src/fdcan.c **** }
 342              		.loc 1 214 1 view .LVU138
 343 0028 38B0     		add	sp, sp, #224
 344              	.LCFI4:
 345              		.cfi_remember_state
 346              		.cfi_def_cfa_offset 8
 347              		@ sp needed
 348 002a 10BD     		pop	{r4, pc}
 349              	.LVL7:
 350              	.L21:
 351              	.LCFI5:
 352              		.cfi_restore_state
 142:Core/Src/fdcan.c ****     PeriphClkInitStruct.FdcanClockSelection = RCC_FDCANCLKSOURCE_PLL;
 353              		.loc 1 142 5 is_stmt 1 view .LVU139
 142:Core/Src/fdcan.c ****     PeriphClkInitStruct.FdcanClockSelection = RCC_FDCANCLKSOURCE_PLL;
 354              		.loc 1 142 46 is_stmt 0 view .LVU140
 355 002c 4FF40042 		mov	r2, #32768
 356 0030 0023     		movs	r3, #0
 357 0032 CDE90423 		strd	r2, [sp, #16]
ARM GAS  D:\temp\TMP\ccVHqMa4.s 			page 11


 143:Core/Src/fdcan.c ****     if (HAL_RCCEx_PeriphCLKConfig(&PeriphClkInitStruct) != HAL_OK)
 358              		.loc 1 143 5 is_stmt 1 view .LVU141
 143:Core/Src/fdcan.c ****     if (HAL_RCCEx_PeriphCLKConfig(&PeriphClkInitStruct) != HAL_OK)
 359              		.loc 1 143 45 is_stmt 0 view .LVU142
 360 0036 4FF08053 		mov	r3, #268435456
 361 003a 1F93     		str	r3, [sp, #124]
 144:Core/Src/fdcan.c ****     {
 362              		.loc 1 144 5 is_stmt 1 view .LVU143
 144:Core/Src/fdcan.c ****     {
 363              		.loc 1 144 9 is_stmt 0 view .LVU144
 364 003c 04A8     		add	r0, sp, #16
 365 003e FFF7FEFF 		bl	HAL_RCCEx_PeriphCLKConfig
 366              	.LVL8:
 144:Core/Src/fdcan.c ****     {
 367              		.loc 1 144 8 discriminator 1 view .LVU145
 368 0042 40BB     		cbnz	r0, .L23
 369              	.L15:
 150:Core/Src/fdcan.c ****     if(HAL_RCC_FDCAN_CLK_ENABLED==1){
 370              		.loc 1 150 5 is_stmt 1 view .LVU146
 150:Core/Src/fdcan.c ****     if(HAL_RCC_FDCAN_CLK_ENABLED==1){
 371              		.loc 1 150 30 is_stmt 0 view .LVU147
 372 0044 414A     		ldr	r2, .L27+8
 373 0046 1368     		ldr	r3, [r2]
 374 0048 0133     		adds	r3, r3, #1
 375 004a 1360     		str	r3, [r2]
 151:Core/Src/fdcan.c ****       __HAL_RCC_FDCAN_CLK_ENABLE();
 376              		.loc 1 151 5 is_stmt 1 view .LVU148
 151:Core/Src/fdcan.c ****       __HAL_RCC_FDCAN_CLK_ENABLE();
 377              		.loc 1 151 7 is_stmt 0 view .LVU149
 378 004c 012B     		cmp	r3, #1
 379 004e 25D0     		beq	.L24
 380              	.L16:
 152:Core/Src/fdcan.c ****     }
 381              		.loc 1 152 7 is_stmt 1 view .LVU150
 155:Core/Src/fdcan.c ****     /**FDCAN1 GPIO Configuration
 382              		.loc 1 155 5 view .LVU151
 383              	.LBB2:
 155:Core/Src/fdcan.c ****     /**FDCAN1 GPIO Configuration
 384              		.loc 1 155 5 view .LVU152
 155:Core/Src/fdcan.c ****     /**FDCAN1 GPIO Configuration
 385              		.loc 1 155 5 view .LVU153
 386 0050 3F4B     		ldr	r3, .L27+12
 387 0052 D3F8E020 		ldr	r2, [r3, #224]
 388 0056 42F00802 		orr	r2, r2, #8
 389 005a C3F8E020 		str	r2, [r3, #224]
 155:Core/Src/fdcan.c ****     /**FDCAN1 GPIO Configuration
 390              		.loc 1 155 5 view .LVU154
 391 005e D3F8E030 		ldr	r3, [r3, #224]
 392 0062 03F00803 		and	r3, r3, #8
 393 0066 0193     		str	r3, [sp, #4]
 155:Core/Src/fdcan.c ****     /**FDCAN1 GPIO Configuration
 394              		.loc 1 155 5 view .LVU155
 395 0068 019B     		ldr	r3, [sp, #4]
 396              	.LBE2:
 155:Core/Src/fdcan.c ****     /**FDCAN1 GPIO Configuration
 397              		.loc 1 155 5 view .LVU156
 160:Core/Src/fdcan.c ****     GPIO_InitStruct.Mode = GPIO_MODE_AF_PP;
ARM GAS  D:\temp\TMP\ccVHqMa4.s 			page 12


 398              		.loc 1 160 5 view .LVU157
 160:Core/Src/fdcan.c ****     GPIO_InitStruct.Mode = GPIO_MODE_AF_PP;
 399              		.loc 1 160 25 is_stmt 0 view .LVU158
 400 006a 0323     		movs	r3, #3
 401 006c 3393     		str	r3, [sp, #204]
 161:Core/Src/fdcan.c ****     GPIO_InitStruct.Pull = GPIO_NOPULL;
 402              		.loc 1 161 5 is_stmt 1 view .LVU159
 161:Core/Src/fdcan.c ****     GPIO_InitStruct.Pull = GPIO_NOPULL;
 403              		.loc 1 161 26 is_stmt 0 view .LVU160
 404 006e 0223     		movs	r3, #2
 405 0070 3493     		str	r3, [sp, #208]
 162:Core/Src/fdcan.c ****     GPIO_InitStruct.Speed = GPIO_SPEED_FREQ_LOW;
 406              		.loc 1 162 5 is_stmt 1 view .LVU161
 162:Core/Src/fdcan.c ****     GPIO_InitStruct.Speed = GPIO_SPEED_FREQ_LOW;
 407              		.loc 1 162 26 is_stmt 0 view .LVU162
 408 0072 0023     		movs	r3, #0
 409 0074 3593     		str	r3, [sp, #212]
 163:Core/Src/fdcan.c ****     GPIO_InitStruct.Alternate = GPIO_AF9_FDCAN1;
 410              		.loc 1 163 5 is_stmt 1 view .LVU163
 163:Core/Src/fdcan.c ****     GPIO_InitStruct.Alternate = GPIO_AF9_FDCAN1;
 411              		.loc 1 163 27 is_stmt 0 view .LVU164
 412 0076 3693     		str	r3, [sp, #216]
 164:Core/Src/fdcan.c ****     HAL_GPIO_Init(GPIOD, &GPIO_InitStruct);
 413              		.loc 1 164 5 is_stmt 1 view .LVU165
 164:Core/Src/fdcan.c ****     HAL_GPIO_Init(GPIOD, &GPIO_InitStruct);
 414              		.loc 1 164 31 is_stmt 0 view .LVU166
 415 0078 0923     		movs	r3, #9
 416 007a 3793     		str	r3, [sp, #220]
 165:Core/Src/fdcan.c **** 
 417              		.loc 1 165 5 is_stmt 1 view .LVU167
 418 007c 33A9     		add	r1, sp, #204
 419 007e 3548     		ldr	r0, .L27+16
 420 0080 FFF7FEFF 		bl	HAL_GPIO_Init
 421              	.LVL9:
 168:Core/Src/fdcan.c ****     HAL_NVIC_EnableIRQ(FDCAN1_IT0_IRQn);
 422              		.loc 1 168 5 view .LVU168
 423 0084 0022     		movs	r2, #0
 424 0086 0521     		movs	r1, #5
 425 0088 1320     		movs	r0, #19
 426 008a FFF7FEFF 		bl	HAL_NVIC_SetPriority
 427              	.LVL10:
 169:Core/Src/fdcan.c ****   /* USER CODE BEGIN FDCAN1_MspInit 1 */
 428              		.loc 1 169 5 view .LVU169
 429 008e 1320     		movs	r0, #19
 430 0090 FFF7FEFF 		bl	HAL_NVIC_EnableIRQ
 431              	.LVL11:
 432 0094 C8E7     		b	.L13
 433              	.L23:
 146:Core/Src/fdcan.c ****     }
 434              		.loc 1 146 7 view .LVU170
 435 0096 FFF7FEFF 		bl	Error_Handler
 436              	.LVL12:
 437 009a D3E7     		b	.L15
 438              	.L24:
 152:Core/Src/fdcan.c ****     }
 439              		.loc 1 152 7 view .LVU171
 440              	.LBB3:
ARM GAS  D:\temp\TMP\ccVHqMa4.s 			page 13


 152:Core/Src/fdcan.c ****     }
 441              		.loc 1 152 7 view .LVU172
 152:Core/Src/fdcan.c ****     }
 442              		.loc 1 152 7 view .LVU173
 443 009c 2C4B     		ldr	r3, .L27+12
 444 009e D3F8EC20 		ldr	r2, [r3, #236]
 445 00a2 42F48072 		orr	r2, r2, #256
 446 00a6 C3F8EC20 		str	r2, [r3, #236]
 152:Core/Src/fdcan.c ****     }
 447              		.loc 1 152 7 view .LVU174
 448 00aa D3F8EC30 		ldr	r3, [r3, #236]
 449 00ae 03F48073 		and	r3, r3, #256
 450 00b2 0093     		str	r3, [sp]
 152:Core/Src/fdcan.c ****     }
 451              		.loc 1 152 7 view .LVU175
 452 00b4 009B     		ldr	r3, [sp]
 453 00b6 CBE7     		b	.L16
 454              	.L22:
 455              	.LBE3:
 182:Core/Src/fdcan.c ****     PeriphClkInitStruct.FdcanClockSelection = RCC_FDCANCLKSOURCE_PLL;
 456              		.loc 1 182 5 view .LVU176
 182:Core/Src/fdcan.c ****     PeriphClkInitStruct.FdcanClockSelection = RCC_FDCANCLKSOURCE_PLL;
 457              		.loc 1 182 46 is_stmt 0 view .LVU177
 458 00b8 4FF40042 		mov	r2, #32768
 459 00bc 0023     		movs	r3, #0
 460 00be CDE90423 		strd	r2, [sp, #16]
 183:Core/Src/fdcan.c ****     if (HAL_RCCEx_PeriphCLKConfig(&PeriphClkInitStruct) != HAL_OK)
 461              		.loc 1 183 5 is_stmt 1 view .LVU178
 183:Core/Src/fdcan.c ****     if (HAL_RCCEx_PeriphCLKConfig(&PeriphClkInitStruct) != HAL_OK)
 462              		.loc 1 183 45 is_stmt 0 view .LVU179
 463 00c2 4FF08053 		mov	r3, #268435456
 464 00c6 1F93     		str	r3, [sp, #124]
 184:Core/Src/fdcan.c ****     {
 465              		.loc 1 184 5 is_stmt 1 view .LVU180
 184:Core/Src/fdcan.c ****     {
 466              		.loc 1 184 9 is_stmt 0 view .LVU181
 467 00c8 04A8     		add	r0, sp, #16
 468 00ca FFF7FEFF 		bl	HAL_RCCEx_PeriphCLKConfig
 469              	.LVL13:
 184:Core/Src/fdcan.c ****     {
 470              		.loc 1 184 8 discriminator 1 view .LVU182
 471 00ce 40BB     		cbnz	r0, .L25
 472              	.L18:
 190:Core/Src/fdcan.c ****     if(HAL_RCC_FDCAN_CLK_ENABLED==1){
 473              		.loc 1 190 5 is_stmt 1 view .LVU183
 190:Core/Src/fdcan.c ****     if(HAL_RCC_FDCAN_CLK_ENABLED==1){
 474              		.loc 1 190 30 is_stmt 0 view .LVU184
 475 00d0 1E4A     		ldr	r2, .L27+8
 476 00d2 1368     		ldr	r3, [r2]
 477 00d4 0133     		adds	r3, r3, #1
 478 00d6 1360     		str	r3, [r2]
 191:Core/Src/fdcan.c ****       __HAL_RCC_FDCAN_CLK_ENABLE();
 479              		.loc 1 191 5 is_stmt 1 view .LVU185
 191:Core/Src/fdcan.c ****       __HAL_RCC_FDCAN_CLK_ENABLE();
 480              		.loc 1 191 7 is_stmt 0 view .LVU186
 481 00d8 012B     		cmp	r3, #1
 482 00da 25D0     		beq	.L26
ARM GAS  D:\temp\TMP\ccVHqMa4.s 			page 14


 483              	.L19:
 192:Core/Src/fdcan.c ****     }
 484              		.loc 1 192 7 is_stmt 1 view .LVU187
 195:Core/Src/fdcan.c ****     /**FDCAN2 GPIO Configuration
 485              		.loc 1 195 5 view .LVU188
 486              	.LBB4:
 195:Core/Src/fdcan.c ****     /**FDCAN2 GPIO Configuration
 487              		.loc 1 195 5 view .LVU189
 195:Core/Src/fdcan.c ****     /**FDCAN2 GPIO Configuration
 488              		.loc 1 195 5 view .LVU190
 489 00dc 1C4B     		ldr	r3, .L27+12
 490 00de D3F8E020 		ldr	r2, [r3, #224]
 491 00e2 42F00202 		orr	r2, r2, #2
 492 00e6 C3F8E020 		str	r2, [r3, #224]
 195:Core/Src/fdcan.c ****     /**FDCAN2 GPIO Configuration
 493              		.loc 1 195 5 view .LVU191
 494 00ea D3F8E030 		ldr	r3, [r3, #224]
 495 00ee 03F00203 		and	r3, r3, #2
 496 00f2 0393     		str	r3, [sp, #12]
 195:Core/Src/fdcan.c ****     /**FDCAN2 GPIO Configuration
 497              		.loc 1 195 5 view .LVU192
 498 00f4 039B     		ldr	r3, [sp, #12]
 499              	.LBE4:
 195:Core/Src/fdcan.c ****     /**FDCAN2 GPIO Configuration
 500              		.loc 1 195 5 view .LVU193
 200:Core/Src/fdcan.c ****     GPIO_InitStruct.Mode = GPIO_MODE_AF_PP;
 501              		.loc 1 200 5 view .LVU194
 200:Core/Src/fdcan.c ****     GPIO_InitStruct.Mode = GPIO_MODE_AF_PP;
 502              		.loc 1 200 25 is_stmt 0 view .LVU195
 503 00f6 6023     		movs	r3, #96
 504 00f8 3393     		str	r3, [sp, #204]
 201:Core/Src/fdcan.c ****     GPIO_InitStruct.Pull = GPIO_NOPULL;
 505              		.loc 1 201 5 is_stmt 1 view .LVU196
 201:Core/Src/fdcan.c ****     GPIO_InitStruct.Pull = GPIO_NOPULL;
 506              		.loc 1 201 26 is_stmt 0 view .LVU197
 507 00fa 0223     		movs	r3, #2
 508 00fc 3493     		str	r3, [sp, #208]
 202:Core/Src/fdcan.c ****     GPIO_InitStruct.Speed = GPIO_SPEED_FREQ_LOW;
 509              		.loc 1 202 5 is_stmt 1 view .LVU198
 202:Core/Src/fdcan.c ****     GPIO_InitStruct.Speed = GPIO_SPEED_FREQ_LOW;
 510              		.loc 1 202 26 is_stmt 0 view .LVU199
 511 00fe 0023     		movs	r3, #0
 512 0100 3593     		str	r3, [sp, #212]
 203:Core/Src/fdcan.c ****     GPIO_InitStruct.Alternate = GPIO_AF9_FDCAN2;
 513              		.loc 1 203 5 is_stmt 1 view .LVU200
 203:Core/Src/fdcan.c ****     GPIO_InitStruct.Alternate = GPIO_AF9_FDCAN2;
 514              		.loc 1 203 27 is_stmt 0 view .LVU201
 515 0102 3693     		str	r3, [sp, #216]
 204:Core/Src/fdcan.c ****     HAL_GPIO_Init(GPIOB, &GPIO_InitStruct);
 516              		.loc 1 204 5 is_stmt 1 view .LVU202
 204:Core/Src/fdcan.c ****     HAL_GPIO_Init(GPIOB, &GPIO_InitStruct);
 517              		.loc 1 204 31 is_stmt 0 view .LVU203
 518 0104 0923     		movs	r3, #9
 519 0106 3793     		str	r3, [sp, #220]
 205:Core/Src/fdcan.c **** 
 520              		.loc 1 205 5 is_stmt 1 view .LVU204
 521 0108 33A9     		add	r1, sp, #204
ARM GAS  D:\temp\TMP\ccVHqMa4.s 			page 15


 522 010a 1348     		ldr	r0, .L27+20
 523 010c FFF7FEFF 		bl	HAL_GPIO_Init
 524              	.LVL14:
 208:Core/Src/fdcan.c ****     HAL_NVIC_EnableIRQ(FDCAN2_IT1_IRQn);
 525              		.loc 1 208 5 view .LVU205
 526 0110 0022     		movs	r2, #0
 527 0112 0521     		movs	r1, #5
 528 0114 1620     		movs	r0, #22
 529 0116 FFF7FEFF 		bl	HAL_NVIC_SetPriority
 530              	.LVL15:
 209:Core/Src/fdcan.c ****   /* USER CODE BEGIN FDCAN2_MspInit 1 */
 531              		.loc 1 209 5 view .LVU206
 532 011a 1620     		movs	r0, #22
 533 011c FFF7FEFF 		bl	HAL_NVIC_EnableIRQ
 534              	.LVL16:
 535              		.loc 1 214 1 is_stmt 0 view .LVU207
 536 0120 82E7     		b	.L13
 537              	.L25:
 186:Core/Src/fdcan.c ****     }
 538              		.loc 1 186 7 is_stmt 1 view .LVU208
 539 0122 FFF7FEFF 		bl	Error_Handler
 540              	.LVL17:
 541 0126 D3E7     		b	.L18
 542              	.L26:
 192:Core/Src/fdcan.c ****     }
 543              		.loc 1 192 7 view .LVU209
 544              	.LBB5:
 192:Core/Src/fdcan.c ****     }
 545              		.loc 1 192 7 view .LVU210
 192:Core/Src/fdcan.c ****     }
 546              		.loc 1 192 7 view .LVU211
 547 0128 094B     		ldr	r3, .L27+12
 548 012a D3F8EC20 		ldr	r2, [r3, #236]
 549 012e 42F48072 		orr	r2, r2, #256
 550 0132 C3F8EC20 		str	r2, [r3, #236]
 192:Core/Src/fdcan.c ****     }
 551              		.loc 1 192 7 view .LVU212
 552 0136 D3F8EC30 		ldr	r3, [r3, #236]
 553 013a 03F48073 		and	r3, r3, #256
 554 013e 0293     		str	r3, [sp, #8]
 192:Core/Src/fdcan.c ****     }
 555              		.loc 1 192 7 view .LVU213
 556 0140 029B     		ldr	r3, [sp, #8]
 557 0142 CBE7     		b	.L19
 558              	.L28:
 559              		.align	2
 560              	.L27:
 561 0144 00A00040 		.word	1073782784
 562 0148 00A40040 		.word	1073783808
 563 014c 00000000 		.word	HAL_RCC_FDCAN_CLK_ENABLED
 564 0150 00440258 		.word	1476543488
 565 0154 000C0258 		.word	1476529152
 566 0158 00040258 		.word	1476527104
 567              	.LBE5:
 568              		.cfi_endproc
 569              	.LFE146:
 571              		.section	.text.HAL_FDCAN_MspDeInit,"ax",%progbits
ARM GAS  D:\temp\TMP\ccVHqMa4.s 			page 16


 572              		.align	1
 573              		.global	HAL_FDCAN_MspDeInit
 574              		.syntax unified
 575              		.thumb
 576              		.thumb_func
 578              	HAL_FDCAN_MspDeInit:
 579              	.LVL18:
 580              	.LFB147:
 215:Core/Src/fdcan.c **** 
 216:Core/Src/fdcan.c **** void HAL_FDCAN_MspDeInit(FDCAN_HandleTypeDef* fdcanHandle)
 217:Core/Src/fdcan.c **** {
 581              		.loc 1 217 1 view -0
 582              		.cfi_startproc
 583              		@ args = 0, pretend = 0, frame = 0
 584              		@ frame_needed = 0, uses_anonymous_args = 0
 585              		.loc 1 217 1 is_stmt 0 view .LVU215
 586 0000 08B5     		push	{r3, lr}
 587              	.LCFI6:
 588              		.cfi_def_cfa_offset 8
 589              		.cfi_offset 3, -8
 590              		.cfi_offset 14, -4
 218:Core/Src/fdcan.c **** 
 219:Core/Src/fdcan.c ****   if(fdcanHandle->Instance==FDCAN1)
 591              		.loc 1 219 3 is_stmt 1 view .LVU216
 592              		.loc 1 219 17 is_stmt 0 view .LVU217
 593 0002 0368     		ldr	r3, [r0]
 594              		.loc 1 219 5 view .LVU218
 595 0004 174A     		ldr	r2, .L37
 596 0006 9342     		cmp	r3, r2
 597 0008 03D0     		beq	.L35
 220:Core/Src/fdcan.c ****   {
 221:Core/Src/fdcan.c ****   /* USER CODE BEGIN FDCAN1_MspDeInit 0 */
 222:Core/Src/fdcan.c **** 
 223:Core/Src/fdcan.c ****   /* USER CODE END FDCAN1_MspDeInit 0 */
 224:Core/Src/fdcan.c ****     /* Peripheral clock disable */
 225:Core/Src/fdcan.c ****     HAL_RCC_FDCAN_CLK_ENABLED--;
 226:Core/Src/fdcan.c ****     if(HAL_RCC_FDCAN_CLK_ENABLED==0){
 227:Core/Src/fdcan.c ****       __HAL_RCC_FDCAN_CLK_DISABLE();
 228:Core/Src/fdcan.c ****     }
 229:Core/Src/fdcan.c **** 
 230:Core/Src/fdcan.c ****     /**FDCAN1 GPIO Configuration
 231:Core/Src/fdcan.c ****     PD0     ------> FDCAN1_RX
 232:Core/Src/fdcan.c ****     PD1     ------> FDCAN1_TX
 233:Core/Src/fdcan.c ****     */
 234:Core/Src/fdcan.c ****     HAL_GPIO_DeInit(GPIOD, GPIO_PIN_0|GPIO_PIN_1);
 235:Core/Src/fdcan.c **** 
 236:Core/Src/fdcan.c ****     /* FDCAN1 interrupt Deinit */
 237:Core/Src/fdcan.c ****     HAL_NVIC_DisableIRQ(FDCAN1_IT0_IRQn);
 238:Core/Src/fdcan.c ****   /* USER CODE BEGIN FDCAN1_MspDeInit 1 */
 239:Core/Src/fdcan.c **** 
 240:Core/Src/fdcan.c ****   /* USER CODE END FDCAN1_MspDeInit 1 */
 241:Core/Src/fdcan.c ****   }
 242:Core/Src/fdcan.c ****   else if(fdcanHandle->Instance==FDCAN2)
 598              		.loc 1 242 8 is_stmt 1 view .LVU219
 599              		.loc 1 242 10 is_stmt 0 view .LVU220
 600 000a 174A     		ldr	r2, .L37+4
 601 000c 9342     		cmp	r3, r2
ARM GAS  D:\temp\TMP\ccVHqMa4.s 			page 17


 602 000e 14D0     		beq	.L36
 603              	.LVL19:
 604              	.L29:
 243:Core/Src/fdcan.c ****   {
 244:Core/Src/fdcan.c ****   /* USER CODE BEGIN FDCAN2_MspDeInit 0 */
 245:Core/Src/fdcan.c **** 
 246:Core/Src/fdcan.c ****   /* USER CODE END FDCAN2_MspDeInit 0 */
 247:Core/Src/fdcan.c ****     /* Peripheral clock disable */
 248:Core/Src/fdcan.c ****     HAL_RCC_FDCAN_CLK_ENABLED--;
 249:Core/Src/fdcan.c ****     if(HAL_RCC_FDCAN_CLK_ENABLED==0){
 250:Core/Src/fdcan.c ****       __HAL_RCC_FDCAN_CLK_DISABLE();
 251:Core/Src/fdcan.c ****     }
 252:Core/Src/fdcan.c **** 
 253:Core/Src/fdcan.c ****     /**FDCAN2 GPIO Configuration
 254:Core/Src/fdcan.c ****     PB5     ------> FDCAN2_RX
 255:Core/Src/fdcan.c ****     PB6     ------> FDCAN2_TX
 256:Core/Src/fdcan.c ****     */
 257:Core/Src/fdcan.c ****     HAL_GPIO_DeInit(GPIOB, GPIO_PIN_5|GPIO_PIN_6);
 258:Core/Src/fdcan.c **** 
 259:Core/Src/fdcan.c ****     /* FDCAN2 interrupt Deinit */
 260:Core/Src/fdcan.c ****     HAL_NVIC_DisableIRQ(FDCAN2_IT1_IRQn);
 261:Core/Src/fdcan.c ****   /* USER CODE BEGIN FDCAN2_MspDeInit 1 */
 262:Core/Src/fdcan.c **** 
 263:Core/Src/fdcan.c ****   /* USER CODE END FDCAN2_MspDeInit 1 */
 264:Core/Src/fdcan.c ****   }
 265:Core/Src/fdcan.c **** }
 605              		.loc 1 265 1 view .LVU221
 606 0010 08BD     		pop	{r3, pc}
 607              	.LVL20:
 608              	.L35:
 225:Core/Src/fdcan.c ****     if(HAL_RCC_FDCAN_CLK_ENABLED==0){
 609              		.loc 1 225 5 is_stmt 1 view .LVU222
 225:Core/Src/fdcan.c ****     if(HAL_RCC_FDCAN_CLK_ENABLED==0){
 610              		.loc 1 225 30 is_stmt 0 view .LVU223
 611 0012 164A     		ldr	r2, .L37+8
 612 0014 1368     		ldr	r3, [r2]
 613 0016 013B     		subs	r3, r3, #1
 614 0018 1360     		str	r3, [r2]
 226:Core/Src/fdcan.c ****       __HAL_RCC_FDCAN_CLK_DISABLE();
 615              		.loc 1 226 5 is_stmt 1 view .LVU224
 226:Core/Src/fdcan.c ****       __HAL_RCC_FDCAN_CLK_DISABLE();
 616              		.loc 1 226 7 is_stmt 0 view .LVU225
 617 001a 33B9     		cbnz	r3, .L31
 227:Core/Src/fdcan.c ****     }
 618              		.loc 1 227 7 is_stmt 1 view .LVU226
 619 001c 144A     		ldr	r2, .L37+12
 620 001e D2F8EC30 		ldr	r3, [r2, #236]
 621 0022 23F48073 		bic	r3, r3, #256
 622 0026 C2F8EC30 		str	r3, [r2, #236]
 623              	.L31:
 234:Core/Src/fdcan.c **** 
 624              		.loc 1 234 5 view .LVU227
 625 002a 0321     		movs	r1, #3
 626 002c 1148     		ldr	r0, .L37+16
 627              	.LVL21:
 234:Core/Src/fdcan.c **** 
 628              		.loc 1 234 5 is_stmt 0 view .LVU228
ARM GAS  D:\temp\TMP\ccVHqMa4.s 			page 18


 629 002e FFF7FEFF 		bl	HAL_GPIO_DeInit
 630              	.LVL22:
 237:Core/Src/fdcan.c ****   /* USER CODE BEGIN FDCAN1_MspDeInit 1 */
 631              		.loc 1 237 5 is_stmt 1 view .LVU229
 632 0032 1320     		movs	r0, #19
 633 0034 FFF7FEFF 		bl	HAL_NVIC_DisableIRQ
 634              	.LVL23:
 635 0038 EAE7     		b	.L29
 636              	.LVL24:
 637              	.L36:
 248:Core/Src/fdcan.c ****     if(HAL_RCC_FDCAN_CLK_ENABLED==0){
 638              		.loc 1 248 5 view .LVU230
 248:Core/Src/fdcan.c ****     if(HAL_RCC_FDCAN_CLK_ENABLED==0){
 639              		.loc 1 248 30 is_stmt 0 view .LVU231
 640 003a 0C4A     		ldr	r2, .L37+8
 641 003c 1368     		ldr	r3, [r2]
 642 003e 013B     		subs	r3, r3, #1
 643 0040 1360     		str	r3, [r2]
 249:Core/Src/fdcan.c ****       __HAL_RCC_FDCAN_CLK_DISABLE();
 644              		.loc 1 249 5 is_stmt 1 view .LVU232
 249:Core/Src/fdcan.c ****       __HAL_RCC_FDCAN_CLK_DISABLE();
 645              		.loc 1 249 7 is_stmt 0 view .LVU233
 646 0042 33B9     		cbnz	r3, .L33
 250:Core/Src/fdcan.c ****     }
 647              		.loc 1 250 7 is_stmt 1 view .LVU234
 648 0044 0A4A     		ldr	r2, .L37+12
 649 0046 D2F8EC30 		ldr	r3, [r2, #236]
 650 004a 23F48073 		bic	r3, r3, #256
 651 004e C2F8EC30 		str	r3, [r2, #236]
 652              	.L33:
 257:Core/Src/fdcan.c **** 
 653              		.loc 1 257 5 view .LVU235
 654 0052 6021     		movs	r1, #96
 655 0054 0848     		ldr	r0, .L37+20
 656              	.LVL25:
 257:Core/Src/fdcan.c **** 
 657              		.loc 1 257 5 is_stmt 0 view .LVU236
 658 0056 FFF7FEFF 		bl	HAL_GPIO_DeInit
 659              	.LVL26:
 260:Core/Src/fdcan.c ****   /* USER CODE BEGIN FDCAN2_MspDeInit 1 */
 660              		.loc 1 260 5 is_stmt 1 view .LVU237
 661 005a 1620     		movs	r0, #22
 662 005c FFF7FEFF 		bl	HAL_NVIC_DisableIRQ
 663              	.LVL27:
 664              		.loc 1 265 1 is_stmt 0 view .LVU238
 665 0060 D6E7     		b	.L29
 666              	.L38:
 667 0062 00BF     		.align	2
 668              	.L37:
 669 0064 00A00040 		.word	1073782784
 670 0068 00A40040 		.word	1073783808
 671 006c 00000000 		.word	HAL_RCC_FDCAN_CLK_ENABLED
 672 0070 00440258 		.word	1476543488
 673 0074 000C0258 		.word	1476529152
 674 0078 00040258 		.word	1476527104
 675              		.cfi_endproc
 676              	.LFE147:
ARM GAS  D:\temp\TMP\ccVHqMa4.s 			page 19


 678              		.section	.bss.HAL_RCC_FDCAN_CLK_ENABLED,"aw",%nobits
 679              		.align	2
 682              	HAL_RCC_FDCAN_CLK_ENABLED:
 683 0000 00000000 		.space	4
 684              		.global	hfdcan2
 685              		.section	.bss.hfdcan2,"aw",%nobits
 686              		.align	2
 689              	hfdcan2:
 690 0000 00000000 		.space	160
 690      00000000 
 690      00000000 
 690      00000000 
 690      00000000 
 691              		.global	hfdcan1
 692              		.section	.bss.hfdcan1,"aw",%nobits
 693              		.align	2
 696              	hfdcan1:
 697 0000 00000000 		.space	160
 697      00000000 
 697      00000000 
 697      00000000 
 697      00000000 
 698              		.text
 699              	.Letext0:
 700              		.file 2 "Drivers/CMSIS/Device/ST/STM32H7xx/Include/stm32h723xx.h"
 701              		.file 3 "D:/VS_STM32/gcc-arm-15.2/arm-none-eabi/include/machine/_default_types.h"
 702              		.file 4 "D:/VS_STM32/gcc-arm-15.2/arm-none-eabi/include/sys/_stdint.h"
 703              		.file 5 "Drivers/CMSIS/Device/ST/STM32H7xx/Include/stm32h7xx.h"
 704              		.file 6 "Drivers/STM32H7xx_HAL_Driver/Inc/stm32h7xx_hal_def.h"
 705              		.file 7 "Drivers/STM32H7xx_HAL_Driver/Inc/stm32h7xx_hal_rcc_ex.h"
 706              		.file 8 "Drivers/STM32H7xx_HAL_Driver/Inc/stm32h7xx_hal_gpio.h"
 707              		.file 9 "Drivers/STM32H7xx_HAL_Driver/Inc/stm32h7xx_hal_fdcan.h"
 708              		.file 10 "Core/Inc/fdcan.h"
 709              		.file 11 "Drivers/STM32H7xx_HAL_Driver/Inc/stm32h7xx_hal_cortex.h"
 710              		.file 12 "Core/Inc/main.h"
 711              		.file 13 "<built-in>"
ARM GAS  D:\temp\TMP\ccVHqMa4.s 			page 20


DEFINED SYMBOLS
                            *ABS*:00000000 fdcan.c
D:\temp\TMP\ccVHqMa4.s:20     .text.MX_FDCAN1_Init:00000000 $t
D:\temp\TMP\ccVHqMa4.s:26     .text.MX_FDCAN1_Init:00000000 MX_FDCAN1_Init
D:\temp\TMP\ccVHqMa4.s:149    .text.MX_FDCAN1_Init:0000005c $d
D:\temp\TMP\ccVHqMa4.s:696    .bss.hfdcan1:00000000 hfdcan1
D:\temp\TMP\ccVHqMa4.s:155    .text.MX_FDCAN2_Init:00000000 $t
D:\temp\TMP\ccVHqMa4.s:161    .text.MX_FDCAN2_Init:00000000 MX_FDCAN2_Init
D:\temp\TMP\ccVHqMa4.s:284    .text.MX_FDCAN2_Init:00000064 $d
D:\temp\TMP\ccVHqMa4.s:689    .bss.hfdcan2:00000000 hfdcan2
D:\temp\TMP\ccVHqMa4.s:290    .text.HAL_FDCAN_MspInit:00000000 $t
D:\temp\TMP\ccVHqMa4.s:296    .text.HAL_FDCAN_MspInit:00000000 HAL_FDCAN_MspInit
D:\temp\TMP\ccVHqMa4.s:561    .text.HAL_FDCAN_MspInit:00000144 $d
D:\temp\TMP\ccVHqMa4.s:682    .bss.HAL_RCC_FDCAN_CLK_ENABLED:00000000 HAL_RCC_FDCAN_CLK_ENABLED
D:\temp\TMP\ccVHqMa4.s:572    .text.HAL_FDCAN_MspDeInit:00000000 $t
D:\temp\TMP\ccVHqMa4.s:578    .text.HAL_FDCAN_MspDeInit:00000000 HAL_FDCAN_MspDeInit
D:\temp\TMP\ccVHqMa4.s:669    .text.HAL_FDCAN_MspDeInit:00000064 $d
D:\temp\TMP\ccVHqMa4.s:679    .bss.HAL_RCC_FDCAN_CLK_ENABLED:00000000 $d
D:\temp\TMP\ccVHqMa4.s:686    .bss.hfdcan2:00000000 $d
D:\temp\TMP\ccVHqMa4.s:693    .bss.hfdcan1:00000000 $d

UNDEFINED SYMBOLS
HAL_FDCAN_Init
Error_Handler
memset
HAL_RCCEx_PeriphCLKConfig
HAL_GPIO_Init
HAL_NVIC_SetPriority
HAL_NVIC_EnableIRQ
HAL_GPIO_DeInit
HAL_NVIC_DisableIRQ
