ARM GAS  D:\temp\TMP\ccjptfFd.s 			page 1


   1              		.cpu cortex-m7
   2              		.arch armv7e-m
   3              		.fpu fpv5-d16
   4              		.eabi_attribute 28, 1
   5              		.eabi_attribute 20, 1
   6              		.eabi_attribute 21, 1
   7              		.eabi_attribute 23, 3
   8              		.eabi_attribute 24, 1
   9              		.eabi_attribute 25, 1
  10              		.eabi_attribute 26, 1
  11              		.eabi_attribute 30, 1
  12              		.eabi_attribute 34, 1
  13              		.eabi_attribute 18, 4
  14              		.file	"freertos.c"
  15              		.section	.rodata.str1.4,"aMS",%progbits,1
  16              		.align	2
  17              	.LC0:
  18 0000 64656661 		.ascii	"defaultTask\000"
  18      756C7454 
  18      61736B00 
  19              		.align	2
  20              	.LC2:
  21 000c 494E535F 		.ascii	"INS_TASK\000"
  21      5441534B 
  21      00
  22 0015 000000   		.align	2
  23              	.LC4:
  24 0018 55415254 		.ascii	"UART_RECEIVE\000"
  24      5F524543 
  24      45495645 
  24      00
  25 0025 000000   		.align	2
  26              	.LC6:
  27 0028 43484153 		.ascii	"CHASSISR_TASK\000"
  27      53495352 
  27      5F544153 
  27      4B00
  28              		.text
  29              	.Ltext0:
  30              		.cfi_sections	.debug_frame
  31              		.section	.text.StartDefaultTask,"ax",%progbits
  32              		.align	1
  33              		.global	StartDefaultTask
  34              		.syntax unified
  35              		.thumb
  36              		.thumb_func
  38              	StartDefaultTask:
  39              	.LFB154:
  40              		.file 1 "Core/Src/freertos.c"
   1:Core/Src/freertos.c **** /* USER CODE BEGIN Header */
   2:Core/Src/freertos.c **** /**
   3:Core/Src/freertos.c ****   ******************************************************************************
   4:Core/Src/freertos.c ****   * File Name          : freertos.c
   5:Core/Src/freertos.c ****   * Description        : Code for freertos applications
   6:Core/Src/freertos.c ****   ******************************************************************************
   7:Core/Src/freertos.c ****   * @attention
   8:Core/Src/freertos.c ****   *
ARM GAS  D:\temp\TMP\ccjptfFd.s 			page 2


   9:Core/Src/freertos.c ****   * Copyright (c) 2025 STMicroelectronics.
  10:Core/Src/freertos.c ****   * All rights reserved.
  11:Core/Src/freertos.c ****   *
  12:Core/Src/freertos.c ****   * This software is licensed under terms that can be found in the LICENSE file
  13:Core/Src/freertos.c ****   * in the root directory of this software component.
  14:Core/Src/freertos.c ****   * If no LICENSE file comes with this software, it is provided AS-IS.
  15:Core/Src/freertos.c ****   *
  16:Core/Src/freertos.c ****   ******************************************************************************
  17:Core/Src/freertos.c ****   */
  18:Core/Src/freertos.c **** /* USER CODE END Header */
  19:Core/Src/freertos.c **** 
  20:Core/Src/freertos.c **** /* Includes ------------------------------------------------------------------*/
  21:Core/Src/freertos.c **** #include "FreeRTOS.h"
  22:Core/Src/freertos.c **** #include "task.h"
  23:Core/Src/freertos.c **** #include "main.h"
  24:Core/Src/freertos.c **** #include "cmsis_os.h"
  25:Core/Src/freertos.c **** 
  26:Core/Src/freertos.c **** /* Private includes ----------------------------------------------------------*/
  27:Core/Src/freertos.c **** /* USER CODE BEGIN Includes */
  28:Core/Src/freertos.c **** #include "INS_task.h"
  29:Core/Src/freertos.c **** #include "chassisR_task.h"
  30:Core/Src/freertos.c **** #include "uartReceive_task.h"
  31:Core/Src/freertos.c **** /* USER CODE END Includes */
  32:Core/Src/freertos.c **** 
  33:Core/Src/freertos.c **** /* Private typedef -----------------------------------------------------------*/
  34:Core/Src/freertos.c **** /* USER CODE BEGIN PTD */
  35:Core/Src/freertos.c **** 
  36:Core/Src/freertos.c **** /* USER CODE END PTD */
  37:Core/Src/freertos.c **** 
  38:Core/Src/freertos.c **** /* Private define ------------------------------------------------------------*/
  39:Core/Src/freertos.c **** /* USER CODE BEGIN PD */
  40:Core/Src/freertos.c **** 
  41:Core/Src/freertos.c **** /* USER CODE END PD */
  42:Core/Src/freertos.c **** 
  43:Core/Src/freertos.c **** /* Private macro -------------------------------------------------------------*/
  44:Core/Src/freertos.c **** /* USER CODE BEGIN PM */
  45:Core/Src/freertos.c **** 
  46:Core/Src/freertos.c **** /* USER CODE END PM */
  47:Core/Src/freertos.c **** 
  48:Core/Src/freertos.c **** /* Private variables ---------------------------------------------------------*/
  49:Core/Src/freertos.c **** /* USER CODE BEGIN Variables */
  50:Core/Src/freertos.c **** 
  51:Core/Src/freertos.c **** /* USER CODE END Variables */
  52:Core/Src/freertos.c **** osThreadId defaultTaskHandle;
  53:Core/Src/freertos.c **** osThreadId INS_TASKHandle;
  54:Core/Src/freertos.c **** osThreadId UART_RECEIVEHandle;
  55:Core/Src/freertos.c **** osThreadId CHASSISR_TASKHandle;
  56:Core/Src/freertos.c **** 
  57:Core/Src/freertos.c **** /* Private function prototypes -----------------------------------------------*/
  58:Core/Src/freertos.c **** /* USER CODE BEGIN FunctionPrototypes */
  59:Core/Src/freertos.c **** 
  60:Core/Src/freertos.c **** /* USER CODE END FunctionPrototypes */
  61:Core/Src/freertos.c **** 
  62:Core/Src/freertos.c **** void StartDefaultTask(void const * argument);
  63:Core/Src/freertos.c **** void ins_task(void const * argument);
  64:Core/Src/freertos.c **** void uart_receive(void const * argument);
  65:Core/Src/freertos.c **** void chassisr_task(void const * argument);
ARM GAS  D:\temp\TMP\ccjptfFd.s 			page 3


  66:Core/Src/freertos.c **** 
  67:Core/Src/freertos.c **** void MX_FREERTOS_Init(void); /* (MISRA C 2004 rule 8.1) */
  68:Core/Src/freertos.c **** 
  69:Core/Src/freertos.c **** /* GetIdleTaskMemory prototype (linked to static allocation support) */
  70:Core/Src/freertos.c **** void vApplicationGetIdleTaskMemory( StaticTask_t **ppxIdleTaskTCBBuffer, StackType_t **ppxIdleTaskS
  71:Core/Src/freertos.c **** 
  72:Core/Src/freertos.c **** /* USER CODE BEGIN GET_IDLE_TASK_MEMORY */
  73:Core/Src/freertos.c **** static StaticTask_t xIdleTaskTCBBuffer;
  74:Core/Src/freertos.c **** static StackType_t xIdleStack[configMINIMAL_STACK_SIZE];
  75:Core/Src/freertos.c **** 
  76:Core/Src/freertos.c **** void vApplicationGetIdleTaskMemory( StaticTask_t **ppxIdleTaskTCBBuffer, StackType_t **ppxIdleTaskS
  77:Core/Src/freertos.c **** {
  78:Core/Src/freertos.c ****   *ppxIdleTaskTCBBuffer = &xIdleTaskTCBBuffer;
  79:Core/Src/freertos.c ****   *ppxIdleTaskStackBuffer = &xIdleStack[0];
  80:Core/Src/freertos.c ****   *pulIdleTaskStackSize = configMINIMAL_STACK_SIZE;
  81:Core/Src/freertos.c ****   /* place for user code */
  82:Core/Src/freertos.c **** }
  83:Core/Src/freertos.c **** /* USER CODE END GET_IDLE_TASK_MEMORY */
  84:Core/Src/freertos.c **** 
  85:Core/Src/freertos.c **** /**
  86:Core/Src/freertos.c ****   * @brief  FreeRTOS initialization
  87:Core/Src/freertos.c ****   * @param  None
  88:Core/Src/freertos.c ****   * @retval None
  89:Core/Src/freertos.c ****   */
  90:Core/Src/freertos.c **** void MX_FREERTOS_Init(void) {
  91:Core/Src/freertos.c ****   /* USER CODE BEGIN Init */
  92:Core/Src/freertos.c **** 
  93:Core/Src/freertos.c ****   /* USER CODE END Init */
  94:Core/Src/freertos.c **** 
  95:Core/Src/freertos.c ****   /* USER CODE BEGIN RTOS_MUTEX */
  96:Core/Src/freertos.c ****   /* add mutexes, ... */
  97:Core/Src/freertos.c ****   /* USER CODE END RTOS_MUTEX */
  98:Core/Src/freertos.c **** 
  99:Core/Src/freertos.c ****   /* USER CODE BEGIN RTOS_SEMAPHORES */
 100:Core/Src/freertos.c ****   /* add semaphores, ... */
 101:Core/Src/freertos.c ****   /* USER CODE END RTOS_SEMAPHORES */
 102:Core/Src/freertos.c **** 
 103:Core/Src/freertos.c ****   /* USER CODE BEGIN RTOS_TIMERS */
 104:Core/Src/freertos.c ****   /* start timers, add new ones, ... */
 105:Core/Src/freertos.c ****   /* USER CODE END RTOS_TIMERS */
 106:Core/Src/freertos.c **** 
 107:Core/Src/freertos.c ****   /* USER CODE BEGIN RTOS_QUEUES */
 108:Core/Src/freertos.c ****   /* add queues, ... */
 109:Core/Src/freertos.c ****   /* USER CODE END RTOS_QUEUES */
 110:Core/Src/freertos.c **** 
 111:Core/Src/freertos.c ****   /* Create the thread(s) */
 112:Core/Src/freertos.c ****   /* definition and creation of defaultTask */
 113:Core/Src/freertos.c ****   osThreadDef(defaultTask, StartDefaultTask, osPriorityNormal, 0, 128);
 114:Core/Src/freertos.c ****   defaultTaskHandle = osThreadCreate(osThread(defaultTask), NULL);
 115:Core/Src/freertos.c **** 
 116:Core/Src/freertos.c ****   /* definition and creation of INS_TASK */
 117:Core/Src/freertos.c ****   osThreadDef(INS_TASK, ins_task, osPriorityRealtime, 0, 512);
 118:Core/Src/freertos.c ****   INS_TASKHandle = osThreadCreate(osThread(INS_TASK), NULL);
 119:Core/Src/freertos.c **** 
 120:Core/Src/freertos.c ****   /* definition and creation of UART_RECEIVE */
 121:Core/Src/freertos.c ****   osThreadDef(UART_RECEIVE, uart_receive, osPriorityRealtime, 0, 512);
 122:Core/Src/freertos.c ****   UART_RECEIVEHandle = osThreadCreate(osThread(UART_RECEIVE), NULL);
ARM GAS  D:\temp\TMP\ccjptfFd.s 			page 4


 123:Core/Src/freertos.c **** 
 124:Core/Src/freertos.c ****   /* definition and creation of CHASSISR_TASK */
 125:Core/Src/freertos.c ****   osThreadDef(CHASSISR_TASK, chassisr_task, osPriorityAboveNormal, 0, 512);
 126:Core/Src/freertos.c ****   CHASSISR_TASKHandle = osThreadCreate(osThread(CHASSISR_TASK), NULL);
 127:Core/Src/freertos.c **** 
 128:Core/Src/freertos.c ****   /* USER CODE BEGIN RTOS_THREADS */
 129:Core/Src/freertos.c ****   /* add threads, ... */
 130:Core/Src/freertos.c ****   /* USER CODE END RTOS_THREADS */
 131:Core/Src/freertos.c **** 
 132:Core/Src/freertos.c **** }
 133:Core/Src/freertos.c **** 
 134:Core/Src/freertos.c **** /* USER CODE BEGIN Header_StartDefaultTask */
 135:Core/Src/freertos.c **** /**
 136:Core/Src/freertos.c ****   * @brief  Function implementing the defaultTask thread.
 137:Core/Src/freertos.c ****   * @param  argument: Not used
 138:Core/Src/freertos.c ****   * @retval None
 139:Core/Src/freertos.c ****   */
 140:Core/Src/freertos.c **** /* USER CODE END Header_StartDefaultTask */
 141:Core/Src/freertos.c **** void StartDefaultTask(void const * argument)
 142:Core/Src/freertos.c **** {
  41              		.loc 1 142 1 view -0
  42              		.cfi_startproc
  43              		@ Volatile: function does not return.
  44              		@ args = 0, pretend = 0, frame = 0
  45              		@ frame_needed = 0, uses_anonymous_args = 0
  46              	.LVL0:
  47              		.loc 1 142 1 is_stmt 0 view .LVU1
  48 0000 08B5     		push	{r3, lr}
  49              	.LCFI0:
  50              		.cfi_def_cfa_offset 8
  51              		.cfi_offset 3, -8
  52              		.cfi_offset 14, -4
  53              	.LVL1:
  54              	.L2:
 143:Core/Src/freertos.c ****   /* USER CODE BEGIN StartDefaultTask */
 144:Core/Src/freertos.c ****   /* Infinite loop */
 145:Core/Src/freertos.c ****   for(;;)
  55              		.loc 1 145 3 is_stmt 1 discriminator 1 view .LVU2
 146:Core/Src/freertos.c ****   {
 147:Core/Src/freertos.c ****     osDelay(1);
  56              		.loc 1 147 5 discriminator 1 view .LVU3
  57 0002 0120     		movs	r0, #1
  58 0004 FFF7FEFF 		bl	osDelay
  59              	.LVL2:
 145:Core/Src/freertos.c ****   {
  60              		.loc 1 145 8 discriminator 1 view .LVU4
  61 0008 FBE7     		b	.L2
  62              		.cfi_endproc
  63              	.LFE154:
  65              		.section	.text.uart_receive,"ax",%progbits
  66              		.align	1
  67              		.global	uart_receive
  68              		.syntax unified
  69              		.thumb
  70              		.thumb_func
  72              	uart_receive:
  73              	.LFB156:
ARM GAS  D:\temp\TMP\ccjptfFd.s 			page 5


 148:Core/Src/freertos.c ****   }
 149:Core/Src/freertos.c ****   /* USER CODE END StartDefaultTask */
 150:Core/Src/freertos.c **** }
 151:Core/Src/freertos.c **** 
 152:Core/Src/freertos.c **** /* USER CODE BEGIN Header_ins_task */
 153:Core/Src/freertos.c **** /**
 154:Core/Src/freertos.c **** * @brief Function implementing the INS_TASK thread.
 155:Core/Src/freertos.c **** * @param argument: Not used
 156:Core/Src/freertos.c **** * @retval None
 157:Core/Src/freertos.c **** */
 158:Core/Src/freertos.c **** /* USER CODE END Header_ins_task */
 159:Core/Src/freertos.c **** void ins_task(void const * argument)
 160:Core/Src/freertos.c **** {
 161:Core/Src/freertos.c ****   /* USER CODE BEGIN ins_task */
 162:Core/Src/freertos.c ****   /* Infinite loop */
 163:Core/Src/freertos.c ****   for(;;)
 164:Core/Src/freertos.c ****   {
 165:Core/Src/freertos.c ****     INS_task();
 166:Core/Src/freertos.c ****     osDelay(1);
 167:Core/Src/freertos.c ****   }
 168:Core/Src/freertos.c ****   /* USER CODE END ins_task */
 169:Core/Src/freertos.c **** }
 170:Core/Src/freertos.c **** 
 171:Core/Src/freertos.c **** /* USER CODE BEGIN Header_uart_receive */
 172:Core/Src/freertos.c **** /**
 173:Core/Src/freertos.c **** * @brief Function implementing the UART_RECEIVE thread.
 174:Core/Src/freertos.c **** * @param argument: Not used
 175:Core/Src/freertos.c **** * @retval None
 176:Core/Src/freertos.c **** */
 177:Core/Src/freertos.c **** /* USER CODE END Header_uart_receive */
 178:Core/Src/freertos.c **** void uart_receive(void const * argument)
 179:Core/Src/freertos.c **** {
  74              		.loc 1 179 1 view -0
  75              		.cfi_startproc
  76              		@ Volatile: function does not return.
  77              		@ args = 0, pretend = 0, frame = 0
  78              		@ frame_needed = 0, uses_anonymous_args = 0
  79              	.LVL3:
  80              		.loc 1 179 1 is_stmt 0 view .LVU6
  81 0000 08B5     		push	{r3, lr}
  82              	.LCFI1:
  83              		.cfi_def_cfa_offset 8
  84              		.cfi_offset 3, -8
  85              		.cfi_offset 14, -4
  86              	.LVL4:
  87              	.L5:
 180:Core/Src/freertos.c ****   /* USER CODE BEGIN uart_receive */
 181:Core/Src/freertos.c ****   /* Infinite loop */
 182:Core/Src/freertos.c ****   for(;;)
  88              		.loc 1 182 3 is_stmt 1 discriminator 1 view .LVU7
 183:Core/Src/freertos.c ****   {
 184:Core/Src/freertos.c ****     // UartReceive_Task();
 185:Core/Src/freertos.c ****     osDelay(1);
  89              		.loc 1 185 5 discriminator 1 view .LVU8
  90 0002 0120     		movs	r0, #1
  91 0004 FFF7FEFF 		bl	osDelay
  92              	.LVL5:
ARM GAS  D:\temp\TMP\ccjptfFd.s 			page 6


 182:Core/Src/freertos.c ****   {
  93              		.loc 1 182 8 discriminator 1 view .LVU9
  94 0008 FBE7     		b	.L5
  95              		.cfi_endproc
  96              	.LFE156:
  98              		.section	.text.ins_task,"ax",%progbits
  99              		.align	1
 100              		.global	ins_task
 101              		.syntax unified
 102              		.thumb
 103              		.thumb_func
 105              	ins_task:
 106              	.LFB155:
 160:Core/Src/freertos.c ****   /* USER CODE BEGIN ins_task */
 107              		.loc 1 160 1 view -0
 108              		.cfi_startproc
 109              		@ Volatile: function does not return.
 110              		@ args = 0, pretend = 0, frame = 0
 111              		@ frame_needed = 0, uses_anonymous_args = 0
 112              	.LVL6:
 160:Core/Src/freertos.c ****   /* USER CODE BEGIN ins_task */
 113              		.loc 1 160 1 is_stmt 0 view .LVU11
 114 0000 08B5     		push	{r3, lr}
 115              	.LCFI2:
 116              		.cfi_def_cfa_offset 8
 117              		.cfi_offset 3, -8
 118              		.cfi_offset 14, -4
 119              	.LVL7:
 120              	.L8:
 163:Core/Src/freertos.c ****   {
 121              		.loc 1 163 3 is_stmt 1 discriminator 1 view .LVU12
 165:Core/Src/freertos.c ****     osDelay(1);
 122              		.loc 1 165 5 discriminator 1 view .LVU13
 123 0002 FFF7FEFF 		bl	INS_task
 124              	.LVL8:
 166:Core/Src/freertos.c ****   }
 125              		.loc 1 166 5 discriminator 1 view .LVU14
 126 0006 0120     		movs	r0, #1
 127 0008 FFF7FEFF 		bl	osDelay
 128              	.LVL9:
 163:Core/Src/freertos.c ****   {
 129              		.loc 1 163 8 discriminator 1 view .LVU15
 130 000c F9E7     		b	.L8
 131              		.cfi_endproc
 132              	.LFE155:
 134              		.section	.text.chassisr_task,"ax",%progbits
 135              		.align	1
 136              		.global	chassisr_task
 137              		.syntax unified
 138              		.thumb
 139              		.thumb_func
 141              	chassisr_task:
 142              	.LFB157:
 186:Core/Src/freertos.c ****   }
 187:Core/Src/freertos.c ****   /* USER CODE END uart_receive */
 188:Core/Src/freertos.c **** }
 189:Core/Src/freertos.c **** 
ARM GAS  D:\temp\TMP\ccjptfFd.s 			page 7


 190:Core/Src/freertos.c **** /* USER CODE BEGIN Header_chassisr_task */
 191:Core/Src/freertos.c **** /**
 192:Core/Src/freertos.c **** * @brief Function implementing the CHASSISR_TASK thread.
 193:Core/Src/freertos.c **** * @param argument: Not used
 194:Core/Src/freertos.c **** * @retval None
 195:Core/Src/freertos.c **** */
 196:Core/Src/freertos.c **** /* USER CODE END Header_chassisr_task */
 197:Core/Src/freertos.c **** void chassisr_task(void const * argument)
 198:Core/Src/freertos.c **** {
 143              		.loc 1 198 1 view -0
 144              		.cfi_startproc
 145              		@ Volatile: function does not return.
 146              		@ args = 0, pretend = 0, frame = 0
 147              		@ frame_needed = 0, uses_anonymous_args = 0
 148              	.LVL10:
 149              		.loc 1 198 1 is_stmt 0 view .LVU17
 150 0000 08B5     		push	{r3, lr}
 151              	.LCFI3:
 152              		.cfi_def_cfa_offset 8
 153              		.cfi_offset 3, -8
 154              		.cfi_offset 14, -4
 155              	.LVL11:
 156              	.L11:
 199:Core/Src/freertos.c ****   /* USER CODE BEGIN chassisr_task */
 200:Core/Src/freertos.c ****   /* Infinite loop */
 201:Core/Src/freertos.c ****   for(;;)
 157              		.loc 1 201 3 is_stmt 1 discriminator 1 view .LVU18
 202:Core/Src/freertos.c ****   {
 203:Core/Src/freertos.c ****     ChassisR_Task();
 158              		.loc 1 203 5 discriminator 1 view .LVU19
 159 0002 FFF7FEFF 		bl	ChassisR_Task
 160              	.LVL12:
 204:Core/Src/freertos.c ****     osDelay(1);
 161              		.loc 1 204 5 discriminator 1 view .LVU20
 162 0006 0120     		movs	r0, #1
 163 0008 FFF7FEFF 		bl	osDelay
 164              	.LVL13:
 201:Core/Src/freertos.c ****   {
 165              		.loc 1 201 8 discriminator 1 view .LVU21
 166 000c F9E7     		b	.L11
 167              		.cfi_endproc
 168              	.LFE157:
 170              		.section	.text.vApplicationGetIdleTaskMemory,"ax",%progbits
 171              		.align	1
 172              		.global	vApplicationGetIdleTaskMemory
 173              		.syntax unified
 174              		.thumb
 175              		.thumb_func
 177              	vApplicationGetIdleTaskMemory:
 178              	.LVL14:
 179              	.LFB152:
  77:Core/Src/freertos.c ****   *ppxIdleTaskTCBBuffer = &xIdleTaskTCBBuffer;
 180              		.loc 1 77 1 view -0
 181              		.cfi_startproc
 182              		@ args = 0, pretend = 0, frame = 0
 183              		@ frame_needed = 0, uses_anonymous_args = 0
 184              		@ link register save eliminated.
ARM GAS  D:\temp\TMP\ccjptfFd.s 			page 8


  78:Core/Src/freertos.c ****   *ppxIdleTaskStackBuffer = &xIdleStack[0];
 185              		.loc 1 78 3 view .LVU23
  78:Core/Src/freertos.c ****   *ppxIdleTaskStackBuffer = &xIdleStack[0];
 186              		.loc 1 78 25 is_stmt 0 view .LVU24
 187 0000 034B     		ldr	r3, .L14
 188 0002 0360     		str	r3, [r0]
  79:Core/Src/freertos.c ****   *pulIdleTaskStackSize = configMINIMAL_STACK_SIZE;
 189              		.loc 1 79 3 is_stmt 1 view .LVU25
  79:Core/Src/freertos.c ****   *pulIdleTaskStackSize = configMINIMAL_STACK_SIZE;
 190              		.loc 1 79 27 is_stmt 0 view .LVU26
 191 0004 034B     		ldr	r3, .L14+4
 192 0006 0B60     		str	r3, [r1]
  80:Core/Src/freertos.c ****   /* place for user code */
 193              		.loc 1 80 3 is_stmt 1 view .LVU27
  80:Core/Src/freertos.c ****   /* place for user code */
 194              		.loc 1 80 25 is_stmt 0 view .LVU28
 195 0008 8023     		movs	r3, #128
 196 000a 1360     		str	r3, [r2]
  82:Core/Src/freertos.c **** /* USER CODE END GET_IDLE_TASK_MEMORY */
 197              		.loc 1 82 1 view .LVU29
 198 000c 7047     		bx	lr
 199              	.L15:
 200 000e 00BF     		.align	2
 201              	.L14:
 202 0010 00000000 		.word	.LANCHOR0
 203 0014 00000000 		.word	.LANCHOR1
 204              		.cfi_endproc
 205              	.LFE152:
 207              		.section	.text.MX_FREERTOS_Init,"ax",%progbits
 208              		.align	1
 209              		.global	MX_FREERTOS_Init
 210              		.syntax unified
 211              		.thumb
 212              		.thumb_func
 214              	MX_FREERTOS_Init:
 215              	.LFB153:
  90:Core/Src/freertos.c ****   /* USER CODE BEGIN Init */
 216              		.loc 1 90 29 is_stmt 1 view -0
 217              		.cfi_startproc
 218              		@ args = 0, pretend = 0, frame = 112
 219              		@ frame_needed = 0, uses_anonymous_args = 0
 220 0000 10B5     		push	{r4, lr}
 221              	.LCFI4:
 222              		.cfi_def_cfa_offset 8
 223              		.cfi_offset 4, -8
 224              		.cfi_offset 14, -4
 225 0002 9CB0     		sub	sp, sp, #112
 226              	.LCFI5:
 227              		.cfi_def_cfa_offset 120
 113:Core/Src/freertos.c ****   defaultTaskHandle = osThreadCreate(osThread(defaultTask), NULL);
 228              		.loc 1 113 3 view .LVU31
 229 0004 244C     		ldr	r4, .L18
 230 0006 0DF1540C 		add	ip, sp, #84
 231 000a A646     		mov	lr, r4
 232 000c BEE80F00 		ldmia	lr!, {r0, r1, r2, r3}
 233 0010 ACE80F00 		stmia	ip!, {r0, r1, r2, r3}
 234 0014 9EE80700 		ldm	lr, {r0, r1, r2}
ARM GAS  D:\temp\TMP\ccjptfFd.s 			page 9


 235 0018 8CE80700 		stm	ip, {r0, r1, r2}
 114:Core/Src/freertos.c **** 
 236              		.loc 1 114 3 view .LVU32
 114:Core/Src/freertos.c **** 
 237              		.loc 1 114 23 is_stmt 0 view .LVU33
 238 001c 0021     		movs	r1, #0
 239 001e 15A8     		add	r0, sp, #84
 240 0020 FFF7FEFF 		bl	osThreadCreate
 241              	.LVL15:
 114:Core/Src/freertos.c **** 
 242              		.loc 1 114 21 view .LVU34
 243 0024 1D4B     		ldr	r3, .L18+4
 244 0026 1860     		str	r0, [r3]
 117:Core/Src/freertos.c ****   INS_TASKHandle = osThreadCreate(osThread(INS_TASK), NULL);
 245              		.loc 1 117 3 is_stmt 1 view .LVU35
 246 0028 0DF1380C 		add	ip, sp, #56
 247 002c 04F11C0E 		add	lr, r4, #28
 248 0030 BEE80F00 		ldmia	lr!, {r0, r1, r2, r3}
 249 0034 ACE80F00 		stmia	ip!, {r0, r1, r2, r3}
 250 0038 9EE80700 		ldm	lr, {r0, r1, r2}
 251 003c 8CE80700 		stm	ip, {r0, r1, r2}
 118:Core/Src/freertos.c **** 
 252              		.loc 1 118 3 view .LVU36
 118:Core/Src/freertos.c **** 
 253              		.loc 1 118 20 is_stmt 0 view .LVU37
 254 0040 0021     		movs	r1, #0
 255 0042 0EA8     		add	r0, sp, #56
 256 0044 FFF7FEFF 		bl	osThreadCreate
 257              	.LVL16:
 118:Core/Src/freertos.c **** 
 258              		.loc 1 118 18 view .LVU38
 259 0048 154B     		ldr	r3, .L18+8
 260 004a 1860     		str	r0, [r3]
 121:Core/Src/freertos.c ****   UART_RECEIVEHandle = osThreadCreate(osThread(UART_RECEIVE), NULL);
 261              		.loc 1 121 3 is_stmt 1 view .LVU39
 262 004c 0DF11C0C 		add	ip, sp, #28
 263 0050 04F1380E 		add	lr, r4, #56
 264 0054 BEE80F00 		ldmia	lr!, {r0, r1, r2, r3}
 265 0058 ACE80F00 		stmia	ip!, {r0, r1, r2, r3}
 266 005c 9EE80700 		ldm	lr, {r0, r1, r2}
 267 0060 8CE80700 		stm	ip, {r0, r1, r2}
 122:Core/Src/freertos.c **** 
 268              		.loc 1 122 3 view .LVU40
 122:Core/Src/freertos.c **** 
 269              		.loc 1 122 24 is_stmt 0 view .LVU41
 270 0064 0021     		movs	r1, #0
 271 0066 07A8     		add	r0, sp, #28
 272 0068 FFF7FEFF 		bl	osThreadCreate
 273              	.LVL17:
 122:Core/Src/freertos.c **** 
 274              		.loc 1 122 22 view .LVU42
 275 006c 0D4B     		ldr	r3, .L18+12
 276 006e 1860     		str	r0, [r3]
 125:Core/Src/freertos.c ****   CHASSISR_TASKHandle = osThreadCreate(osThread(CHASSISR_TASK), NULL);
 277              		.loc 1 125 3 is_stmt 1 view .LVU43
 278 0070 EE46     		mov	lr, sp
 279 0072 04F1540C 		add	ip, r4, #84
ARM GAS  D:\temp\TMP\ccjptfFd.s 			page 10


 280 0076 BCE80F00 		ldmia	ip!, {r0, r1, r2, r3}
 281 007a AEE80F00 		stmia	lr!, {r0, r1, r2, r3}
 282 007e 9CE80700 		ldm	ip, {r0, r1, r2}
 283 0082 8EE80700 		stm	lr, {r0, r1, r2}
 126:Core/Src/freertos.c **** 
 284              		.loc 1 126 3 view .LVU44
 126:Core/Src/freertos.c **** 
 285              		.loc 1 126 25 is_stmt 0 view .LVU45
 286 0086 0021     		movs	r1, #0
 287 0088 6846     		mov	r0, sp
 288 008a FFF7FEFF 		bl	osThreadCreate
 289              	.LVL18:
 126:Core/Src/freertos.c **** 
 290              		.loc 1 126 23 view .LVU46
 291 008e 064B     		ldr	r3, .L18+16
 292 0090 1860     		str	r0, [r3]
 132:Core/Src/freertos.c **** 
 293              		.loc 1 132 1 view .LVU47
 294 0092 1CB0     		add	sp, sp, #112
 295              	.LCFI6:
 296              		.cfi_def_cfa_offset 8
 297              		@ sp needed
 298 0094 10BD     		pop	{r4, pc}
 299              	.L19:
 300 0096 00BF     		.align	2
 301              	.L18:
 302 0098 00000000 		.word	.LANCHOR2
 303 009c 00000000 		.word	.LANCHOR3
 304 00a0 00000000 		.word	.LANCHOR4
 305 00a4 00000000 		.word	.LANCHOR5
 306 00a8 00000000 		.word	.LANCHOR6
 307              		.cfi_endproc
 308              	.LFE153:
 310              		.global	CHASSISR_TASKHandle
 311              		.global	UART_RECEIVEHandle
 312              		.global	INS_TASKHandle
 313              		.global	defaultTaskHandle
 314              		.section	.rodata
 315              		.align	2
 316              		.set	.LANCHOR2,. + 0
 317              	.LC8:
 318 0000 00000000 		.word	.LC0
 319 0004 00000000 		.word	StartDefaultTask
 320 0008 0000     		.short	0
 321 000a 0000     		.space	2
 322 000c 00000000 		.word	0
 323 0010 80000000 		.word	128
 324 0014 00000000 		.word	0
 325 0018 00000000 		.word	0
 326              	.LC9:
 327 001c 0C000000 		.word	.LC2
 328 0020 00000000 		.word	ins_task
 329 0024 0300     		.short	3
 330 0026 0000     		.space	2
 331 0028 00000000 		.word	0
 332 002c 00020000 		.word	512
 333 0030 00000000 		.word	0
ARM GAS  D:\temp\TMP\ccjptfFd.s 			page 11


 334 0034 00000000 		.word	0
 335              	.LC10:
 336 0038 18000000 		.word	.LC4
 337 003c 00000000 		.word	uart_receive
 338 0040 0300     		.short	3
 339 0042 0000     		.space	2
 340 0044 00000000 		.word	0
 341 0048 00020000 		.word	512
 342 004c 00000000 		.word	0
 343 0050 00000000 		.word	0
 344              	.LC11:
 345 0054 28000000 		.word	.LC6
 346 0058 00000000 		.word	chassisr_task
 347 005c 0100     		.short	1
 348 005e 0000     		.space	2
 349 0060 00000000 		.word	0
 350 0064 00020000 		.word	512
 351 0068 00000000 		.word	0
 352 006c 00000000 		.word	0
 353              		.section	.bss.CHASSISR_TASKHandle,"aw",%nobits
 354              		.align	2
 355              		.set	.LANCHOR6,. + 0
 358              	CHASSISR_TASKHandle:
 359 0000 00000000 		.space	4
 360              		.section	.bss.INS_TASKHandle,"aw",%nobits
 361              		.align	2
 362              		.set	.LANCHOR4,. + 0
 365              	INS_TASKHandle:
 366 0000 00000000 		.space	4
 367              		.section	.bss.UART_RECEIVEHandle,"aw",%nobits
 368              		.align	2
 369              		.set	.LANCHOR5,. + 0
 372              	UART_RECEIVEHandle:
 373 0000 00000000 		.space	4
 374              		.section	.bss.defaultTaskHandle,"aw",%nobits
 375              		.align	2
 376              		.set	.LANCHOR3,. + 0
 379              	defaultTaskHandle:
 380 0000 00000000 		.space	4
 381              		.section	.bss.xIdleStack,"aw",%nobits
 382              		.align	2
 383              		.set	.LANCHOR1,. + 0
 386              	xIdleStack:
 387 0000 00000000 		.space	512
 387      00000000 
 387      00000000 
 387      00000000 
 387      00000000 
 388              		.section	.bss.xIdleTaskTCBBuffer,"aw",%nobits
 389              		.align	2
 390              		.set	.LANCHOR0,. + 0
 393              	xIdleTaskTCBBuffer:
 394 0000 00000000 		.space	84
 394      00000000 
 394      00000000 
 394      00000000 
 394      00000000 
ARM GAS  D:\temp\TMP\ccjptfFd.s 			page 12


 395              		.text
 396              	.Letext0:
 397              		.file 2 "d:\\vs_stm32\\gcc-arm-2021\\2021.10\\arm-none-eabi\\include\\machine\\_default_types.h"
 398              		.file 3 "d:\\vs_stm32\\gcc-arm-2021\\2021.10\\arm-none-eabi\\include\\sys\\_stdint.h"
 399              		.file 4 "Middlewares/Third_Party/FreeRTOS/Source/portable/GCC/ARM_CM4F/portmacro.h"
 400              		.file 5 "Middlewares/Third_Party/FreeRTOS/Source/include/FreeRTOS.h"
 401              		.file 6 "Middlewares/Third_Party/FreeRTOS/Source/include/task.h"
 402              		.file 7 "Middlewares/Third_Party/FreeRTOS/Source/CMSIS_RTOS/cmsis_os.h"
 403              		.file 8 "Robot/RoboTask/chassis/chassisR_task.h"
 404              		.file 9 "Robot/RoboTask/ins/INS_task.h"
ARM GAS  D:\temp\TMP\ccjptfFd.s 			page 13


DEFINED SYMBOLS
                            *ABS*:00000000 freertos.c
D:\temp\TMP\ccjptfFd.s:16     .rodata.str1.4:00000000 $d
D:\temp\TMP\ccjptfFd.s:32     .text.StartDefaultTask:00000000 $t
D:\temp\TMP\ccjptfFd.s:38     .text.StartDefaultTask:00000000 StartDefaultTask
D:\temp\TMP\ccjptfFd.s:66     .text.uart_receive:00000000 $t
D:\temp\TMP\ccjptfFd.s:72     .text.uart_receive:00000000 uart_receive
D:\temp\TMP\ccjptfFd.s:99     .text.ins_task:00000000 $t
D:\temp\TMP\ccjptfFd.s:105    .text.ins_task:00000000 ins_task
D:\temp\TMP\ccjptfFd.s:135    .text.chassisr_task:00000000 $t
D:\temp\TMP\ccjptfFd.s:141    .text.chassisr_task:00000000 chassisr_task
D:\temp\TMP\ccjptfFd.s:171    .text.vApplicationGetIdleTaskMemory:00000000 $t
D:\temp\TMP\ccjptfFd.s:177    .text.vApplicationGetIdleTaskMemory:00000000 vApplicationGetIdleTaskMemory
D:\temp\TMP\ccjptfFd.s:202    .text.vApplicationGetIdleTaskMemory:00000010 $d
D:\temp\TMP\ccjptfFd.s:208    .text.MX_FREERTOS_Init:00000000 $t
D:\temp\TMP\ccjptfFd.s:214    .text.MX_FREERTOS_Init:00000000 MX_FREERTOS_Init
D:\temp\TMP\ccjptfFd.s:302    .text.MX_FREERTOS_Init:00000098 $d
D:\temp\TMP\ccjptfFd.s:358    .bss.CHASSISR_TASKHandle:00000000 CHASSISR_TASKHandle
D:\temp\TMP\ccjptfFd.s:372    .bss.UART_RECEIVEHandle:00000000 UART_RECEIVEHandle
D:\temp\TMP\ccjptfFd.s:365    .bss.INS_TASKHandle:00000000 INS_TASKHandle
D:\temp\TMP\ccjptfFd.s:379    .bss.defaultTaskHandle:00000000 defaultTaskHandle
D:\temp\TMP\ccjptfFd.s:315    .rodata:00000000 $d
D:\temp\TMP\ccjptfFd.s:354    .bss.CHASSISR_TASKHandle:00000000 $d
D:\temp\TMP\ccjptfFd.s:361    .bss.INS_TASKHandle:00000000 $d
D:\temp\TMP\ccjptfFd.s:368    .bss.UART_RECEIVEHandle:00000000 $d
D:\temp\TMP\ccjptfFd.s:375    .bss.defaultTaskHandle:00000000 $d
D:\temp\TMP\ccjptfFd.s:382    .bss.xIdleStack:00000000 $d
D:\temp\TMP\ccjptfFd.s:386    .bss.xIdleStack:00000000 xIdleStack
D:\temp\TMP\ccjptfFd.s:389    .bss.xIdleTaskTCBBuffer:00000000 $d
D:\temp\TMP\ccjptfFd.s:393    .bss.xIdleTaskTCBBuffer:00000000 xIdleTaskTCBBuffer

UNDEFINED SYMBOLS
osDelay
INS_task
ChassisR_Task
osThreadCreate
