ARM GAS  D:\temp\TMP\cc5HdEH4.s 			page 1


   1              		.cpu cortex-m7
   2              		.arch armv7e-m
   3              		.fpu fpv5-d16
   4              		.eabi_attribute 28, 1
   5              		.eabi_attribute 20, 1
   6              		.eabi_attribute 21, 1
   7              		.eabi_attribute 23, 3
   8              		.eabi_attribute 24, 1
   9              		.eabi_attribute 25, 1
  10              		.eabi_attribute 26, 1
  11              		.eabi_attribute 30, 1
  12              		.eabi_attribute 34, 1
  13              		.eabi_attribute 18, 4
  14              		.file	"gpio.c"
  15              		.text
  16              	.Ltext0:
  17              		.cfi_sections	.debug_frame
  18              		.section	.text.MX_GPIO_Init,"ax",%progbits
  19              		.align	1
  20              		.global	MX_GPIO_Init
  21              		.syntax unified
  22              		.thumb
  23              		.thumb_func
  25              	MX_GPIO_Init:
  26              	.LFB144:
  27              		.file 1 "Core/Src/gpio.c"
   1:Core/Src/gpio.c **** /* USER CODE BEGIN Header */
   2:Core/Src/gpio.c **** /**
   3:Core/Src/gpio.c ****   ******************************************************************************
   4:Core/Src/gpio.c ****   * @file    gpio.c
   5:Core/Src/gpio.c ****   * @brief   This file provides code for the configuration
   6:Core/Src/gpio.c ****   *          of all used GPIO pins.
   7:Core/Src/gpio.c ****   ******************************************************************************
   8:Core/Src/gpio.c ****   * @attention
   9:Core/Src/gpio.c ****   *
  10:Core/Src/gpio.c ****   * Copyright (c) 2025 STMicroelectronics.
  11:Core/Src/gpio.c ****   * All rights reserved.
  12:Core/Src/gpio.c ****   *
  13:Core/Src/gpio.c ****   * This software is licensed under terms that can be found in the LICENSE file
  14:Core/Src/gpio.c ****   * in the root directory of this software component.
  15:Core/Src/gpio.c ****   * If no LICENSE file comes with this software, it is provided AS-IS.
  16:Core/Src/gpio.c ****   *
  17:Core/Src/gpio.c ****   ******************************************************************************
  18:Core/Src/gpio.c ****   */
  19:Core/Src/gpio.c **** /* USER CODE END Header */
  20:Core/Src/gpio.c **** 
  21:Core/Src/gpio.c **** /* Includes ------------------------------------------------------------------*/
  22:Core/Src/gpio.c **** #include "gpio.h"
  23:Core/Src/gpio.c **** 
  24:Core/Src/gpio.c **** /* USER CODE BEGIN 0 */
  25:Core/Src/gpio.c **** 
  26:Core/Src/gpio.c **** /* USER CODE END 0 */
  27:Core/Src/gpio.c **** 
  28:Core/Src/gpio.c **** /*----------------------------------------------------------------------------*/
  29:Core/Src/gpio.c **** /* Configure GPIO                                                             */
  30:Core/Src/gpio.c **** /*----------------------------------------------------------------------------*/
  31:Core/Src/gpio.c **** /* USER CODE BEGIN 1 */
ARM GAS  D:\temp\TMP\cc5HdEH4.s 			page 2


  32:Core/Src/gpio.c **** 
  33:Core/Src/gpio.c **** /* USER CODE END 1 */
  34:Core/Src/gpio.c **** 
  35:Core/Src/gpio.c **** /** Configure pins as
  36:Core/Src/gpio.c ****         * Analog
  37:Core/Src/gpio.c ****         * Input
  38:Core/Src/gpio.c ****         * Output
  39:Core/Src/gpio.c ****         * EVENT_OUT
  40:Core/Src/gpio.c ****         * EXTI
  41:Core/Src/gpio.c **** */
  42:Core/Src/gpio.c **** void MX_GPIO_Init(void)
  43:Core/Src/gpio.c **** {
  28              		.loc 1 43 1 view -0
  29              		.cfi_startproc
  30              		@ args = 0, pretend = 0, frame = 48
  31              		@ frame_needed = 0, uses_anonymous_args = 0
  32 0000 30B5     		push	{r4, r5, lr}
  33              	.LCFI0:
  34              		.cfi_def_cfa_offset 12
  35              		.cfi_offset 4, -12
  36              		.cfi_offset 5, -8
  37              		.cfi_offset 14, -4
  38 0002 8DB0     		sub	sp, sp, #52
  39              	.LCFI1:
  40              		.cfi_def_cfa_offset 64
  44:Core/Src/gpio.c **** 
  45:Core/Src/gpio.c ****   GPIO_InitTypeDef GPIO_InitStruct = {0};
  41              		.loc 1 45 3 view .LVU1
  42              		.loc 1 45 20 is_stmt 0 view .LVU2
  43 0004 0024     		movs	r4, #0
  44 0006 0794     		str	r4, [sp, #28]
  45 0008 0894     		str	r4, [sp, #32]
  46 000a 0994     		str	r4, [sp, #36]
  47 000c 0A94     		str	r4, [sp, #40]
  48 000e 0B94     		str	r4, [sp, #44]
  46:Core/Src/gpio.c **** 
  47:Core/Src/gpio.c ****   /* GPIO Ports Clock Enable */
  48:Core/Src/gpio.c ****   __HAL_RCC_GPIOH_CLK_ENABLE();
  49              		.loc 1 48 3 is_stmt 1 view .LVU3
  50              	.LBB2:
  51              		.loc 1 48 3 view .LVU4
  52              		.loc 1 48 3 view .LVU5
  53 0010 334B     		ldr	r3, .L3
  54 0012 D3F8E020 		ldr	r2, [r3, #224]
  55 0016 42F08002 		orr	r2, r2, #128
  56 001a C3F8E020 		str	r2, [r3, #224]
  57              		.loc 1 48 3 view .LVU6
  58 001e D3F8E020 		ldr	r2, [r3, #224]
  59 0022 02F08002 		and	r2, r2, #128
  60 0026 0192     		str	r2, [sp, #4]
  61              		.loc 1 48 3 view .LVU7
  62 0028 019A     		ldr	r2, [sp, #4]
  63              	.LBE2:
  64              		.loc 1 48 3 view .LVU8
  49:Core/Src/gpio.c ****   __HAL_RCC_GPIOC_CLK_ENABLE();
  65              		.loc 1 49 3 view .LVU9
  66              	.LBB3:
ARM GAS  D:\temp\TMP\cc5HdEH4.s 			page 3


  67              		.loc 1 49 3 view .LVU10
  68              		.loc 1 49 3 view .LVU11
  69 002a D3F8E020 		ldr	r2, [r3, #224]
  70 002e 42F00402 		orr	r2, r2, #4
  71 0032 C3F8E020 		str	r2, [r3, #224]
  72              		.loc 1 49 3 view .LVU12
  73 0036 D3F8E020 		ldr	r2, [r3, #224]
  74 003a 02F00402 		and	r2, r2, #4
  75 003e 0292     		str	r2, [sp, #8]
  76              		.loc 1 49 3 view .LVU13
  77 0040 029A     		ldr	r2, [sp, #8]
  78              	.LBE3:
  79              		.loc 1 49 3 view .LVU14
  50:Core/Src/gpio.c ****   __HAL_RCC_GPIOB_CLK_ENABLE();
  80              		.loc 1 50 3 view .LVU15
  81              	.LBB4:
  82              		.loc 1 50 3 view .LVU16
  83              		.loc 1 50 3 view .LVU17
  84 0042 D3F8E020 		ldr	r2, [r3, #224]
  85 0046 42F00202 		orr	r2, r2, #2
  86 004a C3F8E020 		str	r2, [r3, #224]
  87              		.loc 1 50 3 view .LVU18
  88 004e D3F8E020 		ldr	r2, [r3, #224]
  89 0052 02F00202 		and	r2, r2, #2
  90 0056 0392     		str	r2, [sp, #12]
  91              		.loc 1 50 3 view .LVU19
  92 0058 039A     		ldr	r2, [sp, #12]
  93              	.LBE4:
  94              		.loc 1 50 3 view .LVU20
  51:Core/Src/gpio.c ****   __HAL_RCC_GPIOE_CLK_ENABLE();
  95              		.loc 1 51 3 view .LVU21
  96              	.LBB5:
  97              		.loc 1 51 3 view .LVU22
  98              		.loc 1 51 3 view .LVU23
  99 005a D3F8E020 		ldr	r2, [r3, #224]
 100 005e 42F01002 		orr	r2, r2, #16
 101 0062 C3F8E020 		str	r2, [r3, #224]
 102              		.loc 1 51 3 view .LVU24
 103 0066 D3F8E020 		ldr	r2, [r3, #224]
 104 006a 02F01002 		and	r2, r2, #16
 105 006e 0492     		str	r2, [sp, #16]
 106              		.loc 1 51 3 view .LVU25
 107 0070 049A     		ldr	r2, [sp, #16]
 108              	.LBE5:
 109              		.loc 1 51 3 view .LVU26
  52:Core/Src/gpio.c ****   __HAL_RCC_GPIOA_CLK_ENABLE();
 110              		.loc 1 52 3 view .LVU27
 111              	.LBB6:
 112              		.loc 1 52 3 view .LVU28
 113              		.loc 1 52 3 view .LVU29
 114 0072 D3F8E020 		ldr	r2, [r3, #224]
 115 0076 42F00102 		orr	r2, r2, #1
 116 007a C3F8E020 		str	r2, [r3, #224]
 117              		.loc 1 52 3 view .LVU30
 118 007e D3F8E020 		ldr	r2, [r3, #224]
 119 0082 02F00102 		and	r2, r2, #1
 120 0086 0592     		str	r2, [sp, #20]
ARM GAS  D:\temp\TMP\cc5HdEH4.s 			page 4


 121              		.loc 1 52 3 view .LVU31
 122 0088 059A     		ldr	r2, [sp, #20]
 123              	.LBE6:
 124              		.loc 1 52 3 view .LVU32
  53:Core/Src/gpio.c ****   __HAL_RCC_GPIOD_CLK_ENABLE();
 125              		.loc 1 53 3 view .LVU33
 126              	.LBB7:
 127              		.loc 1 53 3 view .LVU34
 128              		.loc 1 53 3 view .LVU35
 129 008a D3F8E020 		ldr	r2, [r3, #224]
 130 008e 42F00802 		orr	r2, r2, #8
 131 0092 C3F8E020 		str	r2, [r3, #224]
 132              		.loc 1 53 3 view .LVU36
 133 0096 D3F8E030 		ldr	r3, [r3, #224]
 134 009a 03F00803 		and	r3, r3, #8
 135 009e 0693     		str	r3, [sp, #24]
 136              		.loc 1 53 3 view .LVU37
 137 00a0 069B     		ldr	r3, [sp, #24]
 138              	.LBE7:
 139              		.loc 1 53 3 view .LVU38
  54:Core/Src/gpio.c **** 
  55:Core/Src/gpio.c ****   /*Configure GPIO pin Output Level */
  56:Core/Src/gpio.c ****   HAL_GPIO_WritePin(GPIOC, ACC_CS_Pin|GYRO_CS_Pin, GPIO_PIN_SET);
 140              		.loc 1 56 3 view .LVU39
 141 00a2 104D     		ldr	r5, .L3+4
 142 00a4 0122     		movs	r2, #1
 143 00a6 0921     		movs	r1, #9
 144 00a8 2846     		mov	r0, r5
 145 00aa FFF7FEFF 		bl	HAL_GPIO_WritePin
 146              	.LVL0:
  57:Core/Src/gpio.c **** 
  58:Core/Src/gpio.c ****   /*Configure GPIO pins : ACC_CS_Pin GYRO_CS_Pin */
  59:Core/Src/gpio.c ****   GPIO_InitStruct.Pin = ACC_CS_Pin|GYRO_CS_Pin;
 147              		.loc 1 59 3 view .LVU40
 148              		.loc 1 59 23 is_stmt 0 view .LVU41
 149 00ae 0923     		movs	r3, #9
 150 00b0 0793     		str	r3, [sp, #28]
  60:Core/Src/gpio.c ****   GPIO_InitStruct.Mode = GPIO_MODE_OUTPUT_PP;
 151              		.loc 1 60 3 is_stmt 1 view .LVU42
 152              		.loc 1 60 24 is_stmt 0 view .LVU43
 153 00b2 0123     		movs	r3, #1
 154 00b4 0893     		str	r3, [sp, #32]
  61:Core/Src/gpio.c ****   GPIO_InitStruct.Pull = GPIO_NOPULL;
 155              		.loc 1 61 3 is_stmt 1 view .LVU44
 156              		.loc 1 61 24 is_stmt 0 view .LVU45
 157 00b6 0994     		str	r4, [sp, #36]
  62:Core/Src/gpio.c ****   GPIO_InitStruct.Speed = GPIO_SPEED_FREQ_VERY_HIGH;
 158              		.loc 1 62 3 is_stmt 1 view .LVU46
 159              		.loc 1 62 25 is_stmt 0 view .LVU47
 160 00b8 0323     		movs	r3, #3
 161 00ba 0A93     		str	r3, [sp, #40]
  63:Core/Src/gpio.c ****   HAL_GPIO_Init(GPIOC, &GPIO_InitStruct);
 162              		.loc 1 63 3 is_stmt 1 view .LVU48
 163 00bc 07A9     		add	r1, sp, #28
 164 00be 2846     		mov	r0, r5
 165 00c0 FFF7FEFF 		bl	HAL_GPIO_Init
 166              	.LVL1:
ARM GAS  D:\temp\TMP\cc5HdEH4.s 			page 5


  64:Core/Src/gpio.c **** 
  65:Core/Src/gpio.c ****   /*Configure GPIO pins : ACC_INT_Pin GYRO_INT_Pin */
  66:Core/Src/gpio.c ****   GPIO_InitStruct.Pin = ACC_INT_Pin|GYRO_INT_Pin;
 167              		.loc 1 66 3 view .LVU49
 168              		.loc 1 66 23 is_stmt 0 view .LVU50
 169 00c4 4FF4A053 		mov	r3, #5120
 170 00c8 0793     		str	r3, [sp, #28]
  67:Core/Src/gpio.c ****   GPIO_InitStruct.Mode = GPIO_MODE_IT_RISING;
 171              		.loc 1 67 3 is_stmt 1 view .LVU51
 172              		.loc 1 67 24 is_stmt 0 view .LVU52
 173 00ca 4FF48813 		mov	r3, #1114112
 174 00ce 0893     		str	r3, [sp, #32]
  68:Core/Src/gpio.c ****   GPIO_InitStruct.Pull = GPIO_NOPULL;
 175              		.loc 1 68 3 is_stmt 1 view .LVU53
 176              		.loc 1 68 24 is_stmt 0 view .LVU54
 177 00d0 0994     		str	r4, [sp, #36]
  69:Core/Src/gpio.c ****   HAL_GPIO_Init(GPIOE, &GPIO_InitStruct);
 178              		.loc 1 69 3 is_stmt 1 view .LVU55
 179 00d2 07A9     		add	r1, sp, #28
 180 00d4 0448     		ldr	r0, .L3+8
 181 00d6 FFF7FEFF 		bl	HAL_GPIO_Init
 182              	.LVL2:
  70:Core/Src/gpio.c **** 
  71:Core/Src/gpio.c **** }
 183              		.loc 1 71 1 is_stmt 0 view .LVU56
 184 00da 0DB0     		add	sp, sp, #52
 185              	.LCFI2:
 186              		.cfi_def_cfa_offset 12
 187              		@ sp needed
 188 00dc 30BD     		pop	{r4, r5, pc}
 189              	.L4:
 190 00de 00BF     		.align	2
 191              	.L3:
 192 00e0 00440258 		.word	1476543488
 193 00e4 00080258 		.word	1476528128
 194 00e8 00100258 		.word	1476530176
 195              		.cfi_endproc
 196              	.LFE144:
 198              		.text
 199              	.Letext0:
 200              		.file 2 "d:\\vs_stm32\\gcc-arm-2021\\2021.10\\arm-none-eabi\\include\\machine\\_default_types.h"
 201              		.file 3 "d:\\vs_stm32\\gcc-arm-2021\\2021.10\\arm-none-eabi\\include\\sys\\_stdint.h"
 202              		.file 4 "Drivers/CMSIS/Device/ST/STM32H7xx/Include/stm32h723xx.h"
 203              		.file 5 "Drivers/STM32H7xx_HAL_Driver/Inc/stm32h7xx_hal_gpio.h"
ARM GAS  D:\temp\TMP\cc5HdEH4.s 			page 6


DEFINED SYMBOLS
                            *ABS*:00000000 gpio.c
D:\temp\TMP\cc5HdEH4.s:19     .text.MX_GPIO_Init:00000000 $t
D:\temp\TMP\cc5HdEH4.s:25     .text.MX_GPIO_Init:00000000 MX_GPIO_Init
D:\temp\TMP\cc5HdEH4.s:192    .text.MX_GPIO_Init:000000e0 $d

UNDEFINED SYMBOLS
HAL_GPIO_WritePin
HAL_GPIO_Init
