ARM GAS  D:\temp\TMP\ccY9VpT6.s 			page 1


   1              		.cpu cortex-m7
   2              		.arch armv7e-m
   3              		.fpu fpv5-d16
   4              		.eabi_attribute 28, 1
   5              		.eabi_attribute 20, 1
   6              		.eabi_attribute 21, 1
   7              		.eabi_attribute 23, 3
   8              		.eabi_attribute 24, 1
   9              		.eabi_attribute 25, 1
  10              		.eabi_attribute 26, 1
  11              		.eabi_attribute 30, 1
  12              		.eabi_attribute 34, 1
  13              		.eabi_attribute 18, 4
  14              		.file	"mahony_filter.c"
  15              		.text
  16              	.Ltext0:
  17              		.cfi_sections	.debug_frame
  18              		.file 1 "Robot/Algorithm/mahony/mahony_filter.c"
  19              		.section	.text.RotationMatrix_update,"ax",%progbits
  20              		.align	1
  21              		.global	RotationMatrix_update
  22              		.syntax unified
  23              		.thumb
  24              		.thumb_func
  26              	RotationMatrix_update:
  27              	.LVL0:
  28              	.LFB188:
   1:Robot/Algorithm/mahony/mahony_filter.c **** #include "mahony_filter.h"
   2:Robot/Algorithm/mahony/mahony_filter.c **** 
   3:Robot/Algorithm/mahony/mahony_filter.c **** /*************************************
   4:Robot/Algorithm/mahony/mahony_filter.c **** 完成时间：2023年09月02日 
   5:Robot/Algorithm/mahony/mahony_filter.c **** 功能介绍：实现mahony姿态角解算算法的模块封装
   6:Robot/Algorithm/mahony/mahony_filter.c **** 知乎账号：龙胆也
   7:Robot/Algorithm/mahony/mahony_filter.c **** B站账号：华南小虎队
   8:Robot/Algorithm/mahony/mahony_filter.c **** ***************************************/
   9:Robot/Algorithm/mahony/mahony_filter.c **** 
  10:Robot/Algorithm/mahony/mahony_filter.c **** struct MAHONY_FILTER_t mahony_filter;
  11:Robot/Algorithm/mahony/mahony_filter.c **** 
  12:Robot/Algorithm/mahony/mahony_filter.c **** /*计算旋转矩阵*///大地坐标系 R 转换到机体坐标系 b 的坐标转换矩阵
  13:Robot/Algorithm/mahony/mahony_filter.c **** void RotationMatrix_update(struct MAHONY_FILTER_t *mahony_filter)
  14:Robot/Algorithm/mahony/mahony_filter.c **** {
  29              		.loc 1 14 1 view -0
  30              		.cfi_startproc
  31              		@ args = 0, pretend = 0, frame = 0
  32              		@ frame_needed = 0, uses_anonymous_args = 0
  33              		@ link register save eliminated.
  15:Robot/Algorithm/mahony/mahony_filter.c ****     float q1q1 = mahony_filter->q1 * mahony_filter->q1;
  34              		.loc 1 15 5 view .LVU1
  35              		.loc 1 15 31 is_stmt 0 view .LVU2
  36 0000 D0ED0D7A 		vldr.32	s15, [r0, #52]
  37              		.loc 1 15 11 view .LVU3
  38 0004 27EEA74A 		vmul.f32	s8, s15, s15
  39              	.LVL1:
  16:Robot/Algorithm/mahony/mahony_filter.c ****     float q2q2 = mahony_filter->q2 * mahony_filter->q2;
  40              		.loc 1 16 5 is_stmt 1 view .LVU4
  41              		.loc 1 16 31 is_stmt 0 view .LVU5
  42 0008 D0ED0E6A 		vldr.32	s13, [r0, #56]
ARM GAS  D:\temp\TMP\ccY9VpT6.s 			page 2


  43              		.loc 1 16 11 view .LVU6
  44 000c 66EEA64A 		vmul.f32	s9, s13, s13
  45              	.LVL2:
  17:Robot/Algorithm/mahony/mahony_filter.c ****     float q3q3 = mahony_filter->q3 * mahony_filter->q3;
  46              		.loc 1 17 5 is_stmt 1 view .LVU7
  47              		.loc 1 17 31 is_stmt 0 view .LVU8
  48 0010 90ED0F6A 		vldr.32	s12, [r0, #60]
  49              		.loc 1 17 11 view .LVU9
  50 0014 26EE065A 		vmul.f32	s10, s12, s12
  51              	.LVL3:
  18:Robot/Algorithm/mahony/mahony_filter.c **** 
  19:Robot/Algorithm/mahony/mahony_filter.c ****     float q0q1 = mahony_filter->q0 * mahony_filter->q1;
  52              		.loc 1 19 5 is_stmt 1 view .LVU10
  53              		.loc 1 19 31 is_stmt 0 view .LVU11
  54 0018 90ED0C7A 		vldr.32	s14, [r0, #48]
  55              		.loc 1 19 11 view .LVU12
  56 001c 67EE875A 		vmul.f32	s11, s15, s14
  57              	.LVL4:
  20:Robot/Algorithm/mahony/mahony_filter.c ****     float q0q2 = mahony_filter->q0 * mahony_filter->q2;
  58              		.loc 1 20 5 is_stmt 1 view .LVU13
  59              		.loc 1 20 11 is_stmt 0 view .LVU14
  60 0020 26EE873A 		vmul.f32	s6, s13, s14
  61              	.LVL5:
  21:Robot/Algorithm/mahony/mahony_filter.c ****     float q0q3 = mahony_filter->q0 * mahony_filter->q3;
  62              		.loc 1 21 5 is_stmt 1 view .LVU15
  63              		.loc 1 21 11 is_stmt 0 view .LVU16
  64 0024 26EE077A 		vmul.f32	s14, s12, s14
  65              	.LVL6:
  22:Robot/Algorithm/mahony/mahony_filter.c ****     float q1q2 = mahony_filter->q1 * mahony_filter->q2;
  66              		.loc 1 22 5 is_stmt 1 view .LVU17
  67              		.loc 1 22 11 is_stmt 0 view .LVU18
  68 0028 67EEA62A 		vmul.f32	s5, s15, s13
  69              	.LVL7:
  23:Robot/Algorithm/mahony/mahony_filter.c ****     float q1q3 = mahony_filter->q1 * mahony_filter->q3;
  70              		.loc 1 23 5 is_stmt 1 view .LVU19
  71              		.loc 1 23 11 is_stmt 0 view .LVU20
  72 002c 67EE867A 		vmul.f32	s15, s15, s12
  73              	.LVL8:
  24:Robot/Algorithm/mahony/mahony_filter.c ****     float q2q3 = mahony_filter->q2 * mahony_filter->q3;
  74              		.loc 1 24 5 is_stmt 1 view .LVU21
  75              		.loc 1 24 11 is_stmt 0 view .LVU22
  76 0030 66EE866A 		vmul.f32	s13, s13, s12
  77              	.LVL9:
  25:Robot/Algorithm/mahony/mahony_filter.c **** 
  26:Robot/Algorithm/mahony/mahony_filter.c ****     mahony_filter->rMat[0][0] = 1.0f - 2.0f * q2q2 - 2.0f * q3q3;
  78              		.loc 1 26 5 is_stmt 1 view .LVU23
  79              		.loc 1 26 45 is_stmt 0 view .LVU24
  80 0034 74EEA44A 		vadd.f32	s9, s9, s9
  81              	.LVL10:
  82              		.loc 1 26 38 view .LVU25
  83 0038 B7EE006A 		vmov.f32	s12, #1.0e+0
  84 003c 76EE643A 		vsub.f32	s7, s12, s9
  85              		.loc 1 26 59 view .LVU26
  86 0040 35EE055A 		vadd.f32	s10, s10, s10
  87              	.LVL11:
  88              		.loc 1 26 52 view .LVU27
  89 0044 73EEC53A 		vsub.f32	s7, s7, s10
ARM GAS  D:\temp\TMP\ccY9VpT6.s 			page 3


  90              		.loc 1 26 31 view .LVU28
  91 0048 C0ED103A 		vstr.32	s7, [r0, #64]
  27:Robot/Algorithm/mahony/mahony_filter.c ****     mahony_filter->rMat[0][1] = 2.0f * (q1q2  -q0q3);
  92              		.loc 1 27 5 is_stmt 1 view .LVU29
  93              		.loc 1 27 47 is_stmt 0 view .LVU30
  94 004c 72EEC73A 		vsub.f32	s7, s5, s14
  95              		.loc 1 27 38 view .LVU31
  96 0050 73EEA33A 		vadd.f32	s7, s7, s7
  97              		.loc 1 27 31 view .LVU32
  98 0054 C0ED113A 		vstr.32	s7, [r0, #68]
  28:Robot/Algorithm/mahony/mahony_filter.c ****     mahony_filter->rMat[0][2] = 2.0f * (q1q3 +q0q2);
  99              		.loc 1 28 5 is_stmt 1 view .LVU33
 100              		.loc 1 28 46 is_stmt 0 view .LVU34
 101 0058 73EE273A 		vadd.f32	s7, s6, s15
 102              		.loc 1 28 38 view .LVU35
 103 005c 73EEA33A 		vadd.f32	s7, s7, s7
 104              		.loc 1 28 31 view .LVU36
 105 0060 C0ED123A 		vstr.32	s7, [r0, #72]
  29:Robot/Algorithm/mahony/mahony_filter.c **** 
  30:Robot/Algorithm/mahony/mahony_filter.c ****     mahony_filter->rMat[1][0] = 2.0f * (q1q2 +q0q3);
 106              		.loc 1 30 5 is_stmt 1 view .LVU37
 107              		.loc 1 30 46 is_stmt 0 view .LVU38
 108 0064 37EE227A 		vadd.f32	s14, s14, s5
 109              	.LVL12:
 110              		.loc 1 30 38 view .LVU39
 111 0068 37EE077A 		vadd.f32	s14, s14, s14
 112              		.loc 1 30 31 view .LVU40
 113 006c 80ED137A 		vstr.32	s14, [r0, #76]
  31:Robot/Algorithm/mahony/mahony_filter.c ****     mahony_filter->rMat[1][1] = 1.0f - 2.0f * q1q1 - 2.0f * q3q3;
 114              		.loc 1 31 5 is_stmt 1 view .LVU41
 115              		.loc 1 31 45 is_stmt 0 view .LVU42
 116 0070 34EE044A 		vadd.f32	s8, s8, s8
 117              	.LVL13:
 118              		.loc 1 31 38 view .LVU43
 119 0074 36EE447A 		vsub.f32	s14, s12, s8
 120              		.loc 1 31 52 view .LVU44
 121 0078 37EE455A 		vsub.f32	s10, s14, s10
 122              		.loc 1 31 31 view .LVU45
 123 007c 80ED145A 		vstr.32	s10, [r0, #80]
  32:Robot/Algorithm/mahony/mahony_filter.c ****     mahony_filter->rMat[1][2] = 2.0f * (q2q3  -q0q1);
 124              		.loc 1 32 5 is_stmt 1 view .LVU46
 125              		.loc 1 32 47 is_stmt 0 view .LVU47
 126 0080 36EEE56A 		vsub.f32	s12, s13, s11
 127              		.loc 1 32 38 view .LVU48
 128 0084 36EE066A 		vadd.f32	s12, s12, s12
 129              		.loc 1 32 31 view .LVU49
 130 0088 80ED156A 		vstr.32	s12, [r0, #84]
  33:Robot/Algorithm/mahony/mahony_filter.c **** 
  34:Robot/Algorithm/mahony/mahony_filter.c ****     mahony_filter->rMat[2][0] = 2.0f * (q1q3  -q0q2);
 131              		.loc 1 34 5 is_stmt 1 view .LVU50
 132              		.loc 1 34 47 is_stmt 0 view .LVU51
 133 008c 77EEC37A 		vsub.f32	s15, s15, s6
 134              	.LVL14:
 135              		.loc 1 34 38 view .LVU52
 136 0090 77EEA77A 		vadd.f32	s15, s15, s15
 137              		.loc 1 34 31 view .LVU53
 138 0094 C0ED167A 		vstr.32	s15, [r0, #88]
ARM GAS  D:\temp\TMP\ccY9VpT6.s 			page 4


  35:Robot/Algorithm/mahony/mahony_filter.c ****     mahony_filter->rMat[2][1] = 2.0f * (q2q3  +q0q1);
 139              		.loc 1 35 5 is_stmt 1 view .LVU54
 140              		.loc 1 35 47 is_stmt 0 view .LVU55
 141 0098 75EEA67A 		vadd.f32	s15, s11, s13
 142              		.loc 1 35 38 view .LVU56
 143 009c 77EEA77A 		vadd.f32	s15, s15, s15
 144              		.loc 1 35 31 view .LVU57
 145 00a0 C0ED177A 		vstr.32	s15, [r0, #92]
  36:Robot/Algorithm/mahony/mahony_filter.c ****     mahony_filter->rMat[2][2] = 1.0f - 2.0f * q1q1 - 2.0f * q2q2;
 146              		.loc 1 36 5 is_stmt 1 view .LVU58
 147              		.loc 1 36 52 is_stmt 0 view .LVU59
 148 00a4 37EE647A 		vsub.f32	s14, s14, s9
 149              		.loc 1 36 31 view .LVU60
 150 00a8 80ED187A 		vstr.32	s14, [r0, #96]
  37:Robot/Algorithm/mahony/mahony_filter.c **** }
 151              		.loc 1 37 1 view .LVU61
 152 00ac 7047     		bx	lr
 153              		.cfi_endproc
 154              	.LFE188:
 156              		.section	.text.mahony_input,"ax",%progbits
 157              		.align	1
 158              		.global	mahony_input
 159              		.syntax unified
 160              		.thumb
 161              		.thumb_func
 163              	mahony_input:
 164              	.LVL15:
 165              	.LFB189:
  38:Robot/Algorithm/mahony/mahony_filter.c **** 
  39:Robot/Algorithm/mahony/mahony_filter.c **** // 将陀螺仪和加速度计的输入值赋予滤波器结构体
  40:Robot/Algorithm/mahony/mahony_filter.c **** void mahony_input(struct MAHONY_FILTER_t *mahony_filter,Axis3f gyro,Axis3f acc)
  41:Robot/Algorithm/mahony/mahony_filter.c **** {
 166              		.loc 1 41 1 is_stmt 1 view -0
 167              		.cfi_startproc
 168              		@ args = 0, pretend = 0, frame = 24
 169              		@ frame_needed = 0, uses_anonymous_args = 0
 170              		@ link register save eliminated.
 171              		.loc 1 41 1 is_stmt 0 view .LVU63
 172 0000 86B0     		sub	sp, sp, #24
 173              	.LCFI0:
 174              		.cfi_def_cfa_offset 24
 175 0002 0346     		mov	r3, r0
 176 0004 8DED030A 		vstr.32	s0, [sp, #12]
 177 0008 CDED040A 		vstr.32	s1, [sp, #16]
 178 000c 8DED051A 		vstr.32	s2, [sp, #20]
 179 0010 CDED001A 		vstr.32	s3, [sp]
 180 0014 8DED012A 		vstr.32	s4, [sp, #4]
 181 0018 CDED022A 		vstr.32	s5, [sp, #8]
  42:Robot/Algorithm/mahony/mahony_filter.c ****     mahony_filter->gyro = gyro;
 182              		.loc 1 42 5 is_stmt 1 view .LVU64
 183              		.loc 1 42 25 is_stmt 0 view .LVU65
 184 001c 00F10C0C 		add	ip, r0, #12
 185 0020 06AA     		add	r2, sp, #24
 186 0022 12E90700 		ldmdb	r2, {r0, r1, r2}
 187              	.LVL16:
 188              		.loc 1 42 25 view .LVU66
 189 0026 8CE80700 		stm	ip, {r0, r1, r2}
ARM GAS  D:\temp\TMP\ccY9VpT6.s 			page 5


  43:Robot/Algorithm/mahony/mahony_filter.c ****     mahony_filter->acc = acc;
 190              		.loc 1 43 5 is_stmt 1 view .LVU67
 191              		.loc 1 43 24 is_stmt 0 view .LVU68
 192 002a 1833     		adds	r3, r3, #24
 193              	.LVL17:
 194              		.loc 1 43 24 view .LVU69
 195 002c 9DE80700 		ldm	sp, {r0, r1, r2}
 196 0030 83E80700 		stm	r3, {r0, r1, r2}
  44:Robot/Algorithm/mahony/mahony_filter.c **** }
 197              		.loc 1 44 1 view .LVU70
 198 0034 06B0     		add	sp, sp, #24
 199              	.LCFI1:
 200              		.cfi_def_cfa_offset 0
 201              		@ sp needed
 202 0036 7047     		bx	lr
 203              		.cfi_endproc
 204              	.LFE189:
 206              		.section	.text.mahony_update,"ax",%progbits
 207              		.align	1
 208              		.global	mahony_update
 209              		.syntax unified
 210              		.thumb
 211              		.thumb_func
 213              	mahony_update:
 214              	.LVL18:
 215              	.LFB190:
  45:Robot/Algorithm/mahony/mahony_filter.c **** 
  46:Robot/Algorithm/mahony/mahony_filter.c **** // 使用Mahony算法更新滤波器状态
  47:Robot/Algorithm/mahony/mahony_filter.c **** void mahony_update(struct MAHONY_FILTER_t *mahony_filter)
  48:Robot/Algorithm/mahony/mahony_filter.c **** {
 216              		.loc 1 48 1 is_stmt 1 view -0
 217              		.cfi_startproc
 218              		@ args = 0, pretend = 0, frame = 0
 219              		@ frame_needed = 0, uses_anonymous_args = 0
 220              		.loc 1 48 1 is_stmt 0 view .LVU72
 221 0000 10B5     		push	{r4, lr}
 222              	.LCFI2:
 223              		.cfi_def_cfa_offset 8
 224              		.cfi_offset 4, -8
 225              		.cfi_offset 14, -4
 226 0002 2DED048B 		vpush.64	{d8, d9}
 227              	.LCFI3:
 228              		.cfi_def_cfa_offset 24
 229              		.cfi_offset 80, -24
 230              		.cfi_offset 81, -20
 231              		.cfi_offset 82, -16
 232              		.cfi_offset 83, -12
 233 0006 0446     		mov	r4, r0
  49:Robot/Algorithm/mahony/mahony_filter.c ****     float normalise;
 234              		.loc 1 49 5 is_stmt 1 view .LVU73
  50:Robot/Algorithm/mahony/mahony_filter.c ****     float ex,ey,ez;
 235              		.loc 1 50 5 view .LVU74
  51:Robot/Algorithm/mahony/mahony_filter.c ****     
  52:Robot/Algorithm/mahony/mahony_filter.c ****     /*角速度，度转弧度*/
  53:Robot/Algorithm/mahony/mahony_filter.c **** //    mahony_filter->gyro.x *= DEG2RAD;        /* 度转弧度 */
  54:Robot/Algorithm/mahony/mahony_filter.c **** //    mahony_filter->gyro.y *= DEG2RAD;
  55:Robot/Algorithm/mahony/mahony_filter.c **** //    mahony_filter->gyro.z *= DEG2RAD;;
ARM GAS  D:\temp\TMP\ccY9VpT6.s 			page 6


  56:Robot/Algorithm/mahony/mahony_filter.c ****        
  57:Robot/Algorithm/mahony/mahony_filter.c ****     /*单位化加速计测量值*/
  58:Robot/Algorithm/mahony/mahony_filter.c ****     normalise =sqrt(mahony_filter->acc.x * mahony_filter->acc.x 
 236              		.loc 1 58 5 view .LVU75
 237              		.loc 1 58 39 is_stmt 0 view .LVU76
 238 0008 90ED069A 		vldr.32	s18, [r0, #24]
 239              		.loc 1 58 42 view .LVU77
 240 000c 29EE090A 		vmul.f32	s0, s18, s18
  59:Robot/Algorithm/mahony/mahony_filter.c **** 										+mahony_filter->acc.y * mahony_filter->acc.y 
 241              		.loc 1 59 30 view .LVU78
 242 0010 D0ED078A 		vldr.32	s17, [r0, #28]
 243              		.loc 1 59 33 view .LVU79
 244 0014 68EEA87A 		vmul.f32	s15, s17, s17
 245              		.loc 1 59 11 view .LVU80
 246 0018 30EE270A 		vadd.f32	s0, s0, s15
  60:Robot/Algorithm/mahony/mahony_filter.c **** 										+mahony_filter->acc.z * mahony_filter->acc.z);
 247              		.loc 1 60 30 view .LVU81
 248 001c 90ED088A 		vldr.32	s16, [r0, #32]
 249              		.loc 1 60 33 view .LVU82
 250 0020 68EE087A 		vmul.f32	s15, s16, s16
 251              		.loc 1 60 11 view .LVU83
 252 0024 30EE270A 		vadd.f32	s0, s0, s15
  58:Robot/Algorithm/mahony/mahony_filter.c **** 										+mahony_filter->acc.y * mahony_filter->acc.y 
 253              		.loc 1 58 16 view .LVU84
 254 0028 B7EEC00A 		vcvt.f64.f32	d0, s0
 255 002c FFF7FEFF 		bl	sqrt
 256              	.LVL19:
  58:Robot/Algorithm/mahony/mahony_filter.c **** 										+mahony_filter->acc.y * mahony_filter->acc.y 
 257              		.loc 1 58 15 discriminator 1 view .LVU85
 258 0030 B7EEC00B 		vcvt.f32.f64	s0, d0
 259              	.LVL20:
  61:Robot/Algorithm/mahony/mahony_filter.c **** 	
  62:Robot/Algorithm/mahony/mahony_filter.c ****     mahony_filter->acc.x =mahony_filter->acc.x/ normalise;
 260              		.loc 1 62 5 is_stmt 1 view .LVU86
 261              		.loc 1 62 47 is_stmt 0 view .LVU87
 262 0034 89EE007A 		vdiv.f32	s14, s18, s0
 263              		.loc 1 62 26 view .LVU88
 264 0038 84ED067A 		vstr.32	s14, [r4, #24]
  63:Robot/Algorithm/mahony/mahony_filter.c **** 	  mahony_filter->acc.y =mahony_filter->acc.y/normalise;   
 265              		.loc 1 63 4 is_stmt 1 view .LVU89
 266              		.loc 1 63 46 is_stmt 0 view .LVU90
 267 003c C8EE806A 		vdiv.f32	s13, s17, s0
 268              		.loc 1 63 25 view .LVU91
 269 0040 C4ED076A 		vstr.32	s13, [r4, #28]
  64:Robot/Algorithm/mahony/mahony_filter.c ****     mahony_filter->acc.z =mahony_filter->acc.z/normalise;
 270              		.loc 1 64 5 is_stmt 1 view .LVU92
 271              		.loc 1 64 47 is_stmt 0 view .LVU93
 272 0044 C8EE007A 		vdiv.f32	s15, s16, s0
 273              		.loc 1 64 26 view .LVU94
 274 0048 C4ED087A 		vstr.32	s15, [r4, #32]
  65:Robot/Algorithm/mahony/mahony_filter.c **** 
  66:Robot/Algorithm/mahony/mahony_filter.c ****     /*加速计读取的方向与重力加速计方向的差值，用向量叉乘计算*/
  67:Robot/Algorithm/mahony/mahony_filter.c **** 	//vx=mahony_filter->rMat[2][0]=2.0f * (q1q3 + -q0q2)
  68:Robot/Algorithm/mahony/mahony_filter.c **** 	//vy=mahony_filter->rMat[2][1]=2.0f * (q2q3 - -q0q1)
  69:Robot/Algorithm/mahony/mahony_filter.c **** 	//vz=mahony_filter->rMat[2][2]=1.0f - 2.0f * q1q1 - 2.0f * q2q2
  70:Robot/Algorithm/mahony/mahony_filter.c ****     ex = (mahony_filter->acc.y * mahony_filter->rMat[2][2] - mahony_filter->acc.z * mahony_filter->
 275              		.loc 1 70 5 is_stmt 1 view .LVU95
ARM GAS  D:\temp\TMP\ccY9VpT6.s 			page 7


 276              		.loc 1 70 56 is_stmt 0 view .LVU96
 277 004c 94ED186A 		vldr.32	s12, [r4, #96]
 278              		.loc 1 70 32 view .LVU97
 279 0050 26EE864A 		vmul.f32	s8, s13, s12
 280              		.loc 1 70 107 view .LVU98
 281 0054 94ED175A 		vldr.32	s10, [r4, #92]
 282              		.loc 1 70 83 view .LVU99
 283 0058 67EE855A 		vmul.f32	s11, s15, s10
 284              		.loc 1 70 8 view .LVU100
 285 005c 34EE654A 		vsub.f32	s8, s8, s11
 286              	.LVL21:
  71:Robot/Algorithm/mahony/mahony_filter.c ****     ey = (mahony_filter->acc.z * mahony_filter->rMat[2][0] - mahony_filter->acc.x * mahony_filter->
 287              		.loc 1 71 5 is_stmt 1 view .LVU101
 288              		.loc 1 71 56 is_stmt 0 view .LVU102
 289 0060 D4ED165A 		vldr.32	s11, [r4, #88]
 290              		.loc 1 71 32 view .LVU103
 291 0064 67EEA57A 		vmul.f32	s15, s15, s11
 292              		.loc 1 71 83 view .LVU104
 293 0068 27EE066A 		vmul.f32	s12, s14, s12
 294              		.loc 1 71 8 view .LVU105
 295 006c 77EEC67A 		vsub.f32	s15, s15, s12
 296              	.LVL22:
  72:Robot/Algorithm/mahony/mahony_filter.c ****     ez = (mahony_filter->acc.x * mahony_filter->rMat[2][1] - mahony_filter->acc.y * mahony_filter->
 297              		.loc 1 72 5 is_stmt 1 view .LVU106
 298              		.loc 1 72 32 is_stmt 0 view .LVU107
 299 0070 27EE057A 		vmul.f32	s14, s14, s10
 300              		.loc 1 72 83 view .LVU108
 301 0074 66EEA56A 		vmul.f32	s13, s13, s11
 302              		.loc 1 72 8 view .LVU109
 303 0078 37EE666A 		vsub.f32	s12, s14, s13
 304              	.LVL23:
  73:Robot/Algorithm/mahony/mahony_filter.c ****     
  74:Robot/Algorithm/mahony/mahony_filter.c ****     /*误差累计，与积分常数相乘*/
  75:Robot/Algorithm/mahony/mahony_filter.c ****     mahony_filter->exInt += mahony_filter->Ki * ex * mahony_filter->dt ;  
 305              		.loc 1 75 5 is_stmt 1 view .LVU110
 306              		.loc 1 75 18 is_stmt 0 view .LVU111
 307 007c D4ED094A 		vldr.32	s9, [r4, #36]
 308              		.loc 1 75 42 view .LVU112
 309 0080 D4ED016A 		vldr.32	s13, [r4, #4]
 310              		.loc 1 75 47 view .LVU113
 311 0084 66EE845A 		vmul.f32	s11, s13, s8
 312              		.loc 1 75 67 view .LVU114
 313 0088 94ED027A 		vldr.32	s14, [r4, #8]
 314              		.loc 1 75 52 view .LVU115
 315 008c 65EE875A 		vmul.f32	s11, s11, s14
 316              		.loc 1 75 26 view .LVU116
 317 0090 74EEA54A 		vadd.f32	s9, s9, s11
 318 0094 C4ED094A 		vstr.32	s9, [r4, #36]
  76:Robot/Algorithm/mahony/mahony_filter.c ****     mahony_filter->eyInt += mahony_filter->Ki * ey * mahony_filter->dt ;
 319              		.loc 1 76 5 is_stmt 1 view .LVU117
 320              		.loc 1 76 18 is_stmt 0 view .LVU118
 321 0098 94ED0A5A 		vldr.32	s10, [r4, #40]
 322              		.loc 1 76 47 view .LVU119
 323 009c 66EEA75A 		vmul.f32	s11, s13, s15
 324              		.loc 1 76 52 view .LVU120
 325 00a0 67EE255A 		vmul.f32	s11, s14, s11
 326              		.loc 1 76 26 view .LVU121
ARM GAS  D:\temp\TMP\ccY9VpT6.s 			page 8


 327 00a4 35EE255A 		vadd.f32	s10, s10, s11
 328 00a8 84ED0A5A 		vstr.32	s10, [r4, #40]
  77:Robot/Algorithm/mahony/mahony_filter.c ****     mahony_filter->ezInt += mahony_filter->Ki * ez * mahony_filter->dt ;
 329              		.loc 1 77 5 is_stmt 1 view .LVU122
 330              		.loc 1 77 18 is_stmt 0 view .LVU123
 331 00ac D4ED0B5A 		vldr.32	s11, [r4, #44]
 332              		.loc 1 77 47 view .LVU124
 333 00b0 66EE866A 		vmul.f32	s13, s13, s12
 334              		.loc 1 77 52 view .LVU125
 335 00b4 67EE266A 		vmul.f32	s13, s14, s13
 336              		.loc 1 77 26 view .LVU126
 337 00b8 75EEA65A 		vadd.f32	s11, s11, s13
 338 00bc C4ED0B5A 		vstr.32	s11, [r4, #44]
  78:Robot/Algorithm/mahony/mahony_filter.c ****     
  79:Robot/Algorithm/mahony/mahony_filter.c ****     /*用叉积误差来做PI修正陀螺零偏，即抵消陀螺读数中的偏移量*/
  80:Robot/Algorithm/mahony/mahony_filter.c ****     mahony_filter->gyro.x += mahony_filter->Kp * ex + mahony_filter->exInt;
 339              		.loc 1 80 5 is_stmt 1 view .LVU127
 340              		.loc 1 80 24 is_stmt 0 view .LVU128
 341 00c0 D4ED036A 		vldr.32	s13, [r4, #12]
 342              		.loc 1 80 43 view .LVU129
 343 00c4 D4ED003A 		vldr.32	s7, [r4]
 344              		.loc 1 80 48 view .LVU130
 345 00c8 23EE844A 		vmul.f32	s8, s7, s8
 346              	.LVL24:
 347              		.loc 1 80 53 view .LVU131
 348 00cc 74EE844A 		vadd.f32	s9, s9, s8
 349              		.loc 1 80 27 view .LVU132
 350 00d0 76EEA46A 		vadd.f32	s13, s13, s9
 351 00d4 C4ED036A 		vstr.32	s13, [r4, #12]
  81:Robot/Algorithm/mahony/mahony_filter.c ****     mahony_filter->gyro.y += mahony_filter->Kp * ey + mahony_filter->eyInt;
 352              		.loc 1 81 5 is_stmt 1 view .LVU133
 353              		.loc 1 81 24 is_stmt 0 view .LVU134
 354 00d8 D4ED044A 		vldr.32	s9, [r4, #16]
 355              		.loc 1 81 48 view .LVU135
 356 00dc 63EEA77A 		vmul.f32	s15, s7, s15
 357              	.LVL25:
 358              		.loc 1 81 53 view .LVU136
 359 00e0 35EE275A 		vadd.f32	s10, s10, s15
 360              		.loc 1 81 27 view .LVU137
 361 00e4 74EE854A 		vadd.f32	s9, s9, s10
 362 00e8 C4ED044A 		vstr.32	s9, [r4, #16]
  82:Robot/Algorithm/mahony/mahony_filter.c ****     mahony_filter->gyro.z += mahony_filter->Kp * ez + mahony_filter->ezInt;
 363              		.loc 1 82 5 is_stmt 1 view .LVU138
 364              		.loc 1 82 24 is_stmt 0 view .LVU139
 365 00ec D4ED057A 		vldr.32	s15, [r4, #20]
 366              		.loc 1 82 48 view .LVU140
 367 00f0 63EE863A 		vmul.f32	s7, s7, s12
 368              		.loc 1 82 53 view .LVU141
 369 00f4 75EEA35A 		vadd.f32	s11, s11, s7
 370              		.loc 1 82 27 view .LVU142
 371 00f8 77EEA57A 		vadd.f32	s15, s15, s11
 372 00fc C4ED057A 		vstr.32	s15, [r4, #20]
  83:Robot/Algorithm/mahony/mahony_filter.c ****     
  84:Robot/Algorithm/mahony/mahony_filter.c ****     /* 一阶近似算法，四元数运动学方程的离散化形式和积分 */
  85:Robot/Algorithm/mahony/mahony_filter.c ****     float q0Last = mahony_filter->q0;
 373              		.loc 1 85 5 is_stmt 1 view .LVU143
 374              		.loc 1 85 11 is_stmt 0 view .LVU144
ARM GAS  D:\temp\TMP\ccY9VpT6.s 			page 9


 375 0100 94ED0C5A 		vldr.32	s10, [r4, #48]
 376              	.LVL26:
  86:Robot/Algorithm/mahony/mahony_filter.c ****     float q1Last = mahony_filter->q1;
 377              		.loc 1 86 5 is_stmt 1 view .LVU145
 378              		.loc 1 86 11 is_stmt 0 view .LVU146
 379 0104 D4ED0D5A 		vldr.32	s11, [r4, #52]
 380              	.LVL27:
  87:Robot/Algorithm/mahony/mahony_filter.c ****     float q2Last = mahony_filter->q2;
 381              		.loc 1 87 5 is_stmt 1 view .LVU147
 382              		.loc 1 87 11 is_stmt 0 view .LVU148
 383 0108 94ED0E6A 		vldr.32	s12, [r4, #56]
 384              	.LVL28:
  88:Robot/Algorithm/mahony/mahony_filter.c ****     float q3Last = mahony_filter->q3;
 385              		.loc 1 88 5 is_stmt 1 view .LVU149
 386              		.loc 1 88 11 is_stmt 0 view .LVU150
 387 010c 94ED0F4A 		vldr.32	s8, [r4, #60]
 388              	.LVL29:
  89:Robot/Algorithm/mahony/mahony_filter.c ****     float halfT = mahony_filter->dt * 0.5f;
 389              		.loc 1 89 5 is_stmt 1 view .LVU151
 390              		.loc 1 89 11 is_stmt 0 view .LVU152
 391 0110 F6EE003A 		vmov.f32	s7, #5.0e-1
 392 0114 27EE237A 		vmul.f32	s14, s14, s7
 393              	.LVL30:
  90:Robot/Algorithm/mahony/mahony_filter.c ****     mahony_filter->q0 += (-q1Last * mahony_filter->gyro.x - q2Last * mahony_filter->gyro.y - q3Last
 394              		.loc 1 90 5 is_stmt 1 view .LVU153
 395              		.loc 1 90 35 is_stmt 0 view .LVU154
 396 0118 65EEE69A 		vnmul.f32	s19, s11, s13
 397              		.loc 1 90 68 view .LVU155
 398 011c 64EE863A 		vmul.f32	s7, s9, s12
 399              		.loc 1 90 59 view .LVU156
 400 0120 79EEE39A 		vsub.f32	s19, s19, s7
 401              		.loc 1 90 101 view .LVU157
 402 0124 67EE843A 		vmul.f32	s7, s15, s8
 403              		.loc 1 90 92 view .LVU158
 404 0128 79EEE39A 		vsub.f32	s19, s19, s7
 405              		.loc 1 90 126 view .LVU159
 406 012c 69EE879A 		vmul.f32	s19, s19, s14
 407              		.loc 1 90 23 view .LVU160
 408 0130 79EE859A 		vadd.f32	s19, s19, s10
 409 0134 C4ED0C9A 		vstr.32	s19, [r4, #48]
  91:Robot/Algorithm/mahony/mahony_filter.c ****     mahony_filter->q1 += ( q0Last * mahony_filter->gyro.x + q2Last * mahony_filter->gyro.z - q3Last
 410              		.loc 1 91 5 is_stmt 1 view .LVU161
 411              		.loc 1 91 35 is_stmt 0 view .LVU162
 412 0138 26EE859A 		vmul.f32	s18, s13, s10
 413              		.loc 1 91 68 view .LVU163
 414 013c 67EE863A 		vmul.f32	s7, s15, s12
 415              		.loc 1 91 59 view .LVU164
 416 0140 39EE239A 		vadd.f32	s18, s18, s7
 417              		.loc 1 91 101 view .LVU165
 418 0144 64EE843A 		vmul.f32	s7, s9, s8
 419              		.loc 1 91 92 view .LVU166
 420 0148 39EE639A 		vsub.f32	s18, s18, s7
 421              		.loc 1 91 126 view .LVU167
 422 014c 29EE079A 		vmul.f32	s18, s18, s14
 423              		.loc 1 91 23 view .LVU168
 424 0150 39EE259A 		vadd.f32	s18, s18, s11
 425 0154 84ED0D9A 		vstr.32	s18, [r4, #52]
ARM GAS  D:\temp\TMP\ccY9VpT6.s 			page 10


  92:Robot/Algorithm/mahony/mahony_filter.c ****     mahony_filter->q2 += ( q0Last * mahony_filter->gyro.y - q1Last * mahony_filter->gyro.z + q3Last
 426              		.loc 1 92 5 is_stmt 1 view .LVU169
 427              		.loc 1 92 35 is_stmt 0 view .LVU170
 428 0158 64EE858A 		vmul.f32	s17, s9, s10
 429              		.loc 1 92 68 view .LVU171
 430 015c 67EEA53A 		vmul.f32	s7, s15, s11
 431              		.loc 1 92 59 view .LVU172
 432 0160 78EEE38A 		vsub.f32	s17, s17, s7
 433              		.loc 1 92 101 view .LVU173
 434 0164 66EE843A 		vmul.f32	s7, s13, s8
 435              		.loc 1 92 92 view .LVU174
 436 0168 78EEA38A 		vadd.f32	s17, s17, s7
 437              		.loc 1 92 126 view .LVU175
 438 016c 68EE878A 		vmul.f32	s17, s17, s14
 439              		.loc 1 92 23 view .LVU176
 440 0170 78EE868A 		vadd.f32	s17, s17, s12
 441 0174 C4ED0E8A 		vstr.32	s17, [r4, #56]
  93:Robot/Algorithm/mahony/mahony_filter.c ****     mahony_filter->q3 += ( q0Last * mahony_filter->gyro.z + q1Last * mahony_filter->gyro.y - q2Last
 442              		.loc 1 93 5 is_stmt 1 view .LVU177
 443              		.loc 1 93 35 is_stmt 0 view .LVU178
 444 0178 27EE858A 		vmul.f32	s16, s15, s10
 445              		.loc 1 93 68 view .LVU179
 446 017c 64EEA57A 		vmul.f32	s15, s9, s11
 447              		.loc 1 93 59 view .LVU180
 448 0180 38EE278A 		vadd.f32	s16, s16, s15
 449              		.loc 1 93 101 view .LVU181
 450 0184 66EE866A 		vmul.f32	s13, s13, s12
 451              		.loc 1 93 92 view .LVU182
 452 0188 38EE668A 		vsub.f32	s16, s16, s13
 453              		.loc 1 93 126 view .LVU183
 454 018c 28EE078A 		vmul.f32	s16, s16, s14
 455              		.loc 1 93 23 view .LVU184
 456 0190 38EE048A 		vadd.f32	s16, s16, s8
 457 0194 84ED0F8A 		vstr.32	s16, [r4, #60]
  94:Robot/Algorithm/mahony/mahony_filter.c ****     
  95:Robot/Algorithm/mahony/mahony_filter.c ****     /*单位化四元数*/
  96:Robot/Algorithm/mahony/mahony_filter.c ****     normalise = sqrt(mahony_filter->q0 * mahony_filter->q0 
 458              		.loc 1 96 5 is_stmt 1 view .LVU185
 459              		.loc 1 96 40 is_stmt 0 view .LVU186
 460 0198 29EEA90A 		vmul.f32	s0, s19, s19
 461              	.LVL31:
  97:Robot/Algorithm/mahony/mahony_filter.c **** 										+mahony_filter->q1 * mahony_filter->q1 
 462              		.loc 1 97 30 view .LVU187
 463 019c 69EE097A 		vmul.f32	s15, s18, s18
 464              		.loc 1 97 11 view .LVU188
 465 01a0 30EE270A 		vadd.f32	s0, s0, s15
  98:Robot/Algorithm/mahony/mahony_filter.c **** 										+mahony_filter->q2 * mahony_filter->q2 
 466              		.loc 1 98 30 view .LVU189
 467 01a4 68EEA87A 		vmul.f32	s15, s17, s17
 468              		.loc 1 98 11 view .LVU190
 469 01a8 30EE270A 		vadd.f32	s0, s0, s15
  99:Robot/Algorithm/mahony/mahony_filter.c **** 										+mahony_filter->q3 * mahony_filter->q3);
 470              		.loc 1 99 30 view .LVU191
 471 01ac 68EE087A 		vmul.f32	s15, s16, s16
 472              		.loc 1 99 11 view .LVU192
 473 01b0 30EE270A 		vadd.f32	s0, s0, s15
  96:Robot/Algorithm/mahony/mahony_filter.c **** 										+mahony_filter->q1 * mahony_filter->q1 
ARM GAS  D:\temp\TMP\ccY9VpT6.s 			page 11


 474              		.loc 1 96 17 view .LVU193
 475 01b4 B7EEC00A 		vcvt.f64.f32	d0, s0
 476 01b8 FFF7FEFF 		bl	sqrt
 477              	.LVL32:
  96:Robot/Algorithm/mahony/mahony_filter.c **** 										+mahony_filter->q1 * mahony_filter->q1 
 478              		.loc 1 96 15 discriminator 1 view .LVU194
 479 01bc B7EEC00B 		vcvt.f32.f64	s0, d0
 480              	.LVL33:
 100:Robot/Algorithm/mahony/mahony_filter.c **** 												
 101:Robot/Algorithm/mahony/mahony_filter.c ****     mahony_filter->q0 = mahony_filter->q0/normalise;
 481              		.loc 1 101 5 is_stmt 1 view .LVU195
 482              		.loc 1 101 42 is_stmt 0 view .LVU196
 483 01c0 C9EE807A 		vdiv.f32	s15, s19, s0
 484              		.loc 1 101 23 view .LVU197
 485 01c4 C4ED0C7A 		vstr.32	s15, [r4, #48]
 102:Robot/Algorithm/mahony/mahony_filter.c ****     mahony_filter->q1 = mahony_filter->q1/normalise;
 486              		.loc 1 102 5 is_stmt 1 view .LVU198
 487              		.loc 1 102 42 is_stmt 0 view .LVU199
 488 01c8 C9EE007A 		vdiv.f32	s15, s18, s0
 489              		.loc 1 102 23 view .LVU200
 490 01cc C4ED0D7A 		vstr.32	s15, [r4, #52]
 103:Robot/Algorithm/mahony/mahony_filter.c ****     mahony_filter->q2 = mahony_filter->q2/normalise;
 491              		.loc 1 103 5 is_stmt 1 view .LVU201
 492              		.loc 1 103 42 is_stmt 0 view .LVU202
 493 01d0 C8EE807A 		vdiv.f32	s15, s17, s0
 494              		.loc 1 103 23 view .LVU203
 495 01d4 C4ED0E7A 		vstr.32	s15, [r4, #56]
 104:Robot/Algorithm/mahony/mahony_filter.c ****     mahony_filter->q3 = mahony_filter->q3/normalise;
 496              		.loc 1 104 5 is_stmt 1 view .LVU204
 497              		.loc 1 104 42 is_stmt 0 view .LVU205
 498 01d8 C8EE007A 		vdiv.f32	s15, s16, s0
 499              		.loc 1 104 23 view .LVU206
 500 01dc C4ED0F7A 		vstr.32	s15, [r4, #60]
 105:Robot/Algorithm/mahony/mahony_filter.c ****     
 106:Robot/Algorithm/mahony/mahony_filter.c ****     /*计算旋转矩阵*/
 107:Robot/Algorithm/mahony/mahony_filter.c ****     mahony_filter->RotationMatrix_update(mahony_filter);
 501              		.loc 1 107 5 is_stmt 1 view .LVU207
 502              		.loc 1 107 18 is_stmt 0 view .LVU208
 503 01e0 D4F88030 		ldr	r3, [r4, #128]
 504              		.loc 1 107 5 view .LVU209
 505 01e4 2046     		mov	r0, r4
 506 01e6 9847     		blx	r3
 507              	.LVL34:
 108:Robot/Algorithm/mahony/mahony_filter.c **** }
 508              		.loc 1 108 1 view .LVU210
 509 01e8 BDEC048B 		vldm	sp!, {d8-d9}
 510              	.LCFI4:
 511              		.cfi_restore 82
 512              		.cfi_restore 83
 513              		.cfi_restore 80
 514              		.cfi_restore 81
 515              		.cfi_def_cfa_offset 8
 516 01ec 10BD     		pop	{r4, pc}
 517              		.loc 1 108 1 view .LVU211
 518              		.cfi_endproc
 519              	.LFE190:
 521              		.section	.text.mahony_output,"ax",%progbits
ARM GAS  D:\temp\TMP\ccY9VpT6.s 			page 12


 522              		.align	1
 523              		.global	mahony_output
 524              		.syntax unified
 525              		.thumb
 526              		.thumb_func
 528              	mahony_output:
 529              	.LVL35:
 530              	.LFB191:
 109:Robot/Algorithm/mahony/mahony_filter.c **** 
 110:Robot/Algorithm/mahony/mahony_filter.c **** // 从旋转矩阵中提取姿态角
 111:Robot/Algorithm/mahony/mahony_filter.c **** void mahony_output(struct MAHONY_FILTER_t *mahony_filter)
 112:Robot/Algorithm/mahony/mahony_filter.c **** {
 531              		.loc 1 112 1 is_stmt 1 view -0
 532              		.cfi_startproc
 533              		@ args = 0, pretend = 0, frame = 0
 534              		@ frame_needed = 0, uses_anonymous_args = 0
 535              		.loc 1 112 1 is_stmt 0 view .LVU213
 536 0000 10B5     		push	{r4, lr}
 537              	.LCFI5:
 538              		.cfi_def_cfa_offset 8
 539              		.cfi_offset 4, -8
 540              		.cfi_offset 14, -4
 541 0002 0446     		mov	r4, r0
 113:Robot/Algorithm/mahony/mahony_filter.c ****     /*计算roll pitch yaw 欧拉角*/
 114:Robot/Algorithm/mahony/mahony_filter.c ****     mahony_filter->pitch = -asinf(mahony_filter->rMat[2][0]); 
 542              		.loc 1 114 5 is_stmt 1 view .LVU214
 543              		.loc 1 114 29 is_stmt 0 view .LVU215
 544 0004 90ED160A 		vldr.32	s0, [r0, #88]
 545 0008 FFF7FEFF 		bl	asinf
 546              	.LVL36:
 547              		.loc 1 114 28 discriminator 1 view .LVU216
 548 000c B1EE400A 		vneg.f32	s0, s0
 549              		.loc 1 114 26 discriminator 1 view .LVU217
 550 0010 84ED190A 		vstr.32	s0, [r4, #100]
 115:Robot/Algorithm/mahony/mahony_filter.c ****     mahony_filter->roll = atan2f(mahony_filter->rMat[2][1], mahony_filter->rMat[2][2]) ;
 551              		.loc 1 115 5 is_stmt 1 view .LVU218
 552              		.loc 1 115 27 is_stmt 0 view .LVU219
 553 0014 D4ED180A 		vldr.32	s1, [r4, #96]
 554 0018 94ED170A 		vldr.32	s0, [r4, #92]
 555 001c FFF7FEFF 		bl	atan2f
 556              	.LVL37:
 557              		.loc 1 115 25 discriminator 1 view .LVU220
 558 0020 84ED1A0A 		vstr.32	s0, [r4, #104]
 116:Robot/Algorithm/mahony/mahony_filter.c ****     mahony_filter->yaw = atan2f(mahony_filter->rMat[1][0], mahony_filter->rMat[0][0]) ;
 559              		.loc 1 116 5 is_stmt 1 view .LVU221
 560              		.loc 1 116 26 is_stmt 0 view .LVU222
 561 0024 D4ED100A 		vldr.32	s1, [r4, #64]
 562 0028 94ED130A 		vldr.32	s0, [r4, #76]
 563 002c FFF7FEFF 		bl	atan2f
 564              	.LVL38:
 565              		.loc 1 116 24 discriminator 1 view .LVU223
 566 0030 84ED1B0A 		vstr.32	s0, [r4, #108]
 117:Robot/Algorithm/mahony/mahony_filter.c **** }
 567              		.loc 1 117 1 view .LVU224
 568 0034 10BD     		pop	{r4, pc}
 569              		.loc 1 117 1 view .LVU225
 570              		.cfi_endproc
ARM GAS  D:\temp\TMP\ccY9VpT6.s 			page 13


 571              	.LFE191:
 573              		.section	.text.mahony_init,"ax",%progbits
 574              		.align	1
 575              		.global	mahony_init
 576              		.syntax unified
 577              		.thumb
 578              		.thumb_func
 580              	mahony_init:
 581              	.LVL39:
 582              	.LFB192:
 118:Robot/Algorithm/mahony/mahony_filter.c **** 
 119:Robot/Algorithm/mahony/mahony_filter.c **** // 初始化Mahony滤波器的参数和函数指针
 120:Robot/Algorithm/mahony/mahony_filter.c **** void mahony_init(struct MAHONY_FILTER_t *mahony_filter,float Kp,float Ki,float dt)
 121:Robot/Algorithm/mahony/mahony_filter.c **** {
 583              		.loc 1 121 1 is_stmt 1 view -0
 584              		.cfi_startproc
 585              		@ args = 0, pretend = 0, frame = 0
 586              		@ frame_needed = 0, uses_anonymous_args = 0
 587              		@ link register save eliminated.
 122:Robot/Algorithm/mahony/mahony_filter.c ****     mahony_filter->Kp = Kp;
 588              		.loc 1 122 5 view .LVU227
 589              		.loc 1 122 23 is_stmt 0 view .LVU228
 590 0000 80ED000A 		vstr.32	s0, [r0]
 123:Robot/Algorithm/mahony/mahony_filter.c ****     mahony_filter->Ki = Ki;
 591              		.loc 1 123 5 is_stmt 1 view .LVU229
 592              		.loc 1 123 23 is_stmt 0 view .LVU230
 593 0004 C0ED010A 		vstr.32	s1, [r0, #4]
 124:Robot/Algorithm/mahony/mahony_filter.c ****     mahony_filter->dt = dt;
 594              		.loc 1 124 5 is_stmt 1 view .LVU231
 595              		.loc 1 124 23 is_stmt 0 view .LVU232
 596 0008 80ED021A 		vstr.32	s2, [r0, #8]
 125:Robot/Algorithm/mahony/mahony_filter.c ****     mahony_filter->q0 = 1;
 597              		.loc 1 125 5 is_stmt 1 view .LVU233
 598              		.loc 1 125 23 is_stmt 0 view .LVU234
 599 000c 4FF07E53 		mov	r3, #1065353216
 600 0010 0363     		str	r3, [r0, #48]	@ float
 126:Robot/Algorithm/mahony/mahony_filter.c ****     mahony_filter->mahony_input = mahony_input;
 601              		.loc 1 126 5 is_stmt 1 view .LVU235
 602              		.loc 1 126 33 is_stmt 0 view .LVU236
 603 0012 054B     		ldr	r3, .L9
 604 0014 4367     		str	r3, [r0, #116]
 127:Robot/Algorithm/mahony/mahony_filter.c ****     mahony_filter->mahony_update = mahony_update;
 605              		.loc 1 127 5 is_stmt 1 view .LVU237
 606              		.loc 1 127 34 is_stmt 0 view .LVU238
 607 0016 054B     		ldr	r3, .L9+4
 608 0018 8367     		str	r3, [r0, #120]
 128:Robot/Algorithm/mahony/mahony_filter.c ****     mahony_filter->mahony_output = mahony_output;    
 609              		.loc 1 128 5 is_stmt 1 view .LVU239
 610              		.loc 1 128 34 is_stmt 0 view .LVU240
 611 001a 054B     		ldr	r3, .L9+8
 612 001c C367     		str	r3, [r0, #124]
 129:Robot/Algorithm/mahony/mahony_filter.c ****     mahony_filter->RotationMatrix_update = RotationMatrix_update;
 613              		.loc 1 129 5 is_stmt 1 view .LVU241
 614              		.loc 1 129 42 is_stmt 0 view .LVU242
 615 001e 054B     		ldr	r3, .L9+12
 616 0020 C0F88030 		str	r3, [r0, #128]
 130:Robot/Algorithm/mahony/mahony_filter.c **** }
ARM GAS  D:\temp\TMP\ccY9VpT6.s 			page 14


 617              		.loc 1 130 1 view .LVU243
 618 0024 7047     		bx	lr
 619              	.L10:
 620 0026 00BF     		.align	2
 621              	.L9:
 622 0028 00000000 		.word	mahony_input
 623 002c 00000000 		.word	mahony_update
 624 0030 00000000 		.word	mahony_output
 625 0034 00000000 		.word	RotationMatrix_update
 626              		.cfi_endproc
 627              	.LFE192:
 629              		.global	mahony_filter
 630              		.section	.bss.mahony_filter,"aw",%nobits
 631              		.align	2
 634              	mahony_filter:
 635 0000 00000000 		.space	132
 635      00000000 
 635      00000000 
 635      00000000 
 635      00000000 
 636              		.text
 637              	.Letext0:
 638              		.file 2 "Robot/Algorithm/mahony/mahony_filter.h"
 639              		.file 3 "D:/VS_STM32/gcc-arm-15.2/arm-none-eabi/include/math.h"
ARM GAS  D:\temp\TMP\ccY9VpT6.s 			page 15


DEFINED SYMBOLS
                            *ABS*:00000000 mahony_filter.c
D:\temp\TMP\ccY9VpT6.s:20     .text.RotationMatrix_update:00000000 $t
D:\temp\TMP\ccY9VpT6.s:26     .text.RotationMatrix_update:00000000 RotationMatrix_update
D:\temp\TMP\ccY9VpT6.s:157    .text.mahony_input:00000000 $t
D:\temp\TMP\ccY9VpT6.s:163    .text.mahony_input:00000000 mahony_input
D:\temp\TMP\ccY9VpT6.s:207    .text.mahony_update:00000000 $t
D:\temp\TMP\ccY9VpT6.s:213    .text.mahony_update:00000000 mahony_update
D:\temp\TMP\ccY9VpT6.s:522    .text.mahony_output:00000000 $t
D:\temp\TMP\ccY9VpT6.s:528    .text.mahony_output:00000000 mahony_output
D:\temp\TMP\ccY9VpT6.s:574    .text.mahony_init:00000000 $t
D:\temp\TMP\ccY9VpT6.s:580    .text.mahony_init:00000000 mahony_init
D:\temp\TMP\ccY9VpT6.s:622    .text.mahony_init:00000028 $d
D:\temp\TMP\ccY9VpT6.s:634    .bss.mahony_filter:00000000 mahony_filter
D:\temp\TMP\ccY9VpT6.s:631    .bss.mahony_filter:00000000 $d

UNDEFINED SYMBOLS
sqrt
asinf
atan2f
