ARM GAS  D:\temp\TMP\ccXM7cBs.s 			page 1


   1              		.cpu cortex-m7
   2              		.arch armv7e-m
   3              		.fpu fpv5-d16
   4              		.eabi_attribute 28, 1
   5              		.eabi_attribute 20, 1
   6              		.eabi_attribute 21, 1
   7              		.eabi_attribute 23, 3
   8              		.eabi_attribute 24, 1
   9              		.eabi_attribute 25, 1
  10              		.eabi_attribute 26, 1
  11              		.eabi_attribute 30, 1
  12              		.eabi_attribute 34, 1
  13              		.eabi_attribute 18, 4
  14              		.file	"pid.c"
  15              		.text
  16              	.Ltext0:
  17              		.cfi_sections	.debug_frame
  18              		.file 1 "Robot/Controller/pid.c"
  19              		.section	.text.PID_init,"ax",%progbits
  20              		.align	1
  21              		.global	PID_init
  22              		.syntax unified
  23              		.thumb
  24              		.thumb_func
  26              	PID_init:
  27              	.LVL0:
  28              	.LFB0:
   1:Robot/Controller/pid.c **** #include "pid.h"
   2:Robot/Controller/pid.c **** 
   3:Robot/Controller/pid.c **** #define LimitMax(input, max)   \
   4:Robot/Controller/pid.c ****     {                          \
   5:Robot/Controller/pid.c ****         if (input > max)       \
   6:Robot/Controller/pid.c ****         {                      \
   7:Robot/Controller/pid.c ****             input = max;       \
   8:Robot/Controller/pid.c ****         }                      \
   9:Robot/Controller/pid.c ****         else if (input < -max) \
  10:Robot/Controller/pid.c ****         {                      \
  11:Robot/Controller/pid.c ****             input = -max;      \
  12:Robot/Controller/pid.c ****         }                      \
  13:Robot/Controller/pid.c ****     }
  14:Robot/Controller/pid.c **** 
  15:Robot/Controller/pid.c **** void PID_init(PidTypeDef *pid, uint8_t mode, const float PID[3], float max_out, float max_iout)
  16:Robot/Controller/pid.c **** {
  29              		.loc 1 16 1 view -0
  30              		.cfi_startproc
  31              		@ args = 0, pretend = 0, frame = 0
  32              		@ frame_needed = 0, uses_anonymous_args = 0
  33              		@ link register save eliminated.
  17:Robot/Controller/pid.c ****     if (pid == NULL || PID == NULL)
  34              		.loc 1 17 5 view .LVU1
  35              		.loc 1 17 28 is_stmt 0 view .LVU2
  36 0000 9446     		mov	ip, r2
  37              		.loc 1 17 8 view .LVU3
  38 0002 002A     		cmp	r2, #0
  39 0004 18BF     		it	ne
  40 0006 0028     		cmpne	r0, #0
  41 0008 17D0     		beq	.L1
ARM GAS  D:\temp\TMP\ccXM7cBs.s 			page 2


  18:Robot/Controller/pid.c ****     {
  19:Robot/Controller/pid.c ****         return;
  20:Robot/Controller/pid.c ****     }
  21:Robot/Controller/pid.c ****     pid->mode = mode;
  42              		.loc 1 21 5 is_stmt 1 view .LVU4
  43              		.loc 1 21 15 is_stmt 0 view .LVU5
  44 000a 0170     		strb	r1, [r0]
  22:Robot/Controller/pid.c ****     pid->Kp = PID[0];
  45              		.loc 1 22 5 is_stmt 1 view .LVU6
  46              		.loc 1 22 18 is_stmt 0 view .LVU7
  47 000c 1268     		ldr	r2, [r2]	@ float
  48              	.LVL1:
  49              		.loc 1 22 13 view .LVU8
  50 000e 4260     		str	r2, [r0, #4]	@ float
  23:Robot/Controller/pid.c ****     pid->Ki = PID[1];
  51              		.loc 1 23 5 is_stmt 1 view .LVU9
  52              		.loc 1 23 18 is_stmt 0 view .LVU10
  53 0010 DCF80420 		ldr	r2, [ip, #4]	@ float
  54              		.loc 1 23 13 view .LVU11
  55 0014 8260     		str	r2, [r0, #8]	@ float
  24:Robot/Controller/pid.c ****     pid->Kd = PID[2];
  56              		.loc 1 24 5 is_stmt 1 view .LVU12
  57              		.loc 1 24 18 is_stmt 0 view .LVU13
  58 0016 DCF80820 		ldr	r2, [ip, #8]	@ float
  59              		.loc 1 24 13 view .LVU14
  60 001a C260     		str	r2, [r0, #12]	@ float
  25:Robot/Controller/pid.c ****     pid->max_out = max_out;
  61              		.loc 1 25 5 is_stmt 1 view .LVU15
  62              		.loc 1 25 18 is_stmt 0 view .LVU16
  63 001c 80ED040A 		vstr.32	s0, [r0, #16]
  26:Robot/Controller/pid.c ****     pid->max_iout = max_iout;
  64              		.loc 1 26 5 is_stmt 1 view .LVU17
  65              		.loc 1 26 19 is_stmt 0 view .LVU18
  66 0020 C0ED050A 		vstr.32	s1, [r0, #20]
  27:Robot/Controller/pid.c ****     pid->Dbuf[0] = pid->Dbuf[1] = pid->Dbuf[2] = 0.0f;
  67              		.loc 1 27 5 is_stmt 1 view .LVU19
  68              		.loc 1 27 48 is_stmt 0 view .LVU20
  69 0024 0022     		movs	r2, #0
  70 0026 8263     		str	r2, [r0, #56]	@ float
  71              		.loc 1 27 33 view .LVU21
  72 0028 4263     		str	r2, [r0, #52]	@ float
  73              		.loc 1 27 18 view .LVU22
  74 002a 0263     		str	r2, [r0, #48]	@ float
  28:Robot/Controller/pid.c ****     pid->error[0] = pid->error[1] = pid->error[2] = pid->Pout = pid->Iout = pid->Dout = pid->out = 
  75              		.loc 1 28 5 is_stmt 1 view .LVU23
  76              		.loc 1 28 98 is_stmt 0 view .LVU24
  77 002c 0262     		str	r2, [r0, #32]	@ float
  78              		.loc 1 28 87 view .LVU25
  79 002e C262     		str	r2, [r0, #44]	@ float
  80              		.loc 1 28 75 view .LVU26
  81 0030 8262     		str	r2, [r0, #40]	@ float
  82              		.loc 1 28 63 view .LVU27
  83 0032 4262     		str	r2, [r0, #36]	@ float
  84              		.loc 1 28 51 view .LVU28
  85 0034 4264     		str	r2, [r0, #68]	@ float
  86              		.loc 1 28 35 view .LVU29
  87 0036 0264     		str	r2, [r0, #64]	@ float
ARM GAS  D:\temp\TMP\ccXM7cBs.s 			page 3


  88              		.loc 1 28 19 view .LVU30
  89 0038 C263     		str	r2, [r0, #60]	@ float
  90              	.L1:
  29:Robot/Controller/pid.c **** }
  91              		.loc 1 29 1 view .LVU31
  92 003a 7047     		bx	lr
  93              		.cfi_endproc
  94              	.LFE0:
  96              		.section	.text.PID_Calc,"ax",%progbits
  97              		.align	1
  98              		.global	PID_Calc
  99              		.syntax unified
 100              		.thumb
 101              		.thumb_func
 103              	PID_Calc:
 104              	.LVL2:
 105              	.LFB1:
  30:Robot/Controller/pid.c **** 
  31:Robot/Controller/pid.c **** float PID_Calc(PidTypeDef *pid, float ref, float set)
  32:Robot/Controller/pid.c **** {
 106              		.loc 1 32 1 is_stmt 1 view -0
 107              		.cfi_startproc
 108              		@ args = 0, pretend = 0, frame = 0
 109              		@ frame_needed = 0, uses_anonymous_args = 0
 110              		@ link register save eliminated.
  33:Robot/Controller/pid.c ****     if (pid == NULL)
 111              		.loc 1 33 5 view .LVU33
 112              		.loc 1 33 8 is_stmt 0 view .LVU34
 113 0000 0346     		mov	r3, r0
 114 0002 0028     		cmp	r0, #0
 115 0004 00F0A380 		beq	.L17
  34:Robot/Controller/pid.c ****     {
  35:Robot/Controller/pid.c ****         return 0.0f;
  36:Robot/Controller/pid.c ****     }
  37:Robot/Controller/pid.c **** 
  38:Robot/Controller/pid.c ****     pid->error[2] = pid->error[1];
 116              		.loc 1 38 5 is_stmt 1 view .LVU35
 117              		.loc 1 38 31 is_stmt 0 view .LVU36
 118 0008 D0ED107A 		vldr.32	s15, [r0, #64]
 119              		.loc 1 38 19 view .LVU37
 120 000c C0ED117A 		vstr.32	s15, [r0, #68]
  39:Robot/Controller/pid.c ****     pid->error[1] = pid->error[0];
 121              		.loc 1 39 5 is_stmt 1 view .LVU38
 122              		.loc 1 39 31 is_stmt 0 view .LVU39
 123 0010 90ED0F7A 		vldr.32	s14, [r0, #60]
 124              		.loc 1 39 19 view .LVU40
 125 0014 80ED107A 		vstr.32	s14, [r0, #64]
  40:Robot/Controller/pid.c ****     pid->set = set;
 126              		.loc 1 40 5 is_stmt 1 view .LVU41
 127              		.loc 1 40 14 is_stmt 0 view .LVU42
 128 0018 C0ED060A 		vstr.32	s1, [r0, #24]
  41:Robot/Controller/pid.c ****     pid->fdb = ref;
 129              		.loc 1 41 5 is_stmt 1 view .LVU43
 130              		.loc 1 41 14 is_stmt 0 view .LVU44
 131 001c 80ED070A 		vstr.32	s0, [r0, #28]
  42:Robot/Controller/pid.c ****     pid->error[0] = set - ref;
 132              		.loc 1 42 5 is_stmt 1 view .LVU45
ARM GAS  D:\temp\TMP\ccXM7cBs.s 			page 4


 133              		.loc 1 42 25 is_stmt 0 view .LVU46
 134 0020 70EEC00A 		vsub.f32	s1, s1, s0
 135              	.LVL3:
 136              		.loc 1 42 19 view .LVU47
 137 0024 C0ED0F0A 		vstr.32	s1, [r0, #60]
  43:Robot/Controller/pid.c ****     if (pid->mode == PID_POSITION)
 138              		.loc 1 43 5 is_stmt 1 view .LVU48
 139              		.loc 1 43 12 is_stmt 0 view .LVU49
 140 0028 0278     		ldrb	r2, [r0]	@ zero_extendqisi2
 141              		.loc 1 43 8 view .LVU50
 142 002a 002A     		cmp	r2, #0
 143 002c 4CD1     		bne	.L5
  44:Robot/Controller/pid.c ****     {
  45:Robot/Controller/pid.c ****         pid->Pout = pid->Kp * pid->error[0];
 144              		.loc 1 45 9 is_stmt 1 view .LVU51
 145              		.loc 1 45 24 is_stmt 0 view .LVU52
 146 002e D0ED017A 		vldr.32	s15, [r0, #4]
 147              		.loc 1 45 29 view .LVU53
 148 0032 60EEA77A 		vmul.f32	s15, s1, s15
 149              		.loc 1 45 19 view .LVU54
 150 0036 C0ED097A 		vstr.32	s15, [r0, #36]
  46:Robot/Controller/pid.c ****         pid->Iout += pid->Ki * pid->error[0];
 151              		.loc 1 46 9 is_stmt 1 view .LVU55
 152              		.loc 1 46 12 is_stmt 0 view .LVU56
 153 003a D0ED0A6A 		vldr.32	s13, [r0, #40]
 154              		.loc 1 46 25 view .LVU57
 155 003e 90ED026A 		vldr.32	s12, [r0, #8]
 156              		.loc 1 46 30 view .LVU58
 157 0042 20EE866A 		vmul.f32	s12, s1, s12
 158              		.loc 1 46 19 view .LVU59
 159 0046 76EE866A 		vadd.f32	s13, s13, s12
 160 004a C0ED0A6A 		vstr.32	s13, [r0, #40]
  47:Robot/Controller/pid.c ****         pid->Dbuf[2] = pid->Dbuf[1];
 161              		.loc 1 47 9 is_stmt 1 view .LVU60
 162              		.loc 1 47 33 is_stmt 0 view .LVU61
 163 004e 426B     		ldr	r2, [r0, #52]	@ float
 164              		.loc 1 47 22 view .LVU62
 165 0050 8263     		str	r2, [r0, #56]	@ float
  48:Robot/Controller/pid.c ****         pid->Dbuf[1] = pid->Dbuf[0];
 166              		.loc 1 48 9 is_stmt 1 view .LVU63
 167              		.loc 1 48 33 is_stmt 0 view .LVU64
 168 0052 026B     		ldr	r2, [r0, #48]	@ float
 169              		.loc 1 48 22 view .LVU65
 170 0054 4263     		str	r2, [r0, #52]	@ float
  49:Robot/Controller/pid.c ****         pid->Dbuf[0] = (pid->error[0] - pid->error[1]);
 171              		.loc 1 49 9 is_stmt 1 view .LVU66
 172              		.loc 1 49 39 is_stmt 0 view .LVU67
 173 0056 70EEC70A 		vsub.f32	s1, s1, s14
 174              		.loc 1 49 22 view .LVU68
 175 005a C0ED0C0A 		vstr.32	s1, [r0, #48]
  50:Robot/Controller/pid.c ****         pid->Dout = pid->Kd * pid->Dbuf[0];
 176              		.loc 1 50 9 is_stmt 1 view .LVU69
 177              		.loc 1 50 24 is_stmt 0 view .LVU70
 178 005e 90ED037A 		vldr.32	s14, [r0, #12]
 179              		.loc 1 50 29 view .LVU71
 180 0062 60EE870A 		vmul.f32	s1, s1, s14
 181              		.loc 1 50 19 view .LVU72
ARM GAS  D:\temp\TMP\ccXM7cBs.s 			page 5


 182 0066 C0ED0B0A 		vstr.32	s1, [r0, #44]
  51:Robot/Controller/pid.c ****         LimitMax(pid->Iout, pid->max_iout);
 183              		.loc 1 51 9 is_stmt 1 view .LVU73
 184 006a 90ED057A 		vldr.32	s14, [r0, #20]
 185 006e F4EEC76A 		vcmpe.f32	s13, s14
 186 0072 F1EE10FA 		vmrs	APSR_nzcv, FPSCR
 187 0076 13DD     		ble	.L24
 188              		.loc 1 51 9 discriminator 1 view .LVU74
 189 0078 80ED0A7A 		vstr.32	s14, [r0, #40]
 190              	.L8:
 191              		.loc 1 51 43 view .LVU75
  52:Robot/Controller/pid.c ****         pid->out = pid->Pout + pid->Iout + pid->Dout;
 192              		.loc 1 52 9 view .LVU76
 193              		.loc 1 52 35 is_stmt 0 view .LVU77
 194 007c 93ED0A7A 		vldr.32	s14, [r3, #40]
 195              		.loc 1 52 30 view .LVU78
 196 0080 77EE877A 		vadd.f32	s15, s15, s14
 197              		.loc 1 52 42 view .LVU79
 198 0084 70EEA70A 		vadd.f32	s1, s1, s15
 199              		.loc 1 52 18 view .LVU80
 200 0088 C3ED080A 		vstr.32	s1, [r3, #32]
  53:Robot/Controller/pid.c ****         LimitMax(pid->out, pid->max_out);
 201              		.loc 1 53 9 is_stmt 1 view .LVU81
 202 008c D3ED047A 		vldr.32	s15, [r3, #16]
 203 0090 F4EEE70A 		vcmpe.f32	s1, s15
 204 0094 F1EE10FA 		vmrs	APSR_nzcv, FPSCR
 205 0098 0CDD     		ble	.L25
 206              		.loc 1 53 9 discriminator 1 view .LVU82
 207 009a C3ED087A 		vstr.32	s15, [r3, #32]
 208 009e 15E0     		b	.L12
 209              	.L24:
  51:Robot/Controller/pid.c ****         LimitMax(pid->Iout, pid->max_iout);
 210              		.loc 1 51 9 discriminator 2 view .LVU83
 211 00a0 B1EE477A 		vneg.f32	s14, s14
 212 00a4 F4EEC76A 		vcmpe.f32	s13, s14
 213 00a8 F1EE10FA 		vmrs	APSR_nzcv, FPSCR
 214 00ac E6D5     		bpl	.L8
  51:Robot/Controller/pid.c ****         LimitMax(pid->Iout, pid->max_iout);
 215              		.loc 1 51 9 discriminator 3 view .LVU84
 216 00ae 80ED0A7A 		vstr.32	s14, [r0, #40]
 217 00b2 E3E7     		b	.L8
 218              	.L25:
 219              		.loc 1 53 9 discriminator 2 view .LVU85
 220 00b4 F1EE677A 		vneg.f32	s15, s15
 221 00b8 F4EEE70A 		vcmpe.f32	s1, s15
 222 00bc F1EE10FA 		vmrs	APSR_nzcv, FPSCR
 223 00c0 04D5     		bpl	.L12
 224              		.loc 1 53 9 discriminator 3 view .LVU86
 225 00c2 C3ED087A 		vstr.32	s15, [r3, #32]
 226 00c6 01E0     		b	.L12
 227              	.L5:
  54:Robot/Controller/pid.c ****     }
  55:Robot/Controller/pid.c ****     else if (pid->mode == PID_DELTA)
 228              		.loc 1 55 10 view .LVU87
 229              		.loc 1 55 13 is_stmt 0 view .LVU88
 230 00c8 012A     		cmp	r2, #1
 231 00ca 02D0     		beq	.L27
ARM GAS  D:\temp\TMP\ccXM7cBs.s 			page 6


 232              	.L12:
  56:Robot/Controller/pid.c ****     {
  57:Robot/Controller/pid.c ****         pid->Pout = pid->Kp * (pid->error[0] - pid->error[1]);
  58:Robot/Controller/pid.c ****         pid->Iout = pid->Ki * pid->error[0];
  59:Robot/Controller/pid.c ****         pid->Dbuf[2] = pid->Dbuf[1];
  60:Robot/Controller/pid.c ****         pid->Dbuf[1] = pid->Dbuf[0];
  61:Robot/Controller/pid.c ****         pid->Dbuf[0] = (pid->error[0] - 2.0f * pid->error[1] + pid->error[2]);
  62:Robot/Controller/pid.c ****         pid->Dout = pid->Kd * pid->Dbuf[0];
  63:Robot/Controller/pid.c ****         pid->out += pid->Pout + pid->Iout + pid->Dout;
  64:Robot/Controller/pid.c ****         LimitMax(pid->out, pid->max_out);
 233              		.loc 1 64 41 is_stmt 1 view .LVU89
  65:Robot/Controller/pid.c ****     }
  66:Robot/Controller/pid.c ****     return pid->out;
 234              		.loc 1 66 5 view .LVU90
 235              		.loc 1 66 15 is_stmt 0 view .LVU91
 236 00cc 93ED080A 		vldr.32	s0, [r3, #32]
 237              	.LVL4:
 238              		.loc 1 66 15 view .LVU92
 239 00d0 7047     		bx	lr
 240              	.LVL5:
 241              	.L27:
  57:Robot/Controller/pid.c ****         pid->Iout = pid->Ki * pid->error[0];
 242              		.loc 1 57 9 is_stmt 1 view .LVU93
  57:Robot/Controller/pid.c ****         pid->Iout = pid->Ki * pid->error[0];
 243              		.loc 1 57 24 is_stmt 0 view .LVU94
 244 00d2 D0ED016A 		vldr.32	s13, [r0, #4]
  57:Robot/Controller/pid.c ****         pid->Iout = pid->Ki * pid->error[0];
 245              		.loc 1 57 46 view .LVU95
 246 00d6 30EEC76A 		vsub.f32	s12, s1, s14
  57:Robot/Controller/pid.c ****         pid->Iout = pid->Ki * pid->error[0];
 247              		.loc 1 57 29 view .LVU96
 248 00da 66EE866A 		vmul.f32	s13, s13, s12
  57:Robot/Controller/pid.c ****         pid->Iout = pid->Ki * pid->error[0];
 249              		.loc 1 57 19 view .LVU97
 250 00de C0ED096A 		vstr.32	s13, [r0, #36]
  58:Robot/Controller/pid.c ****         pid->Dbuf[2] = pid->Dbuf[1];
 251              		.loc 1 58 9 is_stmt 1 view .LVU98
  58:Robot/Controller/pid.c ****         pid->Dbuf[2] = pid->Dbuf[1];
 252              		.loc 1 58 24 is_stmt 0 view .LVU99
 253 00e2 90ED026A 		vldr.32	s12, [r0, #8]
  58:Robot/Controller/pid.c ****         pid->Dbuf[2] = pid->Dbuf[1];
 254              		.loc 1 58 29 view .LVU100
 255 00e6 20EE866A 		vmul.f32	s12, s1, s12
  58:Robot/Controller/pid.c ****         pid->Dbuf[2] = pid->Dbuf[1];
 256              		.loc 1 58 19 view .LVU101
 257 00ea 80ED0A6A 		vstr.32	s12, [r0, #40]
  59:Robot/Controller/pid.c ****         pid->Dbuf[1] = pid->Dbuf[0];
 258              		.loc 1 59 9 is_stmt 1 view .LVU102
  59:Robot/Controller/pid.c ****         pid->Dbuf[1] = pid->Dbuf[0];
 259              		.loc 1 59 33 is_stmt 0 view .LVU103
 260 00ee 426B     		ldr	r2, [r0, #52]	@ float
  59:Robot/Controller/pid.c ****         pid->Dbuf[1] = pid->Dbuf[0];
 261              		.loc 1 59 22 view .LVU104
 262 00f0 8263     		str	r2, [r0, #56]	@ float
  60:Robot/Controller/pid.c ****         pid->Dbuf[0] = (pid->error[0] - 2.0f * pid->error[1] + pid->error[2]);
 263              		.loc 1 60 9 is_stmt 1 view .LVU105
  60:Robot/Controller/pid.c ****         pid->Dbuf[0] = (pid->error[0] - 2.0f * pid->error[1] + pid->error[2]);
ARM GAS  D:\temp\TMP\ccXM7cBs.s 			page 7


 264              		.loc 1 60 33 is_stmt 0 view .LVU106
 265 00f2 026B     		ldr	r2, [r0, #48]	@ float
  60:Robot/Controller/pid.c ****         pid->Dbuf[0] = (pid->error[0] - 2.0f * pid->error[1] + pid->error[2]);
 266              		.loc 1 60 22 view .LVU107
 267 00f4 4263     		str	r2, [r0, #52]	@ float
  61:Robot/Controller/pid.c ****         pid->Dout = pid->Kd * pid->Dbuf[0];
 268              		.loc 1 61 9 is_stmt 1 view .LVU108
  61:Robot/Controller/pid.c ****         pid->Dout = pid->Kd * pid->Dbuf[0];
 269              		.loc 1 61 46 is_stmt 0 view .LVU109
 270 00f6 37EE077A 		vadd.f32	s14, s14, s14
  61:Robot/Controller/pid.c ****         pid->Dout = pid->Kd * pid->Dbuf[0];
 271              		.loc 1 61 39 view .LVU110
 272 00fa 70EEC70A 		vsub.f32	s1, s1, s14
  61:Robot/Controller/pid.c ****         pid->Dout = pid->Kd * pid->Dbuf[0];
 273              		.loc 1 61 62 view .LVU111
 274 00fe 77EEA07A 		vadd.f32	s15, s15, s1
  61:Robot/Controller/pid.c ****         pid->Dout = pid->Kd * pid->Dbuf[0];
 275              		.loc 1 61 22 view .LVU112
 276 0102 C0ED0C7A 		vstr.32	s15, [r0, #48]
  62:Robot/Controller/pid.c ****         pid->out += pid->Pout + pid->Iout + pid->Dout;
 277              		.loc 1 62 9 is_stmt 1 view .LVU113
  62:Robot/Controller/pid.c ****         pid->out += pid->Pout + pid->Iout + pid->Dout;
 278              		.loc 1 62 24 is_stmt 0 view .LVU114
 279 0106 90ED037A 		vldr.32	s14, [r0, #12]
  62:Robot/Controller/pid.c ****         pid->out += pid->Pout + pid->Iout + pid->Dout;
 280              		.loc 1 62 29 view .LVU115
 281 010a 67EE877A 		vmul.f32	s15, s15, s14
  62:Robot/Controller/pid.c ****         pid->out += pid->Pout + pid->Iout + pid->Dout;
 282              		.loc 1 62 19 view .LVU116
 283 010e C0ED0B7A 		vstr.32	s15, [r0, #44]
  63:Robot/Controller/pid.c ****         LimitMax(pid->out, pid->max_out);
 284              		.loc 1 63 9 is_stmt 1 view .LVU117
  63:Robot/Controller/pid.c ****         LimitMax(pid->out, pid->max_out);
 285              		.loc 1 63 12 is_stmt 0 view .LVU118
 286 0112 90ED087A 		vldr.32	s14, [r0, #32]
  63:Robot/Controller/pid.c ****         LimitMax(pid->out, pid->max_out);
 287              		.loc 1 63 31 view .LVU119
 288 0116 76EE866A 		vadd.f32	s13, s13, s12
  63:Robot/Controller/pid.c ****         LimitMax(pid->out, pid->max_out);
 289              		.loc 1 63 43 view .LVU120
 290 011a 77EEA67A 		vadd.f32	s15, s15, s13
  63:Robot/Controller/pid.c ****         LimitMax(pid->out, pid->max_out);
 291              		.loc 1 63 18 view .LVU121
 292 011e 77EE277A 		vadd.f32	s15, s14, s15
 293 0122 C0ED087A 		vstr.32	s15, [r0, #32]
  64:Robot/Controller/pid.c ****     }
 294              		.loc 1 64 9 is_stmt 1 view .LVU122
 295 0126 90ED047A 		vldr.32	s14, [r0, #16]
 296 012a F4EEC77A 		vcmpe.f32	s15, s14
 297 012e F1EE10FA 		vmrs	APSR_nzcv, FPSCR
 298 0132 02DD     		ble	.L26
  64:Robot/Controller/pid.c ****     }
 299              		.loc 1 64 9 discriminator 1 view .LVU123
 300 0134 80ED087A 		vstr.32	s14, [r0, #32]
 301 0138 C8E7     		b	.L12
 302              	.L26:
  64:Robot/Controller/pid.c ****     }
ARM GAS  D:\temp\TMP\ccXM7cBs.s 			page 8


 303              		.loc 1 64 9 discriminator 2 view .LVU124
 304 013a B1EE477A 		vneg.f32	s14, s14
 305 013e F4EEC77A 		vcmpe.f32	s15, s14
 306 0142 F1EE10FA 		vmrs	APSR_nzcv, FPSCR
 307 0146 C1D5     		bpl	.L12
  64:Robot/Controller/pid.c ****     }
 308              		.loc 1 64 9 discriminator 3 view .LVU125
 309 0148 80ED087A 		vstr.32	s14, [r0, #32]
 310 014c BEE7     		b	.L12
 311              	.LVL6:
 312              	.L17:
  35:Robot/Controller/pid.c ****     }
 313              		.loc 1 35 16 is_stmt 0 view .LVU126
 314 014e 9FED010A 		vldr.32	s0, .L28
 315              	.LVL7:
  67:Robot/Controller/pid.c **** }
 316              		.loc 1 67 1 view .LVU127
 317 0152 7047     		bx	lr
 318              	.L29:
 319              		.align	2
 320              	.L28:
 321 0154 00000000 		.word	0
 322              		.cfi_endproc
 323              	.LFE1:
 325              		.section	.text.PID_clear,"ax",%progbits
 326              		.align	1
 327              		.global	PID_clear
 328              		.syntax unified
 329              		.thumb
 330              		.thumb_func
 332              	PID_clear:
 333              	.LVL8:
 334              	.LFB2:
  68:Robot/Controller/pid.c **** 
  69:Robot/Controller/pid.c **** void PID_clear(PidTypeDef *pid)
  70:Robot/Controller/pid.c **** {
 335              		.loc 1 70 1 is_stmt 1 view -0
 336              		.cfi_startproc
 337              		@ args = 0, pretend = 0, frame = 0
 338              		@ frame_needed = 0, uses_anonymous_args = 0
 339              		@ link register save eliminated.
  71:Robot/Controller/pid.c ****     if (pid == NULL)
 340              		.loc 1 71 5 view .LVU129
 341              		.loc 1 71 8 is_stmt 0 view .LVU130
 342 0000 60B1     		cbz	r0, .L30
  72:Robot/Controller/pid.c ****     {
  73:Robot/Controller/pid.c ****         return;
  74:Robot/Controller/pid.c ****     }
  75:Robot/Controller/pid.c **** 
  76:Robot/Controller/pid.c ****     pid->error[0] = pid->error[1] = pid->error[2] = 0.0f;
 343              		.loc 1 76 5 is_stmt 1 view .LVU131
 344              		.loc 1 76 51 is_stmt 0 view .LVU132
 345 0002 0022     		movs	r2, #0
 346 0004 4264     		str	r2, [r0, #68]	@ float
 347              		.loc 1 76 35 view .LVU133
 348 0006 0264     		str	r2, [r0, #64]	@ float
 349              		.loc 1 76 19 view .LVU134
ARM GAS  D:\temp\TMP\ccXM7cBs.s 			page 9


 350 0008 C263     		str	r2, [r0, #60]	@ float
  77:Robot/Controller/pid.c ****     pid->Dbuf[0] = pid->Dbuf[1] = pid->Dbuf[2] = 0.0f;
 351              		.loc 1 77 5 is_stmt 1 view .LVU135
 352              		.loc 1 77 48 is_stmt 0 view .LVU136
 353 000a 8263     		str	r2, [r0, #56]	@ float
 354              		.loc 1 77 33 view .LVU137
 355 000c 4263     		str	r2, [r0, #52]	@ float
 356              		.loc 1 77 18 view .LVU138
 357 000e 0263     		str	r2, [r0, #48]	@ float
  78:Robot/Controller/pid.c ****     pid->out = pid->Pout = pid->Iout = pid->Dout = 0.0f;
 358              		.loc 1 78 5 is_stmt 1 view .LVU139
 359              		.loc 1 78 50 is_stmt 0 view .LVU140
 360 0010 C262     		str	r2, [r0, #44]	@ float
 361              		.loc 1 78 38 view .LVU141
 362 0012 8262     		str	r2, [r0, #40]	@ float
 363              		.loc 1 78 26 view .LVU142
 364 0014 4262     		str	r2, [r0, #36]	@ float
 365              		.loc 1 78 14 view .LVU143
 366 0016 0262     		str	r2, [r0, #32]	@ float
  79:Robot/Controller/pid.c ****     pid->fdb = pid->set = 0.0f;
 367              		.loc 1 79 5 is_stmt 1 view .LVU144
 368              		.loc 1 79 25 is_stmt 0 view .LVU145
 369 0018 8261     		str	r2, [r0, #24]	@ float
 370              		.loc 1 79 14 view .LVU146
 371 001a C261     		str	r2, [r0, #28]	@ float
 372              	.L30:
  80:Robot/Controller/pid.c **** }
 373              		.loc 1 80 1 view .LVU147
 374 001c 7047     		bx	lr
 375              		.cfi_endproc
 376              	.LFE2:
 378              		.text
 379              	.Letext0:
 380              		.file 2 "D:/VS_STM32/gcc-arm-15.2/arm-none-eabi/include/machine/_default_types.h"
 381              		.file 3 "D:/VS_STM32/gcc-arm-15.2/arm-none-eabi/include/sys/_stdint.h"
 382              		.file 4 "Robot/Controller/pid.h"
ARM GAS  D:\temp\TMP\ccXM7cBs.s 			page 10


DEFINED SYMBOLS
                            *ABS*:00000000 pid.c
D:\temp\TMP\ccXM7cBs.s:20     .text.PID_init:00000000 $t
D:\temp\TMP\ccXM7cBs.s:26     .text.PID_init:00000000 PID_init
D:\temp\TMP\ccXM7cBs.s:97     .text.PID_Calc:00000000 $t
D:\temp\TMP\ccXM7cBs.s:103    .text.PID_Calc:00000000 PID_Calc
D:\temp\TMP\ccXM7cBs.s:321    .text.PID_Calc:00000154 $d
D:\temp\TMP\ccXM7cBs.s:326    .text.PID_clear:00000000 $t
D:\temp\TMP\ccXM7cBs.s:332    .text.PID_clear:00000000 PID_clear

NO UNDEFINED SYMBOLS
