ARM GAS  D:\temp\TMP\ccx33ZZy.s 			page 1


   1              		.cpu cortex-m7
   2              		.arch armv7e-m
   3              		.fpu fpv5-d16
   4              		.eabi_attribute 28, 1
   5              		.eabi_attribute 20, 1
   6              		.eabi_attribute 21, 1
   7              		.eabi_attribute 23, 3
   8              		.eabi_attribute 24, 1
   9              		.eabi_attribute 25, 1
  10              		.eabi_attribute 26, 1
  11              		.eabi_attribute 30, 1
  12              		.eabi_attribute 34, 1
  13              		.eabi_attribute 18, 4
  14              		.file	"Robot.c"
  15              		.text
  16              	.Ltext0:
  17              		.cfi_sections	.debug_frame
  18              		.section	.text.Robot_Init,"ax",%progbits
  19              		.align	1
  20              		.global	Robot_Init
  21              		.syntax unified
  22              		.thumb
  23              		.thumb_func
  25              	Robot_Init:
  26              	.LFB144:
  27              		.file 1 "Robot/RoboTask/Robot.c"
   1:Robot/RoboTask/Robot.c **** /**
   2:Robot/RoboTask/Robot.c ****  * @file Robot.c
   3:Robot/RoboTask/Robot.c ****  * @brief 用于整个底盘初始化
   4:Robot/RoboTask/Robot.c ****  * @version 0.1
   5:Robot/RoboTask/Robot.c ****  * @date 2025-12-03
   6:Robot/RoboTask/Robot.c ****  * 
   7:Robot/RoboTask/Robot.c ****  * @copyright Copyright (c) 2025
   8:Robot/RoboTask/Robot.c ****  * 
   9:Robot/RoboTask/Robot.c ****  */
  10:Robot/RoboTask/Robot.c **** 
  11:Robot/RoboTask/Robot.c **** #include "Robot.h"
  12:Robot/RoboTask/Robot.c **** #include "INS_task.h"
  13:Robot/RoboTask/Robot.c **** #include "bsp_can.h"
  14:Robot/RoboTask/Robot.c **** #include "BMI088driver.h"
  15:Robot/RoboTask/Robot.c **** #include "bsp_dwt.h"
  16:Robot/RoboTask/Robot.c **** 
  17:Robot/RoboTask/Robot.c **** void Robot_Init(void)
  18:Robot/RoboTask/Robot.c **** {
  28              		.loc 1 18 1 view -0
  29              		.cfi_startproc
  30              		@ args = 0, pretend = 0, frame = 0
  31              		@ frame_needed = 0, uses_anonymous_args = 0
  32 0000 08B5     		push	{r3, lr}
  33              	.LCFI0:
  34              		.cfi_def_cfa_offset 8
  35              		.cfi_offset 3, -8
  36              		.cfi_offset 14, -4
  19:Robot/RoboTask/Robot.c ****     
  20:Robot/RoboTask/Robot.c ****     DWT_Init(480); 
  37              		.loc 1 20 5 view .LVU1
  38 0002 4FF4F070 		mov	r0, #480
ARM GAS  D:\temp\TMP\ccx33ZZy.s 			page 2


  39 0006 FFF7FEFF 		bl	DWT_Init
  40              	.LVL0:
  21:Robot/RoboTask/Robot.c ****     // while (BMI088_init(&hspi2,2) != BMI088_NO_ERROR)
  22:Robot/RoboTask/Robot.c ****     // {
  23:Robot/RoboTask/Robot.c ****     //     /* code */
  24:Robot/RoboTask/Robot.c ****     // }
  25:Robot/RoboTask/Robot.c **** 
  26:Robot/RoboTask/Robot.c ****     FDCAN1_Config();
  41              		.loc 1 26 5 view .LVU2
  42 000a FFF7FEFF 		bl	FDCAN1_Config
  43              	.LVL1:
  27:Robot/RoboTask/Robot.c **** }...
  44              		.loc 1 27 1 is_stmt 0 view .LVU3
  45 000e 08BD     		pop	{r3, pc}
  46              		.cfi_endproc
  47              	.LFE144:
  49              		.text
  50              	.Letext0:
  51              		.file 2 "Bsp/bsp_dwt.h"
  52              		.file 3 "Bsp/bsp_can.h"
ARM GAS  D:\temp\TMP\ccx33ZZy.s 			page 3


DEFINED SYMBOLS
                            *ABS*:00000000 Robot.c
D:\temp\TMP\ccx33ZZy.s:19     .text.Robot_Init:00000000 $t
D:\temp\TMP\ccx33ZZy.s:25     .text.Robot_Init:00000000 Robot_Init

UNDEFINED SYMBOLS
DWT_Init
FDCAN1_Config
