ARM GAS  D:\temp\TMP\ccXp8iKt.s 			page 1


   1              		.cpu cortex-m7
   2              		.arch armv7e-m
   3              		.fpu fpv5-d16
   4              		.eabi_attribute 28, 1
   5              		.eabi_attribute 20, 1
   6              		.eabi_attribute 21, 1
   7              		.eabi_attribute 23, 3
   8              		.eabi_attribute 24, 1
   9              		.eabi_attribute 25, 1
  10              		.eabi_attribute 26, 1
  11              		.eabi_attribute 30, 1
  12              		.eabi_attribute 34, 1
  13              		.eabi_attribute 18, 4
  14              		.file	"spi.c"
  15              		.text
  16              	.Ltext0:
  17              		.cfi_sections	.debug_frame
  18              		.section	.text.MX_SPI2_Init,"ax",%progbits
  19              		.align	1
  20              		.global	MX_SPI2_Init
  21              		.syntax unified
  22              		.thumb
  23              		.thumb_func
  25              	MX_SPI2_Init:
  26              	.LFB144:
  27              		.file 1 "Core/Src/spi.c"
   1:Core/Src/spi.c **** /* USER CODE BEGIN Header */
   2:Core/Src/spi.c **** /**
   3:Core/Src/spi.c ****   ******************************************************************************
   4:Core/Src/spi.c ****   * @file    spi.c
   5:Core/Src/spi.c ****   * @brief   This file provides code for the configuration
   6:Core/Src/spi.c ****   *          of the SPI instances.
   7:Core/Src/spi.c ****   ******************************************************************************
   8:Core/Src/spi.c ****   * @attention
   9:Core/Src/spi.c ****   *
  10:Core/Src/spi.c ****   * Copyright (c) 2025 STMicroelectronics.
  11:Core/Src/spi.c ****   * All rights reserved.
  12:Core/Src/spi.c ****   *
  13:Core/Src/spi.c ****   * This software is licensed under terms that can be found in the LICENSE file
  14:Core/Src/spi.c ****   * in the root directory of this software component.
  15:Core/Src/spi.c ****   * If no LICENSE file comes with this software, it is provided AS-IS.
  16:Core/Src/spi.c ****   *
  17:Core/Src/spi.c ****   ******************************************************************************
  18:Core/Src/spi.c ****   */
  19:Core/Src/spi.c **** /* USER CODE END Header */
  20:Core/Src/spi.c **** /* Includes ------------------------------------------------------------------*/
  21:Core/Src/spi.c **** #include "spi.h"
  22:Core/Src/spi.c **** 
  23:Core/Src/spi.c **** /* USER CODE BEGIN 0 */
  24:Core/Src/spi.c **** 
  25:Core/Src/spi.c **** /* USER CODE END 0 */
  26:Core/Src/spi.c **** 
  27:Core/Src/spi.c **** SPI_HandleTypeDef hspi2;
  28:Core/Src/spi.c **** DMA_HandleTypeDef hdma_spi2_rx;
  29:Core/Src/spi.c **** DMA_HandleTypeDef hdma_spi2_tx;
  30:Core/Src/spi.c **** 
  31:Core/Src/spi.c **** /* SPI2 init function */
ARM GAS  D:\temp\TMP\ccXp8iKt.s 			page 2


  32:Core/Src/spi.c **** void MX_SPI2_Init(void)
  33:Core/Src/spi.c **** {
  28              		.loc 1 33 1 view -0
  29              		.cfi_startproc
  30              		@ args = 0, pretend = 0, frame = 0
  31              		@ frame_needed = 0, uses_anonymous_args = 0
  32 0000 08B5     		push	{r3, lr}
  33              	.LCFI0:
  34              		.cfi_def_cfa_offset 8
  35              		.cfi_offset 3, -8
  36              		.cfi_offset 14, -4
  34:Core/Src/spi.c **** 
  35:Core/Src/spi.c ****   /* USER CODE BEGIN SPI2_Init 0 */
  36:Core/Src/spi.c **** 
  37:Core/Src/spi.c ****   /* USER CODE END SPI2_Init 0 */
  38:Core/Src/spi.c **** 
  39:Core/Src/spi.c ****   /* USER CODE BEGIN SPI2_Init 1 */
  40:Core/Src/spi.c **** 
  41:Core/Src/spi.c ****   /* USER CODE END SPI2_Init 1 */
  42:Core/Src/spi.c ****   hspi2.Instance = SPI2;
  37              		.loc 1 42 3 view .LVU1
  38              		.loc 1 42 18 is_stmt 0 view .LVU2
  39 0002 1548     		ldr	r0, .L5
  40 0004 154B     		ldr	r3, .L5+4
  41 0006 0360     		str	r3, [r0]
  43:Core/Src/spi.c ****   hspi2.Init.Mode = SPI_MODE_MASTER;
  42              		.loc 1 43 3 is_stmt 1 view .LVU3
  43              		.loc 1 43 19 is_stmt 0 view .LVU4
  44 0008 4FF48003 		mov	r3, #4194304
  45 000c 4360     		str	r3, [r0, #4]
  44:Core/Src/spi.c ****   hspi2.Init.Direction = SPI_DIRECTION_2LINES;
  46              		.loc 1 44 3 is_stmt 1 view .LVU5
  47              		.loc 1 44 24 is_stmt 0 view .LVU6
  48 000e 0023     		movs	r3, #0
  49 0010 8360     		str	r3, [r0, #8]
  45:Core/Src/spi.c ****   hspi2.Init.DataSize = SPI_DATASIZE_8BIT;
  50              		.loc 1 45 3 is_stmt 1 view .LVU7
  51              		.loc 1 45 23 is_stmt 0 view .LVU8
  52 0012 0722     		movs	r2, #7
  53 0014 C260     		str	r2, [r0, #12]
  46:Core/Src/spi.c ****   hspi2.Init.CLKPolarity = SPI_POLARITY_HIGH;
  54              		.loc 1 46 3 is_stmt 1 view .LVU9
  55              		.loc 1 46 26 is_stmt 0 view .LVU10
  56 0016 4FF00072 		mov	r2, #33554432
  57 001a 0261     		str	r2, [r0, #16]
  47:Core/Src/spi.c ****   hspi2.Init.CLKPhase = SPI_PHASE_2EDGE;
  58              		.loc 1 47 3 is_stmt 1 view .LVU11
  59              		.loc 1 47 23 is_stmt 0 view .LVU12
  60 001c 4FF08072 		mov	r2, #16777216
  61 0020 4261     		str	r2, [r0, #20]
  48:Core/Src/spi.c ****   hspi2.Init.NSS = SPI_NSS_SOFT;
  62              		.loc 1 48 3 is_stmt 1 view .LVU13
  63              		.loc 1 48 18 is_stmt 0 view .LVU14
  64 0022 4FF08062 		mov	r2, #67108864
  65 0026 8261     		str	r2, [r0, #24]
  49:Core/Src/spi.c ****   hspi2.Init.BaudRatePrescaler = SPI_BAUDRATEPRESCALER_32;
  66              		.loc 1 49 3 is_stmt 1 view .LVU15
ARM GAS  D:\temp\TMP\ccXp8iKt.s 			page 3


  67              		.loc 1 49 32 is_stmt 0 view .LVU16
  68 0028 4FF08042 		mov	r2, #1073741824
  69 002c C261     		str	r2, [r0, #28]
  50:Core/Src/spi.c ****   hspi2.Init.FirstBit = SPI_FIRSTBIT_MSB;
  70              		.loc 1 50 3 is_stmt 1 view .LVU17
  71              		.loc 1 50 23 is_stmt 0 view .LVU18
  72 002e 0362     		str	r3, [r0, #32]
  51:Core/Src/spi.c ****   hspi2.Init.TIMode = SPI_TIMODE_DISABLE;
  73              		.loc 1 51 3 is_stmt 1 view .LVU19
  74              		.loc 1 51 21 is_stmt 0 view .LVU20
  75 0030 4362     		str	r3, [r0, #36]
  52:Core/Src/spi.c ****   hspi2.Init.CRCCalculation = SPI_CRCCALCULATION_DISABLE;
  76              		.loc 1 52 3 is_stmt 1 view .LVU21
  77              		.loc 1 52 29 is_stmt 0 view .LVU22
  78 0032 8362     		str	r3, [r0, #40]
  53:Core/Src/spi.c ****   hspi2.Init.CRCPolynomial = 0x0;
  79              		.loc 1 53 3 is_stmt 1 view .LVU23
  80              		.loc 1 53 28 is_stmt 0 view .LVU24
  81 0034 C362     		str	r3, [r0, #44]
  54:Core/Src/spi.c ****   hspi2.Init.NSSPMode = SPI_NSS_PULSE_ENABLE;
  82              		.loc 1 54 3 is_stmt 1 view .LVU25
  83              		.loc 1 54 23 is_stmt 0 view .LVU26
  84 0036 4263     		str	r2, [r0, #52]
  55:Core/Src/spi.c ****   hspi2.Init.NSSPolarity = SPI_NSS_POLARITY_LOW;
  85              		.loc 1 55 3 is_stmt 1 view .LVU27
  86              		.loc 1 55 26 is_stmt 0 view .LVU28
  87 0038 8363     		str	r3, [r0, #56]
  56:Core/Src/spi.c ****   hspi2.Init.FifoThreshold = SPI_FIFO_THRESHOLD_01DATA;
  88              		.loc 1 56 3 is_stmt 1 view .LVU29
  89              		.loc 1 56 28 is_stmt 0 view .LVU30
  90 003a C363     		str	r3, [r0, #60]
  57:Core/Src/spi.c ****   hspi2.Init.TxCRCInitializationPattern = SPI_CRC_INITIALIZATION_ALL_ZERO_PATTERN;
  91              		.loc 1 57 3 is_stmt 1 view .LVU31
  92              		.loc 1 57 41 is_stmt 0 view .LVU32
  93 003c 0364     		str	r3, [r0, #64]
  58:Core/Src/spi.c ****   hspi2.Init.RxCRCInitializationPattern = SPI_CRC_INITIALIZATION_ALL_ZERO_PATTERN;
  94              		.loc 1 58 3 is_stmt 1 view .LVU33
  95              		.loc 1 58 41 is_stmt 0 view .LVU34
  96 003e 4364     		str	r3, [r0, #68]
  59:Core/Src/spi.c ****   hspi2.Init.MasterSSIdleness = SPI_MASTER_SS_IDLENESS_00CYCLE;
  97              		.loc 1 59 3 is_stmt 1 view .LVU35
  98              		.loc 1 59 31 is_stmt 0 view .LVU36
  99 0040 8364     		str	r3, [r0, #72]
  60:Core/Src/spi.c ****   hspi2.Init.MasterInterDataIdleness = SPI_MASTER_INTERDATA_IDLENESS_00CYCLE;
 100              		.loc 1 60 3 is_stmt 1 view .LVU37
 101              		.loc 1 60 38 is_stmt 0 view .LVU38
 102 0042 C364     		str	r3, [r0, #76]
  61:Core/Src/spi.c ****   hspi2.Init.MasterReceiverAutoSusp = SPI_MASTER_RX_AUTOSUSP_DISABLE;
 103              		.loc 1 61 3 is_stmt 1 view .LVU39
 104              		.loc 1 61 37 is_stmt 0 view .LVU40
 105 0044 0365     		str	r3, [r0, #80]
  62:Core/Src/spi.c ****   hspi2.Init.MasterKeepIOState = SPI_MASTER_KEEP_IO_STATE_DISABLE;
 106              		.loc 1 62 3 is_stmt 1 view .LVU41
 107              		.loc 1 62 32 is_stmt 0 view .LVU42
 108 0046 4365     		str	r3, [r0, #84]
  63:Core/Src/spi.c ****   hspi2.Init.IOSwap = SPI_IO_SWAP_DISABLE;
 109              		.loc 1 63 3 is_stmt 1 view .LVU43
ARM GAS  D:\temp\TMP\ccXp8iKt.s 			page 4


 110              		.loc 1 63 21 is_stmt 0 view .LVU44
 111 0048 8365     		str	r3, [r0, #88]
  64:Core/Src/spi.c ****   if (HAL_SPI_Init(&hspi2) != HAL_OK)
 112              		.loc 1 64 3 is_stmt 1 view .LVU45
 113              		.loc 1 64 7 is_stmt 0 view .LVU46
 114 004a FFF7FEFF 		bl	HAL_SPI_Init
 115              	.LVL0:
 116              		.loc 1 64 6 view .LVU47
 117 004e 00B9     		cbnz	r0, .L4
 118              	.L1:
  65:Core/Src/spi.c ****   {
  66:Core/Src/spi.c ****     Error_Handler();
  67:Core/Src/spi.c ****   }
  68:Core/Src/spi.c ****   /* USER CODE BEGIN SPI2_Init 2 */
  69:Core/Src/spi.c **** 
  70:Core/Src/spi.c ****   /* USER CODE END SPI2_Init 2 */
  71:Core/Src/spi.c **** 
  72:Core/Src/spi.c **** }
 119              		.loc 1 72 1 view .LVU48
 120 0050 08BD     		pop	{r3, pc}
 121              	.L4:
  66:Core/Src/spi.c ****   }
 122              		.loc 1 66 5 is_stmt 1 view .LVU49
 123 0052 FFF7FEFF 		bl	Error_Handler
 124              	.LVL1:
 125              		.loc 1 72 1 is_stmt 0 view .LVU50
 126 0056 FBE7     		b	.L1
 127              	.L6:
 128              		.align	2
 129              	.L5:
 130 0058 00000000 		.word	.LANCHOR0
 131 005c 00380040 		.word	1073756160
 132              		.cfi_endproc
 133              	.LFE144:
 135              		.section	.text.HAL_SPI_MspInit,"ax",%progbits
 136              		.align	1
 137              		.global	HAL_SPI_MspInit
 138              		.syntax unified
 139              		.thumb
 140              		.thumb_func
 142              	HAL_SPI_MspInit:
 143              	.LVL2:
 144              	.LFB145:
  73:Core/Src/spi.c **** 
  74:Core/Src/spi.c **** void HAL_SPI_MspInit(SPI_HandleTypeDef* spiHandle)
  75:Core/Src/spi.c **** {
 145              		.loc 1 75 1 is_stmt 1 view -0
 146              		.cfi_startproc
 147              		@ args = 0, pretend = 0, frame = 224
 148              		@ frame_needed = 0, uses_anonymous_args = 0
 149              		.loc 1 75 1 is_stmt 0 view .LVU52
 150 0000 2DE9F041 		push	{r4, r5, r6, r7, r8, lr}
 151              	.LCFI1:
 152              		.cfi_def_cfa_offset 24
 153              		.cfi_offset 4, -24
 154              		.cfi_offset 5, -20
 155              		.cfi_offset 6, -16
ARM GAS  D:\temp\TMP\ccXp8iKt.s 			page 5


 156              		.cfi_offset 7, -12
 157              		.cfi_offset 8, -8
 158              		.cfi_offset 14, -4
 159 0004 B8B0     		sub	sp, sp, #224
 160              	.LCFI2:
 161              		.cfi_def_cfa_offset 248
 162 0006 0446     		mov	r4, r0
  76:Core/Src/spi.c **** 
  77:Core/Src/spi.c ****   GPIO_InitTypeDef GPIO_InitStruct = {0};
 163              		.loc 1 77 3 is_stmt 1 view .LVU53
 164              		.loc 1 77 20 is_stmt 0 view .LVU54
 165 0008 0021     		movs	r1, #0
 166 000a 3391     		str	r1, [sp, #204]
 167 000c 3491     		str	r1, [sp, #208]
 168 000e 3591     		str	r1, [sp, #212]
 169 0010 3691     		str	r1, [sp, #216]
 170 0012 3791     		str	r1, [sp, #220]
  78:Core/Src/spi.c ****   RCC_PeriphCLKInitTypeDef PeriphClkInitStruct = {0};
 171              		.loc 1 78 3 is_stmt 1 view .LVU55
 172              		.loc 1 78 28 is_stmt 0 view .LVU56
 173 0014 B822     		movs	r2, #184
 174 0016 04A8     		add	r0, sp, #16
 175              	.LVL3:
 176              		.loc 1 78 28 view .LVU57
 177 0018 FFF7FEFF 		bl	memset
 178              	.LVL4:
  79:Core/Src/spi.c ****   if(spiHandle->Instance==SPI2)
 179              		.loc 1 79 3 is_stmt 1 view .LVU58
 180              		.loc 1 79 15 is_stmt 0 view .LVU59
 181 001c 2268     		ldr	r2, [r4]
 182              		.loc 1 79 5 view .LVU60
 183 001e 494B     		ldr	r3, .L17
 184 0020 9A42     		cmp	r2, r3
 185 0022 02D0     		beq	.L13
 186              	.L7:
  80:Core/Src/spi.c ****   {
  81:Core/Src/spi.c ****   /* USER CODE BEGIN SPI2_MspInit 0 */
  82:Core/Src/spi.c **** 
  83:Core/Src/spi.c ****   /* USER CODE END SPI2_MspInit 0 */
  84:Core/Src/spi.c **** 
  85:Core/Src/spi.c ****   /** Initializes the peripherals clock
  86:Core/Src/spi.c ****   */
  87:Core/Src/spi.c ****     PeriphClkInitStruct.PeriphClockSelection = RCC_PERIPHCLK_SPI2;
  88:Core/Src/spi.c ****     PeriphClkInitStruct.Spi123ClockSelection = RCC_SPI123CLKSOURCE_PLL;
  89:Core/Src/spi.c ****     if (HAL_RCCEx_PeriphCLKConfig(&PeriphClkInitStruct) != HAL_OK)
  90:Core/Src/spi.c ****     {
  91:Core/Src/spi.c ****       Error_Handler();
  92:Core/Src/spi.c ****     }
  93:Core/Src/spi.c **** 
  94:Core/Src/spi.c ****     /* SPI2 clock enable */
  95:Core/Src/spi.c ****     __HAL_RCC_SPI2_CLK_ENABLE();
  96:Core/Src/spi.c **** 
  97:Core/Src/spi.c ****     __HAL_RCC_GPIOC_CLK_ENABLE();
  98:Core/Src/spi.c ****     __HAL_RCC_GPIOB_CLK_ENABLE();
  99:Core/Src/spi.c ****     /**SPI2 GPIO Configuration
 100:Core/Src/spi.c ****     PC1     ------> SPI2_MOSI
 101:Core/Src/spi.c ****     PC2_C     ------> SPI2_MISO
ARM GAS  D:\temp\TMP\ccXp8iKt.s 			page 6


 102:Core/Src/spi.c ****     PB13     ------> SPI2_SCK
 103:Core/Src/spi.c ****     */
 104:Core/Src/spi.c ****     GPIO_InitStruct.Pin = GPIO_PIN_1|GPIO_PIN_2;
 105:Core/Src/spi.c ****     GPIO_InitStruct.Mode = GPIO_MODE_AF_PP;
 106:Core/Src/spi.c ****     GPIO_InitStruct.Pull = GPIO_NOPULL;
 107:Core/Src/spi.c ****     GPIO_InitStruct.Speed = GPIO_SPEED_FREQ_VERY_HIGH;
 108:Core/Src/spi.c ****     GPIO_InitStruct.Alternate = GPIO_AF5_SPI2;
 109:Core/Src/spi.c ****     HAL_GPIO_Init(GPIOC, &GPIO_InitStruct);
 110:Core/Src/spi.c **** 
 111:Core/Src/spi.c ****     GPIO_InitStruct.Pin = GPIO_PIN_13;
 112:Core/Src/spi.c ****     GPIO_InitStruct.Mode = GPIO_MODE_AF_PP;
 113:Core/Src/spi.c ****     GPIO_InitStruct.Pull = GPIO_NOPULL;
 114:Core/Src/spi.c ****     GPIO_InitStruct.Speed = GPIO_SPEED_FREQ_VERY_HIGH;
 115:Core/Src/spi.c ****     GPIO_InitStruct.Alternate = GPIO_AF5_SPI2;
 116:Core/Src/spi.c ****     HAL_GPIO_Init(GPIOB, &GPIO_InitStruct);
 117:Core/Src/spi.c **** 
 118:Core/Src/spi.c ****     /* SPI2 DMA Init */
 119:Core/Src/spi.c ****     /* SPI2_RX Init */
 120:Core/Src/spi.c ****     hdma_spi2_rx.Instance = DMA1_Stream2;
 121:Core/Src/spi.c ****     hdma_spi2_rx.Init.Request = DMA_REQUEST_SPI2_RX;
 122:Core/Src/spi.c ****     hdma_spi2_rx.Init.Direction = DMA_PERIPH_TO_MEMORY;
 123:Core/Src/spi.c ****     hdma_spi2_rx.Init.PeriphInc = DMA_PINC_DISABLE;
 124:Core/Src/spi.c ****     hdma_spi2_rx.Init.MemInc = DMA_MINC_ENABLE;
 125:Core/Src/spi.c ****     hdma_spi2_rx.Init.PeriphDataAlignment = DMA_PDATAALIGN_BYTE;
 126:Core/Src/spi.c ****     hdma_spi2_rx.Init.MemDataAlignment = DMA_MDATAALIGN_BYTE;
 127:Core/Src/spi.c ****     hdma_spi2_rx.Init.Mode = DMA_NORMAL;
 128:Core/Src/spi.c ****     hdma_spi2_rx.Init.Priority = DMA_PRIORITY_VERY_HIGH;
 129:Core/Src/spi.c ****     hdma_spi2_rx.Init.FIFOMode = DMA_FIFOMODE_DISABLE;
 130:Core/Src/spi.c ****     if (HAL_DMA_Init(&hdma_spi2_rx) != HAL_OK)
 131:Core/Src/spi.c ****     {
 132:Core/Src/spi.c ****       Error_Handler();
 133:Core/Src/spi.c ****     }
 134:Core/Src/spi.c **** 
 135:Core/Src/spi.c ****     __HAL_LINKDMA(spiHandle,hdmarx,hdma_spi2_rx);
 136:Core/Src/spi.c **** 
 137:Core/Src/spi.c ****     /* SPI2_TX Init */
 138:Core/Src/spi.c ****     hdma_spi2_tx.Instance = DMA1_Stream1;
 139:Core/Src/spi.c ****     hdma_spi2_tx.Init.Request = DMA_REQUEST_SPI2_TX;
 140:Core/Src/spi.c ****     hdma_spi2_tx.Init.Direction = DMA_MEMORY_TO_PERIPH;
 141:Core/Src/spi.c ****     hdma_spi2_tx.Init.PeriphInc = DMA_PINC_DISABLE;
 142:Core/Src/spi.c ****     hdma_spi2_tx.Init.MemInc = DMA_MINC_ENABLE;
 143:Core/Src/spi.c ****     hdma_spi2_tx.Init.PeriphDataAlignment = DMA_PDATAALIGN_BYTE;
 144:Core/Src/spi.c ****     hdma_spi2_tx.Init.MemDataAlignment = DMA_MDATAALIGN_BYTE;
 145:Core/Src/spi.c ****     hdma_spi2_tx.Init.Mode = DMA_NORMAL;
 146:Core/Src/spi.c ****     hdma_spi2_tx.Init.Priority = DMA_PRIORITY_HIGH;
 147:Core/Src/spi.c ****     hdma_spi2_tx.Init.FIFOMode = DMA_FIFOMODE_DISABLE;
 148:Core/Src/spi.c ****     if (HAL_DMA_Init(&hdma_spi2_tx) != HAL_OK)
 149:Core/Src/spi.c ****     {
 150:Core/Src/spi.c ****       Error_Handler();
 151:Core/Src/spi.c ****     }
 152:Core/Src/spi.c **** 
 153:Core/Src/spi.c ****     __HAL_LINKDMA(spiHandle,hdmatx,hdma_spi2_tx);
 154:Core/Src/spi.c **** 
 155:Core/Src/spi.c ****     /* SPI2 interrupt Init */
 156:Core/Src/spi.c ****     HAL_NVIC_SetPriority(SPI2_IRQn, 5, 0);
 157:Core/Src/spi.c ****     HAL_NVIC_EnableIRQ(SPI2_IRQn);
 158:Core/Src/spi.c ****   /* USER CODE BEGIN SPI2_MspInit 1 */
ARM GAS  D:\temp\TMP\ccXp8iKt.s 			page 7


 159:Core/Src/spi.c **** 
 160:Core/Src/spi.c ****   /* USER CODE END SPI2_MspInit 1 */
 161:Core/Src/spi.c ****   }
 162:Core/Src/spi.c **** }
 187              		.loc 1 162 1 view .LVU61
 188 0024 38B0     		add	sp, sp, #224
 189              	.LCFI3:
 190              		.cfi_remember_state
 191              		.cfi_def_cfa_offset 24
 192              		@ sp needed
 193 0026 BDE8F081 		pop	{r4, r5, r6, r7, r8, pc}
 194              	.LVL5:
 195              	.L13:
 196              	.LCFI4:
 197              		.cfi_restore_state
  87:Core/Src/spi.c ****     PeriphClkInitStruct.Spi123ClockSelection = RCC_SPI123CLKSOURCE_PLL;
 198              		.loc 1 87 5 is_stmt 1 view .LVU62
  87:Core/Src/spi.c ****     PeriphClkInitStruct.Spi123ClockSelection = RCC_SPI123CLKSOURCE_PLL;
 199              		.loc 1 87 46 is_stmt 0 view .LVU63
 200 002a 4FF48052 		mov	r2, #4096
 201 002e 0023     		movs	r3, #0
 202 0030 CDE90423 		strd	r2, [sp, #16]
  88:Core/Src/spi.c ****     if (HAL_RCCEx_PeriphCLKConfig(&PeriphClkInitStruct) != HAL_OK)
 203              		.loc 1 88 5 is_stmt 1 view .LVU64
  89:Core/Src/spi.c ****     {
 204              		.loc 1 89 5 view .LVU65
  89:Core/Src/spi.c ****     {
 205              		.loc 1 89 9 is_stmt 0 view .LVU66
 206 0034 04A8     		add	r0, sp, #16
 207 0036 FFF7FEFF 		bl	HAL_RCCEx_PeriphCLKConfig
 208              	.LVL6:
  89:Core/Src/spi.c ****     {
 209              		.loc 1 89 8 view .LVU67
 210 003a 0028     		cmp	r0, #0
 211 003c 79D1     		bne	.L14
 212              	.L9:
  95:Core/Src/spi.c **** 
 213              		.loc 1 95 5 is_stmt 1 view .LVU68
 214              	.LBB2:
  95:Core/Src/spi.c **** 
 215              		.loc 1 95 5 view .LVU69
  95:Core/Src/spi.c **** 
 216              		.loc 1 95 5 view .LVU70
 217 003e 424B     		ldr	r3, .L17+4
 218 0040 D3F8E820 		ldr	r2, [r3, #232]
 219 0044 42F48042 		orr	r2, r2, #16384
 220 0048 C3F8E820 		str	r2, [r3, #232]
  95:Core/Src/spi.c **** 
 221              		.loc 1 95 5 view .LVU71
 222 004c D3F8E820 		ldr	r2, [r3, #232]
 223 0050 02F48042 		and	r2, r2, #16384
 224 0054 0192     		str	r2, [sp, #4]
  95:Core/Src/spi.c **** 
 225              		.loc 1 95 5 view .LVU72
 226 0056 019A     		ldr	r2, [sp, #4]
 227              	.LBE2:
  95:Core/Src/spi.c **** 
ARM GAS  D:\temp\TMP\ccXp8iKt.s 			page 8


 228              		.loc 1 95 5 view .LVU73
  97:Core/Src/spi.c ****     __HAL_RCC_GPIOB_CLK_ENABLE();
 229              		.loc 1 97 5 view .LVU74
 230              	.LBB3:
  97:Core/Src/spi.c ****     __HAL_RCC_GPIOB_CLK_ENABLE();
 231              		.loc 1 97 5 view .LVU75
  97:Core/Src/spi.c ****     __HAL_RCC_GPIOB_CLK_ENABLE();
 232              		.loc 1 97 5 view .LVU76
 233 0058 D3F8E020 		ldr	r2, [r3, #224]
 234 005c 42F00402 		orr	r2, r2, #4
 235 0060 C3F8E020 		str	r2, [r3, #224]
  97:Core/Src/spi.c ****     __HAL_RCC_GPIOB_CLK_ENABLE();
 236              		.loc 1 97 5 view .LVU77
 237 0064 D3F8E020 		ldr	r2, [r3, #224]
 238 0068 02F00402 		and	r2, r2, #4
 239 006c 0292     		str	r2, [sp, #8]
  97:Core/Src/spi.c ****     __HAL_RCC_GPIOB_CLK_ENABLE();
 240              		.loc 1 97 5 view .LVU78
 241 006e 029A     		ldr	r2, [sp, #8]
 242              	.LBE3:
  97:Core/Src/spi.c ****     __HAL_RCC_GPIOB_CLK_ENABLE();
 243              		.loc 1 97 5 view .LVU79
  98:Core/Src/spi.c ****     /**SPI2 GPIO Configuration
 244              		.loc 1 98 5 view .LVU80
 245              	.LBB4:
  98:Core/Src/spi.c ****     /**SPI2 GPIO Configuration
 246              		.loc 1 98 5 view .LVU81
  98:Core/Src/spi.c ****     /**SPI2 GPIO Configuration
 247              		.loc 1 98 5 view .LVU82
 248 0070 D3F8E020 		ldr	r2, [r3, #224]
 249 0074 42F00202 		orr	r2, r2, #2
 250 0078 C3F8E020 		str	r2, [r3, #224]
  98:Core/Src/spi.c ****     /**SPI2 GPIO Configuration
 251              		.loc 1 98 5 view .LVU83
 252 007c D3F8E030 		ldr	r3, [r3, #224]
 253 0080 03F00203 		and	r3, r3, #2
 254 0084 0393     		str	r3, [sp, #12]
  98:Core/Src/spi.c ****     /**SPI2 GPIO Configuration
 255              		.loc 1 98 5 view .LVU84
 256 0086 039B     		ldr	r3, [sp, #12]
 257              	.LBE4:
  98:Core/Src/spi.c ****     /**SPI2 GPIO Configuration
 258              		.loc 1 98 5 view .LVU85
 104:Core/Src/spi.c ****     GPIO_InitStruct.Mode = GPIO_MODE_AF_PP;
 259              		.loc 1 104 5 view .LVU86
 104:Core/Src/spi.c ****     GPIO_InitStruct.Mode = GPIO_MODE_AF_PP;
 260              		.loc 1 104 25 is_stmt 0 view .LVU87
 261 0088 0623     		movs	r3, #6
 262 008a 3393     		str	r3, [sp, #204]
 105:Core/Src/spi.c ****     GPIO_InitStruct.Pull = GPIO_NOPULL;
 263              		.loc 1 105 5 is_stmt 1 view .LVU88
 105:Core/Src/spi.c ****     GPIO_InitStruct.Pull = GPIO_NOPULL;
 264              		.loc 1 105 26 is_stmt 0 view .LVU89
 265 008c 4FF00208 		mov	r8, #2
 266 0090 CDF8D080 		str	r8, [sp, #208]
 106:Core/Src/spi.c ****     GPIO_InitStruct.Speed = GPIO_SPEED_FREQ_VERY_HIGH;
 267              		.loc 1 106 5 is_stmt 1 view .LVU90
ARM GAS  D:\temp\TMP\ccXp8iKt.s 			page 9


 106:Core/Src/spi.c ****     GPIO_InitStruct.Speed = GPIO_SPEED_FREQ_VERY_HIGH;
 268              		.loc 1 106 26 is_stmt 0 view .LVU91
 269 0094 0025     		movs	r5, #0
 270 0096 3595     		str	r5, [sp, #212]
 107:Core/Src/spi.c ****     GPIO_InitStruct.Alternate = GPIO_AF5_SPI2;
 271              		.loc 1 107 5 is_stmt 1 view .LVU92
 107:Core/Src/spi.c ****     GPIO_InitStruct.Alternate = GPIO_AF5_SPI2;
 272              		.loc 1 107 27 is_stmt 0 view .LVU93
 273 0098 0327     		movs	r7, #3
 274 009a 3697     		str	r7, [sp, #216]
 108:Core/Src/spi.c ****     HAL_GPIO_Init(GPIOC, &GPIO_InitStruct);
 275              		.loc 1 108 5 is_stmt 1 view .LVU94
 108:Core/Src/spi.c ****     HAL_GPIO_Init(GPIOC, &GPIO_InitStruct);
 276              		.loc 1 108 31 is_stmt 0 view .LVU95
 277 009c 0526     		movs	r6, #5
 278 009e 3796     		str	r6, [sp, #220]
 109:Core/Src/spi.c **** 
 279              		.loc 1 109 5 is_stmt 1 view .LVU96
 280 00a0 33A9     		add	r1, sp, #204
 281 00a2 2A48     		ldr	r0, .L17+8
 282 00a4 FFF7FEFF 		bl	HAL_GPIO_Init
 283              	.LVL7:
 111:Core/Src/spi.c ****     GPIO_InitStruct.Mode = GPIO_MODE_AF_PP;
 284              		.loc 1 111 5 view .LVU97
 111:Core/Src/spi.c ****     GPIO_InitStruct.Mode = GPIO_MODE_AF_PP;
 285              		.loc 1 111 25 is_stmt 0 view .LVU98
 286 00a8 4FF40053 		mov	r3, #8192
 287 00ac 3393     		str	r3, [sp, #204]
 112:Core/Src/spi.c ****     GPIO_InitStruct.Pull = GPIO_NOPULL;
 288              		.loc 1 112 5 is_stmt 1 view .LVU99
 112:Core/Src/spi.c ****     GPIO_InitStruct.Pull = GPIO_NOPULL;
 289              		.loc 1 112 26 is_stmt 0 view .LVU100
 290 00ae CDF8D080 		str	r8, [sp, #208]
 113:Core/Src/spi.c ****     GPIO_InitStruct.Speed = GPIO_SPEED_FREQ_VERY_HIGH;
 291              		.loc 1 113 5 is_stmt 1 view .LVU101
 113:Core/Src/spi.c ****     GPIO_InitStruct.Speed = GPIO_SPEED_FREQ_VERY_HIGH;
 292              		.loc 1 113 26 is_stmt 0 view .LVU102
 293 00b2 3595     		str	r5, [sp, #212]
 114:Core/Src/spi.c ****     GPIO_InitStruct.Alternate = GPIO_AF5_SPI2;
 294              		.loc 1 114 5 is_stmt 1 view .LVU103
 114:Core/Src/spi.c ****     GPIO_InitStruct.Alternate = GPIO_AF5_SPI2;
 295              		.loc 1 114 27 is_stmt 0 view .LVU104
 296 00b4 3697     		str	r7, [sp, #216]
 115:Core/Src/spi.c ****     HAL_GPIO_Init(GPIOB, &GPIO_InitStruct);
 297              		.loc 1 115 5 is_stmt 1 view .LVU105
 115:Core/Src/spi.c ****     HAL_GPIO_Init(GPIOB, &GPIO_InitStruct);
 298              		.loc 1 115 31 is_stmt 0 view .LVU106
 299 00b6 3796     		str	r6, [sp, #220]
 116:Core/Src/spi.c **** 
 300              		.loc 1 116 5 is_stmt 1 view .LVU107
 301 00b8 33A9     		add	r1, sp, #204
 302 00ba 2548     		ldr	r0, .L17+12
 303 00bc FFF7FEFF 		bl	HAL_GPIO_Init
 304              	.LVL8:
 120:Core/Src/spi.c ****     hdma_spi2_rx.Init.Request = DMA_REQUEST_SPI2_RX;
 305              		.loc 1 120 5 view .LVU108
 120:Core/Src/spi.c ****     hdma_spi2_rx.Init.Request = DMA_REQUEST_SPI2_RX;
ARM GAS  D:\temp\TMP\ccXp8iKt.s 			page 10


 306              		.loc 1 120 27 is_stmt 0 view .LVU109
 307 00c0 2448     		ldr	r0, .L17+16
 308 00c2 254B     		ldr	r3, .L17+20
 309 00c4 0360     		str	r3, [r0]
 121:Core/Src/spi.c ****     hdma_spi2_rx.Init.Direction = DMA_PERIPH_TO_MEMORY;
 310              		.loc 1 121 5 is_stmt 1 view .LVU110
 121:Core/Src/spi.c ****     hdma_spi2_rx.Init.Direction = DMA_PERIPH_TO_MEMORY;
 311              		.loc 1 121 31 is_stmt 0 view .LVU111
 312 00c6 2723     		movs	r3, #39
 313 00c8 4360     		str	r3, [r0, #4]
 122:Core/Src/spi.c ****     hdma_spi2_rx.Init.PeriphInc = DMA_PINC_DISABLE;
 314              		.loc 1 122 5 is_stmt 1 view .LVU112
 122:Core/Src/spi.c ****     hdma_spi2_rx.Init.PeriphInc = DMA_PINC_DISABLE;
 315              		.loc 1 122 33 is_stmt 0 view .LVU113
 316 00ca 8560     		str	r5, [r0, #8]
 123:Core/Src/spi.c ****     hdma_spi2_rx.Init.MemInc = DMA_MINC_ENABLE;
 317              		.loc 1 123 5 is_stmt 1 view .LVU114
 123:Core/Src/spi.c ****     hdma_spi2_rx.Init.MemInc = DMA_MINC_ENABLE;
 318              		.loc 1 123 33 is_stmt 0 view .LVU115
 319 00cc C560     		str	r5, [r0, #12]
 124:Core/Src/spi.c ****     hdma_spi2_rx.Init.PeriphDataAlignment = DMA_PDATAALIGN_BYTE;
 320              		.loc 1 124 5 is_stmt 1 view .LVU116
 124:Core/Src/spi.c ****     hdma_spi2_rx.Init.PeriphDataAlignment = DMA_PDATAALIGN_BYTE;
 321              		.loc 1 124 30 is_stmt 0 view .LVU117
 322 00ce 4FF48063 		mov	r3, #1024
 323 00d2 0361     		str	r3, [r0, #16]
 125:Core/Src/spi.c ****     hdma_spi2_rx.Init.MemDataAlignment = DMA_MDATAALIGN_BYTE;
 324              		.loc 1 125 5 is_stmt 1 view .LVU118
 125:Core/Src/spi.c ****     hdma_spi2_rx.Init.MemDataAlignment = DMA_MDATAALIGN_BYTE;
 325              		.loc 1 125 43 is_stmt 0 view .LVU119
 326 00d4 4561     		str	r5, [r0, #20]
 126:Core/Src/spi.c ****     hdma_spi2_rx.Init.Mode = DMA_NORMAL;
 327              		.loc 1 126 5 is_stmt 1 view .LVU120
 126:Core/Src/spi.c ****     hdma_spi2_rx.Init.Mode = DMA_NORMAL;
 328              		.loc 1 126 40 is_stmt 0 view .LVU121
 329 00d6 8561     		str	r5, [r0, #24]
 127:Core/Src/spi.c ****     hdma_spi2_rx.Init.Priority = DMA_PRIORITY_VERY_HIGH;
 330              		.loc 1 127 5 is_stmt 1 view .LVU122
 127:Core/Src/spi.c ****     hdma_spi2_rx.Init.Priority = DMA_PRIORITY_VERY_HIGH;
 331              		.loc 1 127 28 is_stmt 0 view .LVU123
 332 00d8 C561     		str	r5, [r0, #28]
 128:Core/Src/spi.c ****     hdma_spi2_rx.Init.FIFOMode = DMA_FIFOMODE_DISABLE;
 333              		.loc 1 128 5 is_stmt 1 view .LVU124
 128:Core/Src/spi.c ****     hdma_spi2_rx.Init.FIFOMode = DMA_FIFOMODE_DISABLE;
 334              		.loc 1 128 32 is_stmt 0 view .LVU125
 335 00da 4FF44033 		mov	r3, #196608
 336 00de 0362     		str	r3, [r0, #32]
 129:Core/Src/spi.c ****     if (HAL_DMA_Init(&hdma_spi2_rx) != HAL_OK)
 337              		.loc 1 129 5 is_stmt 1 view .LVU126
 129:Core/Src/spi.c ****     if (HAL_DMA_Init(&hdma_spi2_rx) != HAL_OK)
 338              		.loc 1 129 32 is_stmt 0 view .LVU127
 339 00e0 4562     		str	r5, [r0, #36]
 130:Core/Src/spi.c ****     {
 340              		.loc 1 130 5 is_stmt 1 view .LVU128
 130:Core/Src/spi.c ****     {
 341              		.loc 1 130 9 is_stmt 0 view .LVU129
 342 00e2 FFF7FEFF 		bl	HAL_DMA_Init
ARM GAS  D:\temp\TMP\ccXp8iKt.s 			page 11


 343              	.LVL9:
 130:Core/Src/spi.c ****     {
 344              		.loc 1 130 8 view .LVU130
 345 00e6 38BB     		cbnz	r0, .L15
 346              	.L10:
 135:Core/Src/spi.c **** 
 347              		.loc 1 135 5 is_stmt 1 view .LVU131
 135:Core/Src/spi.c **** 
 348              		.loc 1 135 5 view .LVU132
 349 00e8 1A4B     		ldr	r3, .L17+16
 350 00ea E367     		str	r3, [r4, #124]
 135:Core/Src/spi.c **** 
 351              		.loc 1 135 5 view .LVU133
 352 00ec 9C63     		str	r4, [r3, #56]
 135:Core/Src/spi.c **** 
 353              		.loc 1 135 5 view .LVU134
 138:Core/Src/spi.c ****     hdma_spi2_tx.Init.Request = DMA_REQUEST_SPI2_TX;
 354              		.loc 1 138 5 view .LVU135
 138:Core/Src/spi.c ****     hdma_spi2_tx.Init.Request = DMA_REQUEST_SPI2_TX;
 355              		.loc 1 138 27 is_stmt 0 view .LVU136
 356 00ee 1B48     		ldr	r0, .L17+24
 357 00f0 1B4B     		ldr	r3, .L17+28
 358 00f2 0360     		str	r3, [r0]
 139:Core/Src/spi.c ****     hdma_spi2_tx.Init.Direction = DMA_MEMORY_TO_PERIPH;
 359              		.loc 1 139 5 is_stmt 1 view .LVU137
 139:Core/Src/spi.c ****     hdma_spi2_tx.Init.Direction = DMA_MEMORY_TO_PERIPH;
 360              		.loc 1 139 31 is_stmt 0 view .LVU138
 361 00f4 2823     		movs	r3, #40
 362 00f6 4360     		str	r3, [r0, #4]
 140:Core/Src/spi.c ****     hdma_spi2_tx.Init.PeriphInc = DMA_PINC_DISABLE;
 363              		.loc 1 140 5 is_stmt 1 view .LVU139
 140:Core/Src/spi.c ****     hdma_spi2_tx.Init.PeriphInc = DMA_PINC_DISABLE;
 364              		.loc 1 140 33 is_stmt 0 view .LVU140
 365 00f8 4023     		movs	r3, #64
 366 00fa 8360     		str	r3, [r0, #8]
 141:Core/Src/spi.c ****     hdma_spi2_tx.Init.MemInc = DMA_MINC_ENABLE;
 367              		.loc 1 141 5 is_stmt 1 view .LVU141
 141:Core/Src/spi.c ****     hdma_spi2_tx.Init.MemInc = DMA_MINC_ENABLE;
 368              		.loc 1 141 33 is_stmt 0 view .LVU142
 369 00fc 0023     		movs	r3, #0
 370 00fe C360     		str	r3, [r0, #12]
 142:Core/Src/spi.c ****     hdma_spi2_tx.Init.PeriphDataAlignment = DMA_PDATAALIGN_BYTE;
 371              		.loc 1 142 5 is_stmt 1 view .LVU143
 142:Core/Src/spi.c ****     hdma_spi2_tx.Init.PeriphDataAlignment = DMA_PDATAALIGN_BYTE;
 372              		.loc 1 142 30 is_stmt 0 view .LVU144
 373 0100 4FF48062 		mov	r2, #1024
 374 0104 0261     		str	r2, [r0, #16]
 143:Core/Src/spi.c ****     hdma_spi2_tx.Init.MemDataAlignment = DMA_MDATAALIGN_BYTE;
 375              		.loc 1 143 5 is_stmt 1 view .LVU145
 143:Core/Src/spi.c ****     hdma_spi2_tx.Init.MemDataAlignment = DMA_MDATAALIGN_BYTE;
 376              		.loc 1 143 43 is_stmt 0 view .LVU146
 377 0106 4361     		str	r3, [r0, #20]
 144:Core/Src/spi.c ****     hdma_spi2_tx.Init.Mode = DMA_NORMAL;
 378              		.loc 1 144 5 is_stmt 1 view .LVU147
 144:Core/Src/spi.c ****     hdma_spi2_tx.Init.Mode = DMA_NORMAL;
 379              		.loc 1 144 40 is_stmt 0 view .LVU148
 380 0108 8361     		str	r3, [r0, #24]
ARM GAS  D:\temp\TMP\ccXp8iKt.s 			page 12


 145:Core/Src/spi.c ****     hdma_spi2_tx.Init.Priority = DMA_PRIORITY_HIGH;
 381              		.loc 1 145 5 is_stmt 1 view .LVU149
 145:Core/Src/spi.c ****     hdma_spi2_tx.Init.Priority = DMA_PRIORITY_HIGH;
 382              		.loc 1 145 28 is_stmt 0 view .LVU150
 383 010a C361     		str	r3, [r0, #28]
 146:Core/Src/spi.c ****     hdma_spi2_tx.Init.FIFOMode = DMA_FIFOMODE_DISABLE;
 384              		.loc 1 146 5 is_stmt 1 view .LVU151
 146:Core/Src/spi.c ****     hdma_spi2_tx.Init.FIFOMode = DMA_FIFOMODE_DISABLE;
 385              		.loc 1 146 32 is_stmt 0 view .LVU152
 386 010c 4FF40032 		mov	r2, #131072
 387 0110 0262     		str	r2, [r0, #32]
 147:Core/Src/spi.c ****     if (HAL_DMA_Init(&hdma_spi2_tx) != HAL_OK)
 388              		.loc 1 147 5 is_stmt 1 view .LVU153
 147:Core/Src/spi.c ****     if (HAL_DMA_Init(&hdma_spi2_tx) != HAL_OK)
 389              		.loc 1 147 32 is_stmt 0 view .LVU154
 390 0112 4362     		str	r3, [r0, #36]
 148:Core/Src/spi.c ****     {
 391              		.loc 1 148 5 is_stmt 1 view .LVU155
 148:Core/Src/spi.c ****     {
 392              		.loc 1 148 9 is_stmt 0 view .LVU156
 393 0114 FFF7FEFF 		bl	HAL_DMA_Init
 394              	.LVL10:
 148:Core/Src/spi.c ****     {
 395              		.loc 1 148 8 view .LVU157
 396 0118 88B9     		cbnz	r0, .L16
 397              	.L11:
 153:Core/Src/spi.c **** 
 398              		.loc 1 153 5 is_stmt 1 view .LVU158
 153:Core/Src/spi.c **** 
 399              		.loc 1 153 5 view .LVU159
 400 011a 104B     		ldr	r3, .L17+24
 401 011c A367     		str	r3, [r4, #120]
 153:Core/Src/spi.c **** 
 402              		.loc 1 153 5 view .LVU160
 403 011e 9C63     		str	r4, [r3, #56]
 153:Core/Src/spi.c **** 
 404              		.loc 1 153 5 view .LVU161
 156:Core/Src/spi.c ****     HAL_NVIC_EnableIRQ(SPI2_IRQn);
 405              		.loc 1 156 5 view .LVU162
 406 0120 0022     		movs	r2, #0
 407 0122 0521     		movs	r1, #5
 408 0124 2420     		movs	r0, #36
 409 0126 FFF7FEFF 		bl	HAL_NVIC_SetPriority
 410              	.LVL11:
 157:Core/Src/spi.c ****   /* USER CODE BEGIN SPI2_MspInit 1 */
 411              		.loc 1 157 5 view .LVU163
 412 012a 2420     		movs	r0, #36
 413 012c FFF7FEFF 		bl	HAL_NVIC_EnableIRQ
 414              	.LVL12:
 415              		.loc 1 162 1 is_stmt 0 view .LVU164
 416 0130 78E7     		b	.L7
 417              	.L14:
  91:Core/Src/spi.c ****     }
 418              		.loc 1 91 7 is_stmt 1 view .LVU165
 419 0132 FFF7FEFF 		bl	Error_Handler
 420              	.LVL13:
 421 0136 82E7     		b	.L9
ARM GAS  D:\temp\TMP\ccXp8iKt.s 			page 13


 422              	.L15:
 132:Core/Src/spi.c ****     }
 423              		.loc 1 132 7 view .LVU166
 424 0138 FFF7FEFF 		bl	Error_Handler
 425              	.LVL14:
 426 013c D4E7     		b	.L10
 427              	.L16:
 150:Core/Src/spi.c ****     }
 428              		.loc 1 150 7 view .LVU167
 429 013e FFF7FEFF 		bl	Error_Handler
 430              	.LVL15:
 431 0142 EAE7     		b	.L11
 432              	.L18:
 433              		.align	2
 434              	.L17:
 435 0144 00380040 		.word	1073756160
 436 0148 00440258 		.word	1476543488
 437 014c 00080258 		.word	1476528128
 438 0150 00040258 		.word	1476527104
 439 0154 00000000 		.word	.LANCHOR1
 440 0158 40000240 		.word	1073872960
 441 015c 00000000 		.word	.LANCHOR2
 442 0160 28000240 		.word	1073872936
 443              		.cfi_endproc
 444              	.LFE145:
 446              		.section	.text.HAL_SPI_MspDeInit,"ax",%progbits
 447              		.align	1
 448              		.global	HAL_SPI_MspDeInit
 449              		.syntax unified
 450              		.thumb
 451              		.thumb_func
 453              	HAL_SPI_MspDeInit:
 454              	.LVL16:
 455              	.LFB146:
 163:Core/Src/spi.c **** 
 164:Core/Src/spi.c **** void HAL_SPI_MspDeInit(SPI_HandleTypeDef* spiHandle)
 165:Core/Src/spi.c **** {
 456              		.loc 1 165 1 view -0
 457              		.cfi_startproc
 458              		@ args = 0, pretend = 0, frame = 0
 459              		@ frame_needed = 0, uses_anonymous_args = 0
 166:Core/Src/spi.c **** 
 167:Core/Src/spi.c ****   if(spiHandle->Instance==SPI2)
 460              		.loc 1 167 3 view .LVU169
 461              		.loc 1 167 15 is_stmt 0 view .LVU170
 462 0000 0268     		ldr	r2, [r0]
 463              		.loc 1 167 5 view .LVU171
 464 0002 104B     		ldr	r3, .L26
 465 0004 9A42     		cmp	r2, r3
 466 0006 00D0     		beq	.L25
 467 0008 7047     		bx	lr
 468              	.L25:
 165:Core/Src/spi.c **** 
 469              		.loc 1 165 1 view .LVU172
 470 000a 10B5     		push	{r4, lr}
 471              	.LCFI5:
 472              		.cfi_def_cfa_offset 8
ARM GAS  D:\temp\TMP\ccXp8iKt.s 			page 14


 473              		.cfi_offset 4, -8
 474              		.cfi_offset 14, -4
 475 000c 0446     		mov	r4, r0
 168:Core/Src/spi.c ****   {
 169:Core/Src/spi.c ****   /* USER CODE BEGIN SPI2_MspDeInit 0 */
 170:Core/Src/spi.c **** 
 171:Core/Src/spi.c ****   /* USER CODE END SPI2_MspDeInit 0 */
 172:Core/Src/spi.c ****     /* Peripheral clock disable */
 173:Core/Src/spi.c ****     __HAL_RCC_SPI2_CLK_DISABLE();
 476              		.loc 1 173 5 is_stmt 1 view .LVU173
 477 000e 0E4A     		ldr	r2, .L26+4
 478 0010 D2F8E830 		ldr	r3, [r2, #232]
 479 0014 23F48043 		bic	r3, r3, #16384
 480 0018 C2F8E830 		str	r3, [r2, #232]
 174:Core/Src/spi.c **** 
 175:Core/Src/spi.c ****     /**SPI2 GPIO Configuration
 176:Core/Src/spi.c ****     PC1     ------> SPI2_MOSI
 177:Core/Src/spi.c ****     PC2_C     ------> SPI2_MISO
 178:Core/Src/spi.c ****     PB13     ------> SPI2_SCK
 179:Core/Src/spi.c ****     */
 180:Core/Src/spi.c ****     HAL_GPIO_DeInit(GPIOC, GPIO_PIN_1|GPIO_PIN_2);
 481              		.loc 1 180 5 view .LVU174
 482 001c 0621     		movs	r1, #6
 483 001e 0B48     		ldr	r0, .L26+8
 484              	.LVL17:
 485              		.loc 1 180 5 is_stmt 0 view .LVU175
 486 0020 FFF7FEFF 		bl	HAL_GPIO_DeInit
 487              	.LVL18:
 181:Core/Src/spi.c **** 
 182:Core/Src/spi.c ****     HAL_GPIO_DeInit(GPIOB, GPIO_PIN_13);
 488              		.loc 1 182 5 is_stmt 1 view .LVU176
 489 0024 4FF40051 		mov	r1, #8192
 490 0028 0948     		ldr	r0, .L26+12
 491 002a FFF7FEFF 		bl	HAL_GPIO_DeInit
 492              	.LVL19:
 183:Core/Src/spi.c **** 
 184:Core/Src/spi.c ****     /* SPI2 DMA DeInit */
 185:Core/Src/spi.c ****     HAL_DMA_DeInit(spiHandle->hdmarx);
 493              		.loc 1 185 5 view .LVU177
 494 002e E06F     		ldr	r0, [r4, #124]
 495 0030 FFF7FEFF 		bl	HAL_DMA_DeInit
 496              	.LVL20:
 186:Core/Src/spi.c ****     HAL_DMA_DeInit(spiHandle->hdmatx);
 497              		.loc 1 186 5 view .LVU178
 498 0034 A06F     		ldr	r0, [r4, #120]
 499 0036 FFF7FEFF 		bl	HAL_DMA_DeInit
 500              	.LVL21:
 187:Core/Src/spi.c **** 
 188:Core/Src/spi.c ****     /* SPI2 interrupt Deinit */
 189:Core/Src/spi.c ****     HAL_NVIC_DisableIRQ(SPI2_IRQn);
 501              		.loc 1 189 5 view .LVU179
 502 003a 2420     		movs	r0, #36
 503 003c FFF7FEFF 		bl	HAL_NVIC_DisableIRQ
 504              	.LVL22:
 190:Core/Src/spi.c ****   /* USER CODE BEGIN SPI2_MspDeInit 1 */
 191:Core/Src/spi.c **** 
 192:Core/Src/spi.c ****   /* USER CODE END SPI2_MspDeInit 1 */
ARM GAS  D:\temp\TMP\ccXp8iKt.s 			page 15


 193:Core/Src/spi.c ****   }
 194:Core/Src/spi.c **** }
 505              		.loc 1 194 1 is_stmt 0 view .LVU180
 506 0040 10BD     		pop	{r4, pc}
 507              	.LVL23:
 508              	.L27:
 509              		.loc 1 194 1 view .LVU181
 510 0042 00BF     		.align	2
 511              	.L26:
 512 0044 00380040 		.word	1073756160
 513 0048 00440258 		.word	1476543488
 514 004c 00080258 		.word	1476528128
 515 0050 00040258 		.word	1476527104
 516              		.cfi_endproc
 517              	.LFE146:
 519              		.global	hdma_spi2_tx
 520              		.global	hdma_spi2_rx
 521              		.global	hspi2
 522              		.section	.bss.hdma_spi2_rx,"aw",%nobits
 523              		.align	2
 524              		.set	.LANCHOR1,. + 0
 527              	hdma_spi2_rx:
 528 0000 00000000 		.space	120
 528      00000000 
 528      00000000 
 528      00000000 
 528      00000000 
 529              		.section	.bss.hdma_spi2_tx,"aw",%nobits
 530              		.align	2
 531              		.set	.LANCHOR2,. + 0
 534              	hdma_spi2_tx:
 535 0000 00000000 		.space	120
 535      00000000 
 535      00000000 
 535      00000000 
 535      00000000 
 536              		.section	.bss.hspi2,"aw",%nobits
 537              		.align	2
 538              		.set	.LANCHOR0,. + 0
 541              	hspi2:
 542 0000 00000000 		.space	136
 542      00000000 
 542      00000000 
 542      00000000 
 542      00000000 
 543              		.text
 544              	.Letext0:
 545              		.file 2 "d:\\vs_stm32\\gcc-arm-2021\\2021.10\\arm-none-eabi\\include\\machine\\_default_types.h"
 546              		.file 3 "d:\\vs_stm32\\gcc-arm-2021\\2021.10\\arm-none-eabi\\include\\sys\\_stdint.h"
 547              		.file 4 "Drivers/CMSIS/Device/ST/STM32H7xx/Include/stm32h723xx.h"
 548              		.file 5 "Drivers/STM32H7xx_HAL_Driver/Inc/stm32h7xx_hal_def.h"
 549              		.file 6 "Drivers/STM32H7xx_HAL_Driver/Inc/stm32h7xx_hal_rcc_ex.h"
 550              		.file 7 "Drivers/STM32H7xx_HAL_Driver/Inc/stm32h7xx_hal_gpio.h"
 551              		.file 8 "Drivers/STM32H7xx_HAL_Driver/Inc/stm32h7xx_hal_dma.h"
 552              		.file 9 "Drivers/STM32H7xx_HAL_Driver/Inc/stm32h7xx_hal_spi.h"
 553              		.file 10 "Core/Inc/spi.h"
 554              		.file 11 "Drivers/STM32H7xx_HAL_Driver/Inc/stm32h7xx_hal_cortex.h"
ARM GAS  D:\temp\TMP\ccXp8iKt.s 			page 16


 555              		.file 12 "Core/Inc/main.h"
 556              		.file 13 "<built-in>"
ARM GAS  D:\temp\TMP\ccXp8iKt.s 			page 17


DEFINED SYMBOLS
                            *ABS*:00000000 spi.c
D:\temp\TMP\ccXp8iKt.s:19     .text.MX_SPI2_Init:00000000 $t
D:\temp\TMP\ccXp8iKt.s:25     .text.MX_SPI2_Init:00000000 MX_SPI2_Init
D:\temp\TMP\ccXp8iKt.s:130    .text.MX_SPI2_Init:00000058 $d
D:\temp\TMP\ccXp8iKt.s:136    .text.HAL_SPI_MspInit:00000000 $t
D:\temp\TMP\ccXp8iKt.s:142    .text.HAL_SPI_MspInit:00000000 HAL_SPI_MspInit
D:\temp\TMP\ccXp8iKt.s:435    .text.HAL_SPI_MspInit:00000144 $d
D:\temp\TMP\ccXp8iKt.s:447    .text.HAL_SPI_MspDeInit:00000000 $t
D:\temp\TMP\ccXp8iKt.s:453    .text.HAL_SPI_MspDeInit:00000000 HAL_SPI_MspDeInit
D:\temp\TMP\ccXp8iKt.s:512    .text.HAL_SPI_MspDeInit:00000044 $d
D:\temp\TMP\ccXp8iKt.s:534    .bss.hdma_spi2_tx:00000000 hdma_spi2_tx
D:\temp\TMP\ccXp8iKt.s:527    .bss.hdma_spi2_rx:00000000 hdma_spi2_rx
D:\temp\TMP\ccXp8iKt.s:541    .bss.hspi2:00000000 hspi2
D:\temp\TMP\ccXp8iKt.s:523    .bss.hdma_spi2_rx:00000000 $d
D:\temp\TMP\ccXp8iKt.s:530    .bss.hdma_spi2_tx:00000000 $d
D:\temp\TMP\ccXp8iKt.s:537    .bss.hspi2:00000000 $d

UNDEFINED SYMBOLS
HAL_SPI_Init
Error_Handler
memset
HAL_RCCEx_PeriphCLKConfig
HAL_GPIO_Init
HAL_DMA_Init
HAL_NVIC_SetPriority
HAL_NVIC_EnableIRQ
HAL_GPIO_DeInit
HAL_DMA_DeInit
HAL_NVIC_DisableIRQ
