ARM GAS  D:\temp\TMP\ccjqO0Sm.s 			page 1


   1              		.cpu cortex-m7
   2              		.arch armv7e-m
   3              		.fpu fpv5-d16
   4              		.eabi_attribute 28, 1
   5              		.eabi_attribute 20, 1
   6              		.eabi_attribute 21, 1
   7              		.eabi_attribute 23, 3
   8              		.eabi_attribute 24, 1
   9              		.eabi_attribute 25, 1
  10              		.eabi_attribute 26, 1
  11              		.eabi_attribute 30, 1
  12              		.eabi_attribute 34, 1
  13              		.eabi_attribute 18, 4
  14              		.file	"stm32h7xx_it.c"
  15              		.text
  16              	.Ltext0:
  17              		.cfi_sections	.debug_frame
  18              		.section	.text.NMI_Handler,"ax",%progbits
  19              		.align	1
  20              		.global	NMI_Handler
  21              		.syntax unified
  22              		.thumb
  23              		.thumb_func
  25              	NMI_Handler:
  26              	.LFB144:
  27              		.file 1 "Core/Src/stm32h7xx_it.c"
   1:Core/Src/stm32h7xx_it.c **** /* USER CODE BEGIN Header */
   2:Core/Src/stm32h7xx_it.c **** /**
   3:Core/Src/stm32h7xx_it.c ****   ******************************************************************************
   4:Core/Src/stm32h7xx_it.c ****   * @file    stm32h7xx_it.c
   5:Core/Src/stm32h7xx_it.c ****   * @brief   Interrupt Service Routines.
   6:Core/Src/stm32h7xx_it.c ****   ******************************************************************************
   7:Core/Src/stm32h7xx_it.c ****   * @attention
   8:Core/Src/stm32h7xx_it.c ****   *
   9:Core/Src/stm32h7xx_it.c ****   * Copyright (c) 2025 STMicroelectronics.
  10:Core/Src/stm32h7xx_it.c ****   * All rights reserved.
  11:Core/Src/stm32h7xx_it.c ****   *
  12:Core/Src/stm32h7xx_it.c ****   * This software is licensed under terms that can be found in the LICENSE file
  13:Core/Src/stm32h7xx_it.c ****   * in the root directory of this software component.
  14:Core/Src/stm32h7xx_it.c ****   * If no LICENSE file comes with this software, it is provided AS-IS.
  15:Core/Src/stm32h7xx_it.c ****   *
  16:Core/Src/stm32h7xx_it.c ****   ******************************************************************************
  17:Core/Src/stm32h7xx_it.c ****   */
  18:Core/Src/stm32h7xx_it.c **** /* USER CODE END Header */
  19:Core/Src/stm32h7xx_it.c **** 
  20:Core/Src/stm32h7xx_it.c **** /* Includes ------------------------------------------------------------------*/
  21:Core/Src/stm32h7xx_it.c **** #include "main.h"
  22:Core/Src/stm32h7xx_it.c **** #include "stm32h7xx_it.h"
  23:Core/Src/stm32h7xx_it.c **** /* Private includes ----------------------------------------------------------*/
  24:Core/Src/stm32h7xx_it.c **** /* USER CODE BEGIN Includes */
  25:Core/Src/stm32h7xx_it.c **** /* USER CODE END Includes */
  26:Core/Src/stm32h7xx_it.c **** 
  27:Core/Src/stm32h7xx_it.c **** /* Private typedef -----------------------------------------------------------*/
  28:Core/Src/stm32h7xx_it.c **** /* USER CODE BEGIN TD */
  29:Core/Src/stm32h7xx_it.c **** 
  30:Core/Src/stm32h7xx_it.c **** /* USER CODE END TD */
  31:Core/Src/stm32h7xx_it.c **** 
ARM GAS  D:\temp\TMP\ccjqO0Sm.s 			page 2


  32:Core/Src/stm32h7xx_it.c **** /* Private define ------------------------------------------------------------*/
  33:Core/Src/stm32h7xx_it.c **** /* USER CODE BEGIN PD */
  34:Core/Src/stm32h7xx_it.c **** 
  35:Core/Src/stm32h7xx_it.c **** /* USER CODE END PD */
  36:Core/Src/stm32h7xx_it.c **** 
  37:Core/Src/stm32h7xx_it.c **** /* Private macro -------------------------------------------------------------*/
  38:Core/Src/stm32h7xx_it.c **** /* USER CODE BEGIN PM */
  39:Core/Src/stm32h7xx_it.c **** 
  40:Core/Src/stm32h7xx_it.c **** /* USER CODE END PM */
  41:Core/Src/stm32h7xx_it.c **** 
  42:Core/Src/stm32h7xx_it.c **** /* Private variables ---------------------------------------------------------*/
  43:Core/Src/stm32h7xx_it.c **** /* USER CODE BEGIN PV */
  44:Core/Src/stm32h7xx_it.c **** 
  45:Core/Src/stm32h7xx_it.c **** /* USER CODE END PV */
  46:Core/Src/stm32h7xx_it.c **** 
  47:Core/Src/stm32h7xx_it.c **** /* Private function prototypes -----------------------------------------------*/
  48:Core/Src/stm32h7xx_it.c **** /* USER CODE BEGIN PFP */
  49:Core/Src/stm32h7xx_it.c **** 
  50:Core/Src/stm32h7xx_it.c **** /* USER CODE END PFP */
  51:Core/Src/stm32h7xx_it.c **** 
  52:Core/Src/stm32h7xx_it.c **** /* Private user code ---------------------------------------------------------*/
  53:Core/Src/stm32h7xx_it.c **** /* USER CODE BEGIN 0 */
  54:Core/Src/stm32h7xx_it.c **** 
  55:Core/Src/stm32h7xx_it.c **** /* USER CODE END 0 */
  56:Core/Src/stm32h7xx_it.c **** 
  57:Core/Src/stm32h7xx_it.c **** /* External variables --------------------------------------------------------*/
  58:Core/Src/stm32h7xx_it.c **** extern FDCAN_HandleTypeDef hfdcan1;
  59:Core/Src/stm32h7xx_it.c **** extern FDCAN_HandleTypeDef hfdcan2;
  60:Core/Src/stm32h7xx_it.c **** extern DMA_HandleTypeDef hdma_spi2_rx;
  61:Core/Src/stm32h7xx_it.c **** extern DMA_HandleTypeDef hdma_spi2_tx;
  62:Core/Src/stm32h7xx_it.c **** extern SPI_HandleTypeDef hspi2;
  63:Core/Src/stm32h7xx_it.c **** extern UART_HandleTypeDef huart7;
  64:Core/Src/stm32h7xx_it.c **** extern TIM_HandleTypeDef htim2;
  65:Core/Src/stm32h7xx_it.c **** 
  66:Core/Src/stm32h7xx_it.c **** /* USER CODE BEGIN EV */
  67:Core/Src/stm32h7xx_it.c **** 
  68:Core/Src/stm32h7xx_it.c **** /* USER CODE END EV */
  69:Core/Src/stm32h7xx_it.c **** 
  70:Core/Src/stm32h7xx_it.c **** /******************************************************************************/
  71:Core/Src/stm32h7xx_it.c **** /*           Cortex Processor Interruption and Exception Handlers          */
  72:Core/Src/stm32h7xx_it.c **** /******************************************************************************/
  73:Core/Src/stm32h7xx_it.c **** /**
  74:Core/Src/stm32h7xx_it.c ****   * @brief This function handles Non maskable interrupt.
  75:Core/Src/stm32h7xx_it.c ****   */
  76:Core/Src/stm32h7xx_it.c **** void NMI_Handler(void)
  77:Core/Src/stm32h7xx_it.c **** {
  28              		.loc 1 77 1 view -0
  29              		.cfi_startproc
  30              		@ Volatile: function does not return.
  31              		@ args = 0, pretend = 0, frame = 0
  32              		@ frame_needed = 0, uses_anonymous_args = 0
  33              		@ link register save eliminated.
  34              	.L2:
  78:Core/Src/stm32h7xx_it.c ****   /* USER CODE BEGIN NonMaskableInt_IRQn 0 */
  79:Core/Src/stm32h7xx_it.c **** 
  80:Core/Src/stm32h7xx_it.c ****   /* USER CODE END NonMaskableInt_IRQn 0 */
  81:Core/Src/stm32h7xx_it.c ****   /* USER CODE BEGIN NonMaskableInt_IRQn 1 */
ARM GAS  D:\temp\TMP\ccjqO0Sm.s 			page 3


  82:Core/Src/stm32h7xx_it.c ****    while (1)
  35              		.loc 1 82 4 discriminator 1 view .LVU1
  83:Core/Src/stm32h7xx_it.c ****   {
  84:Core/Src/stm32h7xx_it.c ****   }
  36              		.loc 1 84 3 discriminator 1 view .LVU2
  82:Core/Src/stm32h7xx_it.c ****   {
  37              		.loc 1 82 10 discriminator 1 view .LVU3
  38 0000 FEE7     		b	.L2
  39              		.cfi_endproc
  40              	.LFE144:
  42              		.section	.text.HardFault_Handler,"ax",%progbits
  43              		.align	1
  44              		.global	HardFault_Handler
  45              		.syntax unified
  46              		.thumb
  47              		.thumb_func
  49              	HardFault_Handler:
  50              	.LFB145:
  85:Core/Src/stm32h7xx_it.c ****   /* USER CODE END NonMaskableInt_IRQn 1 */
  86:Core/Src/stm32h7xx_it.c **** }
  87:Core/Src/stm32h7xx_it.c **** 
  88:Core/Src/stm32h7xx_it.c **** /**
  89:Core/Src/stm32h7xx_it.c ****   * @brief This function handles Hard fault interrupt.
  90:Core/Src/stm32h7xx_it.c ****   */
  91:Core/Src/stm32h7xx_it.c **** void HardFault_Handler(void)
  92:Core/Src/stm32h7xx_it.c **** {
  51              		.loc 1 92 1 view -0
  52              		.cfi_startproc
  53              		@ Volatile: function does not return.
  54              		@ args = 0, pretend = 0, frame = 0
  55              		@ frame_needed = 0, uses_anonymous_args = 0
  56              		@ link register save eliminated.
  57              	.L4:
  93:Core/Src/stm32h7xx_it.c ****   /* USER CODE BEGIN HardFault_IRQn 0 */
  94:Core/Src/stm32h7xx_it.c **** 
  95:Core/Src/stm32h7xx_it.c ****   /* USER CODE END HardFault_IRQn 0 */
  96:Core/Src/stm32h7xx_it.c ****   while (1)
  58              		.loc 1 96 3 discriminator 1 view .LVU5
  97:Core/Src/stm32h7xx_it.c ****   {
  98:Core/Src/stm32h7xx_it.c ****     /* USER CODE BEGIN W1_HardFault_IRQn 0 */
  99:Core/Src/stm32h7xx_it.c ****     /* USER CODE END W1_HardFault_IRQn 0 */
 100:Core/Src/stm32h7xx_it.c ****   }
  59              		.loc 1 100 3 discriminator 1 view .LVU6
  96:Core/Src/stm32h7xx_it.c ****   {
  60              		.loc 1 96 9 discriminator 1 view .LVU7
  61 0000 FEE7     		b	.L4
  62              		.cfi_endproc
  63              	.LFE145:
  65              		.section	.text.MemManage_Handler,"ax",%progbits
  66              		.align	1
  67              		.global	MemManage_Handler
  68              		.syntax unified
  69              		.thumb
  70              		.thumb_func
  72              	MemManage_Handler:
  73              	.LFB146:
 101:Core/Src/stm32h7xx_it.c **** }
ARM GAS  D:\temp\TMP\ccjqO0Sm.s 			page 4


 102:Core/Src/stm32h7xx_it.c **** 
 103:Core/Src/stm32h7xx_it.c **** /**
 104:Core/Src/stm32h7xx_it.c ****   * @brief This function handles Memory management fault.
 105:Core/Src/stm32h7xx_it.c ****   */
 106:Core/Src/stm32h7xx_it.c **** void MemManage_Handler(void)
 107:Core/Src/stm32h7xx_it.c **** {
  74              		.loc 1 107 1 view -0
  75              		.cfi_startproc
  76              		@ Volatile: function does not return.
  77              		@ args = 0, pretend = 0, frame = 0
  78              		@ frame_needed = 0, uses_anonymous_args = 0
  79              		@ link register save eliminated.
  80              	.L6:
 108:Core/Src/stm32h7xx_it.c ****   /* USER CODE BEGIN MemoryManagement_IRQn 0 */
 109:Core/Src/stm32h7xx_it.c **** 
 110:Core/Src/stm32h7xx_it.c ****   /* USER CODE END MemoryManagement_IRQn 0 */
 111:Core/Src/stm32h7xx_it.c ****   while (1)
  81              		.loc 1 111 3 discriminator 1 view .LVU9
 112:Core/Src/stm32h7xx_it.c ****   {
 113:Core/Src/stm32h7xx_it.c ****     /* USER CODE BEGIN W1_MemoryManagement_IRQn 0 */
 114:Core/Src/stm32h7xx_it.c ****     /* USER CODE END W1_MemoryManagement_IRQn 0 */
 115:Core/Src/stm32h7xx_it.c ****   }
  82              		.loc 1 115 3 discriminator 1 view .LVU10
 111:Core/Src/stm32h7xx_it.c ****   {
  83              		.loc 1 111 9 discriminator 1 view .LVU11
  84 0000 FEE7     		b	.L6
  85              		.cfi_endproc
  86              	.LFE146:
  88              		.section	.text.BusFault_Handler,"ax",%progbits
  89              		.align	1
  90              		.global	BusFault_Handler
  91              		.syntax unified
  92              		.thumb
  93              		.thumb_func
  95              	BusFault_Handler:
  96              	.LFB147:
 116:Core/Src/stm32h7xx_it.c **** }
 117:Core/Src/stm32h7xx_it.c **** 
 118:Core/Src/stm32h7xx_it.c **** /**
 119:Core/Src/stm32h7xx_it.c ****   * @brief This function handles Pre-fetch fault, memory access fault.
 120:Core/Src/stm32h7xx_it.c ****   */
 121:Core/Src/stm32h7xx_it.c **** void BusFault_Handler(void)
 122:Core/Src/stm32h7xx_it.c **** {
  97              		.loc 1 122 1 view -0
  98              		.cfi_startproc
  99              		@ Volatile: function does not return.
 100              		@ args = 0, pretend = 0, frame = 0
 101              		@ frame_needed = 0, uses_anonymous_args = 0
 102              		@ link register save eliminated.
 103              	.L8:
 123:Core/Src/stm32h7xx_it.c ****   /* USER CODE BEGIN BusFault_IRQn 0 */
 124:Core/Src/stm32h7xx_it.c **** 
 125:Core/Src/stm32h7xx_it.c ****   /* USER CODE END BusFault_IRQn 0 */
 126:Core/Src/stm32h7xx_it.c ****   while (1)
 104              		.loc 1 126 3 discriminator 1 view .LVU13
 127:Core/Src/stm32h7xx_it.c ****   {
 128:Core/Src/stm32h7xx_it.c ****     /* USER CODE BEGIN W1_BusFault_IRQn 0 */
ARM GAS  D:\temp\TMP\ccjqO0Sm.s 			page 5


 129:Core/Src/stm32h7xx_it.c ****     /* USER CODE END W1_BusFault_IRQn 0 */
 130:Core/Src/stm32h7xx_it.c ****   }
 105              		.loc 1 130 3 discriminator 1 view .LVU14
 126:Core/Src/stm32h7xx_it.c ****   {
 106              		.loc 1 126 9 discriminator 1 view .LVU15
 107 0000 FEE7     		b	.L8
 108              		.cfi_endproc
 109              	.LFE147:
 111              		.section	.text.UsageFault_Handler,"ax",%progbits
 112              		.align	1
 113              		.global	UsageFault_Handler
 114              		.syntax unified
 115              		.thumb
 116              		.thumb_func
 118              	UsageFault_Handler:
 119              	.LFB148:
 131:Core/Src/stm32h7xx_it.c **** }
 132:Core/Src/stm32h7xx_it.c **** 
 133:Core/Src/stm32h7xx_it.c **** /**
 134:Core/Src/stm32h7xx_it.c ****   * @brief This function handles Undefined instruction or illegal state.
 135:Core/Src/stm32h7xx_it.c ****   */
 136:Core/Src/stm32h7xx_it.c **** void UsageFault_Handler(void)
 137:Core/Src/stm32h7xx_it.c **** {
 120              		.loc 1 137 1 view -0
 121              		.cfi_startproc
 122              		@ Volatile: function does not return.
 123              		@ args = 0, pretend = 0, frame = 0
 124              		@ frame_needed = 0, uses_anonymous_args = 0
 125              		@ link register save eliminated.
 126              	.L10:
 138:Core/Src/stm32h7xx_it.c ****   /* USER CODE BEGIN UsageFault_IRQn 0 */
 139:Core/Src/stm32h7xx_it.c **** 
 140:Core/Src/stm32h7xx_it.c ****   /* USER CODE END UsageFault_IRQn 0 */
 141:Core/Src/stm32h7xx_it.c ****   while (1)
 127              		.loc 1 141 3 discriminator 1 view .LVU17
 142:Core/Src/stm32h7xx_it.c ****   {
 143:Core/Src/stm32h7xx_it.c ****     /* USER CODE BEGIN W1_UsageFault_IRQn 0 */
 144:Core/Src/stm32h7xx_it.c ****     /* USER CODE END W1_UsageFault_IRQn 0 */
 145:Core/Src/stm32h7xx_it.c ****   }
 128              		.loc 1 145 3 discriminator 1 view .LVU18
 141:Core/Src/stm32h7xx_it.c ****   {
 129              		.loc 1 141 9 discriminator 1 view .LVU19
 130 0000 FEE7     		b	.L10
 131              		.cfi_endproc
 132              	.LFE148:
 134              		.section	.text.DebugMon_Handler,"ax",%progbits
 135              		.align	1
 136              		.global	DebugMon_Handler
 137              		.syntax unified
 138              		.thumb
 139              		.thumb_func
 141              	DebugMon_Handler:
 142              	.LFB149:
 146:Core/Src/stm32h7xx_it.c **** }
 147:Core/Src/stm32h7xx_it.c **** 
 148:Core/Src/stm32h7xx_it.c **** /**
 149:Core/Src/stm32h7xx_it.c ****   * @brief This function handles Debug monitor.
ARM GAS  D:\temp\TMP\ccjqO0Sm.s 			page 6


 150:Core/Src/stm32h7xx_it.c ****   */
 151:Core/Src/stm32h7xx_it.c **** void DebugMon_Handler(void)
 152:Core/Src/stm32h7xx_it.c **** {
 143              		.loc 1 152 1 view -0
 144              		.cfi_startproc
 145              		@ args = 0, pretend = 0, frame = 0
 146              		@ frame_needed = 0, uses_anonymous_args = 0
 147              		@ link register save eliminated.
 153:Core/Src/stm32h7xx_it.c ****   /* USER CODE BEGIN DebugMonitor_IRQn 0 */
 154:Core/Src/stm32h7xx_it.c **** 
 155:Core/Src/stm32h7xx_it.c ****   /* USER CODE END DebugMonitor_IRQn 0 */
 156:Core/Src/stm32h7xx_it.c ****   /* USER CODE BEGIN DebugMonitor_IRQn 1 */
 157:Core/Src/stm32h7xx_it.c **** 
 158:Core/Src/stm32h7xx_it.c ****   /* USER CODE END DebugMonitor_IRQn 1 */
 159:Core/Src/stm32h7xx_it.c **** }
 148              		.loc 1 159 1 view .LVU21
 149 0000 7047     		bx	lr
 150              		.cfi_endproc
 151              	.LFE149:
 153              		.section	.text.DMA1_Stream0_IRQHandler,"ax",%progbits
 154              		.align	1
 155              		.global	DMA1_Stream0_IRQHandler
 156              		.syntax unified
 157              		.thumb
 158              		.thumb_func
 160              	DMA1_Stream0_IRQHandler:
 161              	.LFB150:
 160:Core/Src/stm32h7xx_it.c **** 
 161:Core/Src/stm32h7xx_it.c **** /******************************************************************************/
 162:Core/Src/stm32h7xx_it.c **** /* STM32H7xx Peripheral Interrupt Handlers                                    */
 163:Core/Src/stm32h7xx_it.c **** /* Add here the Interrupt Handlers for the used peripherals.                  */
 164:Core/Src/stm32h7xx_it.c **** /* For the available peripheral interrupt handler names,                      */
 165:Core/Src/stm32h7xx_it.c **** /* please refer to the startup file (startup_stm32h7xx.s).                    */
 166:Core/Src/stm32h7xx_it.c **** /******************************************************************************/
 167:Core/Src/stm32h7xx_it.c **** 
 168:Core/Src/stm32h7xx_it.c **** /**
 169:Core/Src/stm32h7xx_it.c ****   * @brief This function handles DMA1 stream0 global interrupt.
 170:Core/Src/stm32h7xx_it.c ****   */
 171:Core/Src/stm32h7xx_it.c **** void DMA1_Stream0_IRQHandler(void)
 172:Core/Src/stm32h7xx_it.c **** {
 162              		.loc 1 172 1 view -0
 163              		.cfi_startproc
 164              		@ args = 0, pretend = 0, frame = 0
 165              		@ frame_needed = 0, uses_anonymous_args = 0
 166 0000 08B5     		push	{r3, lr}
 167              	.LCFI0:
 168              		.cfi_def_cfa_offset 8
 169              		.cfi_offset 3, -8
 170              		.cfi_offset 14, -4
 173:Core/Src/stm32h7xx_it.c ****   /* USER CODE BEGIN DMA1_Stream0_IRQn 0 */
 174:Core/Src/stm32h7xx_it.c **** 
 175:Core/Src/stm32h7xx_it.c ****   /* USER CODE END DMA1_Stream0_IRQn 0 */
 176:Core/Src/stm32h7xx_it.c ****   HAL_DMA_IRQHandler(&hdma_spi2_rx);
 171              		.loc 1 176 3 view .LVU23
 172 0002 0248     		ldr	r0, .L14
 173 0004 FFF7FEFF 		bl	HAL_DMA_IRQHandler
 174              	.LVL0:
ARM GAS  D:\temp\TMP\ccjqO0Sm.s 			page 7


 177:Core/Src/stm32h7xx_it.c ****   /* USER CODE BEGIN DMA1_Stream0_IRQn 1 */
 178:Core/Src/stm32h7xx_it.c **** 
 179:Core/Src/stm32h7xx_it.c ****   /* USER CODE END DMA1_Stream0_IRQn 1 */
 180:Core/Src/stm32h7xx_it.c **** }
 175              		.loc 1 180 1 is_stmt 0 view .LVU24
 176 0008 08BD     		pop	{r3, pc}
 177              	.L15:
 178 000a 00BF     		.align	2
 179              	.L14:
 180 000c 00000000 		.word	hdma_spi2_rx
 181              		.cfi_endproc
 182              	.LFE150:
 184              		.section	.text.DMA1_Stream1_IRQHandler,"ax",%progbits
 185              		.align	1
 186              		.global	DMA1_Stream1_IRQHandler
 187              		.syntax unified
 188              		.thumb
 189              		.thumb_func
 191              	DMA1_Stream1_IRQHandler:
 192              	.LFB151:
 181:Core/Src/stm32h7xx_it.c **** 
 182:Core/Src/stm32h7xx_it.c **** /**
 183:Core/Src/stm32h7xx_it.c ****   * @brief This function handles DMA1 stream1 global interrupt.
 184:Core/Src/stm32h7xx_it.c ****   */
 185:Core/Src/stm32h7xx_it.c **** void DMA1_Stream1_IRQHandler(void)
 186:Core/Src/stm32h7xx_it.c **** {
 193              		.loc 1 186 1 is_stmt 1 view -0
 194              		.cfi_startproc
 195              		@ args = 0, pretend = 0, frame = 0
 196              		@ frame_needed = 0, uses_anonymous_args = 0
 197 0000 08B5     		push	{r3, lr}
 198              	.LCFI1:
 199              		.cfi_def_cfa_offset 8
 200              		.cfi_offset 3, -8
 201              		.cfi_offset 14, -4
 187:Core/Src/stm32h7xx_it.c ****   /* USER CODE BEGIN DMA1_Stream1_IRQn 0 */
 188:Core/Src/stm32h7xx_it.c **** 
 189:Core/Src/stm32h7xx_it.c ****   /* USER CODE END DMA1_Stream1_IRQn 0 */
 190:Core/Src/stm32h7xx_it.c ****   HAL_DMA_IRQHandler(&hdma_spi2_tx);
 202              		.loc 1 190 3 view .LVU26
 203 0002 0248     		ldr	r0, .L18
 204 0004 FFF7FEFF 		bl	HAL_DMA_IRQHandler
 205              	.LVL1:
 191:Core/Src/stm32h7xx_it.c ****   /* USER CODE BEGIN DMA1_Stream1_IRQn 1 */
 192:Core/Src/stm32h7xx_it.c **** 
 193:Core/Src/stm32h7xx_it.c ****   /* USER CODE END DMA1_Stream1_IRQn 1 */
 194:Core/Src/stm32h7xx_it.c **** }
 206              		.loc 1 194 1 is_stmt 0 view .LVU27
 207 0008 08BD     		pop	{r3, pc}
 208              	.L19:
 209 000a 00BF     		.align	2
 210              	.L18:
 211 000c 00000000 		.word	hdma_spi2_tx
 212              		.cfi_endproc
 213              	.LFE151:
 215              		.section	.text.FDCAN1_IT0_IRQHandler,"ax",%progbits
 216              		.align	1
ARM GAS  D:\temp\TMP\ccjqO0Sm.s 			page 8


 217              		.global	FDCAN1_IT0_IRQHandler
 218              		.syntax unified
 219              		.thumb
 220              		.thumb_func
 222              	FDCAN1_IT0_IRQHandler:
 223              	.LFB152:
 195:Core/Src/stm32h7xx_it.c **** 
 196:Core/Src/stm32h7xx_it.c **** /**
 197:Core/Src/stm32h7xx_it.c ****   * @brief This function handles FDCAN1 interrupt 0.
 198:Core/Src/stm32h7xx_it.c ****   */
 199:Core/Src/stm32h7xx_it.c **** void FDCAN1_IT0_IRQHandler(void)
 200:Core/Src/stm32h7xx_it.c **** {
 224              		.loc 1 200 1 is_stmt 1 view -0
 225              		.cfi_startproc
 226              		@ args = 0, pretend = 0, frame = 0
 227              		@ frame_needed = 0, uses_anonymous_args = 0
 228 0000 08B5     		push	{r3, lr}
 229              	.LCFI2:
 230              		.cfi_def_cfa_offset 8
 231              		.cfi_offset 3, -8
 232              		.cfi_offset 14, -4
 201:Core/Src/stm32h7xx_it.c ****   /* USER CODE BEGIN FDCAN1_IT0_IRQn 0 */
 202:Core/Src/stm32h7xx_it.c **** 
 203:Core/Src/stm32h7xx_it.c ****   /* USER CODE END FDCAN1_IT0_IRQn 0 */
 204:Core/Src/stm32h7xx_it.c ****   HAL_FDCAN_IRQHandler(&hfdcan1);
 233              		.loc 1 204 3 view .LVU29
 234 0002 0248     		ldr	r0, .L22
 235 0004 FFF7FEFF 		bl	HAL_FDCAN_IRQHandler
 236              	.LVL2:
 205:Core/Src/stm32h7xx_it.c ****   /* USER CODE BEGIN FDCAN1_IT0_IRQn 1 */
 206:Core/Src/stm32h7xx_it.c **** 
 207:Core/Src/stm32h7xx_it.c ****   /* USER CODE END FDCAN1_IT0_IRQn 1 */
 208:Core/Src/stm32h7xx_it.c **** }
 237              		.loc 1 208 1 is_stmt 0 view .LVU30
 238 0008 08BD     		pop	{r3, pc}
 239              	.L23:
 240 000a 00BF     		.align	2
 241              	.L22:
 242 000c 00000000 		.word	hfdcan1
 243              		.cfi_endproc
 244              	.LFE152:
 246              		.section	.text.FDCAN2_IT0_IRQHandler,"ax",%progbits
 247              		.align	1
 248              		.global	FDCAN2_IT0_IRQHandler
 249              		.syntax unified
 250              		.thumb
 251              		.thumb_func
 253              	FDCAN2_IT0_IRQHandler:
 254              	.LFB153:
 209:Core/Src/stm32h7xx_it.c **** 
 210:Core/Src/stm32h7xx_it.c **** /**
 211:Core/Src/stm32h7xx_it.c ****   * @brief This function handles FDCAN2 interrupt 0.
 212:Core/Src/stm32h7xx_it.c ****   */
 213:Core/Src/stm32h7xx_it.c **** void FDCAN2_IT0_IRQHandler(void)
 214:Core/Src/stm32h7xx_it.c **** {
 255              		.loc 1 214 1 is_stmt 1 view -0
 256              		.cfi_startproc
ARM GAS  D:\temp\TMP\ccjqO0Sm.s 			page 9


 257              		@ args = 0, pretend = 0, frame = 0
 258              		@ frame_needed = 0, uses_anonymous_args = 0
 259 0000 08B5     		push	{r3, lr}
 260              	.LCFI3:
 261              		.cfi_def_cfa_offset 8
 262              		.cfi_offset 3, -8
 263              		.cfi_offset 14, -4
 215:Core/Src/stm32h7xx_it.c ****   /* USER CODE BEGIN FDCAN2_IT0_IRQn 0 */
 216:Core/Src/stm32h7xx_it.c **** 
 217:Core/Src/stm32h7xx_it.c ****   /* USER CODE END FDCAN2_IT0_IRQn 0 */
 218:Core/Src/stm32h7xx_it.c ****   HAL_FDCAN_IRQHandler(&hfdcan2);
 264              		.loc 1 218 3 view .LVU32
 265 0002 0248     		ldr	r0, .L26
 266 0004 FFF7FEFF 		bl	HAL_FDCAN_IRQHandler
 267              	.LVL3:
 219:Core/Src/stm32h7xx_it.c ****   /* USER CODE BEGIN FDCAN2_IT0_IRQn 1 */
 220:Core/Src/stm32h7xx_it.c **** 
 221:Core/Src/stm32h7xx_it.c ****   /* USER CODE END FDCAN2_IT0_IRQn 1 */
 222:Core/Src/stm32h7xx_it.c **** }
 268              		.loc 1 222 1 is_stmt 0 view .LVU33
 269 0008 08BD     		pop	{r3, pc}
 270              	.L27:
 271 000a 00BF     		.align	2
 272              	.L26:
 273 000c 00000000 		.word	hfdcan2
 274              		.cfi_endproc
 275              	.LFE153:
 277              		.section	.text.FDCAN1_IT1_IRQHandler,"ax",%progbits
 278              		.align	1
 279              		.global	FDCAN1_IT1_IRQHandler
 280              		.syntax unified
 281              		.thumb
 282              		.thumb_func
 284              	FDCAN1_IT1_IRQHandler:
 285              	.LFB154:
 223:Core/Src/stm32h7xx_it.c **** 
 224:Core/Src/stm32h7xx_it.c **** /**
 225:Core/Src/stm32h7xx_it.c ****   * @brief This function handles FDCAN1 interrupt 1.
 226:Core/Src/stm32h7xx_it.c ****   */
 227:Core/Src/stm32h7xx_it.c **** void FDCAN1_IT1_IRQHandler(void)
 228:Core/Src/stm32h7xx_it.c **** {
 286              		.loc 1 228 1 is_stmt 1 view -0
 287              		.cfi_startproc
 288              		@ args = 0, pretend = 0, frame = 0
 289              		@ frame_needed = 0, uses_anonymous_args = 0
 290 0000 08B5     		push	{r3, lr}
 291              	.LCFI4:
 292              		.cfi_def_cfa_offset 8
 293              		.cfi_offset 3, -8
 294              		.cfi_offset 14, -4
 229:Core/Src/stm32h7xx_it.c ****   /* USER CODE BEGIN FDCAN1_IT1_IRQn 0 */
 230:Core/Src/stm32h7xx_it.c **** 
 231:Core/Src/stm32h7xx_it.c ****   /* USER CODE END FDCAN1_IT1_IRQn 0 */
 232:Core/Src/stm32h7xx_it.c ****   HAL_FDCAN_IRQHandler(&hfdcan1);
 295              		.loc 1 232 3 view .LVU35
 296 0002 0248     		ldr	r0, .L30
 297 0004 FFF7FEFF 		bl	HAL_FDCAN_IRQHandler
ARM GAS  D:\temp\TMP\ccjqO0Sm.s 			page 10


 298              	.LVL4:
 233:Core/Src/stm32h7xx_it.c ****   /* USER CODE BEGIN FDCAN1_IT1_IRQn 1 */
 234:Core/Src/stm32h7xx_it.c **** 
 235:Core/Src/stm32h7xx_it.c ****   /* USER CODE END FDCAN1_IT1_IRQn 1 */
 236:Core/Src/stm32h7xx_it.c **** }
 299              		.loc 1 236 1 is_stmt 0 view .LVU36
 300 0008 08BD     		pop	{r3, pc}
 301              	.L31:
 302 000a 00BF     		.align	2
 303              	.L30:
 304 000c 00000000 		.word	hfdcan1
 305              		.cfi_endproc
 306              	.LFE154:
 308              		.section	.text.FDCAN2_IT1_IRQHandler,"ax",%progbits
 309              		.align	1
 310              		.global	FDCAN2_IT1_IRQHandler
 311              		.syntax unified
 312              		.thumb
 313              		.thumb_func
 315              	FDCAN2_IT1_IRQHandler:
 316              	.LFB155:
 237:Core/Src/stm32h7xx_it.c **** 
 238:Core/Src/stm32h7xx_it.c **** /**
 239:Core/Src/stm32h7xx_it.c ****   * @brief This function handles FDCAN2 interrupt 1.
 240:Core/Src/stm32h7xx_it.c ****   */
 241:Core/Src/stm32h7xx_it.c **** void FDCAN2_IT1_IRQHandler(void)
 242:Core/Src/stm32h7xx_it.c **** {
 317              		.loc 1 242 1 is_stmt 1 view -0
 318              		.cfi_startproc
 319              		@ args = 0, pretend = 0, frame = 0
 320              		@ frame_needed = 0, uses_anonymous_args = 0
 321 0000 08B5     		push	{r3, lr}
 322              	.LCFI5:
 323              		.cfi_def_cfa_offset 8
 324              		.cfi_offset 3, -8
 325              		.cfi_offset 14, -4
 243:Core/Src/stm32h7xx_it.c ****   /* USER CODE BEGIN FDCAN2_IT1_IRQn 0 */
 244:Core/Src/stm32h7xx_it.c **** 
 245:Core/Src/stm32h7xx_it.c ****   /* USER CODE END FDCAN2_IT1_IRQn 0 */
 246:Core/Src/stm32h7xx_it.c ****   HAL_FDCAN_IRQHandler(&hfdcan2);
 326              		.loc 1 246 3 view .LVU38
 327 0002 0248     		ldr	r0, .L34
 328 0004 FFF7FEFF 		bl	HAL_FDCAN_IRQHandler
 329              	.LVL5:
 247:Core/Src/stm32h7xx_it.c ****   /* USER CODE BEGIN FDCAN2_IT1_IRQn 1 */
 248:Core/Src/stm32h7xx_it.c **** 
 249:Core/Src/stm32h7xx_it.c ****   /* USER CODE END FDCAN2_IT1_IRQn 1 */
 250:Core/Src/stm32h7xx_it.c **** }
 330              		.loc 1 250 1 is_stmt 0 view .LVU39
 331 0008 08BD     		pop	{r3, pc}
 332              	.L35:
 333 000a 00BF     		.align	2
 334              	.L34:
 335 000c 00000000 		.word	hfdcan2
 336              		.cfi_endproc
 337              	.LFE155:
 339              		.section	.text.TIM2_IRQHandler,"ax",%progbits
ARM GAS  D:\temp\TMP\ccjqO0Sm.s 			page 11


 340              		.align	1
 341              		.global	TIM2_IRQHandler
 342              		.syntax unified
 343              		.thumb
 344              		.thumb_func
 346              	TIM2_IRQHandler:
 347              	.LFB156:
 251:Core/Src/stm32h7xx_it.c **** 
 252:Core/Src/stm32h7xx_it.c **** /**
 253:Core/Src/stm32h7xx_it.c ****   * @brief This function handles TIM2 global interrupt.
 254:Core/Src/stm32h7xx_it.c ****   */
 255:Core/Src/stm32h7xx_it.c **** void TIM2_IRQHandler(void)
 256:Core/Src/stm32h7xx_it.c **** {
 348              		.loc 1 256 1 is_stmt 1 view -0
 349              		.cfi_startproc
 350              		@ args = 0, pretend = 0, frame = 0
 351              		@ frame_needed = 0, uses_anonymous_args = 0
 352 0000 08B5     		push	{r3, lr}
 353              	.LCFI6:
 354              		.cfi_def_cfa_offset 8
 355              		.cfi_offset 3, -8
 356              		.cfi_offset 14, -4
 257:Core/Src/stm32h7xx_it.c ****   /* USER CODE BEGIN TIM2_IRQn 0 */
 258:Core/Src/stm32h7xx_it.c **** 
 259:Core/Src/stm32h7xx_it.c ****   /* USER CODE END TIM2_IRQn 0 */
 260:Core/Src/stm32h7xx_it.c ****   HAL_TIM_IRQHandler(&htim2);
 357              		.loc 1 260 3 view .LVU41
 358 0002 0248     		ldr	r0, .L38
 359 0004 FFF7FEFF 		bl	HAL_TIM_IRQHandler
 360              	.LVL6:
 261:Core/Src/stm32h7xx_it.c ****   /* USER CODE BEGIN TIM2_IRQn 1 */
 262:Core/Src/stm32h7xx_it.c **** 
 263:Core/Src/stm32h7xx_it.c ****   /* USER CODE END TIM2_IRQn 1 */
 264:Core/Src/stm32h7xx_it.c **** }
 361              		.loc 1 264 1 is_stmt 0 view .LVU42
 362 0008 08BD     		pop	{r3, pc}
 363              	.L39:
 364 000a 00BF     		.align	2
 365              	.L38:
 366 000c 00000000 		.word	htim2
 367              		.cfi_endproc
 368              	.LFE156:
 370              		.section	.text.SPI2_IRQHandler,"ax",%progbits
 371              		.align	1
 372              		.global	SPI2_IRQHandler
 373              		.syntax unified
 374              		.thumb
 375              		.thumb_func
 377              	SPI2_IRQHandler:
 378              	.LFB157:
 265:Core/Src/stm32h7xx_it.c **** 
 266:Core/Src/stm32h7xx_it.c **** /**
 267:Core/Src/stm32h7xx_it.c ****   * @brief This function handles SPI2 global interrupt.
 268:Core/Src/stm32h7xx_it.c ****   */
 269:Core/Src/stm32h7xx_it.c **** void SPI2_IRQHandler(void)
 270:Core/Src/stm32h7xx_it.c **** {
 379              		.loc 1 270 1 is_stmt 1 view -0
ARM GAS  D:\temp\TMP\ccjqO0Sm.s 			page 12


 380              		.cfi_startproc
 381              		@ args = 0, pretend = 0, frame = 0
 382              		@ frame_needed = 0, uses_anonymous_args = 0
 383 0000 08B5     		push	{r3, lr}
 384              	.LCFI7:
 385              		.cfi_def_cfa_offset 8
 386              		.cfi_offset 3, -8
 387              		.cfi_offset 14, -4
 271:Core/Src/stm32h7xx_it.c ****   /* USER CODE BEGIN SPI2_IRQn 0 */
 272:Core/Src/stm32h7xx_it.c **** 
 273:Core/Src/stm32h7xx_it.c ****   /* USER CODE END SPI2_IRQn 0 */
 274:Core/Src/stm32h7xx_it.c ****   HAL_SPI_IRQHandler(&hspi2);
 388              		.loc 1 274 3 view .LVU44
 389 0002 0248     		ldr	r0, .L42
 390 0004 FFF7FEFF 		bl	HAL_SPI_IRQHandler
 391              	.LVL7:
 275:Core/Src/stm32h7xx_it.c ****   /* USER CODE BEGIN SPI2_IRQn 1 */
 276:Core/Src/stm32h7xx_it.c **** 
 277:Core/Src/stm32h7xx_it.c ****   /* USER CODE END SPI2_IRQn 1 */
 278:Core/Src/stm32h7xx_it.c **** }
 392              		.loc 1 278 1 is_stmt 0 view .LVU45
 393 0008 08BD     		pop	{r3, pc}
 394              	.L43:
 395 000a 00BF     		.align	2
 396              	.L42:
 397 000c 00000000 		.word	hspi2
 398              		.cfi_endproc
 399              	.LFE157:
 401              		.section	.text.UART7_IRQHandler,"ax",%progbits
 402              		.align	1
 403              		.global	UART7_IRQHandler
 404              		.syntax unified
 405              		.thumb
 406              		.thumb_func
 408              	UART7_IRQHandler:
 409              	.LFB158:
 279:Core/Src/stm32h7xx_it.c **** 
 280:Core/Src/stm32h7xx_it.c **** /**
 281:Core/Src/stm32h7xx_it.c ****   * @brief This function handles UART7 global interrupt.
 282:Core/Src/stm32h7xx_it.c ****   */
 283:Core/Src/stm32h7xx_it.c **** void UART7_IRQHandler(void)
 284:Core/Src/stm32h7xx_it.c **** {
 410              		.loc 1 284 1 is_stmt 1 view -0
 411              		.cfi_startproc
 412              		@ args = 0, pretend = 0, frame = 0
 413              		@ frame_needed = 0, uses_anonymous_args = 0
 414 0000 08B5     		push	{r3, lr}
 415              	.LCFI8:
 416              		.cfi_def_cfa_offset 8
 417              		.cfi_offset 3, -8
 418              		.cfi_offset 14, -4
 285:Core/Src/stm32h7xx_it.c ****   /* USER CODE BEGIN UART7_IRQn 0 */
 286:Core/Src/stm32h7xx_it.c **** 
 287:Core/Src/stm32h7xx_it.c ****   /* USER CODE END UART7_IRQn 0 */
 288:Core/Src/stm32h7xx_it.c ****   HAL_UART_IRQHandler(&huart7);
 419              		.loc 1 288 3 view .LVU47
 420 0002 0248     		ldr	r0, .L46
ARM GAS  D:\temp\TMP\ccjqO0Sm.s 			page 13


 421 0004 FFF7FEFF 		bl	HAL_UART_IRQHandler
 422              	.LVL8:
 289:Core/Src/stm32h7xx_it.c ****   /* USER CODE BEGIN UART7_IRQn 1 */
 290:Core/Src/stm32h7xx_it.c **** 
 291:Core/Src/stm32h7xx_it.c ****   /* USER CODE END UART7_IRQn 1 */
 292:Core/Src/stm32h7xx_it.c **** }
 423              		.loc 1 292 1 is_stmt 0 view .LVU48
 424 0008 08BD     		pop	{r3, pc}
 425              	.L47:
 426 000a 00BF     		.align	2
 427              	.L46:
 428 000c 00000000 		.word	huart7
 429              		.cfi_endproc
 430              	.LFE158:
 432              		.text
 433              	.Letext0:
 434              		.file 2 "d:\\vs_stm32\\gcc-arm-2021\\2021.10\\arm-none-eabi\\include\\machine\\_default_types.h"
 435              		.file 3 "d:\\vs_stm32\\gcc-arm-2021\\2021.10\\arm-none-eabi\\include\\sys\\_stdint.h"
 436              		.file 4 "Drivers/CMSIS/Device/ST/STM32H7xx/Include/stm32h723xx.h"
 437              		.file 5 "Drivers/CMSIS/Device/ST/STM32H7xx/Include/stm32h7xx.h"
 438              		.file 6 "Drivers/STM32H7xx_HAL_Driver/Inc/stm32h7xx_hal_def.h"
 439              		.file 7 "Drivers/STM32H7xx_HAL_Driver/Inc/stm32h7xx_hal_dma.h"
 440              		.file 8 "Drivers/STM32H7xx_HAL_Driver/Inc/stm32h7xx_hal_fdcan.h"
 441              		.file 9 "Drivers/STM32H7xx_HAL_Driver/Inc/stm32h7xx_hal_spi.h"
 442              		.file 10 "Drivers/STM32H7xx_HAL_Driver/Inc/stm32h7xx_hal_tim.h"
 443              		.file 11 "Drivers/STM32H7xx_HAL_Driver/Inc/stm32h7xx_hal_uart.h"
ARM GAS  D:\temp\TMP\ccjqO0Sm.s 			page 14


DEFINED SYMBOLS
                            *ABS*:00000000 stm32h7xx_it.c
D:\temp\TMP\ccjqO0Sm.s:19     .text.NMI_Handler:00000000 $t
D:\temp\TMP\ccjqO0Sm.s:25     .text.NMI_Handler:00000000 NMI_Handler
D:\temp\TMP\ccjqO0Sm.s:43     .text.HardFault_Handler:00000000 $t
D:\temp\TMP\ccjqO0Sm.s:49     .text.HardFault_Handler:00000000 HardFault_Handler
D:\temp\TMP\ccjqO0Sm.s:66     .text.MemManage_Handler:00000000 $t
D:\temp\TMP\ccjqO0Sm.s:72     .text.MemManage_Handler:00000000 MemManage_Handler
D:\temp\TMP\ccjqO0Sm.s:89     .text.BusFault_Handler:00000000 $t
D:\temp\TMP\ccjqO0Sm.s:95     .text.BusFault_Handler:00000000 BusFault_Handler
D:\temp\TMP\ccjqO0Sm.s:112    .text.UsageFault_Handler:00000000 $t
D:\temp\TMP\ccjqO0Sm.s:118    .text.UsageFault_Handler:00000000 UsageFault_Handler
D:\temp\TMP\ccjqO0Sm.s:135    .text.DebugMon_Handler:00000000 $t
D:\temp\TMP\ccjqO0Sm.s:141    .text.DebugMon_Handler:00000000 DebugMon_Handler
D:\temp\TMP\ccjqO0Sm.s:154    .text.DMA1_Stream0_IRQHandler:00000000 $t
D:\temp\TMP\ccjqO0Sm.s:160    .text.DMA1_Stream0_IRQHandler:00000000 DMA1_Stream0_IRQHandler
D:\temp\TMP\ccjqO0Sm.s:180    .text.DMA1_Stream0_IRQHandler:0000000c $d
D:\temp\TMP\ccjqO0Sm.s:185    .text.DMA1_Stream1_IRQHandler:00000000 $t
D:\temp\TMP\ccjqO0Sm.s:191    .text.DMA1_Stream1_IRQHandler:00000000 DMA1_Stream1_IRQHandler
D:\temp\TMP\ccjqO0Sm.s:211    .text.DMA1_Stream1_IRQHandler:0000000c $d
D:\temp\TMP\ccjqO0Sm.s:216    .text.FDCAN1_IT0_IRQHandler:00000000 $t
D:\temp\TMP\ccjqO0Sm.s:222    .text.FDCAN1_IT0_IRQHandler:00000000 FDCAN1_IT0_IRQHandler
D:\temp\TMP\ccjqO0Sm.s:242    .text.FDCAN1_IT0_IRQHandler:0000000c $d
D:\temp\TMP\ccjqO0Sm.s:247    .text.FDCAN2_IT0_IRQHandler:00000000 $t
D:\temp\TMP\ccjqO0Sm.s:253    .text.FDCAN2_IT0_IRQHandler:00000000 FDCAN2_IT0_IRQHandler
D:\temp\TMP\ccjqO0Sm.s:273    .text.FDCAN2_IT0_IRQHandler:0000000c $d
D:\temp\TMP\ccjqO0Sm.s:278    .text.FDCAN1_IT1_IRQHandler:00000000 $t
D:\temp\TMP\ccjqO0Sm.s:284    .text.FDCAN1_IT1_IRQHandler:00000000 FDCAN1_IT1_IRQHandler
D:\temp\TMP\ccjqO0Sm.s:304    .text.FDCAN1_IT1_IRQHandler:0000000c $d
D:\temp\TMP\ccjqO0Sm.s:309    .text.FDCAN2_IT1_IRQHandler:00000000 $t
D:\temp\TMP\ccjqO0Sm.s:315    .text.FDCAN2_IT1_IRQHandler:00000000 FDCAN2_IT1_IRQHandler
D:\temp\TMP\ccjqO0Sm.s:335    .text.FDCAN2_IT1_IRQHandler:0000000c $d
D:\temp\TMP\ccjqO0Sm.s:340    .text.TIM2_IRQHandler:00000000 $t
D:\temp\TMP\ccjqO0Sm.s:346    .text.TIM2_IRQHandler:00000000 TIM2_IRQHandler
D:\temp\TMP\ccjqO0Sm.s:366    .text.TIM2_IRQHandler:0000000c $d
D:\temp\TMP\ccjqO0Sm.s:371    .text.SPI2_IRQHandler:00000000 $t
D:\temp\TMP\ccjqO0Sm.s:377    .text.SPI2_IRQHandler:00000000 SPI2_IRQHandler
D:\temp\TMP\ccjqO0Sm.s:397    .text.SPI2_IRQHandler:0000000c $d
D:\temp\TMP\ccjqO0Sm.s:402    .text.UART7_IRQHandler:00000000 $t
D:\temp\TMP\ccjqO0Sm.s:408    .text.UART7_IRQHandler:00000000 UART7_IRQHandler
D:\temp\TMP\ccjqO0Sm.s:428    .text.UART7_IRQHandler:0000000c $d

UNDEFINED SYMBOLS
HAL_DMA_IRQHandler
hdma_spi2_rx
hdma_spi2_tx
HAL_FDCAN_IRQHandler
hfdcan1
hfdcan2
HAL_TIM_IRQHandler
htim2
HAL_SPI_IRQHandler
hspi2
HAL_UART_IRQHandler
huart7
