ARM GAS  D:\temp\TMP\ccEOdkep.s 			page 1


   1              		.cpu cortex-m7
   2              		.arch armv7e-m
   3              		.fpu fpv5-d16
   4              		.eabi_attribute 28, 1
   5              		.eabi_attribute 20, 1
   6              		.eabi_attribute 21, 1
   7              		.eabi_attribute 23, 3
   8              		.eabi_attribute 24, 1
   9              		.eabi_attribute 25, 1
  10              		.eabi_attribute 26, 1
  11              		.eabi_attribute 30, 1
  12              		.eabi_attribute 34, 1
  13              		.eabi_attribute 18, 4
  14              		.file	"uartReceive_task.c"
  15              		.text
  16              	.Ltext0:
  17              		.cfi_sections	.debug_frame
  18              		.section	.rodata.UartReceive_Task.str1.4,"aMS",%progbits,1
  19              		.align	2
  20              	.LC0:
  21 0000 252E3466 		.ascii	"%.4f, %.4f, %.4f\015\012\000"
  21      2C20252E 
  21      34662C20 
  21      252E3466 
  21      0D0A00
  22              		.section	.text.UartReceive_Task,"ax",%progbits
  23              		.align	1
  24              		.global	UartReceive_Task
  25              		.syntax unified
  26              		.thumb
  27              		.thumb_func
  29              	UartReceive_Task:
  30              	.LFB196:
  31              		.file 1 "Robot/RoboTask/emulator/uartReceive_task.c"
   1:Robot/RoboTask/emulator/uartReceive_task.c **** #include "uartReceive_task.h"
   2:Robot/RoboTask/emulator/uartReceive_task.c **** #include "ins_task.h"
   3:Robot/RoboTask/emulator/uartReceive_task.c **** #include "cmsis_os.h"
   4:Robot/RoboTask/emulator/uartReceive_task.c **** #include "arm_math.h"
   5:Robot/RoboTask/emulator/uartReceive_task.c **** 
   6:Robot/RoboTask/emulator/uartReceive_task.c **** extern INS_t INS;
   7:Robot/RoboTask/emulator/uartReceive_task.c **** 
   8:Robot/RoboTask/emulator/uartReceive_task.c **** void UartReceive_Task(void)
   9:Robot/RoboTask/emulator/uartReceive_task.c **** {
  32              		.loc 1 9 1 view -0
  33              		.cfi_startproc
  34              		@ args = 0, pretend = 0, frame = 128
  35              		@ frame_needed = 0, uses_anonymous_args = 0
  36 0000 00B5     		push	{lr}
  37              	.LCFI0:
  38              		.cfi_def_cfa_offset 4
  39              		.cfi_offset 14, -4
  40 0002 A7B0     		sub	sp, sp, #156
  41              	.LCFI1:
  42              		.cfi_def_cfa_offset 160
  43              	.L2:
  10:Robot/RoboTask/emulator/uartReceive_task.c ****     char tx_buff[128];
  44              		.loc 1 10 5 discriminator 1 view .LVU1
ARM GAS  D:\temp\TMP\ccEOdkep.s 			page 2


  11:Robot/RoboTask/emulator/uartReceive_task.c ****     uint16_t len;
  45              		.loc 1 11 5 discriminator 1 view .LVU2
  12:Robot/RoboTask/emulator/uartReceive_task.c **** 
  13:Robot/RoboTask/emulator/uartReceive_task.c ****     while (1)
  46              		.loc 1 13 5 discriminator 1 view .LVU3
  14:Robot/RoboTask/emulator/uartReceive_task.c ****     {
  15:Robot/RoboTask/emulator/uartReceive_task.c ****         /* code */
  16:Robot/RoboTask/emulator/uartReceive_task.c ****         len = snprintf(tx_buff,sizeof(tx_buff), "%.4f, %.4f, %.4f\r\n",
  47              		.loc 1 16 9 discriminator 1 view .LVU4
  17:Robot/RoboTask/emulator/uartReceive_task.c ****                  INS.Pitch, INS.Roll, INS.Yaw);
  48              		.loc 1 17 21 is_stmt 0 discriminator 1 view .LVU5
  49 0004 104B     		ldr	r3, .L4
  50 0006 93ED1D7A 		vldr.32	s14, [r3, #116]
  51              		.loc 1 17 32 discriminator 1 view .LVU6
  52 000a 93ED1C6A 		vldr.32	s12, [r3, #112]
  53              		.loc 1 17 42 discriminator 1 view .LVU7
  54 000e 93ED1E5A 		vldr.32	s10, [r3, #120]
  16:Robot/RoboTask/emulator/uartReceive_task.c ****                  INS.Pitch, INS.Roll, INS.Yaw);
  55              		.loc 1 16 15 discriminator 1 view .LVU8
  56 0012 B7EEC55A 		vcvt.f64.f32	d5, s10
  57 0016 8DED045B 		vstr.64	d5, [sp, #16]
  58 001a B7EEC66A 		vcvt.f64.f32	d6, s12
  59 001e 8DED026B 		vstr.64	d6, [sp, #8]
  60 0022 B7EEC77A 		vcvt.f64.f32	d7, s14
  61 0026 8DED007B 		vstr.64	d7, [sp]
  62 002a 084A     		ldr	r2, .L4+4
  63 002c 8021     		movs	r1, #128
  64 002e 06A8     		add	r0, sp, #24
  65 0030 FFF7FEFF 		bl	snprintf
  66              	.LVL0:
  18:Robot/RoboTask/emulator/uartReceive_task.c **** 
  19:Robot/RoboTask/emulator/uartReceive_task.c ****         // len = snprintf(tx_buff,sizeof(tx_buff), "%.4f, %.4f, %.4f, %.4f, %.4f, %.4f\r\n",
  20:Robot/RoboTask/emulator/uartReceive_task.c ****         //          INS.Gyro[0], INS.Gyro[1], INS.Gyro[2],
  21:Robot/RoboTask/emulator/uartReceive_task.c ****         //          INS.Accel[0], INS.Accel[1], INS.Accel[2]);
  22:Robot/RoboTask/emulator/uartReceive_task.c **** 
  23:Robot/RoboTask/emulator/uartReceive_task.c ****         HAL_UART_Transmit(&huart7, (uint8_t *)tx_buff, len, 10);
  67              		.loc 1 23 9 is_stmt 1 discriminator 1 view .LVU9
  68 0034 0A23     		movs	r3, #10
  69 0036 82B2     		uxth	r2, r0
  70 0038 06A9     		add	r1, sp, #24
  71 003a 0548     		ldr	r0, .L4+8
  72              	.LVL1:
  73              		.loc 1 23 9 is_stmt 0 discriminator 1 view .LVU10
  74 003c FFF7FEFF 		bl	HAL_UART_Transmit
  75              	.LVL2:
  24:Robot/RoboTask/emulator/uartReceive_task.c **** 
  25:Robot/RoboTask/emulator/uartReceive_task.c ****         osDelay(10);
  76              		.loc 1 25 9 is_stmt 1 discriminator 1 view .LVU11
  77 0040 0A20     		movs	r0, #10
  78 0042 FFF7FEFF 		bl	osDelay
  79              	.LVL3:
  13:Robot/RoboTask/emulator/uartReceive_task.c ****     {
  80              		.loc 1 13 11 discriminator 1 view .LVU12
  81 0046 DDE7     		b	.L2
  82              	.L5:
  83              		.align	2
  84              	.L4:
ARM GAS  D:\temp\TMP\ccEOdkep.s 			page 3


  85 0048 00000000 		.word	INS
  86 004c 00000000 		.word	.LC0
  87 0050 00000000 		.word	huart7
  88              		.cfi_endproc
  89              	.LFE196:
  91              		.text
  92              	.Letext0:
  93              		.file 2 "d:\\vs_stm32\\gcc-arm-2021\\2021.10\\arm-none-eabi\\include\\machine\\_default_types.h"
  94              		.file 3 "d:\\vs_stm32\\gcc-arm-2021\\2021.10\\arm-none-eabi\\include\\sys\\_stdint.h"
  95              		.file 4 "Drivers/CMSIS/Device/ST/STM32H7xx/Include/stm32h723xx.h"
  96              		.file 5 "Drivers/STM32H7xx_HAL_Driver/Inc/stm32h7xx_hal_def.h"
  97              		.file 6 "Drivers/STM32H7xx_HAL_Driver/Inc/stm32h7xx_hal_dma.h"
  98              		.file 7 "Drivers/STM32H7xx_HAL_Driver/Inc/stm32h7xx_hal_uart.h"
  99              		.file 8 "Robot/RoboTask/ins/ins_task.h"
 100              		.file 9 "d:\\vs_stm32\\gcc-arm-2021\\2021.10\\arm-none-eabi\\include\\stdio.h"
 101              		.file 10 "Middlewares/Third_Party/FreeRTOS/Source/CMSIS_RTOS/cmsis_os.h"
 102              		.file 11 "Core/Inc/usart.h"
ARM GAS  D:\temp\TMP\ccEOdkep.s 			page 4


DEFINED SYMBOLS
                            *ABS*:00000000 uartReceive_task.c
D:\temp\TMP\ccEOdkep.s:19     .rodata.UartReceive_Task.str1.4:00000000 $d
D:\temp\TMP\ccEOdkep.s:23     .text.UartReceive_Task:00000000 $t
D:\temp\TMP\ccEOdkep.s:29     .text.UartReceive_Task:00000000 UartReceive_Task
D:\temp\TMP\ccEOdkep.s:85     .text.UartReceive_Task:00000048 $d

UNDEFINED SYMBOLS
snprintf
HAL_UART_Transmit
osDelay
INS
huart7
