ARM GAS  D:\temp\TMP\ccjDQ1a2.s 			page 1


   1              		.cpu cortex-m7
   2              		.arch armv7e-m
   3              		.fpu fpv5-d16
   4              		.eabi_attribute 28, 1
   5              		.eabi_attribute 20, 1
   6              		.eabi_attribute 21, 1
   7              		.eabi_attribute 23, 3
   8              		.eabi_attribute 24, 1
   9              		.eabi_attribute 25, 1
  10              		.eabi_attribute 26, 1
  11              		.eabi_attribute 30, 1
  12              		.eabi_attribute 34, 1
  13              		.eabi_attribute 18, 4
  14              		.file	"usart.c"
  15              		.text
  16              	.Ltext0:
  17              		.cfi_sections	.debug_frame
  18              		.section	.text.MX_UART7_Init,"ax",%progbits
  19              		.align	1
  20              		.global	MX_UART7_Init
  21              		.syntax unified
  22              		.thumb
  23              		.thumb_func
  25              	MX_UART7_Init:
  26              	.LFB144:
  27              		.file 1 "Core/Src/usart.c"
   1:Core/Src/usart.c **** /* USER CODE BEGIN Header */
   2:Core/Src/usart.c **** /**
   3:Core/Src/usart.c ****   ******************************************************************************
   4:Core/Src/usart.c ****   * @file    usart.c
   5:Core/Src/usart.c ****   * @brief   This file provides code for the configuration
   6:Core/Src/usart.c ****   *          of the USART instances.
   7:Core/Src/usart.c ****   ******************************************************************************
   8:Core/Src/usart.c ****   * @attention
   9:Core/Src/usart.c ****   *
  10:Core/Src/usart.c ****   * Copyright (c) 2025 STMicroelectronics.
  11:Core/Src/usart.c ****   * All rights reserved.
  12:Core/Src/usart.c ****   *
  13:Core/Src/usart.c ****   * This software is licensed under terms that can be found in the LICENSE file
  14:Core/Src/usart.c ****   * in the root directory of this software component.
  15:Core/Src/usart.c ****   * If no LICENSE file comes with this software, it is provided AS-IS.
  16:Core/Src/usart.c ****   *
  17:Core/Src/usart.c ****   ******************************************************************************
  18:Core/Src/usart.c ****   */
  19:Core/Src/usart.c **** /* USER CODE END Header */
  20:Core/Src/usart.c **** /* Includes ------------------------------------------------------------------*/
  21:Core/Src/usart.c **** #include "usart.h"
  22:Core/Src/usart.c **** 
  23:Core/Src/usart.c **** /* USER CODE BEGIN 0 */
  24:Core/Src/usart.c **** 
  25:Core/Src/usart.c **** /* USER CODE END 0 */
  26:Core/Src/usart.c **** 
  27:Core/Src/usart.c **** UART_HandleTypeDef huart7;
  28:Core/Src/usart.c **** 
  29:Core/Src/usart.c **** /* UART7 init function */
  30:Core/Src/usart.c **** void MX_UART7_Init(void)
  31:Core/Src/usart.c **** {
ARM GAS  D:\temp\TMP\ccjDQ1a2.s 			page 2


  28              		.loc 1 31 1 view -0
  29              		.cfi_startproc
  30              		@ args = 0, pretend = 0, frame = 0
  31              		@ frame_needed = 0, uses_anonymous_args = 0
  32 0000 08B5     		push	{r3, lr}
  33              	.LCFI0:
  34              		.cfi_def_cfa_offset 8
  35              		.cfi_offset 3, -8
  36              		.cfi_offset 14, -4
  32:Core/Src/usart.c **** 
  33:Core/Src/usart.c ****   /* USER CODE BEGIN UART7_Init 0 */
  34:Core/Src/usart.c **** 
  35:Core/Src/usart.c ****   /* USER CODE END UART7_Init 0 */
  36:Core/Src/usart.c **** 
  37:Core/Src/usart.c ****   /* USER CODE BEGIN UART7_Init 1 */
  38:Core/Src/usart.c **** 
  39:Core/Src/usart.c ****   /* USER CODE END UART7_Init 1 */
  40:Core/Src/usart.c ****   huart7.Instance = UART7;
  37              		.loc 1 40 3 view .LVU1
  38              		.loc 1 40 19 is_stmt 0 view .LVU2
  39 0002 1748     		ldr	r0, .L11
  40 0004 174B     		ldr	r3, .L11+4
  41 0006 0360     		str	r3, [r0]
  41:Core/Src/usart.c ****   huart7.Init.BaudRate = 921600;
  42              		.loc 1 41 3 is_stmt 1 view .LVU3
  43              		.loc 1 41 24 is_stmt 0 view .LVU4
  44 0008 4FF46123 		mov	r3, #921600
  45 000c 4360     		str	r3, [r0, #4]
  42:Core/Src/usart.c ****   huart7.Init.WordLength = UART_WORDLENGTH_8B;
  46              		.loc 1 42 3 is_stmt 1 view .LVU5
  47              		.loc 1 42 26 is_stmt 0 view .LVU6
  48 000e 0023     		movs	r3, #0
  49 0010 8360     		str	r3, [r0, #8]
  43:Core/Src/usart.c ****   huart7.Init.StopBits = UART_STOPBITS_1;
  50              		.loc 1 43 3 is_stmt 1 view .LVU7
  51              		.loc 1 43 24 is_stmt 0 view .LVU8
  52 0012 C360     		str	r3, [r0, #12]
  44:Core/Src/usart.c ****   huart7.Init.Parity = UART_PARITY_NONE;
  53              		.loc 1 44 3 is_stmt 1 view .LVU9
  54              		.loc 1 44 22 is_stmt 0 view .LVU10
  55 0014 0361     		str	r3, [r0, #16]
  45:Core/Src/usart.c ****   huart7.Init.Mode = UART_MODE_TX_RX;
  56              		.loc 1 45 3 is_stmt 1 view .LVU11
  57              		.loc 1 45 20 is_stmt 0 view .LVU12
  58 0016 0C22     		movs	r2, #12
  59 0018 4261     		str	r2, [r0, #20]
  46:Core/Src/usart.c ****   huart7.Init.HwFlowCtl = UART_HWCONTROL_NONE;
  60              		.loc 1 46 3 is_stmt 1 view .LVU13
  61              		.loc 1 46 25 is_stmt 0 view .LVU14
  62 001a 8361     		str	r3, [r0, #24]
  47:Core/Src/usart.c ****   huart7.Init.OverSampling = UART_OVERSAMPLING_16;
  63              		.loc 1 47 3 is_stmt 1 view .LVU15
  64              		.loc 1 47 28 is_stmt 0 view .LVU16
  65 001c C361     		str	r3, [r0, #28]
  48:Core/Src/usart.c ****   huart7.Init.OneBitSampling = UART_ONE_BIT_SAMPLE_DISABLE;
  66              		.loc 1 48 3 is_stmt 1 view .LVU17
  67              		.loc 1 48 30 is_stmt 0 view .LVU18
ARM GAS  D:\temp\TMP\ccjDQ1a2.s 			page 3


  68 001e 0362     		str	r3, [r0, #32]
  49:Core/Src/usart.c ****   huart7.Init.ClockPrescaler = UART_PRESCALER_DIV1;
  69              		.loc 1 49 3 is_stmt 1 view .LVU19
  70              		.loc 1 49 30 is_stmt 0 view .LVU20
  71 0020 4362     		str	r3, [r0, #36]
  50:Core/Src/usart.c ****   huart7.AdvancedInit.AdvFeatureInit = UART_ADVFEATURE_NO_INIT;
  72              		.loc 1 50 3 is_stmt 1 view .LVU21
  73              		.loc 1 50 38 is_stmt 0 view .LVU22
  74 0022 8362     		str	r3, [r0, #40]
  51:Core/Src/usart.c ****   if (HAL_UART_Init(&huart7) != HAL_OK)
  75              		.loc 1 51 3 is_stmt 1 view .LVU23
  76              		.loc 1 51 7 is_stmt 0 view .LVU24
  77 0024 FFF7FEFF 		bl	HAL_UART_Init
  78              	.LVL0:
  79              		.loc 1 51 6 view .LVU25
  80 0028 70B9     		cbnz	r0, .L7
  81              	.L2:
  52:Core/Src/usart.c ****   {
  53:Core/Src/usart.c ****     Error_Handler();
  54:Core/Src/usart.c ****   }
  55:Core/Src/usart.c ****   if (HAL_UARTEx_SetTxFifoThreshold(&huart7, UART_TXFIFO_THRESHOLD_1_8) != HAL_OK)
  82              		.loc 1 55 3 is_stmt 1 view .LVU26
  83              		.loc 1 55 7 is_stmt 0 view .LVU27
  84 002a 0021     		movs	r1, #0
  85 002c 0C48     		ldr	r0, .L11
  86 002e FFF7FEFF 		bl	HAL_UARTEx_SetTxFifoThreshold
  87              	.LVL1:
  88              		.loc 1 55 6 view .LVU28
  89 0032 60B9     		cbnz	r0, .L8
  90              	.L3:
  56:Core/Src/usart.c ****   {
  57:Core/Src/usart.c ****     Error_Handler();
  58:Core/Src/usart.c ****   }
  59:Core/Src/usart.c ****   if (HAL_UARTEx_SetRxFifoThreshold(&huart7, UART_RXFIFO_THRESHOLD_1_8) != HAL_OK)
  91              		.loc 1 59 3 is_stmt 1 view .LVU29
  92              		.loc 1 59 7 is_stmt 0 view .LVU30
  93 0034 0021     		movs	r1, #0
  94 0036 0A48     		ldr	r0, .L11
  95 0038 FFF7FEFF 		bl	HAL_UARTEx_SetRxFifoThreshold
  96              	.LVL2:
  97              		.loc 1 59 6 view .LVU31
  98 003c 50B9     		cbnz	r0, .L9
  99              	.L4:
  60:Core/Src/usart.c ****   {
  61:Core/Src/usart.c ****     Error_Handler();
  62:Core/Src/usart.c ****   }
  63:Core/Src/usart.c ****   if (HAL_UARTEx_DisableFifoMode(&huart7) != HAL_OK)
 100              		.loc 1 63 3 is_stmt 1 view .LVU32
 101              		.loc 1 63 7 is_stmt 0 view .LVU33
 102 003e 0848     		ldr	r0, .L11
 103 0040 FFF7FEFF 		bl	HAL_UARTEx_DisableFifoMode
 104              	.LVL3:
 105              		.loc 1 63 6 view .LVU34
 106 0044 48B9     		cbnz	r0, .L10
 107              	.L1:
  64:Core/Src/usart.c ****   {
  65:Core/Src/usart.c ****     Error_Handler();
ARM GAS  D:\temp\TMP\ccjDQ1a2.s 			page 4


  66:Core/Src/usart.c ****   }
  67:Core/Src/usart.c ****   /* USER CODE BEGIN UART7_Init 2 */
  68:Core/Src/usart.c **** 
  69:Core/Src/usart.c ****   /* USER CODE END UART7_Init 2 */
  70:Core/Src/usart.c **** 
  71:Core/Src/usart.c **** }
 108              		.loc 1 71 1 view .LVU35
 109 0046 08BD     		pop	{r3, pc}
 110              	.L7:
  53:Core/Src/usart.c ****   }
 111              		.loc 1 53 5 is_stmt 1 view .LVU36
 112 0048 FFF7FEFF 		bl	Error_Handler
 113              	.LVL4:
 114 004c EDE7     		b	.L2
 115              	.L8:
  57:Core/Src/usart.c ****   }
 116              		.loc 1 57 5 view .LVU37
 117 004e FFF7FEFF 		bl	Error_Handler
 118              	.LVL5:
 119 0052 EFE7     		b	.L3
 120              	.L9:
  61:Core/Src/usart.c ****   }
 121              		.loc 1 61 5 view .LVU38
 122 0054 FFF7FEFF 		bl	Error_Handler
 123              	.LVL6:
 124 0058 F1E7     		b	.L4
 125              	.L10:
  65:Core/Src/usart.c ****   }
 126              		.loc 1 65 5 view .LVU39
 127 005a FFF7FEFF 		bl	Error_Handler
 128              	.LVL7:
 129              		.loc 1 71 1 is_stmt 0 view .LVU40
 130 005e F2E7     		b	.L1
 131              	.L12:
 132              		.align	2
 133              	.L11:
 134 0060 00000000 		.word	.LANCHOR0
 135 0064 00780040 		.word	1073772544
 136              		.cfi_endproc
 137              	.LFE144:
 139              		.section	.text.HAL_UART_MspInit,"ax",%progbits
 140              		.align	1
 141              		.global	HAL_UART_MspInit
 142              		.syntax unified
 143              		.thumb
 144              		.thumb_func
 146              	HAL_UART_MspInit:
 147              	.LVL8:
 148              	.LFB145:
  72:Core/Src/usart.c **** 
  73:Core/Src/usart.c **** void HAL_UART_MspInit(UART_HandleTypeDef* uartHandle)
  74:Core/Src/usart.c **** {
 149              		.loc 1 74 1 is_stmt 1 view -0
 150              		.cfi_startproc
 151              		@ args = 0, pretend = 0, frame = 216
 152              		@ frame_needed = 0, uses_anonymous_args = 0
 153              		.loc 1 74 1 is_stmt 0 view .LVU42
ARM GAS  D:\temp\TMP\ccjDQ1a2.s 			page 5


 154 0000 10B5     		push	{r4, lr}
 155              	.LCFI1:
 156              		.cfi_def_cfa_offset 8
 157              		.cfi_offset 4, -8
 158              		.cfi_offset 14, -4
 159 0002 B6B0     		sub	sp, sp, #216
 160              	.LCFI2:
 161              		.cfi_def_cfa_offset 224
 162 0004 0446     		mov	r4, r0
  75:Core/Src/usart.c **** 
  76:Core/Src/usart.c ****   GPIO_InitTypeDef GPIO_InitStruct = {0};
 163              		.loc 1 76 3 is_stmt 1 view .LVU43
 164              		.loc 1 76 20 is_stmt 0 view .LVU44
 165 0006 0021     		movs	r1, #0
 166 0008 3191     		str	r1, [sp, #196]
 167 000a 3291     		str	r1, [sp, #200]
 168 000c 3391     		str	r1, [sp, #204]
 169 000e 3491     		str	r1, [sp, #208]
 170 0010 3591     		str	r1, [sp, #212]
  77:Core/Src/usart.c ****   RCC_PeriphCLKInitTypeDef PeriphClkInitStruct = {0};
 171              		.loc 1 77 3 is_stmt 1 view .LVU45
 172              		.loc 1 77 28 is_stmt 0 view .LVU46
 173 0012 B822     		movs	r2, #184
 174 0014 02A8     		add	r0, sp, #8
 175              	.LVL9:
 176              		.loc 1 77 28 view .LVU47
 177 0016 FFF7FEFF 		bl	memset
 178              	.LVL10:
  78:Core/Src/usart.c ****   if(uartHandle->Instance==UART7)
 179              		.loc 1 78 3 is_stmt 1 view .LVU48
 180              		.loc 1 78 16 is_stmt 0 view .LVU49
 181 001a 2268     		ldr	r2, [r4]
 182              		.loc 1 78 5 view .LVU50
 183 001c 1F4B     		ldr	r3, .L19
 184 001e 9A42     		cmp	r2, r3
 185 0020 01D0     		beq	.L17
 186              	.LVL11:
 187              	.L13:
  79:Core/Src/usart.c ****   {
  80:Core/Src/usart.c ****   /* USER CODE BEGIN UART7_MspInit 0 */
  81:Core/Src/usart.c **** 
  82:Core/Src/usart.c ****   /* USER CODE END UART7_MspInit 0 */
  83:Core/Src/usart.c **** 
  84:Core/Src/usart.c ****   /** Initializes the peripherals clock
  85:Core/Src/usart.c ****   */
  86:Core/Src/usart.c ****     PeriphClkInitStruct.PeriphClockSelection = RCC_PERIPHCLK_UART7;
  87:Core/Src/usart.c ****     PeriphClkInitStruct.Usart234578ClockSelection = RCC_USART234578CLKSOURCE_D2PCLK1;
  88:Core/Src/usart.c ****     if (HAL_RCCEx_PeriphCLKConfig(&PeriphClkInitStruct) != HAL_OK)
  89:Core/Src/usart.c ****     {
  90:Core/Src/usart.c ****       Error_Handler();
  91:Core/Src/usart.c ****     }
  92:Core/Src/usart.c **** 
  93:Core/Src/usart.c ****     /* UART7 clock enable */
  94:Core/Src/usart.c ****     __HAL_RCC_UART7_CLK_ENABLE();
  95:Core/Src/usart.c **** 
  96:Core/Src/usart.c ****     __HAL_RCC_GPIOE_CLK_ENABLE();
  97:Core/Src/usart.c ****     /**UART7 GPIO Configuration
ARM GAS  D:\temp\TMP\ccjDQ1a2.s 			page 6


  98:Core/Src/usart.c ****     PE7     ------> UART7_RX
  99:Core/Src/usart.c ****     PE8     ------> UART7_TX
 100:Core/Src/usart.c ****     */
 101:Core/Src/usart.c ****     GPIO_InitStruct.Pin = GPIO_PIN_7|GPIO_PIN_8;
 102:Core/Src/usart.c ****     GPIO_InitStruct.Mode = GPIO_MODE_AF_PP;
 103:Core/Src/usart.c ****     GPIO_InitStruct.Pull = GPIO_NOPULL;
 104:Core/Src/usart.c ****     GPIO_InitStruct.Speed = GPIO_SPEED_FREQ_LOW;
 105:Core/Src/usart.c ****     GPIO_InitStruct.Alternate = GPIO_AF7_UART7;
 106:Core/Src/usart.c ****     HAL_GPIO_Init(GPIOE, &GPIO_InitStruct);
 107:Core/Src/usart.c **** 
 108:Core/Src/usart.c ****     /* UART7 interrupt Init */
 109:Core/Src/usart.c ****     HAL_NVIC_SetPriority(UART7_IRQn, 5, 0);
 110:Core/Src/usart.c ****     HAL_NVIC_EnableIRQ(UART7_IRQn);
 111:Core/Src/usart.c ****   /* USER CODE BEGIN UART7_MspInit 1 */
 112:Core/Src/usart.c **** 
 113:Core/Src/usart.c ****   /* USER CODE END UART7_MspInit 1 */
 114:Core/Src/usart.c ****   }
 115:Core/Src/usart.c **** }
 188              		.loc 1 115 1 view .LVU51
 189 0022 36B0     		add	sp, sp, #216
 190              	.LCFI3:
 191              		.cfi_remember_state
 192              		.cfi_def_cfa_offset 8
 193              		@ sp needed
 194 0024 10BD     		pop	{r4, pc}
 195              	.LVL12:
 196              	.L17:
 197              	.LCFI4:
 198              		.cfi_restore_state
  86:Core/Src/usart.c ****     PeriphClkInitStruct.Usart234578ClockSelection = RCC_USART234578CLKSOURCE_D2PCLK1;
 199              		.loc 1 86 5 is_stmt 1 view .LVU52
  86:Core/Src/usart.c ****     PeriphClkInitStruct.Usart234578ClockSelection = RCC_USART234578CLKSOURCE_D2PCLK1;
 200              		.loc 1 86 46 is_stmt 0 view .LVU53
 201 0026 0222     		movs	r2, #2
 202 0028 0023     		movs	r3, #0
 203 002a CDE90223 		strd	r2, [sp, #8]
  87:Core/Src/usart.c ****     if (HAL_RCCEx_PeriphCLKConfig(&PeriphClkInitStruct) != HAL_OK)
 204              		.loc 1 87 5 is_stmt 1 view .LVU54
  88:Core/Src/usart.c ****     {
 205              		.loc 1 88 5 view .LVU55
  88:Core/Src/usart.c ****     {
 206              		.loc 1 88 9 is_stmt 0 view .LVU56
 207 002e 02A8     		add	r0, sp, #8
 208 0030 FFF7FEFF 		bl	HAL_RCCEx_PeriphCLKConfig
 209              	.LVL13:
  88:Core/Src/usart.c ****     {
 210              		.loc 1 88 8 view .LVU57
 211 0034 78BB     		cbnz	r0, .L18
 212              	.L15:
  94:Core/Src/usart.c **** 
 213              		.loc 1 94 5 is_stmt 1 view .LVU58
 214              	.LBB2:
  94:Core/Src/usart.c **** 
 215              		.loc 1 94 5 view .LVU59
  94:Core/Src/usart.c **** 
 216              		.loc 1 94 5 view .LVU60
 217 0036 1A4B     		ldr	r3, .L19+4
ARM GAS  D:\temp\TMP\ccjDQ1a2.s 			page 7


 218 0038 D3F8E820 		ldr	r2, [r3, #232]
 219 003c 42F08042 		orr	r2, r2, #1073741824
 220 0040 C3F8E820 		str	r2, [r3, #232]
  94:Core/Src/usart.c **** 
 221              		.loc 1 94 5 view .LVU61
 222 0044 D3F8E820 		ldr	r2, [r3, #232]
 223 0048 02F08042 		and	r2, r2, #1073741824
 224 004c 0092     		str	r2, [sp]
  94:Core/Src/usart.c **** 
 225              		.loc 1 94 5 view .LVU62
 226 004e 009A     		ldr	r2, [sp]
 227              	.LBE2:
  94:Core/Src/usart.c **** 
 228              		.loc 1 94 5 view .LVU63
  96:Core/Src/usart.c ****     /**UART7 GPIO Configuration
 229              		.loc 1 96 5 view .LVU64
 230              	.LBB3:
  96:Core/Src/usart.c ****     /**UART7 GPIO Configuration
 231              		.loc 1 96 5 view .LVU65
  96:Core/Src/usart.c ****     /**UART7 GPIO Configuration
 232              		.loc 1 96 5 view .LVU66
 233 0050 D3F8E020 		ldr	r2, [r3, #224]
 234 0054 42F01002 		orr	r2, r2, #16
 235 0058 C3F8E020 		str	r2, [r3, #224]
  96:Core/Src/usart.c ****     /**UART7 GPIO Configuration
 236              		.loc 1 96 5 view .LVU67
 237 005c D3F8E030 		ldr	r3, [r3, #224]
 238 0060 03F01003 		and	r3, r3, #16
 239 0064 0193     		str	r3, [sp, #4]
  96:Core/Src/usart.c ****     /**UART7 GPIO Configuration
 240              		.loc 1 96 5 view .LVU68
 241 0066 019B     		ldr	r3, [sp, #4]
 242              	.LBE3:
  96:Core/Src/usart.c ****     /**UART7 GPIO Configuration
 243              		.loc 1 96 5 view .LVU69
 101:Core/Src/usart.c ****     GPIO_InitStruct.Mode = GPIO_MODE_AF_PP;
 244              		.loc 1 101 5 view .LVU70
 101:Core/Src/usart.c ****     GPIO_InitStruct.Mode = GPIO_MODE_AF_PP;
 245              		.loc 1 101 25 is_stmt 0 view .LVU71
 246 0068 4FF4C073 		mov	r3, #384
 247 006c 3193     		str	r3, [sp, #196]
 102:Core/Src/usart.c ****     GPIO_InitStruct.Pull = GPIO_NOPULL;
 248              		.loc 1 102 5 is_stmt 1 view .LVU72
 102:Core/Src/usart.c ****     GPIO_InitStruct.Pull = GPIO_NOPULL;
 249              		.loc 1 102 26 is_stmt 0 view .LVU73
 250 006e 0223     		movs	r3, #2
 251 0070 3293     		str	r3, [sp, #200]
 103:Core/Src/usart.c ****     GPIO_InitStruct.Speed = GPIO_SPEED_FREQ_LOW;
 252              		.loc 1 103 5 is_stmt 1 view .LVU74
 103:Core/Src/usart.c ****     GPIO_InitStruct.Speed = GPIO_SPEED_FREQ_LOW;
 253              		.loc 1 103 26 is_stmt 0 view .LVU75
 254 0072 0024     		movs	r4, #0
 255              	.LVL14:
 103:Core/Src/usart.c ****     GPIO_InitStruct.Speed = GPIO_SPEED_FREQ_LOW;
 256              		.loc 1 103 26 view .LVU76
 257 0074 3394     		str	r4, [sp, #204]
 104:Core/Src/usart.c ****     GPIO_InitStruct.Alternate = GPIO_AF7_UART7;
ARM GAS  D:\temp\TMP\ccjDQ1a2.s 			page 8


 258              		.loc 1 104 5 is_stmt 1 view .LVU77
 104:Core/Src/usart.c ****     GPIO_InitStruct.Alternate = GPIO_AF7_UART7;
 259              		.loc 1 104 27 is_stmt 0 view .LVU78
 260 0076 3494     		str	r4, [sp, #208]
 105:Core/Src/usart.c ****     HAL_GPIO_Init(GPIOE, &GPIO_InitStruct);
 261              		.loc 1 105 5 is_stmt 1 view .LVU79
 105:Core/Src/usart.c ****     HAL_GPIO_Init(GPIOE, &GPIO_InitStruct);
 262              		.loc 1 105 31 is_stmt 0 view .LVU80
 263 0078 0723     		movs	r3, #7
 264 007a 3593     		str	r3, [sp, #212]
 106:Core/Src/usart.c **** 
 265              		.loc 1 106 5 is_stmt 1 view .LVU81
 266 007c 31A9     		add	r1, sp, #196
 267 007e 0948     		ldr	r0, .L19+8
 268 0080 FFF7FEFF 		bl	HAL_GPIO_Init
 269              	.LVL15:
 109:Core/Src/usart.c ****     HAL_NVIC_EnableIRQ(UART7_IRQn);
 270              		.loc 1 109 5 view .LVU82
 271 0084 2246     		mov	r2, r4
 272 0086 0521     		movs	r1, #5
 273 0088 5220     		movs	r0, #82
 274 008a FFF7FEFF 		bl	HAL_NVIC_SetPriority
 275              	.LVL16:
 110:Core/Src/usart.c ****   /* USER CODE BEGIN UART7_MspInit 1 */
 276              		.loc 1 110 5 view .LVU83
 277 008e 5220     		movs	r0, #82
 278 0090 FFF7FEFF 		bl	HAL_NVIC_EnableIRQ
 279              	.LVL17:
 280              		.loc 1 115 1 is_stmt 0 view .LVU84
 281 0094 C5E7     		b	.L13
 282              	.LVL18:
 283              	.L18:
  90:Core/Src/usart.c ****     }
 284              		.loc 1 90 7 is_stmt 1 view .LVU85
 285 0096 FFF7FEFF 		bl	Error_Handler
 286              	.LVL19:
 287 009a CCE7     		b	.L15
 288              	.L20:
 289              		.align	2
 290              	.L19:
 291 009c 00780040 		.word	1073772544
 292 00a0 00440258 		.word	1476543488
 293 00a4 00100258 		.word	1476530176
 294              		.cfi_endproc
 295              	.LFE145:
 297              		.section	.text.HAL_UART_MspDeInit,"ax",%progbits
 298              		.align	1
 299              		.global	HAL_UART_MspDeInit
 300              		.syntax unified
 301              		.thumb
 302              		.thumb_func
 304              	HAL_UART_MspDeInit:
 305              	.LVL20:
 306              	.LFB146:
 116:Core/Src/usart.c **** 
 117:Core/Src/usart.c **** void HAL_UART_MspDeInit(UART_HandleTypeDef* uartHandle)
 118:Core/Src/usart.c **** {
ARM GAS  D:\temp\TMP\ccjDQ1a2.s 			page 9


 307              		.loc 1 118 1 view -0
 308              		.cfi_startproc
 309              		@ args = 0, pretend = 0, frame = 0
 310              		@ frame_needed = 0, uses_anonymous_args = 0
 311              		.loc 1 118 1 is_stmt 0 view .LVU87
 312 0000 08B5     		push	{r3, lr}
 313              	.LCFI5:
 314              		.cfi_def_cfa_offset 8
 315              		.cfi_offset 3, -8
 316              		.cfi_offset 14, -4
 119:Core/Src/usart.c **** 
 120:Core/Src/usart.c ****   if(uartHandle->Instance==UART7)
 317              		.loc 1 120 3 is_stmt 1 view .LVU88
 318              		.loc 1 120 16 is_stmt 0 view .LVU89
 319 0002 0268     		ldr	r2, [r0]
 320              		.loc 1 120 5 view .LVU90
 321 0004 094B     		ldr	r3, .L25
 322 0006 9A42     		cmp	r2, r3
 323 0008 00D0     		beq	.L24
 324              	.LVL21:
 325              	.L21:
 121:Core/Src/usart.c ****   {
 122:Core/Src/usart.c ****   /* USER CODE BEGIN UART7_MspDeInit 0 */
 123:Core/Src/usart.c **** 
 124:Core/Src/usart.c ****   /* USER CODE END UART7_MspDeInit 0 */
 125:Core/Src/usart.c ****     /* Peripheral clock disable */
 126:Core/Src/usart.c ****     __HAL_RCC_UART7_CLK_DISABLE();
 127:Core/Src/usart.c **** 
 128:Core/Src/usart.c ****     /**UART7 GPIO Configuration
 129:Core/Src/usart.c ****     PE7     ------> UART7_RX
 130:Core/Src/usart.c ****     PE8     ------> UART7_TX
 131:Core/Src/usart.c ****     */
 132:Core/Src/usart.c ****     HAL_GPIO_DeInit(GPIOE, GPIO_PIN_7|GPIO_PIN_8);
 133:Core/Src/usart.c **** 
 134:Core/Src/usart.c ****     /* UART7 interrupt Deinit */
 135:Core/Src/usart.c ****     HAL_NVIC_DisableIRQ(UART7_IRQn);
 136:Core/Src/usart.c ****   /* USER CODE BEGIN UART7_MspDeInit 1 */
 137:Core/Src/usart.c **** 
 138:Core/Src/usart.c ****   /* USER CODE END UART7_MspDeInit 1 */
 139:Core/Src/usart.c ****   }
 140:Core/Src/usart.c **** }
 326              		.loc 1 140 1 view .LVU91
 327 000a 08BD     		pop	{r3, pc}
 328              	.LVL22:
 329              	.L24:
 126:Core/Src/usart.c **** 
 330              		.loc 1 126 5 is_stmt 1 view .LVU92
 331 000c 084A     		ldr	r2, .L25+4
 332 000e D2F8E830 		ldr	r3, [r2, #232]
 333 0012 23F08043 		bic	r3, r3, #1073741824
 334 0016 C2F8E830 		str	r3, [r2, #232]
 132:Core/Src/usart.c **** 
 335              		.loc 1 132 5 view .LVU93
 336 001a 4FF4C071 		mov	r1, #384
 337 001e 0548     		ldr	r0, .L25+8
 338              	.LVL23:
 132:Core/Src/usart.c **** 
ARM GAS  D:\temp\TMP\ccjDQ1a2.s 			page 10


 339              		.loc 1 132 5 is_stmt 0 view .LVU94
 340 0020 FFF7FEFF 		bl	HAL_GPIO_DeInit
 341              	.LVL24:
 135:Core/Src/usart.c ****   /* USER CODE BEGIN UART7_MspDeInit 1 */
 342              		.loc 1 135 5 is_stmt 1 view .LVU95
 343 0024 5220     		movs	r0, #82
 344 0026 FFF7FEFF 		bl	HAL_NVIC_DisableIRQ
 345              	.LVL25:
 346              		.loc 1 140 1 is_stmt 0 view .LVU96
 347 002a EEE7     		b	.L21
 348              	.L26:
 349              		.align	2
 350              	.L25:
 351 002c 00780040 		.word	1073772544
 352 0030 00440258 		.word	1476543488
 353 0034 00100258 		.word	1476530176
 354              		.cfi_endproc
 355              	.LFE146:
 357              		.global	huart7
 358              		.section	.bss.huart7,"aw",%nobits
 359              		.align	2
 360              		.set	.LANCHOR0,. + 0
 363              	huart7:
 364 0000 00000000 		.space	148
 364      00000000 
 364      00000000 
 364      00000000 
 364      00000000 
 365              		.text
 366              	.Letext0:
 367              		.file 2 "d:\\vs_stm32\\gcc-arm-2021\\2021.10\\arm-none-eabi\\include\\machine\\_default_types.h"
 368              		.file 3 "d:\\vs_stm32\\gcc-arm-2021\\2021.10\\arm-none-eabi\\include\\sys\\_stdint.h"
 369              		.file 4 "Drivers/CMSIS/Device/ST/STM32H7xx/Include/stm32h723xx.h"
 370              		.file 5 "Drivers/STM32H7xx_HAL_Driver/Inc/stm32h7xx_hal_def.h"
 371              		.file 6 "Drivers/STM32H7xx_HAL_Driver/Inc/stm32h7xx_hal_rcc_ex.h"
 372              		.file 7 "Drivers/STM32H7xx_HAL_Driver/Inc/stm32h7xx_hal_gpio.h"
 373              		.file 8 "Drivers/STM32H7xx_HAL_Driver/Inc/stm32h7xx_hal_dma.h"
 374              		.file 9 "Drivers/STM32H7xx_HAL_Driver/Inc/stm32h7xx_hal_uart.h"
 375              		.file 10 "Drivers/STM32H7xx_HAL_Driver/Inc/stm32h7xx_hal_cortex.h"
 376              		.file 11 "Core/Inc/main.h"
 377              		.file 12 "Drivers/STM32H7xx_HAL_Driver/Inc/stm32h7xx_hal_uart_ex.h"
 378              		.file 13 "Core/Inc/usart.h"
 379              		.file 14 "<built-in>"
ARM GAS  D:\temp\TMP\ccjDQ1a2.s 			page 11


DEFINED SYMBOLS
                            *ABS*:00000000 usart.c
D:\temp\TMP\ccjDQ1a2.s:19     .text.MX_UART7_Init:00000000 $t
D:\temp\TMP\ccjDQ1a2.s:25     .text.MX_UART7_Init:00000000 MX_UART7_Init
D:\temp\TMP\ccjDQ1a2.s:134    .text.MX_UART7_Init:00000060 $d
D:\temp\TMP\ccjDQ1a2.s:140    .text.HAL_UART_MspInit:00000000 $t
D:\temp\TMP\ccjDQ1a2.s:146    .text.HAL_UART_MspInit:00000000 HAL_UART_MspInit
D:\temp\TMP\ccjDQ1a2.s:291    .text.HAL_UART_MspInit:0000009c $d
D:\temp\TMP\ccjDQ1a2.s:298    .text.HAL_UART_MspDeInit:00000000 $t
D:\temp\TMP\ccjDQ1a2.s:304    .text.HAL_UART_MspDeInit:00000000 HAL_UART_MspDeInit
D:\temp\TMP\ccjDQ1a2.s:351    .text.HAL_UART_MspDeInit:0000002c $d
D:\temp\TMP\ccjDQ1a2.s:363    .bss.huart7:00000000 huart7
D:\temp\TMP\ccjDQ1a2.s:359    .bss.huart7:00000000 $d

UNDEFINED SYMBOLS
HAL_UART_Init
HAL_UARTEx_SetTxFifoThreshold
HAL_UARTEx_SetRxFifoThreshold
HAL_UARTEx_DisableFifoMode
Error_Handler
memset
HAL_RCCEx_PeriphCLKConfig
HAL_GPIO_Init
HAL_NVIC_SetPriority
HAL_NVIC_EnableIRQ
HAL_GPIO_DeInit
HAL_NVIC_DisableIRQ
