ARM GAS  D:\temp\TMP\ccsixlMF.s 			page 1


   1              		.cpu cortex-m7
   2              		.arch armv7e-m
   3              		.fpu fpv5-d16
   4              		.eabi_attribute 28, 1
   5              		.eabi_attribute 20, 1
   6              		.eabi_attribute 21, 1
   7              		.eabi_attribute 23, 3
   8              		.eabi_attribute 24, 1
   9              		.eabi_attribute 25, 1
  10              		.eabi_attribute 26, 1
  11              		.eabi_attribute 30, 1
  12              		.eabi_attribute 34, 1
  13              		.eabi_attribute 18, 4
  14              		.file	"vofa_task.c"
  15              		.text
  16              	.Ltext0:
  17              		.cfi_sections	.debug_frame
  18              		.file 1 "Robot/RoboTask/emulator/vofa_task.c"
  19              		.section	.rodata.VofaDebug_Task.str1.4,"aMS",%progbits,1
  20              		.align	2
  21              	.LC0:
  22 0000 252E3466 		.ascii	"%.4f, %.4f, %.4f, %.4f,%.4f, %.4f, %.4f, %.4f, %.4f"
  22      2C20252E 
  22      34662C20 
  22      252E3466 
  22      2C20252E 
  23 0033 2C20252E 		.ascii	", %.4f\015\012\000"
  23      34660D0A 
  23      00
  24              		.section	.text.VofaDebug_Task,"ax",%progbits
  25              		.align	1
  26              		.global	VofaDebug_Task
  27              		.syntax unified
  28              		.thumb
  29              		.thumb_func
  31              	VofaDebug_Task:
  32              	.LFB203:
   1:Robot/RoboTask/emulator/vofa_task.c **** #include "vofa_task.h"
   2:Robot/RoboTask/emulator/vofa_task.c **** #include "ins_task.h"
   3:Robot/RoboTask/emulator/vofa_task.c **** #include "cmsis_os.h"
   4:Robot/RoboTask/emulator/vofa_task.c **** #include "arm_math.h"
   5:Robot/RoboTask/emulator/vofa_task.c **** #include "chassis_def.h"
   6:Robot/RoboTask/emulator/vofa_task.c **** #include "kinematics.h"
   7:Robot/RoboTask/emulator/vofa_task.c **** #include "observe_task.h"
   8:Robot/RoboTask/emulator/vofa_task.c **** 
   9:Robot/RoboTask/emulator/vofa_task.c **** extern INS_t INS;
  10:Robot/RoboTask/emulator/vofa_task.c **** extern chassis_t chassis_move;
  11:Robot/RoboTask/emulator/vofa_task.c **** extern Leg_t legR;
  12:Robot/RoboTask/emulator/vofa_task.c **** extern Leg_t legL;
  13:Robot/RoboTask/emulator/vofa_task.c **** extern Observe_Data_t observe_data;
  14:Robot/RoboTask/emulator/vofa_task.c **** 
  15:Robot/RoboTask/emulator/vofa_task.c **** void VofaDebug_Task(void)
  16:Robot/RoboTask/emulator/vofa_task.c **** {
  33              		.loc 1 16 1 view -0
  34              		.cfi_startproc
  35              		@ args = 0, pretend = 0, frame = 128
  36              		@ frame_needed = 0, uses_anonymous_args = 0
ARM GAS  D:\temp\TMP\ccsixlMF.s 			page 2


  37 0000 10B5     		push	{r4, lr}
  38              	.LCFI0:
  39              		.cfi_def_cfa_offset 8
  40              		.cfi_offset 4, -8
  41              		.cfi_offset 14, -4
  42 0002 B4B0     		sub	sp, sp, #208
  43              	.LCFI1:
  44              		.cfi_def_cfa_offset 216
  45              	.L2:
  17:Robot/RoboTask/emulator/vofa_task.c ****     char tx_buff[128];
  46              		.loc 1 17 5 view .LVU1
  18:Robot/RoboTask/emulator/vofa_task.c ****     uint16_t len;
  47              		.loc 1 18 5 view .LVU2
  19:Robot/RoboTask/emulator/vofa_task.c **** 
  20:Robot/RoboTask/emulator/vofa_task.c ****     while (1)
  48              		.loc 1 20 5 view .LVU3
  21:Robot/RoboTask/emulator/vofa_task.c ****     {
  22:Robot/RoboTask/emulator/vofa_task.c ****         /* code */
  23:Robot/RoboTask/emulator/vofa_task.c ****         // len = snprintf(tx_buff,sizeof(tx_buff), "%.4f, %.4f\r\n",
  24:Robot/RoboTask/emulator/vofa_task.c ****         //          observe_data.forward_v, chassis_move.state.v_filter*10);
  25:Robot/RoboTask/emulator/vofa_task.c ****         // len = snprintf(tx_buff,sizeof(tx_buff), "%.4f, %.4f, %.4f, %.4f\r\n",
  26:Robot/RoboTask/emulator/vofa_task.c ****         //          INS.Pitch, INS.Roll, INS.Gyro[X_AXIS], INS.Gyro[Y_AXIS]);
  27:Robot/RoboTask/emulator/vofa_task.c ****         len = snprintf(tx_buff,sizeof(tx_buff), 
  49              		.loc 1 27 9 view .LVU4
  28:Robot/RoboTask/emulator/vofa_task.c ****                 "%.4f, %.4f, %.4f, %.4f,%.4f, %.4f, %.4f, %.4f, %.4f, %.4f\r\n",
  29:Robot/RoboTask/emulator/vofa_task.c ****                 legL.rod.T, legR.rod.T, legL.rod.Tp, legR.rod.Tp,
  50              		.loc 1 29 25 is_stmt 0 view .LVU5
  51 0004 294A     		ldr	r2, .L4
  52 0006 D2ED106A 		vldr.32	s13, [r2, #64]
  53              		.loc 1 29 37 view .LVU6
  54 000a 294B     		ldr	r3, .L4+4
  55 000c 93ED106A 		vldr.32	s12, [r3, #64]
  56              		.loc 1 29 49 view .LVU7
  57 0010 D2ED0F5A 		vldr.32	s11, [r2, #60]
  58              		.loc 1 29 62 view .LVU8
  59 0014 93ED0F5A 		vldr.32	s10, [r3, #60]
  30:Robot/RoboTask/emulator/vofa_task.c ****                 legL.joint.T1, legL.joint.T2, legR.joint.T1, legR.joint.T2,
  60              		.loc 1 30 27 view .LVU9
  61 0018 D2ED124A 		vldr.32	s9, [r2, #72]
  62              		.loc 1 30 42 view .LVU10
  63 001c 92ED134A 		vldr.32	s8, [r2, #76]
  64              		.loc 1 30 57 view .LVU11
  65 0020 D3ED123A 		vldr.32	s7, [r3, #72]
  66              		.loc 1 30 72 view .LVU12
  67 0024 93ED133A 		vldr.32	s6, [r3, #76]
  31:Robot/RoboTask/emulator/vofa_task.c ****                 observe_data.forward_v, chassis_move.state.v_filter*10);
  68              		.loc 1 31 29 view .LVU13
  69 0028 224B     		ldr	r3, .L4+8
  70 002a D3ED042A 		vldr.32	s5, [r3, #16]
  71              		.loc 1 31 59 view .LVU14
  72 002e 224B     		ldr	r3, .L4+12
  73 0030 93ED457A 		vldr.32	s14, [r3, #276]
  74              		.loc 1 31 68 view .LVU15
  75 0034 F2EE047A 		vmov.f32	s15, #1.0e+1
  76 0038 27EE277A 		vmul.f32	s14, s14, s15
  27:Robot/RoboTask/emulator/vofa_task.c ****                 "%.4f, %.4f, %.4f, %.4f,%.4f, %.4f, %.4f, %.4f, %.4f, %.4f\r\n",
  77              		.loc 1 27 15 view .LVU16
ARM GAS  D:\temp\TMP\ccsixlMF.s 			page 3


  78 003c 14AC     		add	r4, sp, #80
  79 003e B7EEC77A 		vcvt.f64.f32	d7, s14
  80 0042 8DED127B 		vstr.64	d7, [sp, #72]
  81 0046 B7EEE27A 		vcvt.f64.f32	d7, s5
  82 004a 8DED107B 		vstr.64	d7, [sp, #64]
  83 004e B7EEC37A 		vcvt.f64.f32	d7, s6
  84 0052 8DED0E7B 		vstr.64	d7, [sp, #56]
  85 0056 B7EEE37A 		vcvt.f64.f32	d7, s7
  86 005a 8DED0C7B 		vstr.64	d7, [sp, #48]
  87 005e B7EEC47A 		vcvt.f64.f32	d7, s8
  88 0062 8DED0A7B 		vstr.64	d7, [sp, #40]
  89 0066 B7EEE47A 		vcvt.f64.f32	d7, s9
  90 006a 8DED087B 		vstr.64	d7, [sp, #32]
  91 006e B7EEC57A 		vcvt.f64.f32	d7, s10
  92 0072 8DED067B 		vstr.64	d7, [sp, #24]
  93 0076 B7EEE57A 		vcvt.f64.f32	d7, s11
  94 007a 8DED047B 		vstr.64	d7, [sp, #16]
  95 007e B7EEC67A 		vcvt.f64.f32	d7, s12
  96 0082 8DED027B 		vstr.64	d7, [sp, #8]
  97 0086 B7EEE67A 		vcvt.f64.f32	d7, s13
  98 008a 8DED007B 		vstr.64	d7, [sp]
  99 008e 0B4A     		ldr	r2, .L4+16
 100 0090 8021     		movs	r1, #128
 101 0092 2046     		mov	r0, r4
 102 0094 FFF7FEFF 		bl	snprintf
 103              	.LVL0:
  32:Robot/RoboTask/emulator/vofa_task.c ****                  
  33:Robot/RoboTask/emulator/vofa_task.c ****         HAL_UART_Transmit(&huart7, (uint8_t *)tx_buff, len, 10);
 104              		.loc 1 33 9 is_stmt 1 view .LVU17
 105 0098 0A23     		movs	r3, #10
 106 009a 82B2     		uxth	r2, r0
 107 009c 2146     		mov	r1, r4
 108 009e 0848     		ldr	r0, .L4+20
 109              	.LVL1:
 110              		.loc 1 33 9 is_stmt 0 view .LVU18
 111 00a0 FFF7FEFF 		bl	HAL_UART_Transmit
 112              	.LVL2:
  34:Robot/RoboTask/emulator/vofa_task.c **** 
  35:Robot/RoboTask/emulator/vofa_task.c ****         osDelay(10);
 113              		.loc 1 35 9 is_stmt 1 discriminator 2 view .LVU19
 114 00a4 0A20     		movs	r0, #10
 115 00a6 FFF7FEFF 		bl	osDelay
 116              	.LVL3:
  20:Robot/RoboTask/emulator/vofa_task.c ****     {
 117              		.loc 1 20 11 view .LVU20
 118 00aa ABE7     		b	.L2
 119              	.L5:
 120              		.align	2
 121              	.L4:
 122 00ac 00000000 		.word	legL
 123 00b0 00000000 		.word	legR
 124 00b4 00000000 		.word	observe_data
 125 00b8 00000000 		.word	chassis_move
 126 00bc 00000000 		.word	.LC0
 127 00c0 00000000 		.word	huart7
 128              		.cfi_endproc
 129              	.LFE203:
ARM GAS  D:\temp\TMP\ccsixlMF.s 			page 4


 131              		.text
 132              	.Letext0:
 133              		.file 2 "D:/VS_STM32/gcc-arm-15.2/arm-none-eabi/include/machine/_default_types.h"
 134              		.file 3 "D:/VS_STM32/gcc-arm-15.2/arm-none-eabi/include/sys/_stdint.h"
 135              		.file 4 "Drivers/CMSIS/Device/ST/STM32H7xx/Include/stm32h723xx.h"
 136              		.file 5 "Drivers/CMSIS/Device/ST/STM32H7xx/Include/stm32h7xx.h"
 137              		.file 6 "Drivers/STM32H7xx_HAL_Driver/Inc/stm32h7xx_hal_def.h"
 138              		.file 7 "Drivers/STM32H7xx_HAL_Driver/Inc/stm32h7xx_hal_dma.h"
 139              		.file 8 "Drivers/STM32H7xx_HAL_Driver/Inc/stm32h7xx_hal_fdcan.h"
 140              		.file 9 "Drivers/STM32H7xx_HAL_Driver/Inc/stm32h7xx_hal_uart.h"
 141              		.file 10 "Middlewares/Third_Party/FreeRTOS/Source/CMSIS_RTOS/cmsis_os.h"
 142              		.file 11 "Bsp/bsp_can.h"
 143              		.file 12 "Robot/Controller/controller.h"
 144              		.file 13 "Robot/Devices/motor_def.h"
 145              		.file 14 "Robot/daemon/daemon.h"
 146              		.file 15 "Robot/Devices/Motor/djimotor.h"
 147              		.file 16 "Robot/Devices/Motor/dmmotor.h"
 148              		.file 17 "Robot/RoboTask/chassis/chassis_def.h"
 149              		.file 18 "Robot/Controller/kinematics.h"
 150              		.file 19 "Robot/RoboTask/observe/observe_task.h"
 151              		.file 20 "Core/Inc/usart.h"
 152              		.file 21 "D:/VS_STM32/gcc-arm-15.2/arm-none-eabi/include/stdio.h"
ARM GAS  D:\temp\TMP\ccsixlMF.s 			page 5


DEFINED SYMBOLS
                            *ABS*:00000000 vofa_task.c
D:\temp\TMP\ccsixlMF.s:20     .rodata.VofaDebug_Task.str1.4:00000000 $d
D:\temp\TMP\ccsixlMF.s:25     .text.VofaDebug_Task:00000000 $t
D:\temp\TMP\ccsixlMF.s:31     .text.VofaDebug_Task:00000000 VofaDebug_Task
D:\temp\TMP\ccsixlMF.s:122    .text.VofaDebug_Task:000000ac $d

UNDEFINED SYMBOLS
snprintf
HAL_UART_Transmit
osDelay
legL
legR
observe_data
chassis_move
huart7
